Starting a Gradle Daemon, 1 busy Daemon could not be reused, use --status for details
Parallel Configuration Cache is an incubating feature.
Configuration on demand is an incubating feature.
Included project: :features:analytics:api
Included project: :features:analytics:impl
Included project: :features:announcement:api
Included project: :features:announcement:impl
Included project: :features:announcement:test
Included project: :features:cachecleaner:api
Included project: :features:cachecleaner:impl
Included project: :features:call:api
Included project: :features:call:impl
Included project: :features:call:test
Included project: :features:createroom:api
Included project: :features:createroom:impl
Included project: :features:createroom:test
Included project: :features:deactivation:api
Included project: :features:deactivation:impl
Included project: :features:deactivation:test
Included project: :features:enterprise:api
Included project: :features:enterprise:impl-foss
Included project: :features:enterprise:test
Included project: :features:forward:api
Included project: :features:forward:impl
Included project: :features:forward:test
Included project: :features:ftue:api
Included project: :features:ftue:impl
Included project: :features:ftue:test
Included project: :features:home:api
Included project: :features:home:impl
Included project: :features:invite:api
Included project: :features:invite:impl
Included project: :features:invite:test
Included project: :features:invitepeople:api
Included project: :features:invitepeople:impl
Included project: :features:joinroom:api
Included project: :features:joinroom:impl
Included project: :features:knockrequests:api
Included project: :features:knockrequests:impl
Included project: :features:knockrequests:test
Included project: :features:leaveroom:api
Included project: :features:leaveroom:impl
Included project: :features:licenses:api
Included project: :features:licenses:impl
Included project: :features:licenses:test
Included project: :features:location:api
Included project: :features:location:impl
Included project: :features:location:test
Included project: :features:lockscreen:api
Included project: :features:lockscreen:impl
Included project: :features:lockscreen:test
Included project: :features:login:api
Included project: :features:login:impl
Included project: :features:login:test
Included project: :features:logout:api
Included project: :features:logout:impl
Included project: :features:logout:test
Included project: :features:messages:api
Included project: :features:messages:impl
Included project: :features:messages:test
Included project: :features:migration:api
Included project: :features:migration:impl
Included project: :features:networkmonitor:api
Included project: :features:networkmonitor:impl
Included project: :features:networkmonitor:test
Included project: :features:poll:api
Included project: :features:poll:impl
Included project: :features:poll:test
Included project: :features:preferences:api
Included project: :features:preferences:impl
Included project: :features:rageshake:api
Included project: :features:rageshake:impl
Included project: :features:rageshake:test
Included project: :features:reportroom:api
Included project: :features:reportroom:impl
Included project: :features:reportroom:test
Included project: :features:rolesandpermissions:api
Included project: :features:rolesandpermissions:impl
Included project: :features:rolesandpermissions:test
Included project: :features:roomaliasresolver:api
Included project: :features:roomaliasresolver:impl
Included project: :features:roomcall:api
Included project: :features:roomcall:impl
Included project: :features:roomdetails:api
Included project: :features:roomdetails:impl
Included project: :features:roomdetailsedit:api
Included project: :features:roomdetailsedit:impl
Included project: :features:roomdetailsedit:test
Included project: :features:roomdirectory:api
Included project: :features:roomdirectory:impl
Included project: :features:roommembermoderation:api
Included project: :features:roommembermoderation:impl
Included project: :features:securebackup:api
Included project: :features:securebackup:impl
Included project: :features:securityandprivacy:api
Included project: :features:securityandprivacy:impl
Included project: :features:securityandprivacy:test
Included project: :features:share:api
Included project: :features:share:impl
Included project: :features:signedout:api
Included project: :features:signedout:impl
Included project: :features:space:api
Included project: :features:space:impl
Included project: :features:startchat:api
Included project: :features:startchat:impl
Included project: :features:startchat:test
Included project: :features:userprofile:api
Included project: :features:userprofile:impl
Included project: :features:userprofile:shared
Included project: :features:verifysession:api
Included project: :features:verifysession:impl
Included project: :features:verifysession:test
Included project: :features:viewfolder:api
Included project: :features:viewfolder:impl
Included project: :features:viewfolder:test
Included project: :libraries:accountselect:api
Included project: :libraries:accountselect:impl
Included project: :libraries:androidutils
Included project: :libraries:architecture
Included project: :libraries:audio:api
Included project: :libraries:audio:impl
Included project: :libraries:audio:test
Included project: :libraries:compound
Included project: :libraries:core
Included project: :libraries:cryptography:api
Included project: :libraries:cryptography:impl
Included project: :libraries:cryptography:test
Included project: :libraries:dateformatter:api
Included project: :libraries:dateformatter:impl
Included project: :libraries:dateformatter:test
Included project: :libraries:deeplink:api
Included project: :libraries:deeplink:impl
Included project: :libraries:designsystem
Included project: :libraries:di
Included project: :libraries:encrypted-db
Included project: :libraries:eventformatter:api
Included project: :libraries:eventformatter:impl
Included project: :libraries:eventformatter:test
Included project: :libraries:featureflag:api
Included project: :libraries:featureflag:impl
Included project: :libraries:featureflag:test
Included project: :libraries:featureflag:ui
Included project: :libraries:fullscreenintent:api
Included project: :libraries:fullscreenintent:impl
Included project: :libraries:indicator:api
Included project: :libraries:indicator:impl
Included project: :libraries:indicator:test
Included project: :libraries:maplibre-compose
Included project: :libraries:matrix:api
Included project: :libraries:matrix:impl
Included project: :libraries:matrix:test
Included project: :libraries:matrixmedia:api
Included project: :libraries:matrixmedia:impl
Included project: :libraries:matrixmedia:test
Included project: :libraries:matrixui
Included project: :libraries:mediapickers:api
Included project: :libraries:mediapickers:impl
Included project: :libraries:mediapickers:test
Included project: :libraries:mediaplayer:api
Included project: :libraries:mediaplayer:impl
Included project: :libraries:mediaplayer:test
Included project: :libraries:mediaupload:api
Included project: :libraries:mediaupload:impl
Included project: :libraries:mediaupload:test
Included project: :libraries:mediaviewer:api
Included project: :libraries:mediaviewer:impl
Included project: :libraries:mediaviewer:test
Included project: :libraries:network
Included project: :libraries:oidc:api
Included project: :libraries:oidc:impl
Included project: :libraries:oidc:test
Included project: :libraries:permissions:api
Included project: :libraries:permissions:impl
Included project: :libraries:permissions:noop
Included project: :libraries:permissions:test
Included project: :libraries:preferences:api
Included project: :libraries:preferences:impl
Included project: :libraries:preferences:test
Included project: :libraries:previewutils
Included project: :libraries:push:api
Included project: :libraries:push:impl
Included project: :libraries:push:test
Included project: :libraries:pushproviders:api
Included project: :libraries:pushproviders:firebase
Included project: :libraries:pushproviders:test
Included project: :libraries:pushproviders:unifiedpush
Included project: :libraries:pushstore:api
Included project: :libraries:pushstore:impl
Included project: :libraries:pushstore:test
Included project: :libraries:qrcode
Included project: :libraries:recentemojis:api
Included project: :libraries:recentemojis:impl
Included project: :libraries:recentemojis:test
Included project: :libraries:roomselect:api
Included project: :libraries:roomselect:impl
Included project: :libraries:roomselect:test
Included project: :libraries:rustsdk
Included project: :libraries:session-storage:api
Included project: :libraries:session-storage:impl
Included project: :libraries:session-storage:test
Included project: :libraries:testtags
Included project: :libraries:textcomposer:impl
Included project: :libraries:textcomposer:lib
Included project: :libraries:troubleshoot:api
Included project: :libraries:troubleshoot:impl
Included project: :libraries:troubleshoot:test
Included project: :libraries:ui-common
Included project: :libraries:ui-strings
Included project: :libraries:ui-utils
Included project: :libraries:usersearch:api
Included project: :libraries:usersearch:impl
Included project: :libraries:usersearch:test
Included project: :libraries:voiceplayer:api
Included project: :libraries:voiceplayer:impl
Included project: :libraries:voicerecorder:api
Included project: :libraries:voicerecorder:impl
Included project: :libraries:voicerecorder:test
Included project: :libraries:wellknown:api
Included project: :libraries:wellknown:impl
Included project: :libraries:wellknown:test
Included project: :libraries:workmanager:api
Included project: :libraries:workmanager:impl
Included project: :libraries:workmanager:test
Included project: :services:analytics:api
Included project: :services:analytics:compose
Included project: :services:analytics:impl
Included project: :services:analytics:noop
Included project: :services:analytics:test
Included project: :services:analyticsproviders:api
Included project: :services:analyticsproviders:posthog
Included project: :services:analyticsproviders:sentry
Included project: :services:analyticsproviders:test
Included project: :services:apperror:api
Included project: :services:apperror:impl
Included project: :services:apperror:test
Included project: :services:appnavstate:api
Included project: :services:appnavstate:impl
Included project: :services:appnavstate:test
Included project: :services:toolbox:api
Included project: :services:toolbox:impl
Included project: :services:toolbox:test
Type-safe project accessors is an incubating feature.
> Task :plugins:checkKotlinGradlePluginConfigurationErrors SKIPPED
> Task :plugins:generateExternalPluginSpecBuilders UP-TO-DATE
> Task :plugins:extractPrecompiledScriptPluginPlugins UP-TO-DATE
> Task :plugins:compilePluginsBlocks FROM-CACHE
> Task :plugins:generatePrecompiledScriptPluginAccessors UP-TO-DATE
> Task :plugins:generateScriptPluginAdapters UP-TO-DATE
> Task :plugins:compileKotlin
> Task :plugins:compileKotlin FROM-CACHE
> Task :plugins:compileJava NO-SOURCE
> Task :plugins:pluginDescriptors UP-TO-DATE
> Task :plugins:processResources UP-TO-DATE
> Task :plugins:classes UP-TO-DATE
> Task :plugins:jar

> Configure project :app
WARNING: The option setting 'android.enableBuildConfigAsBytecode=true' is experimental.
The current default is 'false'.
WARNING: The option setting 'android.experimental.enableTestFixtures=true' is experimental.
The current default is 'false'.
WARNING: The option setting 'android.r8.gradual.support=true' is experimental.
The current default is 'false'.
    ??????????????????????????????????????????????????????????????????????????????????
    ?                   Building net.ztn0.mimosa.x (Mimosa) [FOSS]                   ?
    ??????????????????????????????????????????????????????????????????????????????????
WARNING: BuildType(nightly): resValue 'string/app_name' value is being replaced.
WARNING: BuildType(nightly): resValue 'string/login_redirect_scheme' value is being replaced.
Analytics enabled with Posthog and Sentry

> Task :libraries:network:preBuild UP-TO-DATE
> Task :libraries:matrixui:preBuild UP-TO-DATE
> Task :libraries:encrypted-db:preBuild UP-TO-DATE
> Task :appconfig:preBuild UP-TO-DATE
> Task :app:preBuild UP-TO-DATE
> Task :libraries:compound:preBuild UP-TO-DATE
> Task :appnav:preBuild UP-TO-DATE
> Task :libraries:maplibre-compose:preBuild UP-TO-DATE
> Task :libraries:architecture:preBuild UP-TO-DATE
> Task :libraries:designsystem:preBuild UP-TO-DATE
> Task :libraries:androidutils:preBuild UP-TO-DATE
> Task :appicon:element:preBuild UP-TO-DATE
> Task :libraries:encrypted-db:preReleaseBuild UP-TO-DATE
> Task :libraries:androidutils:preReleaseBuild UP-TO-DATE
> Task :libraries:compound:preReleaseBuild UP-TO-DATE
> Task :appnav:preReleaseBuild UP-TO-DATE
> Task :libraries:architecture:preReleaseBuild UP-TO-DATE
> Task :libraries:matrixui:preReleaseBuild UP-TO-DATE
> Task :appconfig:preReleaseBuild UP-TO-DATE
> Task :appicon:element:preReleaseBuild UP-TO-DATE
> Task :libraries:designsystem:preReleaseBuild UP-TO-DATE
> Task :app:preGplayReleaseBuild UP-TO-DATE
> Task :libraries:maplibre-compose:preReleaseBuild UP-TO-DATE
> Task :libraries:network:preReleaseBuild UP-TO-DATE
> Task :libraries:architecture:prepareReleaseArtProfile UP-TO-DATE
> Task :libraries:maplibre-compose:prepareReleaseArtProfile UP-TO-DATE
> Task :libraries:previewutils:preBuild UP-TO-DATE
> Task :appconfig:prepareReleaseArtProfile UP-TO-DATE
> Task :libraries:encrypted-db:prepareReleaseArtProfile UP-TO-DATE
> Task :libraries:qrcode:preBuild UP-TO-DATE
> Task :libraries:previewutils:preReleaseBuild UP-TO-DATE
> Task :libraries:compound:prepareReleaseArtProfile UP-TO-DATE
> Task :libraries:testtags:preBuild UP-TO-DATE
> Task :libraries:qrcode:preReleaseBuild UP-TO-DATE
> Task :libraries:network:prepareReleaseArtProfile UP-TO-DATE
> Task :appicon:element:prepareReleaseArtProfile UP-TO-DATE
> Task :libraries:testtags:preReleaseBuild UP-TO-DATE
> Task :libraries:designsystem:prepareReleaseArtProfile UP-TO-DATE
> Task :libraries:androidutils:prepareReleaseArtProfile UP-TO-DATE
> Task :libraries:matrixui:prepareReleaseArtProfile UP-TO-DATE
> Task :libraries:ui-strings:preBuild UP-TO-DATE
> Task :libraries:ui-common:preBuild UP-TO-DATE
> Task :libraries:ui-utils:preBuild UP-TO-DATE
> Task :libraries:previewutils:prepareReleaseArtProfile UP-TO-DATE
> Task :libraries:ui-strings:preReleaseBuild UP-TO-DATE
> Task :features:analytics:impl:preBuild UP-TO-DATE
> Task :features:announcement:impl:preBuild UP-TO-DATE
> Task :libraries:ui-common:preReleaseBuild UP-TO-DATE
> Task :features:analytics:api:preBuild UP-TO-DATE
> Task :features:announcement:impl:preReleaseBuild UP-TO-DATE
> Task :features:analytics:api:preReleaseBuild UP-TO-DATE
> Task :features:analytics:impl:preReleaseBuild UP-TO-DATE
> Task :features:announcement:api:preBuild UP-TO-DATE
> Task :libraries:testtags:prepareReleaseArtProfile UP-TO-DATE
> Task :libraries:ui-utils:preReleaseBuild UP-TO-DATE
> Task :features:cachecleaner:api:preBuild UP-TO-DATE
> Task :libraries:qrcode:prepareReleaseArtProfile UP-TO-DATE
> Task :features:announcement:api:preReleaseBuild UP-TO-DATE
> Task :features:cachecleaner:api:preReleaseBuild UP-TO-DATE
> Task :features:cachecleaner:impl:preBuild UP-TO-DATE
> Task :features:call:api:preBuild UP-TO-DATE
> Task :appnav:prepareReleaseArtProfile UP-TO-DATE
> Task :features:cachecleaner:impl:preReleaseBuild UP-TO-DATE
> Task :features:call:impl:preBuild UP-TO-DATE
> Task :features:call:api:preReleaseBuild UP-TO-DATE
> Task :features:call:impl:preReleaseBuild UP-TO-DATE
> Task :libraries:ui-common:prepareReleaseArtProfile UP-TO-DATE
> Task :app:extractGplayReleaseVersionControlInfo UP-TO-DATE
> Task :features:createroom:api:preBuild UP-TO-DATE
> Task :features:createroom:impl:preBuild UP-TO-DATE
> Task :features:createroom:api:preReleaseBuild UP-TO-DATE
> Task :features:createroom:impl:preReleaseBuild UP-TO-DATE
> Task :libraries:ui-strings:prepareReleaseArtProfile UP-TO-DATE
> Task :features:deactivation:api:preBuild UP-TO-DATE
> Task :features:deactivation:api:preReleaseBuild UP-TO-DATE
> Task :features:analytics:impl:prepareReleaseArtProfile UP-TO-DATE
> Task :features:deactivation:impl:preBuild UP-TO-DATE
> Task :features:deactivation:impl:preReleaseBuild UP-TO-DATE
> Task :libraries:ui-utils:prepareReleaseArtProfile UP-TO-DATE
> Task :features:enterprise:api:preBuild UP-TO-DATE
> Task :features:enterprise:api:preReleaseBuild UP-TO-DATE
> Task :features:analytics:api:prepareReleaseArtProfile UP-TO-DATE
> Task :features:enterprise:impl-foss:preBuild UP-TO-DATE
> Task :features:enterprise:impl-foss:preReleaseBuild UP-TO-DATE
> Task :features:cachecleaner:impl:prepareReleaseArtProfile UP-TO-DATE
> Task :features:cachecleaner:api:prepareReleaseArtProfile UP-TO-DATE
> Task :features:forward:api:preBuild UP-TO-DATE
> Task :features:forward:impl:preBuild UP-TO-DATE
> Task :features:forward:impl:preReleaseBuild UP-TO-DATE
> Task :features:forward:api:preReleaseBuild UP-TO-DATE
> Task :features:announcement:impl:prepareReleaseArtProfile UP-TO-DATE
> Task :features:ftue:api:preBuild UP-TO-DATE
> Task :features:announcement:api:prepareReleaseArtProfile UP-TO-DATE
> Task :features:ftue:api:preReleaseBuild UP-TO-DATE
> Task :features:call:impl:prepareReleaseArtProfile UP-TO-DATE
> Task :features:call:api:prepareReleaseArtProfile UP-TO-DATE
> Task :features:home:api:preBuild UP-TO-DATE
> Task :features:ftue:impl:preBuild UP-TO-DATE
> Task :features:home:impl:preBuild UP-TO-DATE
> Task :features:ftue:impl:preReleaseBuild UP-TO-DATE
> Task :features:home:api:preReleaseBuild UP-TO-DATE
> Task :features:createroom:api:prepareReleaseArtProfile UP-TO-DATE
> Task :features:createroom:impl:prepareReleaseArtProfile UP-TO-DATE
> Task :features:home:impl:preReleaseBuild UP-TO-DATE
> Task :features:invite:api:preBuild UP-TO-DATE
> Task :features:invite:api:preReleaseBuild UP-TO-DATE
> Task :features:invite:impl:preBuild UP-TO-DATE
> Task :features:enterprise:api:prepareReleaseArtProfile UP-TO-DATE
> Task :features:deactivation:impl:prepareReleaseArtProfile UP-TO-DATE
> Task :features:invite:impl:preReleaseBuild UP-TO-DATE
> Task :features:invitepeople:api:preBuild UP-TO-DATE
> Task :features:deactivation:api:prepareReleaseArtProfile UP-TO-DATE
> Task :features:forward:api:prepareReleaseArtProfile UP-TO-DATE
> Task :features:ftue:api:prepareReleaseArtProfile UP-TO-DATE
> Task :features:invitepeople:api:preReleaseBuild UP-TO-DATE
> Task :features:invitepeople:impl:preBuild UP-TO-DATE
> Task :features:enterprise:impl-foss:prepareReleaseArtProfile UP-TO-DATE
> Task :features:forward:impl:prepareReleaseArtProfile UP-TO-DATE
> Task :features:joinroom:api:preBuild UP-TO-DATE
> Task :features:invitepeople:impl:preReleaseBuild UP-TO-DATE
> Task :features:joinroom:impl:preBuild UP-TO-DATE
> Task :features:knockrequests:api:preBuild UP-TO-DATE
> Task :features:joinroom:api:preReleaseBuild UP-TO-DATE
> Task :features:joinroom:impl:preReleaseBuild UP-TO-DATE
> Task :features:knockrequests:impl:preBuild UP-TO-DATE
> Task :features:knockrequests:api:preReleaseBuild UP-TO-DATE
> Task :features:ftue:impl:prepareReleaseArtProfile UP-TO-DATE
> Task :features:leaveroom:api:preBuild UP-TO-DATE
> Task :features:home:impl:prepareReleaseArtProfile UP-TO-DATE
> Task :features:knockrequests:impl:preReleaseBuild UP-TO-DATE
> Task :features:leaveroom:api:preReleaseBuild UP-TO-DATE
> Task :features:home:api:prepareReleaseArtProfile UP-TO-DATE
> Task :features:licenses:api:preBuild UP-TO-DATE
> Task :features:invite:api:prepareReleaseArtProfile UP-TO-DATE
> Task :features:licenses:api:preReleaseBuild UP-TO-DATE
> Task :features:joinroom:api:prepareReleaseArtProfile UP-TO-DATE
> Task :features:invitepeople:impl:prepareReleaseArtProfile UP-TO-DATE
> Task :features:licenses:impl:preBuild UP-TO-DATE
> Task :features:invitepeople:api:prepareReleaseArtProfile UP-TO-DATE
> Task :features:location:api:preBuild UP-TO-DATE
> Task :features:location:api:preReleaseBuild UP-TO-DATE
> Task :features:leaveroom:impl:preBuild UP-TO-DATE
> Task :features:leaveroom:impl:preReleaseBuild UP-TO-DATE
> Task :features:invite:impl:prepareReleaseArtProfile UP-TO-DATE
> Task :features:location:impl:preBuild UP-TO-DATE
> Task :features:licenses:api:prepareReleaseArtProfile UP-TO-DATE
> Task :features:joinroom:impl:prepareReleaseArtProfile UP-TO-DATE
> Task :features:lockscreen:api:preBuild UP-TO-DATE
> Task :features:licenses:impl:preReleaseBuild UP-TO-DATE
> Task :features:location:impl:preReleaseBuild UP-TO-DATE
> Task :features:lockscreen:api:preReleaseBuild UP-TO-DATE
> Task :features:lockscreen:impl:preBuild UP-TO-DATE
> Task :features:leaveroom:api:prepareReleaseArtProfile UP-TO-DATE
> Task :features:knockrequests:api:prepareReleaseArtProfile UP-TO-DATE
> Task :features:location:api:prepareReleaseArtProfile UP-TO-DATE
> Task :features:login:api:preBuild UP-TO-DATE
> Task :features:login:api:preReleaseBuild UP-TO-DATE
> Task :features:logout:api:preBuild UP-TO-DATE
> Task :features:logout:api:preReleaseBuild UP-TO-DATE
> Task :features:login:impl:preBuild UP-TO-DATE
> Task :features:lockscreen:impl:preReleaseBuild UP-TO-DATE
> Task :features:logout:impl:preBuild UP-TO-DATE
> Task :features:knockrequests:impl:prepareReleaseArtProfile UP-TO-DATE
> Task :features:leaveroom:impl:prepareReleaseArtProfile UP-TO-DATE
> Task :features:messages:api:preBuild UP-TO-DATE
> Task :features:login:impl:preReleaseBuild UP-TO-DATE
> Task :features:messages:impl:preBuild UP-TO-DATE
> Task :features:logout:impl:preReleaseBuild UP-TO-DATE
> Task :features:migration:api:preBuild UP-TO-DATE
> Task :features:login:api:prepareReleaseArtProfile UP-TO-DATE
> Task :features:messages:api:preReleaseBuild UP-TO-DATE
> Task :features:messages:impl:preReleaseBuild UP-TO-DATE
> Task :features:licenses:impl:prepareReleaseArtProfile UP-TO-DATE
> Task :features:migration:api:preReleaseBuild UP-TO-DATE
> Task :features:migration:impl:preBuild UP-TO-DATE
> Task :features:location:impl:prepareReleaseArtProfile UP-TO-DATE
> Task :features:migration:impl:preReleaseBuild UP-TO-DATE
> Task :features:networkmonitor:api:preBuild UP-TO-DATE
> Task :features:lockscreen:impl:prepareReleaseArtProfile UP-TO-DATE
> Task :features:poll:api:preBuild UP-TO-DATE
> Task :features:poll:impl:preBuild UP-TO-DATE
> Task :features:networkmonitor:impl:preBuild UP-TO-DATE
> Task :features:poll:api:preReleaseBuild UP-TO-DATE
> Task :features:lockscreen:api:prepareReleaseArtProfile UP-TO-DATE
> Task :features:poll:impl:preReleaseBuild UP-TO-DATE
> Task :features:networkmonitor:api:preReleaseBuild UP-TO-DATE
> Task :features:networkmonitor:impl:preReleaseBuild UP-TO-DATE
> Task :features:login:impl:prepareReleaseArtProfile UP-TO-DATE
> Task :features:preferences:api:preBuild UP-TO-DATE
> Task :features:preferences:api:preReleaseBuild UP-TO-DATE
> Task :features:preferences:impl:preBuild UP-TO-DATE
> Task :features:preferences:impl:preReleaseBuild UP-TO-DATE
> Task :features:migration:impl:prepareReleaseArtProfile UP-TO-DATE
> Task :features:logout:api:prepareReleaseArtProfile UP-TO-DATE
> Task :features:messages:api:prepareReleaseArtProfile UP-TO-DATE
> Task :features:rageshake:api:preBuild UP-TO-DATE
> Task :features:rageshake:impl:preBuild UP-TO-DATE
> Task :features:rageshake:api:preReleaseBuild UP-TO-DATE
> Task :features:networkmonitor:impl:prepareReleaseArtProfile UP-TO-DATE
> Task :features:reportroom:api:preBuild UP-TO-DATE
> Task :features:poll:impl:prepareReleaseArtProfile UP-TO-DATE
> Task :features:migration:api:prepareReleaseArtProfile UP-TO-DATE
> Task :features:rageshake:impl:preReleaseBuild UP-TO-DATE
> Task :features:messages:impl:prepareReleaseArtProfile UP-TO-DATE
> Task :features:logout:impl:prepareReleaseArtProfile UP-TO-DATE
> Task :features:poll:api:prepareReleaseArtProfile UP-TO-DATE
> Task :features:reportroom:impl:preBuild UP-TO-DATE
> Task :features:networkmonitor:api:prepareReleaseArtProfile UP-TO-DATE
> Task :features:preferences:api:prepareReleaseArtProfile UP-TO-DATE
> Task :features:reportroom:api:preReleaseBuild UP-TO-DATE
> Task :features:preferences:impl:prepareReleaseArtProfile UP-TO-DATE
> Task :features:rageshake:api:prepareReleaseArtProfile UP-TO-DATE
> Task :features:reportroom:impl:preReleaseBuild UP-TO-DATE
> Task :features:rolesandpermissions:api:preBuild UP-TO-DATE
> Task :features:roomaliasresolver:api:preBuild UP-TO-DATE
> Task :features:reportroom:api:prepareReleaseArtProfile UP-TO-DATE
> Task :features:roomaliasresolver:api:preReleaseBuild UP-TO-DATE
> Task :features:rageshake:impl:prepareReleaseArtProfile UP-TO-DATE
> Task :features:roomdetails:api:preBuild UP-TO-DATE
> Task :features:roomcall:impl:preBuild UP-TO-DATE
> Task :features:roomdetails:impl:preBuild UP-TO-DATE
> Task :features:roomcall:api:preBuild UP-TO-DATE
> Task :features:roomaliasresolver:impl:preBuild UP-TO-DATE
> Task :features:roomaliasresolver:impl:preReleaseBuild UP-TO-DATE
> Task :features:roomaliasresolver:api:prepareReleaseArtProfile UP-TO-DATE
> Task :features:rolesandpermissions:impl:preBuild UP-TO-DATE
> Task :features:roomdetailsedit:impl:preBuild UP-TO-DATE
> Task :features:rolesandpermissions:api:preReleaseBuild UP-TO-DATE
> Task :features:reportroom:impl:prepareReleaseArtProfile UP-TO-DATE
> Task :features:roomcall:api:preReleaseBuild UP-TO-DATE
> Task :features:roomcall:impl:preReleaseBuild UP-TO-DATE
> Task :features:rolesandpermissions:impl:preReleaseBuild UP-TO-DATE
> Task :features:roomdetailsedit:api:preBuild UP-TO-DATE
> Task :features:roomdetails:impl:preReleaseBuild UP-TO-DATE
> Task :features:roomdetails:api:preReleaseBuild UP-TO-DATE
> Task :features:roomdetailsedit:impl:preReleaseBuild UP-TO-DATE
> Task :features:rolesandpermissions:api:prepareReleaseArtProfile UP-TO-DATE
> Task :features:roomdetailsedit:api:preReleaseBuild UP-TO-DATE
> Task :features:rolesandpermissions:impl:prepareReleaseArtProfile UP-TO-DATE
> Task :features:roomdirectory:api:preBuild UP-TO-DATE
> Task :features:roommembermoderation:api:preBuild UP-TO-DATE
> Task :features:roommembermoderation:api:preReleaseBuild UP-TO-DATE
> Task :features:roomcall:api:prepareReleaseArtProfile UP-TO-DATE
> Task :features:roomdetails:api:prepareReleaseArtProfile UP-TO-DATE
> Task :features:securebackup:api:preBuild UP-TO-DATE
> Task :features:roomaliasresolver:impl:prepareReleaseArtProfile UP-TO-DATE
> Task :features:roomcall:impl:prepareReleaseArtProfile UP-TO-DATE
> Task :features:roomdirectory:impl:preBuild UP-TO-DATE
> Task :features:securityandprivacy:impl:preBuild UP-TO-DATE
> Task :features:securityandprivacy:api:preBuild UP-TO-DATE
> Task :features:securebackup:impl:preBuild UP-TO-DATE
> Task :features:roomdirectory:impl:preReleaseBuild UP-TO-DATE
> Task :features:roomdetailsedit:api:prepareReleaseArtProfile UP-TO-DATE
> Task :features:roommembermoderation:impl:preBuild UP-TO-DATE
> Task :features:securebackup:api:preReleaseBuild UP-TO-DATE
> Task :features:securityandprivacy:api:preReleaseBuild UP-TO-DATE
> Task :features:securebackup:impl:preReleaseBuild UP-TO-DATE
> Task :features:roomdetails:impl:prepareReleaseArtProfile UP-TO-DATE
> Task :features:securityandprivacy:impl:preReleaseBuild UP-TO-DATE
> Task :features:roomdetailsedit:impl:prepareReleaseArtProfile UP-TO-DATE
> Task :features:roomdirectory:api:preReleaseBuild UP-TO-DATE
> Task :features:roommembermoderation:impl:preReleaseBuild UP-TO-DATE
> Task :features:share:api:preBuild UP-TO-DATE
> Task :features:roommembermoderation:api:prepareReleaseArtProfile UP-TO-DATE
> Task :features:share:impl:preBuild UP-TO-DATE
> Task :features:signedout:api:preBuild UP-TO-DATE
> Task :features:signedout:api:preReleaseBuild UP-TO-DATE
> Task :features:roomdirectory:impl:prepareReleaseArtProfile UP-TO-DATE
> Task :features:securebackup:impl:prepareReleaseArtProfile UP-TO-DATE
> Task :features:roomdirectory:api:prepareReleaseArtProfile UP-TO-DATE
> Task :features:securityandprivacy:api:prepareReleaseArtProfile UP-TO-DATE
> Task :features:securityandprivacy:impl:prepareReleaseArtProfile UP-TO-DATE
> Task :features:space:api:preBuild UP-TO-DATE
> Task :features:signedout:impl:preBuild UP-TO-DATE
> Task :features:share:impl:preReleaseBuild UP-TO-DATE
> Task :features:space:impl:preBuild UP-TO-DATE
> Task :features:space:impl:preReleaseBuild UP-TO-DATE
> Task :features:startchat:api:preBuild UP-TO-DATE
> Task :features:startchat:api:preReleaseBuild UP-TO-DATE
> Task :features:securebackup:api:prepareReleaseArtProfile UP-TO-DATE
> Task :features:startchat:impl:preBuild UP-TO-DATE
> Task :features:startchat:impl:preReleaseBuild UP-TO-DATE
> Task :features:roommembermoderation:impl:prepareReleaseArtProfile UP-TO-DATE
> Task :features:signedout:api:prepareReleaseArtProfile UP-TO-DATE
> Task :features:space:impl:prepareReleaseArtProfile UP-TO-DATE
> Task :features:userprofile:api:preBuild UP-TO-DATE
> Task :features:share:api:preReleaseBuild UP-TO-DATE
> Task :features:userprofile:impl:preBuild UP-TO-DATE
> Task :features:userprofile:shared:preBuild UP-TO-DATE
> Task :features:verifysession:api:preBuild UP-TO-DATE
> Task :features:verifysession:api:preReleaseBuild UP-TO-DATE
> Task :features:startchat:impl:prepareReleaseArtProfile UP-TO-DATE
> Task :features:verifysession:impl:preBuild UP-TO-DATE
> Task :features:verifysession:impl:preReleaseBuild UP-TO-DATE
> Task :features:verifysession:api:prepareReleaseArtProfile UP-TO-DATE
> Task :features:space:api:preReleaseBuild UP-TO-DATE
> Task :features:startchat:api:prepareReleaseArtProfile UP-TO-DATE
> Task :features:userprofile:api:preReleaseBuild UP-TO-DATE
> Task :features:userprofile:impl:preReleaseBuild UP-TO-DATE
> Task :features:share:api:prepareReleaseArtProfile UP-TO-DATE
> Task :features:userprofile:shared:preReleaseBuild UP-TO-DATE
> Task :features:viewfolder:api:preBuild UP-TO-DATE
> Task :features:viewfolder:impl:preBuild UP-TO-DATE
> Task :features:verifysession:impl:prepareReleaseArtProfile UP-TO-DATE
> Task :features:signedout:impl:preReleaseBuild UP-TO-DATE
> Task :libraries:accountselect:api:preBuild UP-TO-DATE
> Task :features:viewfolder:impl:preReleaseBuild UP-TO-DATE
> Task :libraries:audio:api:preBuild UP-TO-DATE
> Task :features:viewfolder:api:preReleaseBuild UP-TO-DATE
> Task :libraries:audio:impl:preBuild UP-TO-DATE
> Task :libraries:accountselect:impl:preBuild UP-TO-DATE
> Task :features:share:impl:prepareReleaseArtProfile UP-TO-DATE
> Task :features:userprofile:impl:prepareReleaseArtProfile UP-TO-DATE
> Task :libraries:accountselect:api:preReleaseBuild UP-TO-DATE
> Task :libraries:audio:api:preReleaseBuild UP-TO-DATE
> Task :libraries:audio:impl:preReleaseBuild UP-TO-DATE
> Task :libraries:accountselect:impl:preReleaseBuild UP-TO-DATE
> Task :libraries:cryptography:impl:preBuild UP-TO-DATE
> Task :libraries:cryptography:impl:preReleaseBuild UP-TO-DATE
> Task :libraries:cryptography:api:preBuild UP-TO-DATE
> Task :libraries:cryptography:api:preReleaseBuild UP-TO-DATE
> Task :features:viewfolder:api:prepareReleaseArtProfile UP-TO-DATE
> Task :features:viewfolder:impl:prepareReleaseArtProfile UP-TO-DATE
> Task :features:userprofile:shared:prepareReleaseArtProfile UP-TO-DATE
> Task :features:userprofile:api:prepareReleaseArtProfile UP-TO-DATE
> Task :libraries:dateformatter:impl:preBuild UP-TO-DATE
> Task :libraries:deeplink:api:preBuild UP-TO-DATE
> Task :libraries:dateformatter:api:preBuild UP-TO-DATE
> Task :libraries:deeplink:impl:preBuild UP-TO-DATE
> Task :libraries:dateformatter:impl:preReleaseBuild UP-TO-DATE
> Task :libraries:dateformatter:api:preReleaseBuild UP-TO-DATE
> Task :libraries:deeplink:api:preReleaseBuild UP-TO-DATE
> Task :libraries:deeplink:impl:preReleaseBuild UP-TO-DATE
> Task :features:space:api:prepareReleaseArtProfile UP-TO-DATE
> Task :libraries:eventformatter:api:preBuild UP-TO-DATE
> Task :libraries:eventformatter:api:preReleaseBuild UP-TO-DATE
> Task :libraries:deeplink:api:prepareReleaseArtProfile UP-TO-DATE
> Task :libraries:dateformatter:api:prepareReleaseArtProfile UP-TO-DATE
> Task :libraries:eventformatter:impl:preBuild UP-TO-DATE
> Task :libraries:featureflag:api:preBuild UP-TO-DATE
> Task :libraries:audio:impl:prepareReleaseArtProfile UP-TO-DATE
> Task :libraries:audio:api:prepareReleaseArtProfile UP-TO-DATE
> Task :libraries:featureflag:api:preReleaseBuild UP-TO-DATE
> Task :libraries:featureflag:impl:preBuild UP-TO-DATE
> Task :libraries:deeplink:impl:prepareReleaseArtProfile UP-TO-DATE
> Task :libraries:dateformatter:impl:prepareReleaseArtProfile UP-TO-DATE
> Task :libraries:eventformatter:impl:preReleaseBuild UP-TO-DATE
> Task :libraries:accountselect:impl:prepareReleaseArtProfile UP-TO-DATE
> Task :libraries:fullscreenintent:impl:preBuild UP-TO-DATE
> Task :libraries:cryptography:impl:prepareReleaseArtProfile UP-TO-DATE
> Task :libraries:fullscreenintent:impl:preReleaseBuild UP-TO-DATE
> Task :libraries:featureflag:ui:preBuild UP-TO-DATE
> Task :libraries:cryptography:api:prepareReleaseArtProfile UP-TO-DATE
> Task :libraries:featureflag:impl:preReleaseBuild UP-TO-DATE
> Task :libraries:featureflag:api:prepareReleaseArtProfile UP-TO-DATE
> Task :libraries:featureflag:ui:preReleaseBuild UP-TO-DATE
> Task :libraries:fullscreenintent:api:preBuild UP-TO-DATE
> Task :libraries:eventformatter:impl:prepareReleaseArtProfile UP-TO-DATE
> Task :features:signedout:impl:prepareReleaseArtProfile UP-TO-DATE
> Task :libraries:matrix:impl:preBuild UP-TO-DATE
> Task :libraries:accountselect:api:prepareReleaseArtProfile UP-TO-DATE
> Task :libraries:fullscreenintent:api:preReleaseBuild UP-TO-DATE
> Task :libraries:indicator:api:preBuild UP-TO-DATE
> Task :libraries:matrix:api:preBuild UP-TO-DATE
> Task :libraries:indicator:impl:preBuild UP-TO-DATE
> Task :libraries:matrix:impl:preReleaseBuild UP-TO-DATE
> Task :libraries:matrix:api:preReleaseBuild UP-TO-DATE
> Task :libraries:indicator:api:preReleaseBuild UP-TO-DATE
> Task :libraries:featureflag:impl:prepareReleaseArtProfile UP-TO-DATE
> Task :libraries:featureflag:ui:prepareReleaseArtProfile UP-TO-DATE
> Task :libraries:indicator:impl:preReleaseBuild UP-TO-DATE
> Task :libraries:eventformatter:api:prepareReleaseArtProfile UP-TO-DATE
> Task :libraries:matrixmedia:api:preBuild UP-TO-DATE
> Task :libraries:mediapickers:api:preBuild UP-TO-DATE
> Task :libraries:matrixmedia:impl:preBuild UP-TO-DATE
> Task :libraries:fullscreenintent:api:prepareReleaseArtProfile UP-TO-DATE
> Task :libraries:mediapickers:api:preReleaseBuild UP-TO-DATE
> Task :libraries:matrixmedia:api:preReleaseBuild UP-TO-DATE
> Task :libraries:mediapickers:impl:preBuild UP-TO-DATE
> Task :libraries:matrixmedia:impl:preReleaseBuild UP-TO-DATE
> Task :libraries:mediaplayer:api:preBuild UP-TO-DATE
> Task :libraries:mediaplayer:api:preReleaseBuild UP-TO-DATE
> Task :libraries:mediaplayer:impl:preBuild UP-TO-DATE
> Task :libraries:matrix:impl:prepareReleaseArtProfile UP-TO-DATE
> Task :libraries:indicator:impl:prepareReleaseArtProfile UP-TO-DATE
> Task :libraries:mediaupload:api:preBuild UP-TO-DATE
> Task :libraries:indicator:api:prepareReleaseArtProfile UP-TO-DATE
> Task :libraries:mediapickers:impl:preReleaseBuild UP-TO-DATE
> Task :libraries:mediaplayer:impl:preReleaseBuild UP-TO-DATE
> Task :libraries:matrix:api:prepareReleaseArtProfile UP-TO-DATE
> Task :libraries:mediaupload:api:preReleaseBuild UP-TO-DATE
> Task :libraries:mediaupload:impl:preBuild UP-TO-DATE
> Task :libraries:mediaviewer:impl:preBuild UP-TO-DATE
> Task :libraries:mediaviewer:api:preBuild UP-TO-DATE
> Task :libraries:mediaviewer:impl:preReleaseBuild UP-TO-DATE
> Task :libraries:matrixmedia:api:prepareReleaseArtProfile UP-TO-DATE
> Task :libraries:mediaviewer:api:preReleaseBuild UP-TO-DATE
> Task :libraries:mediapickers:api:prepareReleaseArtProfile UP-TO-DATE
> Task :libraries:oidc:impl:preBuild UP-TO-DATE
> Task :libraries:oidc:api:preBuild UP-TO-DATE
> Task :libraries:matrixmedia:impl:prepareReleaseArtProfile UP-TO-DATE
> Task :libraries:mediapickers:impl:prepareReleaseArtProfile UP-TO-DATE
> Task :libraries:mediaplayer:impl:prepareReleaseArtProfile UP-TO-DATE
> Task :libraries:fullscreenintent:impl:prepareReleaseArtProfile UP-TO-DATE
> Task :libraries:mediaupload:impl:preReleaseBuild UP-TO-DATE
> Task :libraries:permissions:api:preBuild UP-TO-DATE
> Task :libraries:oidc:api:preReleaseBuild UP-TO-DATE
> Task :libraries:permissions:api:preReleaseBuild UP-TO-DATE
> Task :libraries:permissions:impl:preBuild UP-TO-DATE
> Task :libraries:permissions:noop:preBuild UP-TO-DATE
> Task :libraries:permissions:impl:preReleaseBuild UP-TO-DATE
> Task :libraries:mediaplayer:api:prepareReleaseArtProfile UP-TO-DATE
> Task :libraries:mediaupload:api:prepareReleaseArtProfile UP-TO-DATE
> Task :libraries:oidc:impl:preReleaseBuild UP-TO-DATE
> Task :libraries:push:api:preBuild UP-TO-DATE
> Task :libraries:push:api:preReleaseBuild UP-TO-DATE
> Task :libraries:mediaviewer:impl:prepareReleaseArtProfile UP-TO-DATE
> Task :libraries:mediaupload:impl:prepareReleaseArtProfile UP-TO-DATE
> Task :libraries:permissions:noop:preReleaseBuild UP-TO-DATE
> Task :libraries:push:impl:preBuild UP-TO-DATE
> Task :libraries:pushproviders:api:preBuild UP-TO-DATE
> Task :libraries:preferences:impl:preBuild UP-TO-DATE
> Task :libraries:preferences:api:preBuild UP-TO-DATE
> Task :libraries:pushproviders:api:preReleaseBuild UP-TO-DATE
> Task :libraries:preferences:api:preReleaseBuild UP-TO-DATE
> Task :libraries:preferences:impl:preReleaseBuild UP-TO-DATE
> Task :libraries:mediaviewer:api:prepareReleaseArtProfile UP-TO-DATE
> Task :libraries:pushproviders:firebase:preBuild UP-TO-DATE
> Task :libraries:pushproviders:unifiedpush:preBuild UP-TO-DATE
> Task :libraries:pushproviders:unifiedpush:preReleaseBuild UP-TO-DATE
> Task :libraries:pushproviders:firebase:preReleaseBuild UP-TO-DATE
> Task :libraries:push:impl:preReleaseBuild UP-TO-DATE
> Task :libraries:oidc:impl:prepareReleaseArtProfile UP-TO-DATE
> Task :libraries:pushstore:api:preBuild UP-TO-DATE
> Task :libraries:pushstore:api:preReleaseBuild UP-TO-DATE
> Task :libraries:pushproviders:api:prepareReleaseArtProfile UP-TO-DATE
> Task :libraries:pushstore:impl:preBuild UP-TO-DATE
> Task :libraries:pushstore:impl:preReleaseBuild UP-TO-DATE
> Task :libraries:pushproviders:firebase:prepareReleaseArtProfile UP-TO-DATE
> Task :libraries:recentemojis:api:preBuild UP-TO-DATE
> Task :libraries:recentemojis:api:preReleaseBuild UP-TO-DATE
> Task :libraries:permissions:impl:prepareReleaseArtProfile UP-TO-DATE
> Task :libraries:push:api:prepareReleaseArtProfile UP-TO-DATE
> Task :libraries:pushproviders:unifiedpush:prepareReleaseArtProfile UP-TO-DATE
> Task :libraries:recentemojis:impl:preBuild UP-TO-DATE
> Task :libraries:preferences:api:prepareReleaseArtProfile UP-TO-DATE
> Task :libraries:push:impl:prepareReleaseArtProfile UP-TO-DATE
> Task :libraries:permissions:noop:prepareReleaseArtProfile UP-TO-DATE
> Task :libraries:preferences:impl:prepareReleaseArtProfile UP-TO-DATE
> Task :libraries:roomselect:impl:preBuild UP-TO-DATE
> Task :libraries:roomselect:api:preBuild UP-TO-DATE
> Task :libraries:recentemojis:impl:preReleaseBuild UP-TO-DATE
> Task :libraries:pushstore:impl:prepareReleaseArtProfile UP-TO-DATE
> Task :libraries:oidc:api:prepareReleaseArtProfile UP-TO-DATE
> Task :libraries:pushstore:api:prepareReleaseArtProfile UP-TO-DATE
> Task :libraries:session-storage:impl:preBuild UP-TO-DATE
> Task :libraries:roomselect:api:preReleaseBuild UP-TO-DATE
> Task :libraries:session-storage:api:preBuild UP-TO-DATE
> Task :libraries:permissions:api:prepareReleaseArtProfile UP-TO-DATE
> Task :libraries:roomselect:impl:preReleaseBuild UP-TO-DATE
> Task :libraries:session-storage:api:preReleaseBuild UP-TO-DATE
> Task :libraries:textcomposer:impl:preBuild UP-TO-DATE
> Task :libraries:troubleshoot:api:preBuild UP-TO-DATE
> Task :libraries:textcomposer:impl:preReleaseBuild UP-TO-DATE
> Task :libraries:session-storage:impl:preReleaseBuild UP-TO-DATE
> Task :libraries:troubleshoot:api:preReleaseBuild UP-TO-DATE
> Task :libraries:usersearch:api:preBuild UP-TO-DATE
> Task :libraries:recentemojis:api:prepareReleaseArtProfile UP-TO-DATE
> Task :libraries:roomselect:impl:prepareReleaseArtProfile UP-TO-DATE
> Task :libraries:roomselect:api:prepareReleaseArtProfile UP-TO-DATE
> Task :libraries:voiceplayer:api:preBuild UP-TO-DATE
> Task :libraries:usersearch:impl:preBuild UP-TO-DATE
> Task :libraries:recentemojis:impl:prepareReleaseArtProfile UP-TO-DATE
> Task :libraries:troubleshoot:impl:preBuild UP-TO-DATE
> Task :libraries:usersearch:impl:preReleaseBuild UP-TO-DATE
> Task :libraries:voiceplayer:api:preReleaseBuild UP-TO-DATE
> Task :libraries:voiceplayer:impl:preBuild UP-TO-DATE
> Task :libraries:voicerecorder:impl:preBuild UP-TO-DATE
> Task :libraries:voicerecorder:api:preBuild UP-TO-DATE
> Task :libraries:voicerecorder:api:preReleaseBuild UP-TO-DATE
> Task :libraries:voicerecorder:impl:preReleaseBuild UP-TO-DATE
> Task :libraries:troubleshoot:impl:preReleaseBuild UP-TO-DATE
> Task :libraries:wellknown:api:preBuild UP-TO-DATE
> Task :libraries:usersearch:api:preReleaseBuild UP-TO-DATE
> Task :libraries:voiceplayer:impl:preReleaseBuild UP-TO-DATE
> Task :libraries:wellknown:api:preReleaseBuild UP-TO-DATE
> Task :libraries:textcomposer:impl:prepareReleaseArtProfile UP-TO-DATE
> Task :libraries:wellknown:impl:preBuild UP-TO-DATE
> Task :libraries:session-storage:api:prepareReleaseArtProfile UP-TO-DATE
> Task :libraries:session-storage:impl:prepareReleaseArtProfile UP-TO-DATE
> Task :libraries:wellknown:impl:preReleaseBuild UP-TO-DATE
> Task :libraries:usersearch:impl:prepareReleaseArtProfile UP-TO-DATE
> Task :libraries:troubleshoot:api:prepareReleaseArtProfile UP-TO-DATE
> Task :services:analytics:api:preBuild UP-TO-DATE
> Task :libraries:troubleshoot:impl:prepareReleaseArtProfile UP-TO-DATE
> Task :libraries:voicerecorder:api:prepareReleaseArtProfile UP-TO-DATE
> Task :libraries:voiceplayer:api:prepareReleaseArtProfile UP-TO-DATE
> Task :libraries:voicerecorder:impl:prepareReleaseArtProfile UP-TO-DATE
> Task :libraries:voiceplayer:impl:prepareReleaseArtProfile UP-TO-DATE
> Task :libraries:usersearch:api:prepareReleaseArtProfile UP-TO-DATE
> Task :libraries:wellknown:impl:prepareReleaseArtProfile UP-TO-DATE
> Task :services:analytics:api:preReleaseBuild UP-TO-DATE
> Task :libraries:workmanager:impl:preBuild UP-TO-DATE
> Task :libraries:workmanager:api:preBuild UP-TO-DATE
> Task :services:analytics:noop:preBuild UP-TO-DATE
> Task :services:analytics:impl:preBuild UP-TO-DATE
> Task :services:analyticsproviders:posthog:preBuild UP-TO-DATE
> Task :services:analytics:compose:preBuild UP-TO-DATE
> Task :libraries:workmanager:impl:preReleaseBuild UP-TO-DATE
> Task :services:analytics:noop:preReleaseBuild UP-TO-DATE
> Task :services:analyticsproviders:posthog:preReleaseBuild UP-TO-DATE
> Task :services:analyticsproviders:api:preBuild UP-TO-DATE
> Task :services:analyticsproviders:sentry:preBuild UP-TO-DATE
> Task :libraries:workmanager:api:preReleaseBuild UP-TO-DATE
> Task :services:analytics:impl:preReleaseBuild UP-TO-DATE
> Task :services:analyticsproviders:api:preReleaseBuild UP-TO-DATE
> Task :libraries:wellknown:api:prepareReleaseArtProfile UP-TO-DATE
> Task :services:analytics:noop:prepareReleaseArtProfile UP-TO-DATE
> Task :services:analyticsproviders:sentry:preReleaseBuild UP-TO-DATE
> Task :services:analytics:api:prepareReleaseArtProfile UP-TO-DATE
> Task :libraries:workmanager:impl:prepareReleaseArtProfile UP-TO-DATE
> Task :services:apperror:impl:preBuild UP-TO-DATE
> Task :services:apperror:api:preBuild UP-TO-DATE
> Task :services:appnavstate:api:preBuild UP-TO-DATE
> Task :services:analytics:compose:preReleaseBuild UP-TO-DATE
> Task :services:apperror:api:preReleaseBuild UP-TO-DATE
> Task :services:appnavstate:api:preReleaseBuild UP-TO-DATE
> Task :services:apperror:impl:preReleaseBuild UP-TO-DATE
> Task :services:appnavstate:impl:preBuild UP-TO-DATE
> Task :services:toolbox:api:preBuild UP-TO-DATE
> Task :services:toolbox:api:preReleaseBuild UP-TO-DATE
> Task :libraries:workmanager:api:prepareReleaseArtProfile UP-TO-DATE
> Task :services:analytics:impl:prepareReleaseArtProfile UP-TO-DATE
> Task :services:toolbox:impl:preBuild UP-TO-DATE
> Task :services:analyticsproviders:api:prepareReleaseArtProfile UP-TO-DATE
> Task :services:analyticsproviders:posthog:prepareReleaseArtProfile UP-TO-DATE
> Task :services:toolbox:api:prepareReleaseArtProfile UP-TO-DATE
> Task :services:apperror:impl:prepareReleaseArtProfile UP-TO-DATE
> Task :services:analyticsproviders:sentry:prepareReleaseArtProfile UP-TO-DATE
> Task :annotations:checkKotlinGradlePluginConfigurationErrors SKIPPED
> Task :services:appnavstate:impl:preReleaseBuild UP-TO-DATE
> Task :services:toolbox:impl:preReleaseBuild UP-TO-DATE
> Task :services:analytics:compose:prepareReleaseArtProfile UP-TO-DATE
> Task :libraries:core:checkKotlinGradlePluginConfigurationErrors SKIPPED
> Task :libraries:ui-strings:checkKotlinGradlePluginConfigurationErrors SKIPPED
> Task :libraries:compound:checkKotlinGradlePluginConfigurationErrors SKIPPED
> Task :libraries:architecture:checkKotlinGradlePluginConfigurationErrors SKIPPED
> Task :codegen:checkKotlinGradlePluginConfigurationErrors SKIPPED
> Task :libraries:di:checkKotlinGradlePluginConfigurationErrors SKIPPED
> Task :features:enterprise:api:checkKotlinGradlePluginConfigurationErrors SKIPPED
> Task :services:apperror:api:prepareReleaseArtProfile UP-TO-DATE
> Task :services:appnavstate:api:prepareReleaseArtProfile UP-TO-DATE
> Task :libraries:androidutils:checkKotlinGradlePluginConfigurationErrors SKIPPED
> Task :libraries:compound:generateReleaseResValues UP-TO-DATE
> Task :libraries:ui-strings:generateReleaseResValues UP-TO-DATE
> Task :libraries:architecture:generateReleaseResValues UP-TO-DATE
> Task :services:toolbox:api:checkKotlinGradlePluginConfigurationErrors SKIPPED
> Task :features:enterprise:api:generateReleaseResValues UP-TO-DATE
> Task :services:appnavstate:impl:prepareReleaseArtProfile UP-TO-DATE
> Task :libraries:matrix:api:checkKotlinGradlePluginConfigurationErrors SKIPPED
> Task :services:toolbox:impl:prepareReleaseArtProfile UP-TO-DATE
> Task :services:toolbox:api:generateReleaseResValues UP-TO-DATE
> Task :libraries:architecture:generateReleaseResources UP-TO-DATE
> Task :features:enterprise:api:generateReleaseResources UP-TO-DATE
> Task :libraries:androidutils:generateReleaseBuildConfig UP-TO-DATE
> Task :libraries:matrix:api:generateReleaseBuildConfig UP-TO-DATE
> Task :services:toolbox:api:generateReleaseResources UP-TO-DATE
> Task :libraries:matrix:api:generateReleaseResValues UP-TO-DATE
> Task :codegen:processResources UP-TO-DATE
> Task :libraries:session-storage:api:checkKotlinGradlePluginConfigurationErrors SKIPPED
> Task :libraries:session-storage:api:generateReleaseResValues UP-TO-DATE
> Task :libraries:session-storage:api:generateReleaseResources UP-TO-DATE
> Task :libraries:matrix:api:generateReleaseResources UP-TO-DATE
> Task :libraries:androidutils:generateReleaseResValues UP-TO-DATE
> Task :libraries:ui-strings:generateReleaseResources UP-TO-DATE
> Task :services:toolbox:api:packageReleaseResources UP-TO-DATE
> Task :libraries:session-storage:api:packageReleaseResources UP-TO-DATE
> Task :libraries:architecture:packageReleaseResources UP-TO-DATE
> Task :libraries:matrix:api:packageReleaseResources UP-TO-DATE
> Task :services:toolbox:api:processReleaseNavigationResources UP-TO-DATE
> Task :libraries:architecture:processReleaseNavigationResources UP-TO-DATE
> Task :libraries:matrix:api:processReleaseNavigationResources UP-TO-DATE
> Task :libraries:session-storage:api:processReleaseNavigationResources UP-TO-DATE
> Task :libraries:androidutils:generateReleaseResources UP-TO-DATE
> Task :libraries:compound:generateReleaseResources UP-TO-DATE
> Task :features:enterprise:api:packageReleaseResources UP-TO-DATE
> Task :features:enterprise:api:processReleaseNavigationResources UP-TO-DATE
> Task :libraries:ui-strings:packageReleaseResources UP-TO-DATE
> Task :libraries:ui-strings:processReleaseNavigationResources UP-TO-DATE
> Task :libraries:compound:packageReleaseResources UP-TO-DATE
> Task :libraries:androidutils:packageReleaseResources UP-TO-DATE
> Task :libraries:compound:processReleaseNavigationResources UP-TO-DATE
> Task :libraries:androidutils:processReleaseNavigationResources UP-TO-DATE
> Task :libraries:ui-strings:parseReleaseLocalResources UP-TO-DATE
> Task :features:enterprise:api:parseReleaseLocalResources UP-TO-DATE
> Task :libraries:matrix:api:parseReleaseLocalResources UP-TO-DATE
> Task :libraries:androidutils:parseReleaseLocalResources UP-TO-DATE
> Task :libraries:architecture:parseReleaseLocalResources UP-TO-DATE
> Task :libraries:session-storage:api:parseReleaseLocalResources UP-TO-DATE
> Task :services:toolbox:api:parseReleaseLocalResources UP-TO-DATE
> Task :libraries:compound:parseReleaseLocalResources UP-TO-DATE
> Task :libraries:ui-strings:generateReleaseRFile UP-TO-DATE
> Task :services:toolbox:api:generateReleaseRFile UP-TO-DATE
> Task :features:enterprise:api:generateReleaseRFile UP-TO-DATE
> Task :libraries:architecture:generateReleaseRFile UP-TO-DATE
> Task :libraries:session-storage:api:generateReleaseRFile UP-TO-DATE
> Task :services:analytics:api:checkKotlinGradlePluginConfigurationErrors SKIPPED
> Task :services:analyticsproviders:api:checkKotlinGradlePluginConfigurationErrors SKIPPED
> Task :libraries:compound:generateReleaseRFile UP-TO-DATE
> Task :libraries:androidutils:generateReleaseRFile UP-TO-DATE
> Task :libraries:matrix:api:generateReleaseRFile UP-TO-DATE
> Task :services:analytics:api:generateReleaseResValues UP-TO-DATE
> Task :services:analyticsproviders:api:generateReleaseResValues UP-TO-DATE
> Task :libraries:androidutils:javaPreCompileRelease UP-TO-DATE
> Task :libraries:matrix:api:javaPreCompileRelease UP-TO-DATE
> Task :services:analytics:api:generateReleaseResources UP-TO-DATE
> Task :libraries:pushproviders:api:checkKotlinGradlePluginConfigurationErrors SKIPPED
> Task :services:analyticsproviders:api:generateReleaseResources UP-TO-DATE
> Task :features:enterprise:api:javaPreCompileRelease UP-TO-DATE
> Task :libraries:pushproviders:api:generateReleaseResValues UP-TO-DATE
> Task :libraries:pushproviders:firebase:checkKotlinGradlePluginConfigurationErrors SKIPPED
> Task :libraries:pushproviders:api:generateReleaseResources UP-TO-DATE
> Task :libraries:pushproviders:firebase:generateReleaseResValues UP-TO-DATE
> Task :services:analyticsproviders:api:packageReleaseResources UP-TO-DATE
> Task :services:analyticsproviders:api:processReleaseNavigationResources UP-TO-DATE
> Task :services:analytics:api:packageReleaseResources UP-TO-DATE
> Task :services:analytics:api:processReleaseNavigationResources UP-TO-DATE
> Task :services:analyticsproviders:api:parseReleaseLocalResources UP-TO-DATE
> Task :libraries:pushproviders:api:packageReleaseResources UP-TO-DATE
> Task :libraries:pushproviders:api:processReleaseNavigationResources UP-TO-DATE
> Task :services:analyticsproviders:api:generateReleaseRFile UP-TO-DATE
> Task :libraries:pushproviders:api:parseReleaseLocalResources UP-TO-DATE
> Task :libraries:pushproviders:firebase:generateReleaseResources UP-TO-DATE
> Task :libraries:pushproviders:api:generateReleaseRFile UP-TO-DATE
> Task :services:analytics:api:parseReleaseLocalResources UP-TO-DATE
> Task :libraries:pushproviders:api:javaPreCompileRelease UP-TO-DATE
> Task :libraries:pushstore:api:checkKotlinGradlePluginConfigurationErrors SKIPPED
> Task :libraries:pushstore:api:generateReleaseResValues UP-TO-DATE
> Task :services:analytics:api:generateReleaseRFile UP-TO-DATE
> Task :libraries:pushstore:api:generateReleaseResources UP-TO-DATE
> Task :services:analytics:api:javaPreCompileRelease UP-TO-DATE
> Task :libraries:troubleshoot:api:checkKotlinGradlePluginConfigurationErrors SKIPPED
> Task :libraries:troubleshoot:api:generateReleaseResValues UP-TO-DATE
> Task :libraries:troubleshoot:api:generateReleaseResources UP-TO-DATE
> Task :libraries:pushstore:api:packageReleaseResources UP-TO-DATE
> Task :libraries:pushstore:api:processReleaseNavigationResources UP-TO-DATE
> Task :libraries:troubleshoot:api:packageReleaseResources UP-TO-DATE
> Task :libraries:troubleshoot:api:processReleaseNavigationResources UP-TO-DATE
> Task :libraries:pushstore:api:parseReleaseLocalResources UP-TO-DATE
> Task :libraries:troubleshoot:api:parseReleaseLocalResources UP-TO-DATE
> Task :libraries:pushstore:api:generateReleaseRFile UP-TO-DATE
> Task :libraries:pushstore:api:javaPreCompileRelease UP-TO-DATE
> Task :appconfig:checkKotlinGradlePluginConfigurationErrors SKIPPED
> Task :libraries:troubleshoot:api:generateReleaseRFile UP-TO-DATE
> Task :libraries:troubleshoot:api:javaPreCompileRelease UP-TO-DATE
> Task :libraries:designsystem:checkKotlinGradlePluginConfigurationErrors SKIPPED
> Task :libraries:pushproviders:firebase:packageReleaseResources UP-TO-DATE
> Task :libraries:designsystem:generateReleaseBuildConfig UP-TO-DATE
> Task :appconfig:generateReleaseBuildConfig UP-TO-DATE
> Task :libraries:designsystem:generateReleaseResValues UP-TO-DATE
> Task :libraries:pushproviders:firebase:processReleaseNavigationResources UP-TO-DATE
> Task :appconfig:generateReleaseResValues UP-TO-DATE
> Task :appconfig:generateReleaseResources UP-TO-DATE
> Task :libraries:pushproviders:firebase:parseReleaseLocalResources UP-TO-DATE
> Task :libraries:designsystem:generateReleaseResources UP-TO-DATE
> Task :libraries:pushproviders:firebase:generateReleaseRFile UP-TO-DATE
> Task :appconfig:packageReleaseResources UP-TO-DATE
> Task :libraries:pushproviders:firebase:javaPreCompileRelease UP-TO-DATE
> Task :libraries:testtags:checkKotlinGradlePluginConfigurationErrors SKIPPED
> Task :appconfig:processReleaseNavigationResources UP-TO-DATE
> Task :libraries:testtags:generateReleaseResValues UP-TO-DATE
> Task :libraries:testtags:generateReleaseResources UP-TO-DATE
> Task :libraries:designsystem:packageReleaseResources UP-TO-DATE
> Task :libraries:designsystem:processReleaseNavigationResources UP-TO-DATE
> Task :appconfig:parseReleaseLocalResources UP-TO-DATE
> Task :libraries:designsystem:parseReleaseLocalResources UP-TO-DATE
> Task :libraries:testtags:packageReleaseResources UP-TO-DATE
> Task :libraries:testtags:processReleaseNavigationResources UP-TO-DATE
> Task :appconfig:generateReleaseRFile UP-TO-DATE
> Task :libraries:designsystem:generateReleaseRFile UP-TO-DATE
> Task :libraries:preferences:api:checkKotlinGradlePluginConfigurationErrors SKIPPED
> Task :libraries:testtags:parseReleaseLocalResources UP-TO-DATE
> Task :libraries:preferences:api:generateReleaseResValues UP-TO-DATE
> Task :appconfig:javaPreCompileRelease UP-TO-DATE
> Task :libraries:preferences:api:generateReleaseResources UP-TO-DATE
> Task :libraries:testtags:generateReleaseRFile UP-TO-DATE
> Task :libraries:preferences:api:packageReleaseResources UP-TO-DATE
> Task :libraries:preferences:api:processReleaseNavigationResources UP-TO-DATE
> Task :libraries:preferences:api:parseReleaseLocalResources UP-TO-DATE
> Task :libraries:preferences:api:generateReleaseRFile UP-TO-DATE
> Task :libraries:preferences:api:javaPreCompileRelease UP-TO-DATE
> Task :libraries:network:checkKotlinGradlePluginConfigurationErrors SKIPPED
> Task :libraries:network:generateReleaseResValues UP-TO-DATE
> Task :libraries:network:generateReleaseResources UP-TO-DATE
> Task :libraries:network:packageReleaseResources UP-TO-DATE
> Task :libraries:network:processReleaseNavigationResources UP-TO-DATE
> Task :libraries:network:parseReleaseLocalResources UP-TO-DATE
> Task :libraries:network:generateReleaseRFile UP-TO-DATE
> Task :libraries:network:javaPreCompileRelease UP-TO-DATE
> Task :features:call:api:checkKotlinGradlePluginConfigurationErrors SKIPPED
> Task :features:call:api:generateReleaseResValues UP-TO-DATE
> Task :features:call:api:generateReleaseResources UP-TO-DATE
> Task :features:call:api:packageReleaseResources UP-TO-DATE
> Task :features:call:api:processReleaseNavigationResources UP-TO-DATE
> Task :features:call:api:parseReleaseLocalResources UP-TO-DATE
> Task :features:call:api:generateReleaseRFile UP-TO-DATE
> Task :features:call:api:javaPreCompileRelease UP-TO-DATE
> Task :features:call:impl:checkKotlinGradlePluginConfigurationErrors SKIPPED
> Task :features:call:impl:generateReleaseBuildConfig UP-TO-DATE
> Task :features:call:impl:generateReleaseResValues UP-TO-DATE
> Task :features:call:impl:generateReleaseResources UP-TO-DATE
> Task :features:call:impl:packageReleaseResources UP-TO-DATE
> Task :features:call:impl:processReleaseNavigationResources UP-TO-DATE
> Task :features:call:impl:parseReleaseLocalResources UP-TO-DATE
> Task :features:call:impl:generateReleaseRFile UP-TO-DATE
> Task :libraries:audio:api:checkKotlinGradlePluginConfigurationErrors SKIPPED
> Task :libraries:audio:api:generateReleaseResValues UP-TO-DATE
> Task :libraries:audio:api:generateReleaseResources UP-TO-DATE
> Task :libraries:audio:api:packageReleaseResources UP-TO-DATE
> Task :libraries:audio:api:processReleaseNavigationResources UP-TO-DATE
> Task :libraries:audio:api:parseReleaseLocalResources UP-TO-DATE
> Task :annotations:compileKotlin UP-TO-DATE
> Task :libraries:audio:api:generateReleaseRFile UP-TO-DATE
> Task :annotations:compileJava NO-SOURCE
> Task :annotations:processResources NO-SOURCE
> Task :annotations:classes UP-TO-DATE
> Task :annotations:jar UP-TO-DATE
> Task :libraries:core:compileKotlin UP-TO-DATE
> Task :libraries:core:compileJava NO-SOURCE
> Task :libraries:core:processResources NO-SOURCE
> Task :libraries:core:classes UP-TO-DATE
> Task :libraries:core:jar UP-TO-DATE
> Task :libraries:featureflag:api:checkKotlinGradlePluginConfigurationErrors SKIPPED
> Task :libraries:featureflag:api:generateReleaseResValues UP-TO-DATE
> Task :libraries:featureflag:api:generateReleaseResources UP-TO-DATE
> Task :libraries:featureflag:api:packageReleaseResources UP-TO-DATE
> Task :libraries:featureflag:api:processReleaseNavigationResources UP-TO-DATE
> Task :libraries:featureflag:api:parseReleaseLocalResources UP-TO-DATE
> Task :libraries:featureflag:api:generateReleaseRFile UP-TO-DATE
> Task :libraries:featureflag:api:javaPreCompileRelease UP-TO-DATE
> Task :libraries:matrix:impl:checkKotlinGradlePluginConfigurationErrors SKIPPED
> Task :libraries:matrix:impl:generateReleaseResValues UP-TO-DATE
> Task :libraries:matrix:impl:generateReleaseResources UP-TO-DATE
> Task :libraries:audio:api:compileReleaseKotlin UP-TO-DATE
> Task :libraries:audio:api:javaPreCompileRelease UP-TO-DATE
> Task :libraries:audio:api:compileReleaseJavaWithJavac NO-SOURCE
> Task :libraries:audio:api:bundleLibCompileToJarRelease UP-TO-DATE
> Task :libraries:matrix:impl:packageReleaseResources UP-TO-DATE
> Task :libraries:matrix:impl:processReleaseNavigationResources UP-TO-DATE
> Task :libraries:matrix:impl:parseReleaseLocalResources UP-TO-DATE
> Task :libraries:matrixmedia:api:checkKotlinGradlePluginConfigurationErrors SKIPPED
> Task :libraries:matrixmedia:api:generateReleaseResValues UP-TO-DATE
> Task :libraries:ui-strings:compileReleaseKotlin UP-TO-DATE
> Task :libraries:ui-strings:javaPreCompileRelease UP-TO-DATE
> Task :libraries:matrixmedia:api:generateReleaseResources UP-TO-DATE
> Task :libraries:matrix:impl:generateReleaseRFile UP-TO-DATE
> Task :libraries:ui-strings:compileReleaseJavaWithJavac NO-SOURCE
> Task :libraries:ui-strings:bundleLibCompileToJarRelease UP-TO-DATE
> Task :libraries:push:api:checkKotlinGradlePluginConfigurationErrors SKIPPED
> Task :libraries:matrix:impl:javaPreCompileRelease UP-TO-DATE
> Task :services:appnavstate:api:checkKotlinGradlePluginConfigurationErrors SKIPPED
> Task :libraries:push:api:generateReleaseResValues UP-TO-DATE
> Task :libraries:push:api:generateReleaseResources UP-TO-DATE
> Task :libraries:matrixmedia:api:packageReleaseResources UP-TO-DATE
> Task :services:appnavstate:api:generateReleaseResValues UP-TO-DATE
> Task :libraries:matrixmedia:api:processReleaseNavigationResources UP-TO-DATE
> Task :libraries:push:api:packageReleaseResources UP-TO-DATE
> Task :libraries:push:api:processReleaseNavigationResources UP-TO-DATE
> Task :services:appnavstate:api:generateReleaseResources UP-TO-DATE
> Task :libraries:push:api:parseReleaseLocalResources UP-TO-DATE
> Task :libraries:matrixmedia:api:parseReleaseLocalResources UP-TO-DATE
> Task :libraries:di:compileKotlin UP-TO-DATE
> Task :services:analyticsproviders:api:compileReleaseKotlin UP-TO-DATE
> Task :services:appnavstate:api:packageReleaseResources UP-TO-DATE
> Task :libraries:push:api:generateReleaseRFile UP-TO-DATE
> Task :libraries:di:compileJava NO-SOURCE
> Task :services:analyticsproviders:api:javaPreCompileRelease UP-TO-DATE
> Task :services:appnavstate:api:processReleaseNavigationResources UP-TO-DATE
> Task :libraries:di:processResources NO-SOURCE
> Task :libraries:di:classes UP-TO-DATE
> Task :libraries:push:api:javaPreCompileRelease UP-TO-DATE
> Task :libraries:matrixui:checkKotlinGradlePluginConfigurationErrors SKIPPED
> Task :libraries:matrixmedia:api:generateReleaseRFile UP-TO-DATE
> Task :libraries:matrixui:generateReleaseResValues UP-TO-DATE
> Task :services:analyticsproviders:api:compileReleaseJavaWithJavac NO-SOURCE
> Task :libraries:di:jar UP-TO-DATE
> Task :services:appnavstate:api:parseReleaseLocalResources UP-TO-DATE
> Task :libraries:matrixmedia:api:javaPreCompileRelease UP-TO-DATE
> Task :services:analyticsproviders:api:bundleLibCompileToJarRelease UP-TO-DATE
> Task :libraries:matrixui:generateReleaseResources UP-TO-DATE
> Task :libraries:previewutils:checkKotlinGradlePluginConfigurationErrors SKIPPED
> Task :libraries:eventformatter:api:checkKotlinGradlePluginConfigurationErrors SKIPPED
> Task :libraries:eventformatter:impl:checkKotlinGradlePluginConfigurationErrors SKIPPED
> Task :libraries:previewutils:generateReleaseResValues UP-TO-DATE
> Task :libraries:eventformatter:api:generateReleaseResValues UP-TO-DATE
> Task :libraries:eventformatter:impl:generateReleaseResValues UP-TO-DATE
> Task :services:appnavstate:api:generateReleaseRFile UP-TO-DATE
> Task :libraries:previewutils:generateReleaseResources UP-TO-DATE
> Task :libraries:eventformatter:api:generateReleaseResources UP-TO-DATE
> Task :services:appnavstate:api:javaPreCompileRelease UP-TO-DATE
> Task :libraries:permissions:api:checkKotlinGradlePluginConfigurationErrors SKIPPED
> Task :libraries:permissions:api:generateReleaseResValues UP-TO-DATE
> Task :libraries:previewutils:packageReleaseResources UP-TO-DATE
> Task :libraries:previewutils:processReleaseNavigationResources UP-TO-DATE
> Task :libraries:eventformatter:api:packageReleaseResources UP-TO-DATE
> Task :libraries:previewutils:parseReleaseLocalResources UP-TO-DATE
> Task :libraries:eventformatter:api:processReleaseNavigationResources UP-TO-DATE
> Task :libraries:permissions:api:generateReleaseResources UP-TO-DATE
> Task :libraries:previewutils:generateReleaseRFile UP-TO-DATE
> Task :libraries:eventformatter:impl:generateReleaseResources UP-TO-DATE
> Task :libraries:eventformatter:api:parseReleaseLocalResources UP-TO-DATE
> Task :libraries:previewutils:javaPreCompileRelease UP-TO-DATE
> Task :libraries:permissions:impl:checkKotlinGradlePluginConfigurationErrors SKIPPED
> Task :libraries:permissions:impl:generateReleaseResValues UP-TO-DATE
> Task :libraries:eventformatter:api:generateReleaseRFile UP-TO-DATE
> Task :libraries:eventformatter:api:javaPreCompileRelease UP-TO-DATE
> Task :libraries:encrypted-db:checkKotlinGradlePluginConfigurationErrors SKIPPED
> Task :libraries:encrypted-db:generateReleaseResValues UP-TO-DATE
> Task :libraries:encrypted-db:generateReleaseResources UP-TO-DATE
> Task :libraries:permissions:impl:generateReleaseResources UP-TO-DATE
> Task :libraries:permissions:api:packageReleaseResources UP-TO-DATE
> Task :libraries:permissions:api:processReleaseNavigationResources UP-TO-DATE
> Task :libraries:permissions:api:parseReleaseLocalResources UP-TO-DATE
> Task :libraries:permissions:api:generateReleaseRFile UP-TO-DATE
> Task :libraries:encrypted-db:packageReleaseResources UP-TO-DATE
> Task :libraries:permissions:api:javaPreCompileRelease UP-TO-DATE
> Task :features:lockscreen:api:checkKotlinGradlePluginConfigurationErrors SKIPPED
> Task :features:lockscreen:api:generateReleaseResValues UP-TO-DATE
> Task :libraries:encrypted-db:processReleaseNavigationResources UP-TO-DATE
> Task :features:lockscreen:api:generateReleaseResources UP-TO-DATE
> Task :libraries:matrixui:packageReleaseResources UP-TO-DATE
> Task :features:lockscreen:api:packageReleaseResources UP-TO-DATE
> Task :libraries:encrypted-db:parseReleaseLocalResources UP-TO-DATE
> Task :features:lockscreen:api:processReleaseNavigationResources UP-TO-DATE
> Task :libraries:matrixui:processReleaseNavigationResources UP-TO-DATE
> Task :features:lockscreen:api:parseReleaseLocalResources UP-TO-DATE
> Task :libraries:encrypted-db:generateReleaseRFile UP-TO-DATE
> Task :libraries:matrixui:parseReleaseLocalResources UP-TO-DATE
> Task :libraries:encrypted-db:javaPreCompileRelease UP-TO-DATE
> Task :features:networkmonitor:api:checkKotlinGradlePluginConfigurationErrors SKIPPED
> Task :features:lockscreen:api:generateReleaseRFile UP-TO-DATE
> Task :features:lockscreen:api:javaPreCompileRelease UP-TO-DATE
> Task :libraries:dateformatter:api:checkKotlinGradlePluginConfigurationErrors SKIPPED
> Task :features:networkmonitor:api:generateReleaseResValues UP-TO-DATE
> Task :features:networkmonitor:api:generateReleaseResources UP-TO-DATE
> Task :libraries:dateformatter:api:generateReleaseResValues UP-TO-DATE
> Task :libraries:dateformatter:api:generateReleaseResources UP-TO-DATE
> Task :features:networkmonitor:api:packageReleaseResources UP-TO-DATE
> Task :features:networkmonitor:api:processReleaseNavigationResources UP-TO-DATE
> Task :libraries:permissions:impl:packageReleaseResources UP-TO-DATE
> Task :features:networkmonitor:api:parseReleaseLocalResources UP-TO-DATE
> Task :libraries:permissions:impl:processReleaseNavigationResources UP-TO-DATE
> Task :libraries:eventformatter:impl:packageReleaseResources UP-TO-DATE
> Task :features:networkmonitor:api:generateReleaseRFile UP-TO-DATE
> Task :libraries:permissions:impl:parseReleaseLocalResources UP-TO-DATE
> Task :libraries:eventformatter:impl:processReleaseNavigationResources UP-TO-DATE
> Task :features:networkmonitor:api:javaPreCompileRelease UP-TO-DATE
> Task :libraries:push:impl:checkKotlinGradlePluginConfigurationErrors SKIPPED
> Task :libraries:matrixui:generateReleaseRFile UP-TO-DATE
> Task :libraries:workmanager:api:checkKotlinGradlePluginConfigurationErrors SKIPPED
> Task :libraries:dateformatter:api:packageReleaseResources UP-TO-DATE
> Task :libraries:workmanager:api:generateReleaseResValues UP-TO-DATE
> Task :libraries:permissions:impl:generateReleaseRFile UP-TO-DATE
> Task :features:createroom:api:checkKotlinGradlePluginConfigurationErrors SKIPPED
> Task :features:createroom:api:generateReleaseResValues UP-TO-DATE
> Task :libraries:eventformatter:impl:parseReleaseLocalResources UP-TO-DATE
> Task :libraries:dateformatter:api:processReleaseNavigationResources UP-TO-DATE
> Task :libraries:workmanager:api:generateReleaseResources UP-TO-DATE
> Task :features:createroom:api:generateReleaseResources UP-TO-DATE
> Task :libraries:dateformatter:api:parseReleaseLocalResources UP-TO-DATE
> Task :libraries:eventformatter:impl:generateReleaseRFile UP-TO-DATE
> Task :features:createroom:impl:checkKotlinGradlePluginConfigurationErrors SKIPPED
> Task :features:createroom:api:packageReleaseResources UP-TO-DATE
> Task :libraries:workmanager:api:packageReleaseResources UP-TO-DATE
> Task :features:createroom:api:processReleaseNavigationResources UP-TO-DATE
> Task :libraries:dateformatter:api:generateReleaseRFile UP-TO-DATE
> Task :features:createroom:impl:generateReleaseResValues UP-TO-DATE
> Task :libraries:workmanager:api:processReleaseNavigationResources UP-TO-DATE
> Task :features:createroom:api:parseReleaseLocalResources UP-TO-DATE
> Task :features:createroom:api:generateReleaseRFile UP-TO-DATE
> Task :features:createroom:api:javaPreCompileRelease UP-TO-DATE
> Task :features:invitepeople:api:checkKotlinGradlePluginConfigurationErrors SKIPPED
> Task :features:invitepeople:api:generateReleaseResValues UP-TO-DATE
> Task :libraries:workmanager:api:parseReleaseLocalResources UP-TO-DATE
> Task :features:invitepeople:api:generateReleaseResources UP-TO-DATE
> Task :features:createroom:impl:generateReleaseResources UP-TO-DATE
> Task :libraries:workmanager:api:generateReleaseRFile UP-TO-DATE
> Task :features:invitepeople:api:packageReleaseResources UP-TO-DATE
> Task :features:invitepeople:api:processReleaseNavigationResources UP-TO-DATE
> Task :libraries:workmanager:api:javaPreCompileRelease UP-TO-DATE
> Task :libraries:deeplink:api:checkKotlinGradlePluginConfigurationErrors SKIPPED
> Task :libraries:deeplink:api:generateReleaseResValues UP-TO-DATE
> Task :features:invitepeople:api:parseReleaseLocalResources UP-TO-DATE
> Task :libraries:deeplink:api:generateReleaseResources UP-TO-DATE
> Task :features:invitepeople:api:generateReleaseRFile UP-TO-DATE
> Task :libraries:deeplink:api:packageReleaseResources UP-TO-DATE
> Task :libraries:deeplink:api:processReleaseNavigationResources UP-TO-DATE
> Task :features:invitepeople:api:javaPreCompileRelease UP-TO-DATE
> Task :libraries:mediapickers:api:checkKotlinGradlePluginConfigurationErrors SKIPPED
> Task :libraries:mediapickers:api:generateReleaseResValues UP-TO-DATE
> Task :libraries:deeplink:api:parseReleaseLocalResources UP-TO-DATE
> Task :libraries:mediapickers:api:generateReleaseResources UP-TO-DATE
> Task :libraries:deeplink:api:generateReleaseRFile UP-TO-DATE
> Task :libraries:deeplink:api:javaPreCompileRelease UP-TO-DATE
> Task :libraries:mediaupload:api:checkKotlinGradlePluginConfigurationErrors SKIPPED
> Task :libraries:mediaupload:api:generateReleaseResValues UP-TO-DATE
> Task :libraries:mediapickers:api:packageReleaseResources UP-TO-DATE
> Task :libraries:mediaupload:api:generateReleaseResources UP-TO-DATE
> Task :libraries:mediapickers:api:processReleaseNavigationResources UP-TO-DATE
> Task :libraries:mediaupload:api:packageReleaseResources UP-TO-DATE
> Task :libraries:mediaupload:api:processReleaseNavigationResources UP-TO-DATE
> Task :libraries:mediapickers:api:parseReleaseLocalResources UP-TO-DATE
> Task :libraries:mediaupload:api:parseReleaseLocalResources UP-TO-DATE
> Task :libraries:mediaupload:api:generateReleaseRFile UP-TO-DATE
> Task :libraries:mediapickers:api:generateReleaseRFile UP-TO-DATE
> Task :features:createroom:impl:packageReleaseResources UP-TO-DATE
> Task :libraries:mediaupload:api:javaPreCompileRelease UP-TO-DATE
> Task :libraries:usersearch:api:checkKotlinGradlePluginConfigurationErrors SKIPPED
> Task :libraries:usersearch:api:generateReleaseResValues UP-TO-DATE
> Task :features:createroom:impl:processReleaseNavigationResources UP-TO-DATE
> Task :libraries:usersearch:api:generateReleaseResources UP-TO-DATE
> Task :features:createroom:impl:parseReleaseLocalResources UP-TO-DATE
> Task :features:createroom:impl:generateReleaseRFile UP-TO-DATE
> Task :libraries:usersearch:impl:checkKotlinGradlePluginConfigurationErrors SKIPPED
> Task :libraries:usersearch:impl:generateReleaseResValues UP-TO-DATE
> Task :libraries:usersearch:impl:generateReleaseResources UP-TO-DATE
> Task :libraries:usersearch:api:packageReleaseResources UP-TO-DATE
> Task :libraries:usersearch:api:processReleaseNavigationResources UP-TO-DATE
> Task :libraries:usersearch:api:parseReleaseLocalResources UP-TO-DATE
> Task :libraries:usersearch:impl:packageReleaseResources UP-TO-DATE
> Task :libraries:usersearch:api:generateReleaseRFile UP-TO-DATE
> Task :libraries:usersearch:impl:processReleaseNavigationResources UP-TO-DATE
> Task :libraries:usersearch:api:javaPreCompileRelease UP-TO-DATE
> Task :features:invitepeople:impl:checkKotlinGradlePluginConfigurationErrors SKIPPED
> Task :libraries:usersearch:impl:parseReleaseLocalResources UP-TO-DATE
> Task :features:invitepeople:impl:generateReleaseResValues UP-TO-DATE
> Task :libraries:usersearch:impl:generateReleaseRFile UP-TO-DATE
> Task :libraries:usersearch:impl:javaPreCompileRelease UP-TO-DATE
> Task :services:apperror:api:checkKotlinGradlePluginConfigurationErrors SKIPPED
> Task :features:invitepeople:impl:generateReleaseResources UP-TO-DATE
> Task :services:apperror:api:generateReleaseResValues UP-TO-DATE
> Task :services:apperror:api:generateReleaseResources UP-TO-DATE
> Task :services:apperror:api:packageReleaseResources UP-TO-DATE
> Task :services:apperror:api:processReleaseNavigationResources UP-TO-DATE
> Task :services:apperror:api:parseReleaseLocalResources UP-TO-DATE
> Task :features:invitepeople:impl:packageReleaseResources UP-TO-DATE
> Task :services:apperror:api:generateReleaseRFile UP-TO-DATE
> Task :features:invitepeople:impl:processReleaseNavigationResources UP-TO-DATE
> Task :features:invitepeople:impl:parseReleaseLocalResources UP-TO-DATE
> Task :features:invitepeople:impl:generateReleaseRFile UP-TO-DATE
> Task :features:startchat:api:checkKotlinGradlePluginConfigurationErrors SKIPPED
> Task :features:startchat:api:generateReleaseResValues UP-TO-DATE
> Task :features:startchat:api:generateReleaseResources UP-TO-DATE
> Task :features:startchat:api:packageReleaseResources UP-TO-DATE
> Task :features:startchat:api:processReleaseNavigationResources UP-TO-DATE
> Task :features:startchat:api:parseReleaseLocalResources UP-TO-DATE
> Task :features:startchat:api:generateReleaseRFile UP-TO-DATE
> Task :features:startchat:api:javaPreCompileRelease UP-TO-DATE
> Task :features:startchat:impl:checkKotlinGradlePluginConfigurationErrors SKIPPED
> Task :features:startchat:impl:generateReleaseResValues UP-TO-DATE
> Task :features:startchat:impl:generateReleaseResources UP-TO-DATE
> Task :features:startchat:impl:packageReleaseResources UP-TO-DATE
> Task :features:startchat:impl:processReleaseNavigationResources UP-TO-DATE
> Task :features:startchat:impl:parseReleaseLocalResources UP-TO-DATE
> Task :libraries:dateformatter:api:compileReleaseKotlin UP-TO-DATE
> Task :libraries:dateformatter:api:javaPreCompileRelease UP-TO-DATE
> Task :features:startchat:impl:generateReleaseRFile UP-TO-DATE
> Task :libraries:dateformatter:api:compileReleaseJavaWithJavac NO-SOURCE
> Task :libraries:ui-utils:checkKotlinGradlePluginConfigurationErrors SKIPPED
> Task :libraries:dateformatter:api:bundleLibCompileToJarRelease UP-TO-DATE
> Task :services:toolbox:impl:checkKotlinGradlePluginConfigurationErrors SKIPPED
> Task :services:toolbox:impl:generateReleaseResValues UP-TO-DATE
> Task :libraries:ui-utils:generateReleaseResValues UP-TO-DATE
> Task :services:toolbox:impl:generateReleaseResources UP-TO-DATE
> Task :libraries:ui-utils:generateReleaseResources UP-TO-DATE
> Task :services:toolbox:impl:packageReleaseResources UP-TO-DATE
> Task :services:toolbox:impl:processReleaseNavigationResources UP-TO-DATE
> Task :libraries:ui-utils:packageReleaseResources UP-TO-DATE
> Task :services:toolbox:impl:parseReleaseLocalResources UP-TO-DATE
> Task :libraries:ui-utils:processReleaseNavigationResources UP-TO-DATE
> Task :services:toolbox:impl:generateReleaseRFile UP-TO-DATE
> Task :libraries:ui-utils:parseReleaseLocalResources UP-TO-DATE
> Task :services:toolbox:impl:javaPreCompileRelease UP-TO-DATE
> Task :features:forward:api:checkKotlinGradlePluginConfigurationErrors SKIPPED
> Task :features:forward:api:generateReleaseResValues UP-TO-DATE
> Task :features:forward:api:generateReleaseResources UP-TO-DATE
> Task :features:forward:api:packageReleaseResources UP-TO-DATE
> Task :features:forward:api:processReleaseNavigationResources UP-TO-DATE
> Task :features:forward:api:parseReleaseLocalResources UP-TO-DATE
> Task :features:forward:api:generateReleaseRFile UP-TO-DATE
> Task :features:forward:api:javaPreCompileRelease UP-TO-DATE
> Task :features:knockrequests:api:checkKotlinGradlePluginConfigurationErrors SKIPPED
> Task :libraries:ui-utils:generateReleaseRFile UP-TO-DATE
> Task :features:knockrequests:api:generateReleaseResValues UP-TO-DATE
> Task :libraries:ui-utils:javaPreCompileRelease UP-TO-DATE
> Task :features:knockrequests:api:generateReleaseResources UP-TO-DATE
> Task :features:location:api:checkKotlinGradlePluginConfigurationErrors SKIPPED
> Task :features:location:api:generateReleaseBuildConfig UP-TO-DATE
> Task :features:location:api:generateReleaseResValues UP-TO-DATE
> Task :features:knockrequests:api:packageReleaseResources UP-TO-DATE
> Task :features:knockrequests:api:processReleaseNavigationResources UP-TO-DATE
> Task :features:location:api:generateReleaseResources UP-TO-DATE
> Task :features:knockrequests:api:parseReleaseLocalResources UP-TO-DATE
> Task :features:knockrequests:api:generateReleaseRFile UP-TO-DATE
> Task :features:location:api:packageReleaseResources UP-TO-DATE
> Task :features:knockrequests:api:javaPreCompileRelease UP-TO-DATE
> Task :features:messages:api:checkKotlinGradlePluginConfigurationErrors SKIPPED
> Task :features:location:api:processReleaseNavigationResources UP-TO-DATE
> Task :features:messages:api:generateReleaseResValues UP-TO-DATE
> Task :features:messages:api:generateReleaseResources UP-TO-DATE
> Task :features:location:api:parseReleaseLocalResources UP-TO-DATE
> Task :features:messages:api:packageReleaseResources UP-TO-DATE
> Task :features:location:api:generateReleaseRFile UP-TO-DATE
> Task :features:messages:api:processReleaseNavigationResources UP-TO-DATE
> Task :features:location:api:javaPreCompileRelease UP-TO-DATE
> Task :features:messages:api:parseReleaseLocalResources UP-TO-DATE
> Task :libraries:mediaviewer:api:checkKotlinGradlePluginConfigurationErrors SKIPPED
> Task :libraries:mediaviewer:api:generateReleaseResValues UP-TO-DATE
> Task :features:messages:api:generateReleaseRFile UP-TO-DATE
> Task :libraries:mediaviewer:api:generateReleaseResources UP-TO-DATE
> Task :libraries:textcomposer:impl:checkKotlinGradlePluginConfigurationErrors SKIPPED
> Task :libraries:textcomposer:impl:generateReleaseResValues UP-TO-DATE
> Task :libraries:mediaviewer:api:packageReleaseResources UP-TO-DATE
> Task :libraries:mediaviewer:api:processReleaseNavigationResources UP-TO-DATE
> Task :libraries:textcomposer:impl:generateReleaseResources UP-TO-DATE
> Task :libraries:mediaviewer:api:parseReleaseLocalResources UP-TO-DATE
> Task :libraries:mediaviewer:api:generateReleaseRFile UP-TO-DATE
> Task :libraries:mediaviewer:api:javaPreCompileRelease UP-TO-DATE
> Task :features:messages:api:javaPreCompileRelease UP-TO-DATE
> Task :libraries:textcomposer:impl:packageReleaseResources UP-TO-DATE
> Task :features:messages:impl:checkKotlinGradlePluginConfigurationErrors SKIPPED
> Task :libraries:textcomposer:impl:processReleaseNavigationResources UP-TO-DATE
> Task :features:messages:impl:generateReleaseResValues UP-TO-DATE
> Task :libraries:textcomposer:impl:parseReleaseLocalResources UP-TO-DATE
> Task :libraries:textcomposer:impl:generateReleaseRFile UP-TO-DATE
> Task :features:poll:api:checkKotlinGradlePluginConfigurationErrors SKIPPED
> Task :features:poll:api:generateReleaseResValues UP-TO-DATE
> Task :features:messages:impl:generateReleaseResources UP-TO-DATE
> Task :features:poll:api:generateReleaseResources UP-TO-DATE
> Task :features:poll:api:packageReleaseResources UP-TO-DATE
> Task :features:poll:api:processReleaseNavigationResources UP-TO-DATE
> Task :features:messages:impl:packageReleaseResources UP-TO-DATE
> Task :features:messages:impl:processReleaseNavigationResources UP-TO-DATE
> Task :features:poll:api:parseReleaseLocalResources UP-TO-DATE
> Task :features:poll:api:generateReleaseRFile UP-TO-DATE
> Task :features:messages:impl:parseReleaseLocalResources UP-TO-DATE
> Task :features:poll:api:javaPreCompileRelease UP-TO-DATE
> Task :features:messages:impl:generateReleaseRFile UP-TO-DATE
> Task :features:roomcall:api:checkKotlinGradlePluginConfigurationErrors SKIPPED
> Task :features:roommembermoderation:api:checkKotlinGradlePluginConfigurationErrors SKIPPED
> Task :features:roomcall:api:generateReleaseResValues UP-TO-DATE
> Task :features:roommembermoderation:api:generateReleaseResValues UP-TO-DATE
> Task :features:roommembermoderation:api:generateReleaseResources UP-TO-DATE
> Task :features:roomcall:api:generateReleaseResources UP-TO-DATE
> Task :features:roommembermoderation:api:packageReleaseResources UP-TO-DATE
> Task :features:roommembermoderation:api:processReleaseNavigationResources UP-TO-DATE
> Task :features:roomcall:api:packageReleaseResources UP-TO-DATE
> Task :features:roommembermoderation:api:parseReleaseLocalResources UP-TO-DATE
> Task :features:roomcall:api:processReleaseNavigationResources UP-TO-DATE
> Task :features:roommembermoderation:api:generateReleaseRFile UP-TO-DATE
> Task :features:roomcall:api:parseReleaseLocalResources UP-TO-DATE
> Task :features:roommembermoderation:api:javaPreCompileRelease UP-TO-DATE
> Task :libraries:mediaplayer:api:checkKotlinGradlePluginConfigurationErrors SKIPPED
> Task :libraries:mediaplayer:api:generateReleaseResValues UP-TO-DATE
> Task :libraries:mediaplayer:api:generateReleaseResources UP-TO-DATE
> Task :features:roomcall:api:generateReleaseRFile UP-TO-DATE
> Task :features:roomcall:api:javaPreCompileRelease UP-TO-DATE
> Task :libraries:recentemojis:api:checkKotlinGradlePluginConfigurationErrors SKIPPED
> Task :libraries:mediaplayer:api:packageReleaseResources UP-TO-DATE
> Task :libraries:recentemojis:api:generateReleaseResValues UP-TO-DATE
> Task :libraries:mediaplayer:api:processReleaseNavigationResources UP-TO-DATE
> Task :libraries:recentemojis:api:generateReleaseResources UP-TO-DATE
> Task :libraries:mediaplayer:api:parseReleaseLocalResources UP-TO-DATE
> Task :libraries:mediaplayer:api:generateReleaseRFile UP-TO-DATE
> Task :libraries:mediaplayer:api:javaPreCompileRelease UP-TO-DATE
> Task :libraries:recentemojis:api:packageReleaseResources UP-TO-DATE
> Task :libraries:roomselect:api:checkKotlinGradlePluginConfigurationErrors SKIPPED
> Task :libraries:recentemojis:api:processReleaseNavigationResources UP-TO-DATE
> Task :libraries:roomselect:api:generateReleaseResValues UP-TO-DATE
> Task :libraries:roomselect:api:generateReleaseResources UP-TO-DATE
> Task :libraries:recentemojis:api:parseReleaseLocalResources UP-TO-DATE
> Task :libraries:recentemojis:api:generateReleaseRFile UP-TO-DATE
> Task :libraries:recentemojis:api:javaPreCompileRelease UP-TO-DATE
> Task :libraries:voiceplayer:api:checkKotlinGradlePluginConfigurationErrors SKIPPED
> Task :libraries:roomselect:api:packageReleaseResources UP-TO-DATE
> Task :libraries:voiceplayer:api:generateReleaseResValues UP-TO-DATE
> Task :libraries:roomselect:api:processReleaseNavigationResources UP-TO-DATE
> Task :libraries:voiceplayer:api:generateReleaseResources UP-TO-DATE
> Task :libraries:roomselect:api:parseReleaseLocalResources UP-TO-DATE
> Task :libraries:voiceplayer:api:packageReleaseResources UP-TO-DATE
> Task :libraries:voiceplayer:api:processReleaseNavigationResources UP-TO-DATE
> Task :libraries:roomselect:api:generateReleaseRFile UP-TO-DATE
> Task :libraries:roomselect:api:javaPreCompileRelease UP-TO-DATE
> Task :libraries:voicerecorder:api:checkKotlinGradlePluginConfigurationErrors SKIPPED
> Task :libraries:voiceplayer:api:parseReleaseLocalResources UP-TO-DATE
> Task :libraries:voicerecorder:api:generateReleaseResValues UP-TO-DATE
> Task :libraries:voiceplayer:api:generateReleaseRFile UP-TO-DATE
> Task :libraries:voicerecorder:api:generateReleaseResources UP-TO-DATE
> Task :libraries:voiceplayer:api:javaPreCompileRelease UP-TO-DATE
> Task :services:analytics:compose:checkKotlinGradlePluginConfigurationErrors SKIPPED
> Task :services:analytics:compose:generateReleaseResValues UP-TO-DATE
> Task :services:analytics:compose:generateReleaseResources UP-TO-DATE
> Task :libraries:voicerecorder:api:packageReleaseResources UP-TO-DATE
> Task :libraries:voicerecorder:api:processReleaseNavigationResources UP-TO-DATE
> Task :services:analytics:compose:packageReleaseResources UP-TO-DATE
> Task :services:analytics:compose:processReleaseNavigationResources UP-TO-DATE
> Task :libraries:voicerecorder:api:parseReleaseLocalResources UP-TO-DATE
> Task :services:analytics:compose:parseReleaseLocalResources UP-TO-DATE
> Task :libraries:voicerecorder:api:generateReleaseRFile UP-TO-DATE
> Task :services:analytics:compose:generateReleaseRFile UP-TO-DATE
> Task :services:analytics:noop:checkKotlinGradlePluginConfigurationErrors SKIPPED
> Task :services:analytics:noop:generateReleaseResValues UP-TO-DATE
> Task :services:analytics:noop:generateReleaseResources UP-TO-DATE
> Task :services:analytics:noop:packageReleaseResources UP-TO-DATE
> Task :services:analytics:noop:processReleaseNavigationResources UP-TO-DATE
> Task :services:analytics:noop:parseReleaseLocalResources UP-TO-DATE
> Task :services:analytics:noop:generateReleaseRFile UP-TO-DATE
> Task :services:analytics:compose:javaPreCompileRelease UP-TO-DATE
> Task :libraries:maplibre-compose:checkKotlinGradlePluginConfigurationErrors SKIPPED
> Task :libraries:maplibre-compose:generateReleaseResValues UP-TO-DATE
> Task :libraries:maplibre-compose:generateReleaseResources UP-TO-DATE
> Task :libraries:maplibre-compose:packageReleaseResources UP-TO-DATE
> Task :libraries:maplibre-compose:processReleaseNavigationResources UP-TO-DATE
> Task :libraries:maplibre-compose:parseReleaseLocalResources UP-TO-DATE
> Task :libraries:maplibre-compose:generateReleaseRFile UP-TO-DATE
> Task :codegen:compileKotlin UP-TO-DATE
> Task :codegen:compileJava NO-SOURCE
> Task :codegen:classes UP-TO-DATE
> Task :codegen:jar UP-TO-DATE
> Task :libraries:designsystem:javaPreCompileRelease UP-TO-DATE
> Task :features:call:impl:javaPreCompileRelease UP-TO-DATE
> Task :libraries:matrixui:javaPreCompileRelease UP-TO-DATE
> Task :libraries:eventformatter:impl:javaPreCompileRelease UP-TO-DATE
> Task :libraries:permissions:impl:javaPreCompileRelease UP-TO-DATE
> Task :features:createroom:impl:javaPreCompileRelease UP-TO-DATE
> Task :features:invitepeople:impl:javaPreCompileRelease UP-TO-DATE
> Task :features:startchat:impl:javaPreCompileRelease UP-TO-DATE
> Task :libraries:textcomposer:impl:javaPreCompileRelease UP-TO-DATE
> Task :services:analytics:noop:javaPreCompileRelease UP-TO-DATE
> Task :features:messages:impl:javaPreCompileRelease UP-TO-DATE
> Task :features:location:impl:checkKotlinGradlePluginConfigurationErrors SKIPPED
> Task :features:location:impl:generateReleaseResValues UP-TO-DATE
> Task :features:location:impl:generateReleaseResources UP-TO-DATE
> Task :features:location:impl:packageReleaseResources UP-TO-DATE
> Task :features:location:impl:processReleaseNavigationResources UP-TO-DATE
> Task :features:location:impl:parseReleaseLocalResources UP-TO-DATE
> Task :features:location:impl:generateReleaseRFile UP-TO-DATE
> Task :features:location:impl:javaPreCompileRelease UP-TO-DATE
> Task :features:poll:impl:checkKotlinGradlePluginConfigurationErrors SKIPPED
> Task :features:poll:impl:generateReleaseResValues UP-TO-DATE
> Task :features:poll:impl:generateReleaseResources UP-TO-DATE
> Task :libraries:push:impl:generateReleasePushDatabaseInterface UP-TO-DATE
> Task :libraries:push:impl:generateReleaseResValues UP-TO-DATE
> Task :features:poll:impl:packageReleaseResources UP-TO-DATE
> Task :libraries:push:impl:generateReleaseResources UP-TO-DATE
> Task :features:poll:impl:processReleaseNavigationResources UP-TO-DATE
> Task :features:poll:impl:parseReleaseLocalResources UP-TO-DATE
> Task :services:toolbox:api:compileReleaseKotlin UP-TO-DATE
> Task :features:poll:impl:generateReleaseRFile UP-TO-DATE
> Task :services:toolbox:api:javaPreCompileRelease UP-TO-DATE
> Task :services:toolbox:api:compileReleaseJavaWithJavac NO-SOURCE
> Task :services:toolbox:api:bundleLibCompileToJarRelease UP-TO-DATE
> Task :features:poll:impl:javaPreCompileRelease UP-TO-DATE
> Task :libraries:push:impl:packageReleaseResources UP-TO-DATE
> Task :libraries:push:impl:processReleaseNavigationResources UP-TO-DATE
> Task :libraries:push:impl:parseReleaseLocalResources UP-TO-DATE
> Task :libraries:push:impl:generateReleaseRFile UP-TO-DATE
> Task :libraries:push:impl:javaPreCompileRelease UP-TO-DATE
> Task :features:leaveroom:api:checkKotlinGradlePluginConfigurationErrors SKIPPED
> Task :features:leaveroom:api:generateReleaseResValues UP-TO-DATE
> Task :features:leaveroom:api:generateReleaseResources UP-TO-DATE
> Task :features:leaveroom:api:packageReleaseResources UP-TO-DATE
> Task :features:leaveroom:api:processReleaseNavigationResources UP-TO-DATE
> Task :features:leaveroom:api:parseReleaseLocalResources UP-TO-DATE
> Task :features:leaveroom:api:generateReleaseRFile UP-TO-DATE
> Task :features:leaveroom:api:javaPreCompileRelease UP-TO-DATE
> Task :features:reportroom:api:checkKotlinGradlePluginConfigurationErrors SKIPPED
> Task :features:reportroom:api:generateReleaseResValues UP-TO-DATE
> Task :features:reportroom:api:generateReleaseResources UP-TO-DATE
> Task :features:reportroom:api:packageReleaseResources UP-TO-DATE
> Task :features:reportroom:api:processReleaseNavigationResources UP-TO-DATE
> Task :features:reportroom:api:parseReleaseLocalResources UP-TO-DATE
> Task :features:reportroom:api:generateReleaseRFile UP-TO-DATE
> Task :features:reportroom:api:javaPreCompileRelease UP-TO-DATE
> Task :features:rolesandpermissions:api:checkKotlinGradlePluginConfigurationErrors SKIPPED
> Task :features:rolesandpermissions:api:generateReleaseResValues UP-TO-DATE
> Task :features:rolesandpermissions:api:generateReleaseResources UP-TO-DATE
> Task :features:rolesandpermissions:api:packageReleaseResources UP-TO-DATE
> Task :features:rolesandpermissions:api:processReleaseNavigationResources UP-TO-DATE
> Task :features:rolesandpermissions:api:parseReleaseLocalResources UP-TO-DATE
> Task :features:rolesandpermissions:api:generateReleaseRFile UP-TO-DATE
> Task :features:rolesandpermissions:api:javaPreCompileRelease UP-TO-DATE
> Task :features:roomdetails:api:checkKotlinGradlePluginConfigurationErrors SKIPPED
> Task :features:roomdetails:api:generateReleaseResValues UP-TO-DATE
> Task :features:roomdetails:api:generateReleaseResources UP-TO-DATE
> Task :features:roomdetails:api:packageReleaseResources UP-TO-DATE
> Task :features:roomdetails:api:processReleaseNavigationResources UP-TO-DATE
> Task :features:roomdetails:api:parseReleaseLocalResources UP-TO-DATE
> Task :features:roomdetails:api:generateReleaseRFile UP-TO-DATE
> Task :features:roomdetails:api:javaPreCompileRelease UP-TO-DATE
> Task :features:roomdetails:impl:checkKotlinGradlePluginConfigurationErrors SKIPPED
> Task :features:roomdetails:impl:generateReleaseResValues UP-TO-DATE
> Task :features:roomdetails:impl:generateReleaseResources UP-TO-DATE
> Task :features:roomdetails:impl:packageReleaseResources UP-TO-DATE
> Task :features:roomdetails:impl:processReleaseNavigationResources UP-TO-DATE
> Task :features:roomdetails:impl:parseReleaseLocalResources UP-TO-DATE
> Task :features:roomdetails:impl:generateReleaseRFile UP-TO-DATE
> Task :features:roomdetailsedit:api:checkKotlinGradlePluginConfigurationErrors SKIPPED
> Task :features:roomdetailsedit:api:generateReleaseResValues UP-TO-DATE
> Task :features:roomdetailsedit:api:generateReleaseResources UP-TO-DATE
> Task :features:roomdetailsedit:api:packageReleaseResources UP-TO-DATE
> Task :features:roomdetailsedit:api:processReleaseNavigationResources UP-TO-DATE
> Task :features:roomdetailsedit:api:parseReleaseLocalResources UP-TO-DATE
> Task :features:roomdetailsedit:api:generateReleaseRFile UP-TO-DATE
> Task :features:roomdetailsedit:api:javaPreCompileRelease UP-TO-DATE
> Task :features:securityandprivacy:api:checkKotlinGradlePluginConfigurationErrors SKIPPED
> Task :features:securityandprivacy:api:generateReleaseResValues UP-TO-DATE
> Task :features:securityandprivacy:api:generateReleaseResources UP-TO-DATE
> Task :features:securityandprivacy:api:packageReleaseResources UP-TO-DATE
> Task :features:securityandprivacy:api:processReleaseNavigationResources UP-TO-DATE
> Task :features:securityandprivacy:api:parseReleaseLocalResources UP-TO-DATE
> Task :features:securityandprivacy:api:generateReleaseRFile UP-TO-DATE
> Task :features:securityandprivacy:api:javaPreCompileRelease UP-TO-DATE
> Task :features:userprofile:api:checkKotlinGradlePluginConfigurationErrors SKIPPED
> Task :features:userprofile:api:generateReleaseResValues UP-TO-DATE
> Task :features:userprofile:api:generateReleaseResources UP-TO-DATE
> Task :features:userprofile:api:packageReleaseResources UP-TO-DATE
> Task :features:userprofile:api:processReleaseNavigationResources UP-TO-DATE
> Task :features:userprofile:api:parseReleaseLocalResources UP-TO-DATE
> Task :features:userprofile:api:generateReleaseRFile UP-TO-DATE
> Task :features:userprofile:api:javaPreCompileRelease UP-TO-DATE
> Task :features:userprofile:shared:checkKotlinGradlePluginConfigurationErrors SKIPPED
> Task :features:userprofile:shared:generateReleaseResValues UP-TO-DATE
> Task :features:userprofile:shared:generateReleaseResources UP-TO-DATE
> Task :features:userprofile:shared:packageReleaseResources UP-TO-DATE
> Task :features:userprofile:shared:processReleaseNavigationResources UP-TO-DATE
> Task :features:userprofile:shared:parseReleaseLocalResources UP-TO-DATE
> Task :features:userprofile:shared:generateReleaseRFile UP-TO-DATE
> Task :features:userprofile:shared:javaPreCompileRelease UP-TO-DATE
> Task :features:verifysession:api:checkKotlinGradlePluginConfigurationErrors SKIPPED
> Task :features:verifysession:api:generateReleaseResValues UP-TO-DATE
> Task :features:verifysession:api:generateReleaseResources UP-TO-DATE
> Task :features:verifysession:api:packageReleaseResources UP-TO-DATE
> Task :features:verifysession:api:processReleaseNavigationResources UP-TO-DATE
> Task :features:verifysession:api:parseReleaseLocalResources UP-TO-DATE
> Task :features:verifysession:api:generateReleaseRFile UP-TO-DATE
> Task :features:verifysession:api:javaPreCompileRelease UP-TO-DATE
> Task :features:roomdetails:impl:javaPreCompileRelease UP-TO-DATE
> Task :appnav:checkKotlinGradlePluginConfigurationErrors SKIPPED
> Task :appnav:generateReleaseResValues UP-TO-DATE
> Task :appnav:generateReleaseResources UP-TO-DATE
> Task :appnav:packageReleaseResources UP-TO-DATE
> Task :appnav:processReleaseNavigationResources UP-TO-DATE
> Task :appnav:parseReleaseLocalResources UP-TO-DATE
> Task :appnav:generateReleaseRFile UP-TO-DATE
> Task :libraries:ui-common:checkKotlinGradlePluginConfigurationErrors SKIPPED
> Task :libraries:ui-common:generateReleaseResValues UP-TO-DATE
> Task :libraries:ui-common:generateReleaseResources UP-TO-DATE
> Task :libraries:ui-common:packageReleaseResources UP-TO-DATE
> Task :libraries:ui-common:processReleaseNavigationResources UP-TO-DATE
> Task :libraries:ui-common:parseReleaseLocalResources UP-TO-DATE
> Task :libraries:ui-common:generateReleaseRFile UP-TO-DATE
> Task :libraries:ui-common:javaPreCompileRelease UP-TO-DATE
> Task :features:analytics:api:checkKotlinGradlePluginConfigurationErrors SKIPPED
> Task :features:analytics:api:generateReleaseResValues UP-TO-DATE
> Task :features:analytics:api:generateReleaseResources UP-TO-DATE
> Task :features:analytics:api:packageReleaseResources UP-TO-DATE
> Task :features:analytics:api:processReleaseNavigationResources UP-TO-DATE
> Task :features:analytics:api:parseReleaseLocalResources UP-TO-DATE
> Task :features:analytics:api:generateReleaseRFile UP-TO-DATE
> Task :features:analytics:api:javaPreCompileRelease UP-TO-DATE
> Task :features:announcement:api:checkKotlinGradlePluginConfigurationErrors SKIPPED
> Task :features:announcement:api:generateReleaseResValues UP-TO-DATE
> Task :features:announcement:api:generateReleaseResources UP-TO-DATE
> Task :features:announcement:api:packageReleaseResources UP-TO-DATE
> Task :features:announcement:api:processReleaseNavigationResources UP-TO-DATE
> Task :features:announcement:api:parseReleaseLocalResources UP-TO-DATE
> Task :features:announcement:api:generateReleaseRFile UP-TO-DATE
> Task :libraries:session-storage:api:compileReleaseKotlin UP-TO-DATE
> Task :features:announcement:api:compileReleaseKotlin UP-TO-DATE
> Task :features:announcement:api:javaPreCompileRelease UP-TO-DATE
> Task :libraries:session-storage:api:javaPreCompileRelease UP-TO-DATE
> Task :libraries:session-storage:api:compileReleaseJavaWithJavac NO-SOURCE
> Task :features:announcement:api:compileReleaseJavaWithJavac NO-SOURCE
> Task :libraries:session-storage:api:bundleLibCompileToJarRelease UP-TO-DATE
> Task :features:announcement:api:bundleLibCompileToJarRelease UP-TO-DATE
> Task :features:cachecleaner:api:checkKotlinGradlePluginConfigurationErrors SKIPPED
> Task :features:cachecleaner:api:generateReleaseResValues UP-TO-DATE
> Task :features:deactivation:api:checkKotlinGradlePluginConfigurationErrors SKIPPED
> Task :features:cachecleaner:api:generateReleaseResources UP-TO-DATE
> Task :features:deactivation:api:generateReleaseResValues UP-TO-DATE
> Task :features:deactivation:api:generateReleaseResources UP-TO-DATE
> Task :features:deactivation:api:packageReleaseResources UP-TO-DATE
> Task :features:cachecleaner:api:packageReleaseResources UP-TO-DATE
> Task :features:deactivation:api:processReleaseNavigationResources UP-TO-DATE
> Task :features:cachecleaner:api:processReleaseNavigationResources UP-TO-DATE
> Task :features:deactivation:api:parseReleaseLocalResources UP-TO-DATE
> Task :features:cachecleaner:api:parseReleaseLocalResources UP-TO-DATE
> Task :features:deactivation:api:generateReleaseRFile UP-TO-DATE
> Task :features:deactivation:api:javaPreCompileRelease UP-TO-DATE
> Task :features:cachecleaner:api:generateReleaseRFile UP-TO-DATE
> Task :features:ftue:api:checkKotlinGradlePluginConfigurationErrors SKIPPED
> Task :features:cachecleaner:api:javaPreCompileRelease UP-TO-DATE
> Task :features:ftue:api:generateReleaseResValues UP-TO-DATE
> Task :features:home:api:checkKotlinGradlePluginConfigurationErrors SKIPPED
> Task :features:home:api:generateReleaseResValues UP-TO-DATE
> Task :features:ftue:api:generateReleaseResources UP-TO-DATE
> Task :features:home:api:generateReleaseResources UP-TO-DATE
> Task :features:ftue:api:packageReleaseResources UP-TO-DATE
> Task :features:home:api:packageReleaseResources UP-TO-DATE
> Task :features:home:api:processReleaseNavigationResources UP-TO-DATE
> Task :features:ftue:api:processReleaseNavigationResources UP-TO-DATE
> Task :features:home:api:parseReleaseLocalResources UP-TO-DATE
> Task :features:ftue:api:parseReleaseLocalResources UP-TO-DATE
> Task :features:home:api:generateReleaseRFile UP-TO-DATE
> Task :features:ftue:api:generateReleaseRFile UP-TO-DATE
> Task :features:home:api:javaPreCompileRelease UP-TO-DATE
> Task :features:ftue:api:javaPreCompileRelease UP-TO-DATE
> Task :features:invite:api:checkKotlinGradlePluginConfigurationErrors SKIPPED
> Task :features:joinroom:api:checkKotlinGradlePluginConfigurationErrors SKIPPED
> Task :features:invite:api:generateReleaseResValues UP-TO-DATE
> Task :features:joinroom:api:generateReleaseResValues UP-TO-DATE
> Task :features:invite:api:generateReleaseResources UP-TO-DATE
> Task :features:joinroom:api:generateReleaseResources UP-TO-DATE
> Task :features:invite:api:packageReleaseResources UP-TO-DATE
> Task :features:joinroom:api:packageReleaseResources UP-TO-DATE
> Task :features:invite:api:processReleaseNavigationResources UP-TO-DATE
> Task :features:joinroom:api:processReleaseNavigationResources UP-TO-DATE
> Task :features:joinroom:api:parseReleaseLocalResources UP-TO-DATE
> Task :features:invite:api:parseReleaseLocalResources UP-TO-DATE
> Task :features:joinroom:api:generateReleaseRFile UP-TO-DATE
> Task :features:roomdirectory:api:checkKotlinGradlePluginConfigurationErrors SKIPPED
> Task :features:roomdirectory:api:generateReleaseResValues UP-TO-DATE
> Task :features:invite:api:generateReleaseRFile UP-TO-DATE
> Task :features:invite:api:javaPreCompileRelease UP-TO-DATE
> Task :features:roomdirectory:api:generateReleaseResources UP-TO-DATE
> Task :features:joinroom:api:javaPreCompileRelease UP-TO-DATE
> Task :features:licenses:api:checkKotlinGradlePluginConfigurationErrors SKIPPED
> Task :features:licenses:api:generateReleaseResValues UP-TO-DATE
> Task :features:roomdirectory:api:packageReleaseResources UP-TO-DATE
> Task :features:roomdirectory:api:processReleaseNavigationResources UP-TO-DATE
> Task :features:licenses:api:generateReleaseResources UP-TO-DATE
> Task :features:roomdirectory:api:parseReleaseLocalResources UP-TO-DATE
> Task :features:licenses:api:packageReleaseResources UP-TO-DATE
> Task :features:licenses:api:processReleaseNavigationResources UP-TO-DATE
> Task :features:roomdirectory:api:generateReleaseRFile UP-TO-DATE
> Task :features:roomdirectory:api:javaPreCompileRelease UP-TO-DATE
> Task :features:licenses:api:parseReleaseLocalResources UP-TO-DATE
> Task :features:login:api:checkKotlinGradlePluginConfigurationErrors SKIPPED
> Task :features:login:api:generateReleaseResValues UP-TO-DATE
> Task :features:licenses:api:generateReleaseRFile UP-TO-DATE
> Task :features:login:api:generateReleaseResources UP-TO-DATE
> Task :features:licenses:api:javaPreCompileRelease UP-TO-DATE
> Task :features:logout:api:checkKotlinGradlePluginConfigurationErrors SKIPPED
> Task :features:logout:api:generateReleaseResValues UP-TO-DATE
> Task :features:logout:api:generateReleaseResources UP-TO-DATE
> Task :features:login:api:packageReleaseResources UP-TO-DATE
> Task :features:login:api:processReleaseNavigationResources UP-TO-DATE
> Task :features:login:api:parseReleaseLocalResources UP-TO-DATE
> Task :features:logout:api:packageReleaseResources UP-TO-DATE
> Task :features:logout:api:processReleaseNavigationResources UP-TO-DATE
> Task :features:login:api:generateReleaseRFile UP-TO-DATE
> Task :features:logout:api:parseReleaseLocalResources UP-TO-DATE
> Task :features:login:api:javaPreCompileRelease UP-TO-DATE
> Task :features:migration:api:checkKotlinGradlePluginConfigurationErrors SKIPPED
> Task :features:migration:api:generateReleaseResValues UP-TO-DATE
> Task :features:migration:api:generateReleaseResources UP-TO-DATE
> Task :features:logout:api:generateReleaseRFile UP-TO-DATE
> Task :features:logout:api:javaPreCompileRelease UP-TO-DATE
> Task :features:preferences:api:checkKotlinGradlePluginConfigurationErrors SKIPPED
> Task :features:preferences:api:generateReleaseResValues UP-TO-DATE
> Task :features:migration:api:packageReleaseResources UP-TO-DATE
> Task :features:preferences:api:generateReleaseResources UP-TO-DATE
> Task :features:migration:api:processReleaseNavigationResources UP-TO-DATE
> Task :features:migration:api:parseReleaseLocalResources UP-TO-DATE
> Task :features:preferences:api:packageReleaseResources UP-TO-DATE
> Task :features:preferences:api:processReleaseNavigationResources UP-TO-DATE
> Task :features:migration:api:generateReleaseRFile UP-TO-DATE
> Task :features:migration:api:javaPreCompileRelease UP-TO-DATE
> Task :features:rageshake:api:checkKotlinGradlePluginConfigurationErrors SKIPPED
> Task :features:preferences:api:parseReleaseLocalResources UP-TO-DATE
> Task :features:rageshake:api:generateReleaseResValues UP-TO-DATE
> Task :features:preferences:api:generateReleaseRFile UP-TO-DATE
> Task :features:preferences:api:javaPreCompileRelease UP-TO-DATE
> Task :features:roomaliasresolver:api:checkKotlinGradlePluginConfigurationErrors SKIPPED
> Task :services:apperror:api:compileReleaseKotlin UP-TO-DATE
> Task :features:roomaliasresolver:api:generateReleaseResValues UP-TO-DATE
> Task :services:apperror:api:javaPreCompileRelease UP-TO-DATE
> Task :features:roomaliasresolver:api:generateReleaseResources UP-TO-DATE
> Task :services:apperror:api:compileReleaseJavaWithJavac NO-SOURCE
> Task :features:roomaliasresolver:api:packageReleaseResources UP-TO-DATE
> Task :features:rageshake:api:generateReleaseResources UP-TO-DATE
> Task :features:roomaliasresolver:api:processReleaseNavigationResources UP-TO-DATE
> Task :services:apperror:api:bundleLibCompileToJarRelease UP-TO-DATE
> Task :libraries:maplibre-compose:compileReleaseKotlin UP-TO-DATE
> Task :libraries:maplibre-compose:javaPreCompileRelease UP-TO-DATE
> Task :features:roomaliasresolver:api:parseReleaseLocalResources UP-TO-DATE
> Task :libraries:maplibre-compose:compileReleaseJavaWithJavac NO-SOURCE
> Task :features:roomaliasresolver:api:generateReleaseRFile UP-TO-DATE
> Task :features:securebackup:api:checkKotlinGradlePluginConfigurationErrors SKIPPED
> Task :libraries:maplibre-compose:bundleLibCompileToJarRelease UP-TO-DATE
> Task :features:share:api:checkKotlinGradlePluginConfigurationErrors SKIPPED
> Task :features:securebackup:api:generateReleaseResValues UP-TO-DATE
> Task :features:roomaliasresolver:api:javaPreCompileRelease UP-TO-DATE
> Task :features:securebackup:api:generateReleaseResources UP-TO-DATE
> Task :features:signedout:api:checkKotlinGradlePluginConfigurationErrors SKIPPED
> Task :features:signedout:api:generateReleaseResValues UP-TO-DATE
> Task :libraries:voicerecorder:api:compileReleaseKotlin UP-TO-DATE
> Task :libraries:mediapickers:api:compileReleaseKotlin UP-TO-DATE
> Task :services:analytics:api:compileReleaseKotlin UP-TO-DATE
> Task :libraries:compound:compileReleaseKotlin UP-TO-DATE
> Task :libraries:architecture:kspReleaseKotlin UP-TO-DATE
> Task :features:share:api:generateReleaseResValues UP-TO-DATE
> Task :features:signedout:api:generateReleaseResources UP-TO-DATE
> Task :libraries:voicerecorder:api:javaPreCompileRelease UP-TO-DATE
> Task :libraries:mediapickers:api:javaPreCompileRelease UP-TO-DATE
> Task :libraries:compound:javaPreCompileRelease UP-TO-DATE
> Task :features:securebackup:api:packageReleaseResources UP-TO-DATE
> Task :features:share:api:generateReleaseResources UP-TO-DATE
> Task :features:rageshake:api:packageReleaseResources UP-TO-DATE
> Task :features:securebackup:api:processReleaseNavigationResources UP-TO-DATE
> Task :features:securebackup:api:parseReleaseLocalResources UP-TO-DATE
> Task :services:analytics:api:compileReleaseJavaWithJavac NO-SOURCE
> Task :libraries:testtags:compileReleaseKotlin UP-TO-DATE
> Task :libraries:mediapickers:api:compileReleaseJavaWithJavac NO-SOURCE
> Task :libraries:voicerecorder:api:compileReleaseJavaWithJavac NO-SOURCE
> Task :features:share:api:packageReleaseResources UP-TO-DATE
> Task :services:analytics:api:bundleLibCompileToJarRelease UP-TO-DATE
> Task :libraries:testtags:javaPreCompileRelease UP-TO-DATE
> Task :features:space:api:checkKotlinGradlePluginConfigurationErrors SKIPPED
> Task :libraries:compound:compileReleaseJavaWithJavac NO-SOURCE
> Task :features:signedout:api:packageReleaseResources UP-TO-DATE
> Task :features:share:api:processReleaseNavigationResources UP-TO-DATE
> Task :features:signedout:api:processReleaseNavigationResources UP-TO-DATE
> Task :libraries:testtags:compileReleaseJavaWithJavac NO-SOURCE
> Task :features:rageshake:api:processReleaseNavigationResources UP-TO-DATE
> Task :libraries:mediapickers:api:bundleLibCompileToJarRelease UP-TO-DATE
> Task :libraries:testtags:bundleLibCompileToJarRelease UP-TO-DATE
> Task :libraries:voicerecorder:api:bundleLibCompileToJarRelease UP-TO-DATE
> Task :features:rageshake:api:parseReleaseLocalResources UP-TO-DATE
> Task :libraries:compound:bundleLibCompileToJarRelease UP-TO-DATE
> Task :features:viewfolder:api:checkKotlinGradlePluginConfigurationErrors SKIPPED
> Task :features:signedout:api:parseReleaseLocalResources UP-TO-DATE
> Task :libraries:accountselect:api:checkKotlinGradlePluginConfigurationErrors SKIPPED
> Task :libraries:oidc:api:checkKotlinGradlePluginConfigurationErrors SKIPPED
> Task :services:apperror:impl:checkKotlinGradlePluginConfigurationErrors SKIPPED
> Task :features:viewfolder:api:generateReleaseResValues UP-TO-DATE
> Task :libraries:oidc:api:generateReleaseResValues UP-TO-DATE
> Task :libraries:accountselect:api:generateReleaseResValues UP-TO-DATE
> Task :features:share:api:parseReleaseLocalResources UP-TO-DATE
> Task :features:securebackup:api:generateReleaseRFile UP-TO-DATE
> Task :features:rageshake:api:generateReleaseRFile UP-TO-DATE
> Task :features:signedout:api:generateReleaseRFile UP-TO-DATE
> Task :services:apperror:impl:generateReleaseResValues UP-TO-DATE
> Task :libraries:oidc:api:generateReleaseResources UP-TO-DATE
> Task :features:viewfolder:api:generateReleaseResources UP-TO-DATE
> Task :features:signedout:api:javaPreCompileRelease UP-TO-DATE
> Task :services:apperror:impl:generateReleaseResources UP-TO-DATE
> Task :features:securebackup:api:javaPreCompileRelease UP-TO-DATE
> Task :features:rageshake:api:javaPreCompileRelease UP-TO-DATE
> Task :features:share:api:generateReleaseRFile UP-TO-DATE
> Task :features:rolesandpermissions:impl:checkKotlinGradlePluginConfigurationErrors SKIPPED
> Task :features:securityandprivacy:impl:checkKotlinGradlePluginConfigurationErrors SKIPPED
> Task :libraries:androidutils:compileReleaseKotlin UP-TO-DATE
> Task :libraries:androidutils:compileReleaseJavaWithJavac NO-SOURCE
> Task :features:share:api:javaPreCompileRelease UP-TO-DATE
> Task :features:securityandprivacy:impl:generateReleaseResValues UP-TO-DATE
> Task :appnav:javaPreCompileRelease UP-TO-DATE
> Task :libraries:accountselect:impl:checkKotlinGradlePluginConfigurationErrors SKIPPED
> Task :features:space:api:generateReleaseResValues UP-TO-DATE
> Task :libraries:accountselect:api:generateReleaseResources UP-TO-DATE
> Task :libraries:androidutils:bundleLibCompileToJarRelease UP-TO-DATE
> Task :features:rolesandpermissions:impl:generateReleaseResValues UP-TO-DATE
> Task :libraries:accountselect:impl:generateReleaseResValues UP-TO-DATE
> Task :libraries:oidc:api:packageReleaseResources UP-TO-DATE
> Task :features:space:api:generateReleaseResources UP-TO-DATE
> Task :features:viewfolder:api:packageReleaseResources UP-TO-DATE
> Task :services:apperror:impl:packageReleaseResources UP-TO-DATE
> Task :features:viewfolder:api:processReleaseNavigationResources UP-TO-DATE
> Task :services:apperror:impl:processReleaseNavigationResources UP-TO-DATE
> Task :libraries:oidc:api:processReleaseNavigationResources UP-TO-DATE
> Task :libraries:accountselect:impl:generateReleaseResources UP-TO-DATE
> Task :features:viewfolder:api:parseReleaseLocalResources UP-TO-DATE
> Task :libraries:accountselect:api:packageReleaseResources UP-TO-DATE
> Task :features:space:api:packageReleaseResources UP-TO-DATE
> Task :features:space:api:processReleaseNavigationResources UP-TO-DATE
> Task :libraries:oidc:api:parseReleaseLocalResources UP-TO-DATE
> Task :services:apperror:impl:parseReleaseLocalResources UP-TO-DATE
> Task :features:space:api:parseReleaseLocalResources UP-TO-DATE
> Task :libraries:accountselect:api:processReleaseNavigationResources UP-TO-DATE
> Task :features:securityandprivacy:impl:generateReleaseResources UP-TO-DATE
> Task :features:viewfolder:api:generateReleaseRFile UP-TO-DATE
> Task :libraries:oidc:api:generateReleaseRFile UP-TO-DATE
> Task :features:viewfolder:api:javaPreCompileRelease UP-TO-DATE
> Task :libraries:roomselect:impl:checkKotlinGradlePluginConfigurationErrors SKIPPED
> Task :libraries:accountselect:api:parseReleaseLocalResources UP-TO-DATE
> Task :services:apperror:impl:generateReleaseRFile UP-TO-DATE
> Task :libraries:roomselect:impl:generateReleaseResValues UP-TO-DATE
> Task :services:apperror:impl:javaPreCompileRelease UP-TO-DATE
> Task :features:ftue:impl:checkKotlinGradlePluginConfigurationErrors SKIPPED
> Task :libraries:roomselect:impl:generateReleaseResources UP-TO-DATE
> Task :features:ftue:impl:generateReleaseResValues UP-TO-DATE
> Task :features:space:api:generateReleaseRFile UP-TO-DATE
> Task :libraries:accountselect:api:generateReleaseRFile UP-TO-DATE
> Task :libraries:accountselect:api:javaPreCompileRelease UP-TO-DATE
> Task :features:space:api:javaPreCompileRelease UP-TO-DATE
> Task :libraries:permissions:noop:checkKotlinGradlePluginConfigurationErrors SKIPPED
> Task :features:home:impl:checkKotlinGradlePluginConfigurationErrors SKIPPED
> Task :libraries:permissions:noop:generateReleaseResValues UP-TO-DATE
> Task :features:rolesandpermissions:impl:generateReleaseResources UP-TO-DATE
> Task :libraries:accountselect:impl:packageReleaseResources UP-TO-DATE
> Task :libraries:accountselect:impl:processReleaseNavigationResources UP-TO-DATE
> Task :libraries:permissions:noop:generateReleaseResources UP-TO-DATE
> Task :libraries:accountselect:impl:parseReleaseLocalResources UP-TO-DATE
> Task :libraries:accountselect:impl:generateReleaseRFile UP-TO-DATE
> Task :features:ftue:impl:generateReleaseResources UP-TO-DATE
> Task :libraries:oidc:api:javaPreCompileRelease UP-TO-DATE
> Task :libraries:fullscreenintent:api:checkKotlinGradlePluginConfigurationErrors SKIPPED
> Task :libraries:accountselect:impl:javaPreCompileRelease UP-TO-DATE
> Task :libraries:indicator:api:checkKotlinGradlePluginConfigurationErrors SKIPPED
> Task :libraries:indicator:api:generateReleaseResValues UP-TO-DATE
> Task :features:home:impl:generateReleaseResValues UP-TO-DATE
> Task :libraries:indicator:api:generateReleaseResources UP-TO-DATE
> Task :features:securityandprivacy:impl:packageReleaseResources UP-TO-DATE
> Task :libraries:fullscreenintent:api:generateReleaseResValues UP-TO-DATE
> Task :libraries:roomselect:impl:packageReleaseResources UP-TO-DATE
> Task :features:securityandprivacy:impl:processReleaseNavigationResources UP-TO-DATE
> Task :features:home:impl:generateReleaseResources UP-TO-DATE
> Task :libraries:fullscreenintent:api:generateReleaseResources UP-TO-DATE
> Task :libraries:permissions:noop:packageReleaseResources UP-TO-DATE
> Task :libraries:indicator:api:packageReleaseResources UP-TO-DATE
> Task :libraries:permissions:noop:processReleaseNavigationResources UP-TO-DATE
> Task :features:rolesandpermissions:impl:packageReleaseResources UP-TO-DATE
> Task :libraries:indicator:api:processReleaseNavigationResources UP-TO-DATE
> Task :features:securityandprivacy:impl:parseReleaseLocalResources UP-TO-DATE
> Task :features:rolesandpermissions:impl:processReleaseNavigationResources UP-TO-DATE
> Task :libraries:permissions:noop:parseReleaseLocalResources UP-TO-DATE
> Task :features:rolesandpermissions:impl:parseReleaseLocalResources UP-TO-DATE
> Task :libraries:fullscreenintent:api:packageReleaseResources UP-TO-DATE
> Task :libraries:roomselect:impl:processReleaseNavigationResources UP-TO-DATE
> Task :libraries:fullscreenintent:api:processReleaseNavigationResources UP-TO-DATE
> Task :libraries:roomselect:impl:parseReleaseLocalResources UP-TO-DATE
> Task :libraries:permissions:noop:generateReleaseRFile UP-TO-DATE
> Task :libraries:fullscreenintent:api:parseReleaseLocalResources UP-TO-DATE
> Task :features:rolesandpermissions:impl:generateReleaseRFile UP-TO-DATE
> Task :libraries:permissions:noop:javaPreCompileRelease UP-TO-DATE
> Task :features:invite:impl:checkKotlinGradlePluginConfigurationErrors SKIPPED
> Task :libraries:roomselect:impl:generateReleaseRFile UP-TO-DATE
> Task :libraries:indicator:api:parseReleaseLocalResources UP-TO-DATE
> Task :features:rolesandpermissions:impl:javaPreCompileRelease UP-TO-DATE
> Task :features:joinroom:impl:checkKotlinGradlePluginConfigurationErrors SKIPPED
> Task :libraries:indicator:api:generateReleaseRFile UP-TO-DATE
> Task :libraries:roomselect:impl:javaPreCompileRelease UP-TO-DATE
> Task :features:invite:impl:generateReleaseResValues UP-TO-DATE
> Task :libraries:fullscreenintent:api:generateReleaseRFile UP-TO-DATE
> Task :features:knockrequests:impl:checkKotlinGradlePluginConfigurationErrors SKIPPED
> Task :libraries:fullscreenintent:api:javaPreCompileRelease UP-TO-DATE
> Task :features:knockrequests:impl:generateReleaseResValues UP-TO-DATE
> Task :features:lockscreen:impl:checkKotlinGradlePluginConfigurationErrors SKIPPED
> Task :features:lockscreen:impl:generateReleaseResValues UP-TO-DATE
> Task :features:joinroom:impl:generateReleaseResValues UP-TO-DATE
> Task :features:home:impl:packageReleaseResources UP-TO-DATE
> Task :features:securityandprivacy:impl:generateReleaseRFile UP-TO-DATE
> Task :features:ftue:impl:packageReleaseResources UP-TO-DATE
> Task :features:home:impl:processReleaseNavigationResources UP-TO-DATE
> Task :features:securityandprivacy:impl:javaPreCompileRelease UP-TO-DATE
> Task :libraries:cryptography:api:checkKotlinGradlePluginConfigurationErrors SKIPPED
> Task :features:home:impl:parseReleaseLocalResources UP-TO-DATE
> Task :features:invite:impl:generateReleaseResources UP-TO-DATE
> Task :features:knockrequests:impl:generateReleaseResources UP-TO-DATE
> Task :features:home:impl:generateReleaseRFile UP-TO-DATE
> Task :features:ftue:impl:processReleaseNavigationResources UP-TO-DATE
> Task :libraries:cryptography:api:generateReleaseResValues UP-TO-DATE
> Task :features:home:impl:javaPreCompileRelease UP-TO-DATE
> Task :features:preferences:impl:checkKotlinGradlePluginConfigurationErrors SKIPPED
> Task :libraries:cryptography:api:generateReleaseResources UP-TO-DATE
> Task :features:ftue:impl:parseReleaseLocalResources UP-TO-DATE
> Task :features:preferences:impl:generateReleaseBuildConfig UP-TO-DATE
> Task :features:preferences:impl:generateReleaseResValues UP-TO-DATE
> Task :libraries:cryptography:api:packageReleaseResources UP-TO-DATE
> Task :features:joinroom:impl:generateReleaseResources UP-TO-DATE
> Task :features:lockscreen:impl:generateReleaseResources UP-TO-DATE
> Task :libraries:cryptography:api:processReleaseNavigationResources UP-TO-DATE
> Task :libraries:cryptography:api:parseReleaseLocalResources UP-TO-DATE
> Task :features:ftue:impl:generateReleaseRFile UP-TO-DATE
> Task :features:ftue:impl:javaPreCompileRelease UP-TO-DATE
> Task :libraries:featureflag:ui:checkKotlinGradlePluginConfigurationErrors SKIPPED
> Task :libraries:featureflag:ui:generateReleaseResValues UP-TO-DATE
> Task :libraries:cryptography:api:generateReleaseRFile UP-TO-DATE
> Task :libraries:featureflag:ui:generateReleaseResources UP-TO-DATE
> Task :features:preferences:impl:generateReleaseResources UP-TO-DATE
> Task :features:joinroom:impl:packageReleaseResources UP-TO-DATE
> Task :features:joinroom:impl:processReleaseNavigationResources UP-TO-DATE
> Task :features:invite:impl:packageReleaseResources UP-TO-DATE
> Task :libraries:featureflag:ui:packageReleaseResources UP-TO-DATE
> Task :libraries:featureflag:ui:processReleaseNavigationResources UP-TO-DATE
> Task :features:invite:impl:processReleaseNavigationResources UP-TO-DATE
> Task :features:knockrequests:impl:packageReleaseResources UP-TO-DATE
> Task :features:knockrequests:impl:processReleaseNavigationResources UP-TO-DATE
> Task :libraries:featureflag:ui:parseReleaseLocalResources UP-TO-DATE
> Task :features:invite:impl:parseReleaseLocalResources UP-TO-DATE
> Task :features:lockscreen:impl:packageReleaseResources UP-TO-DATE
> Task :features:joinroom:impl:parseReleaseLocalResources UP-TO-DATE
> Task :features:joinroom:impl:generateReleaseRFile UP-TO-DATE
> Task :libraries:featureflag:ui:generateReleaseRFile UP-TO-DATE
> Task :features:lockscreen:impl:processReleaseNavigationResources UP-TO-DATE
> Task :libraries:featureflag:ui:javaPreCompileRelease UP-TO-DATE
> Task :features:joinroom:impl:javaPreCompileRelease UP-TO-DATE
> Task :features:reportroom:impl:checkKotlinGradlePluginConfigurationErrors SKIPPED
> Task :features:lockscreen:impl:parseReleaseLocalResources UP-TO-DATE
> Task :features:invite:impl:generateReleaseRFile UP-TO-DATE
> Task :features:knockrequests:impl:parseReleaseLocalResources UP-TO-DATE
> Task :features:roomaliasresolver:impl:checkKotlinGradlePluginConfigurationErrors SKIPPED
> Task :features:reportroom:impl:generateReleaseResValues UP-TO-DATE
> Task :features:roomaliasresolver:impl:generateReleaseResValues UP-TO-DATE
> Task :features:knockrequests:impl:generateReleaseRFile UP-TO-DATE
> Task :features:invite:impl:javaPreCompileRelease UP-TO-DATE
> Task :features:roomcall:impl:checkKotlinGradlePluginConfigurationErrors SKIPPED
> Task :features:reportroom:impl:generateReleaseResources UP-TO-DATE
> Task :features:preferences:impl:packageReleaseResources UP-TO-DATE
> Task :features:knockrequests:impl:javaPreCompileRelease UP-TO-DATE
> Task :features:roomaliasresolver:impl:generateReleaseResources UP-TO-DATE
> Task :features:roomdetailsedit:impl:checkKotlinGradlePluginConfigurationErrors SKIPPED
> Task :features:roomcall:impl:generateReleaseResValues UP-TO-DATE
> Task :features:lockscreen:impl:generateReleaseRFile UP-TO-DATE
> Task :features:preferences:impl:processReleaseNavigationResources UP-TO-DATE
> Task :features:roomdetailsedit:impl:generateReleaseResValues UP-TO-DATE
> Task :features:roomcall:impl:generateReleaseResources UP-TO-DATE
> Task :features:lockscreen:impl:javaPreCompileRelease UP-TO-DATE
> Task :features:preferences:impl:parseReleaseLocalResources UP-TO-DATE
> Task :features:roomdirectory:impl:checkKotlinGradlePluginConfigurationErrors SKIPPED
> Task :features:roomdirectory:impl:generateReleaseResValues UP-TO-DATE
> Task :features:roomcall:impl:packageReleaseResources UP-TO-DATE
> Task :features:roomcall:impl:processReleaseNavigationResources UP-TO-DATE
> Task :features:roomdetailsedit:impl:generateReleaseResources UP-TO-DATE
> Task :features:preferences:impl:generateReleaseRFile UP-TO-DATE
> Task :features:roomcall:impl:parseReleaseLocalResources UP-TO-DATE
> Task :features:reportroom:impl:packageReleaseResources UP-TO-DATE
> Task :features:preferences:impl:javaPreCompileRelease UP-TO-DATE
> Task :features:roommembermoderation:impl:checkKotlinGradlePluginConfigurationErrors SKIPPED
> Task :features:roommembermoderation:impl:generateReleaseResValues UP-TO-DATE
> Task :features:reportroom:impl:processReleaseNavigationResources UP-TO-DATE
> Task :features:reportroom:impl:parseReleaseLocalResources UP-TO-DATE
> Task :features:reportroom:impl:generateReleaseRFile UP-TO-DATE
> Task :features:roommembermoderation:impl:generateReleaseResources UP-TO-DATE
> Task :features:roomdirectory:impl:generateReleaseResources UP-TO-DATE
> Task :features:reportroom:impl:javaPreCompileRelease UP-TO-DATE
> Task :features:roomcall:impl:generateReleaseRFile UP-TO-DATE
> Task :features:roomaliasresolver:impl:packageReleaseResources UP-TO-DATE
> Task :features:securebackup:impl:checkKotlinGradlePluginConfigurationErrors SKIPPED
> Task :features:roomaliasresolver:impl:processReleaseNavigationResources UP-TO-DATE
> Task :features:roomcall:impl:javaPreCompileRelease UP-TO-DATE
> Task :features:roomaliasresolver:impl:parseReleaseLocalResources UP-TO-DATE
> Task :features:share:impl:checkKotlinGradlePluginConfigurationErrors SKIPPED
> Task :features:share:impl:generateReleaseResValues UP-TO-DATE
> Task :features:share:impl:generateReleaseResources UP-TO-DATE
> Task :features:securebackup:impl:generateReleaseResValues UP-TO-DATE
> Task :features:share:impl:packageReleaseResources UP-TO-DATE
> Task :features:share:impl:processReleaseNavigationResources UP-TO-DATE
> Task :features:roomaliasresolver:impl:generateReleaseRFile UP-TO-DATE
> Task :features:roomdetailsedit:impl:packageReleaseResources UP-TO-DATE
> Task :features:roomdetailsedit:impl:processReleaseNavigationResources UP-TO-DATE
> Task :features:share:impl:parseReleaseLocalResources UP-TO-DATE
> Task :features:roomaliasresolver:impl:javaPreCompileRelease UP-TO-DATE
> Task :features:roomdetailsedit:impl:parseReleaseLocalResources UP-TO-DATE
> Task :features:roommembermoderation:impl:packageReleaseResources UP-TO-DATE
> Task :features:share:impl:generateReleaseRFile UP-TO-DATE
> Task :features:roommembermoderation:impl:processReleaseNavigationResources UP-TO-DATE
> Task :features:signedout:impl:checkKotlinGradlePluginConfigurationErrors SKIPPED
> Task :features:securebackup:impl:generateReleaseResources UP-TO-DATE
> Task :features:signedout:impl:generateReleaseResValues UP-TO-DATE
> Task :features:roommembermoderation:impl:parseReleaseLocalResources UP-TO-DATE
> Task :features:roomdirectory:impl:packageReleaseResources UP-TO-DATE
> Task :features:share:impl:javaPreCompileRelease UP-TO-DATE
> Task :features:space:impl:checkKotlinGradlePluginConfigurationErrors SKIPPED
> Task :features:roomdirectory:impl:processReleaseNavigationResources UP-TO-DATE
> Task :features:roommembermoderation:impl:generateReleaseRFile UP-TO-DATE
> Task :features:roomdetailsedit:impl:generateReleaseRFile UP-TO-DATE
> Task :features:roomdirectory:impl:parseReleaseLocalResources UP-TO-DATE
> Task :features:roommembermoderation:impl:javaPreCompileRelease UP-TO-DATE
> Task :features:space:impl:generateReleaseResValues UP-TO-DATE
> Task :features:roomdetailsedit:impl:javaPreCompileRelease UP-TO-DATE
> Task :features:signedout:impl:generateReleaseResources UP-TO-DATE
> Task :features:userprofile:impl:checkKotlinGradlePluginConfigurationErrors SKIPPED
> Task :features:userprofile:impl:generateReleaseResValues UP-TO-DATE
> Task :features:verifysession:impl:checkKotlinGradlePluginConfigurationErrors SKIPPED
> Task :features:roomdirectory:impl:generateReleaseRFile UP-TO-DATE
> Task :features:verifysession:impl:generateReleaseResValues UP-TO-DATE
> Task :features:securebackup:impl:packageReleaseResources UP-TO-DATE
> Task :features:securebackup:impl:processReleaseNavigationResources UP-TO-DATE
> Task :features:roomdirectory:impl:javaPreCompileRelease UP-TO-DATE
> Task :features:securebackup:impl:parseReleaseLocalResources UP-TO-DATE
> Task :libraries:matrixmedia:impl:checkKotlinGradlePluginConfigurationErrors SKIPPED
> Task :features:userprofile:impl:generateReleaseResources UP-TO-DATE
> Task :features:space:impl:generateReleaseResources UP-TO-DATE
> Task :libraries:matrixmedia:impl:generateReleaseResValues UP-TO-DATE
> Task :features:userprofile:impl:packageReleaseResources UP-TO-DATE
> Task :features:userprofile:impl:processReleaseNavigationResources UP-TO-DATE
> Task :features:securebackup:impl:generateReleaseRFile UP-TO-DATE
> Task :libraries:matrixmedia:impl:generateReleaseResources UP-TO-DATE
> Task :features:securebackup:impl:javaPreCompileRelease UP-TO-DATE
> Task :libraries:indicator:impl:checkKotlinGradlePluginConfigurationErrors SKIPPED
> Task :features:userprofile:impl:parseReleaseLocalResources UP-TO-DATE
> Task :libraries:indicator:impl:generateReleaseResValues UP-TO-DATE
> Task :libraries:indicator:impl:generateReleaseResources UP-TO-DATE
> Task :features:userprofile:impl:generateReleaseRFile UP-TO-DATE
> Task :features:userprofile:impl:javaPreCompileRelease UP-TO-DATE
> Task :libraries:indicator:impl:packageReleaseResources UP-TO-DATE
> Task :libraries:deeplink:impl:checkKotlinGradlePluginConfigurationErrors SKIPPED
> Task :libraries:indicator:impl:processReleaseNavigationResources UP-TO-DATE
> Task :libraries:deeplink:impl:generateReleaseResValues UP-TO-DATE
> Task :libraries:matrixmedia:impl:packageReleaseResources UP-TO-DATE
> Task :libraries:matrixmedia:impl:processReleaseNavigationResources UP-TO-DATE
> Task :features:verifysession:impl:generateReleaseResources UP-TO-DATE
> Task :libraries:indicator:impl:parseReleaseLocalResources UP-TO-DATE
> Task :features:signedout:impl:packageReleaseResources UP-TO-DATE
> Task :features:signedout:impl:processReleaseNavigationResources UP-TO-DATE
> Task :libraries:matrixmedia:impl:parseReleaseLocalResources UP-TO-DATE
> Task :features:signedout:impl:parseReleaseLocalResources UP-TO-DATE
> Task :libraries:deeplink:impl:generateReleaseResources UP-TO-DATE
> Task :features:space:impl:packageReleaseResources UP-TO-DATE
> Task :libraries:indicator:impl:generateReleaseRFile UP-TO-DATE
> Task :libraries:matrixmedia:impl:generateReleaseRFile UP-TO-DATE
> Task :features:space:impl:processReleaseNavigationResources UP-TO-DATE
> Task :features:signedout:impl:generateReleaseRFile UP-TO-DATE
> Task :libraries:deeplink:impl:packageReleaseResources UP-TO-DATE
> Task :libraries:matrixmedia:impl:javaPreCompileRelease UP-TO-DATE
> Task :libraries:deeplink:impl:processReleaseNavigationResources UP-TO-DATE
> Task :libraries:dateformatter:impl:checkKotlinGradlePluginConfigurationErrors SKIPPED
> Task :libraries:dateformatter:impl:generateReleaseResValues UP-TO-DATE
> Task :libraries:indicator:impl:javaPreCompileRelease UP-TO-DATE
> Task :features:signedout:impl:javaPreCompileRelease UP-TO-DATE
> Task :features:space:impl:parseReleaseLocalResources UP-TO-DATE
> Task :libraries:mediaviewer:impl:checkKotlinGradlePluginConfigurationErrors SKIPPED
> Task :libraries:troubleshoot:impl:checkKotlinGradlePluginConfigurationErrors SKIPPED
> Task :libraries:mediaviewer:impl:generateReleaseResValues UP-TO-DATE
> Task :libraries:troubleshoot:impl:generateReleaseResValues UP-TO-DATE
> Task :libraries:deeplink:impl:parseReleaseLocalResources UP-TO-DATE
> Task :libraries:deeplink:impl:generateReleaseRFile UP-TO-DATE
> Task :libraries:deeplink:impl:javaPreCompileRelease UP-TO-DATE
> Task :libraries:oidc:impl:checkKotlinGradlePluginConfigurationErrors SKIPPED
> Task :libraries:dateformatter:impl:generateReleaseResources UP-TO-DATE
> Task :libraries:oidc:impl:generateReleaseResValues UP-TO-DATE
> Task :libraries:oidc:impl:generateReleaseResources UP-TO-DATE
> Task :libraries:mediaviewer:impl:generateReleaseResources UP-TO-DATE
> Task :libraries:oidc:impl:packageReleaseResources UP-TO-DATE
> Task :libraries:troubleshoot:impl:generateReleaseResources UP-TO-DATE
> Task :features:space:impl:generateReleaseRFile UP-TO-DATE
> Task :libraries:oidc:impl:processReleaseNavigationResources UP-TO-DATE
> Task :features:space:impl:javaPreCompileRelease UP-TO-DATE
> Task :services:analytics:impl:checkKotlinGradlePluginConfigurationErrors SKIPPED
> Task :libraries:oidc:impl:parseReleaseLocalResources UP-TO-DATE
> Task :libraries:oidc:impl:generateReleaseRFile UP-TO-DATE
> Task :services:analytics:impl:generateReleaseResValues UP-TO-DATE
> Task :libraries:oidc:impl:javaPreCompileRelease UP-TO-DATE
> Task :features:analytics:impl:checkKotlinGradlePluginConfigurationErrors SKIPPED
> Task :features:analytics:impl:generateReleaseResValues UP-TO-DATE
> Task :features:verifysession:impl:packageReleaseResources UP-TO-DATE
> Task :services:analytics:impl:generateReleaseResources UP-TO-DATE
> Task :features:verifysession:impl:processReleaseNavigationResources UP-TO-DATE
> Task :libraries:mediaviewer:impl:packageReleaseResources UP-TO-DATE
> Task :libraries:mediaviewer:impl:processReleaseNavigationResources UP-TO-DATE
> Task :features:analytics:impl:generateReleaseResources UP-TO-DATE
> Task :features:verifysession:impl:parseReleaseLocalResources UP-TO-DATE
> Task :libraries:dateformatter:impl:packageReleaseResources UP-TO-DATE
> Task :libraries:dateformatter:impl:processReleaseNavigationResources UP-TO-DATE
> Task :features:verifysession:impl:generateReleaseRFile UP-TO-DATE
> Task :libraries:troubleshoot:impl:packageReleaseResources UP-TO-DATE
> Task :libraries:mediaviewer:impl:parseReleaseLocalResources UP-TO-DATE
> Task :features:verifysession:impl:javaPreCompileRelease UP-TO-DATE
> Task :services:analytics:impl:packageReleaseResources UP-TO-DATE
> Task :features:announcement:impl:checkKotlinGradlePluginConfigurationErrors SKIPPED
> Task :libraries:troubleshoot:impl:processReleaseNavigationResources UP-TO-DATE
> Task :libraries:dateformatter:impl:parseReleaseLocalResources UP-TO-DATE
> Task :features:announcement:impl:generateReleaseResValues UP-TO-DATE
> Task :services:analytics:impl:processReleaseNavigationResources UP-TO-DATE
> Task :libraries:mediaviewer:impl:generateReleaseRFile UP-TO-DATE
> Task :libraries:troubleshoot:impl:parseReleaseLocalResources UP-TO-DATE
> Task :libraries:dateformatter:impl:generateReleaseRFile UP-TO-DATE
> Task :services:analytics:impl:parseReleaseLocalResources UP-TO-DATE
> Task :libraries:mediaviewer:impl:javaPreCompileRelease UP-TO-DATE
> Task :features:announcement:impl:generateReleaseResources UP-TO-DATE
> Task :features:deactivation:impl:checkKotlinGradlePluginConfigurationErrors SKIPPED
> Task :services:analytics:impl:generateReleaseRFile UP-TO-DATE
> Task :features:deactivation:impl:generateReleaseResValues UP-TO-DATE
> Task :libraries:troubleshoot:impl:generateReleaseRFile UP-TO-DATE
> Task :libraries:troubleshoot:impl:javaPreCompileRelease UP-TO-DATE
> Task :services:analytics:impl:javaPreCompileRelease UP-TO-DATE
> Task :libraries:dateformatter:impl:javaPreCompileRelease UP-TO-DATE
> Task :features:forward:impl:checkKotlinGradlePluginConfigurationErrors SKIPPED
> Task :features:leaveroom:impl:checkKotlinGradlePluginConfigurationErrors SKIPPED
> Task :features:licenses:impl:checkKotlinGradlePluginConfigurationErrors SKIPPED
> Task :features:forward:impl:generateReleaseResValues UP-TO-DATE
> Task :features:leaveroom:impl:generateReleaseResValues UP-TO-DATE
> Task :features:licenses:impl:generateReleaseResValues UP-TO-DATE
> Task :features:forward:impl:generateReleaseResources UP-TO-DATE
> Task :features:analytics:impl:packageReleaseResources UP-TO-DATE
> Task :features:licenses:impl:generateReleaseResources UP-TO-DATE
> Task :features:analytics:impl:processReleaseNavigationResources UP-TO-DATE
> Task :features:analytics:impl:parseReleaseLocalResources UP-TO-DATE
> Task :features:deactivation:impl:generateReleaseResources UP-TO-DATE
> Task :features:forward:impl:packageReleaseResources UP-TO-DATE
> Task :features:licenses:impl:packageReleaseResources UP-TO-DATE
> Task :features:leaveroom:impl:generateReleaseResources UP-TO-DATE
> Task :features:analytics:impl:generateReleaseRFile UP-TO-DATE
> Task :features:forward:impl:processReleaseNavigationResources UP-TO-DATE
> Task :features:licenses:impl:processReleaseNavigationResources UP-TO-DATE
> Task :features:analytics:impl:javaPreCompileRelease UP-TO-DATE
> Task :libraries:qrcode:checkKotlinGradlePluginConfigurationErrors SKIPPED
> Task :features:leaveroom:impl:packageReleaseResources UP-TO-DATE
> Task :libraries:qrcode:generateReleaseResValues UP-TO-DATE
> Task :features:forward:impl:parseReleaseLocalResources UP-TO-DATE
> Task :features:announcement:impl:packageReleaseResources UP-TO-DATE
> Task :libraries:qrcode:generateReleaseResources UP-TO-DATE
> Task :features:leaveroom:impl:processReleaseNavigationResources UP-TO-DATE
> Task :features:licenses:impl:parseReleaseLocalResources UP-TO-DATE
> Task :features:announcement:impl:processReleaseNavigationResources UP-TO-DATE
> Task :features:forward:impl:generateReleaseRFile UP-TO-DATE
> Task :features:leaveroom:impl:parseReleaseLocalResources UP-TO-DATE
> Task :features:announcement:impl:parseReleaseLocalResources UP-TO-DATE
> Task :features:licenses:impl:generateReleaseRFile UP-TO-DATE
> Task :libraries:qrcode:packageReleaseResources UP-TO-DATE
> Task :libraries:qrcode:processReleaseNavigationResources UP-TO-DATE
> Task :features:leaveroom:impl:generateReleaseRFile UP-TO-DATE
> Task :features:forward:impl:javaPreCompileRelease UP-TO-DATE
> Task :features:login:impl:checkKotlinGradlePluginConfigurationErrors SKIPPED
> Task :libraries:qrcode:parseReleaseLocalResources UP-TO-DATE
> Task :features:announcement:impl:generateReleaseRFile UP-TO-DATE
> Task :features:login:impl:generateReleaseResValues UP-TO-DATE
> Task :features:licenses:impl:javaPreCompileRelease UP-TO-DATE
> Task :libraries:wellknown:api:checkKotlinGradlePluginConfigurationErrors SKIPPED
> Task :libraries:wellknown:api:generateReleaseResValues UP-TO-DATE
> Task :features:announcement:impl:javaPreCompileRelease UP-TO-DATE
> Task :features:logout:impl:checkKotlinGradlePluginConfigurationErrors SKIPPED
> Task :libraries:wellknown:api:generateReleaseResources UP-TO-DATE
> Task :features:logout:impl:generateReleaseResValues UP-TO-DATE
> Task :features:leaveroom:impl:javaPreCompileRelease UP-TO-DATE
> Task :libraries:qrcode:generateReleaseRFile UP-TO-DATE
> Task :features:deactivation:impl:packageReleaseResources UP-TO-DATE
> Task :features:migration:impl:checkKotlinGradlePluginConfigurationErrors SKIPPED
> Task :features:deactivation:impl:processReleaseNavigationResources UP-TO-DATE
> Task :libraries:qrcode:javaPreCompileRelease UP-TO-DATE
> Task :libraries:preferences:impl:checkKotlinGradlePluginConfigurationErrors SKIPPED
> Task :features:migration:impl:generateReleaseResValues UP-TO-DATE
> Task :libraries:preferences:impl:generateReleaseResValues UP-TO-DATE
> Task :features:deactivation:impl:parseReleaseLocalResources UP-TO-DATE
> Task :features:migration:impl:generateReleaseResources UP-TO-DATE
> Task :libraries:preferences:impl:generateReleaseResources UP-TO-DATE
> Task :features:deactivation:impl:generateReleaseRFile UP-TO-DATE
> Task :libraries:preferences:impl:packageReleaseResources UP-TO-DATE
> Task :features:migration:impl:packageReleaseResources UP-TO-DATE
> Task :libraries:preferences:impl:processReleaseNavigationResources UP-TO-DATE
> Task :features:login:impl:generateReleaseResources UP-TO-DATE
> Task :features:migration:impl:processReleaseNavigationResources UP-TO-DATE
> Task :libraries:preferences:impl:parseReleaseLocalResources UP-TO-DATE
> Task :features:deactivation:impl:javaPreCompileRelease UP-TO-DATE
> Task :features:rageshake:impl:checkKotlinGradlePluginConfigurationErrors SKIPPED
> Task :features:migration:impl:parseReleaseLocalResources UP-TO-DATE
> Task :features:logout:impl:generateReleaseResources UP-TO-DATE
> Task :libraries:preferences:impl:generateReleaseRFile UP-TO-DATE
> Task :features:rageshake:impl:generateReleaseResValues UP-TO-DATE
> Task :libraries:preferences:impl:javaPreCompileRelease UP-TO-DATE
> Task :features:viewfolder:impl:checkKotlinGradlePluginConfigurationErrors SKIPPED
> Task :libraries:wellknown:api:packageReleaseResources UP-TO-DATE
> Task :features:migration:impl:generateReleaseRFile UP-TO-DATE
> Task :features:viewfolder:impl:generateReleaseResValues UP-TO-DATE
> Task :libraries:wellknown:api:processReleaseNavigationResources UP-TO-DATE
> Task :features:viewfolder:impl:generateReleaseResources UP-TO-DATE
> Task :features:migration:impl:javaPreCompileRelease UP-TO-DATE
> Task :libraries:wellknown:api:parseReleaseLocalResources UP-TO-DATE
> Task :libraries:pushproviders:unifiedpush:checkKotlinGradlePluginConfigurationErrors SKIPPED
> Task :services:toolbox:impl:compileReleaseKotlin UP-TO-DATE
> Task :libraries:pushproviders:unifiedpush:generateReleaseResValues UP-TO-DATE
> Task :features:viewfolder:impl:packageReleaseResources UP-TO-DATE
> Task :features:viewfolder:impl:processReleaseNavigationResources UP-TO-DATE
> Task :features:viewfolder:impl:parseReleaseLocalResources UP-TO-DATE
> Task :libraries:wellknown:api:generateReleaseRFile UP-TO-DATE
> Task :features:rageshake:impl:generateReleaseResources UP-TO-DATE
> Task :services:toolbox:impl:compileReleaseJavaWithJavac NO-SOURCE
> Task :services:toolbox:impl:bundleLibCompileToJarRelease UP-TO-DATE
> Task :features:viewfolder:impl:generateReleaseRFile UP-TO-DATE
> Task :libraries:pushproviders:unifiedpush:generateReleaseResources UP-TO-DATE
> Task :features:viewfolder:impl:javaPreCompileRelease UP-TO-DATE
> Task :features:logout:impl:packageReleaseResources UP-TO-DATE
> Task :libraries:fullscreenintent:impl:checkKotlinGradlePluginConfigurationErrors SKIPPED
> Task :features:logout:impl:processReleaseNavigationResources UP-TO-DATE
> Task :features:login:impl:packageReleaseResources UP-TO-DATE
> Task :libraries:fullscreenintent:impl:generateReleaseResValues UP-TO-DATE
> Task :features:login:impl:processReleaseNavigationResources UP-TO-DATE
> Task :libraries:fullscreenintent:impl:generateReleaseResources UP-TO-DATE
> Task :features:logout:impl:parseReleaseLocalResources UP-TO-DATE
> Task :features:login:impl:parseReleaseLocalResources UP-TO-DATE
> Task :libraries:fullscreenintent:impl:packageReleaseResources UP-TO-DATE
> Task :features:logout:impl:generateReleaseRFile UP-TO-DATE
> Task :libraries:fullscreenintent:impl:processReleaseNavigationResources UP-TO-DATE
> Task :features:login:impl:generateReleaseRFile UP-TO-DATE
> Task :features:logout:impl:javaPreCompileRelease UP-TO-DATE
> Task :libraries:indicator:api:compileReleaseKotlin UP-TO-DATE
> Task :libraries:fullscreenintent:impl:parseReleaseLocalResources UP-TO-DATE
> Task :features:login:impl:javaPreCompileRelease UP-TO-DATE
> Task :features:networkmonitor:impl:checkKotlinGradlePluginConfigurationErrors SKIPPED
> Task :libraries:pushstore:impl:checkKotlinGradlePluginConfigurationErrors SKIPPED
> Task :libraries:indicator:api:javaPreCompileRelease UP-TO-DATE
> Task :features:networkmonitor:impl:generateReleaseResValues UP-TO-DATE
> Task :libraries:pushstore:impl:generateReleaseResValues UP-TO-DATE
> Task :libraries:indicator:api:compileReleaseJavaWithJavac NO-SOURCE
> Task :features:rageshake:impl:packageReleaseResources UP-TO-DATE
> Task :features:rageshake:impl:processReleaseNavigationResources UP-TO-DATE
> Task :libraries:indicator:api:bundleLibCompileToJarRelease UP-TO-DATE
> Task :libraries:pushstore:impl:generateReleaseResources UP-TO-DATE
> Task :libraries:mediaupload:impl:checkKotlinGradlePluginConfigurationErrors SKIPPED
> Task :features:networkmonitor:impl:generateReleaseResources UP-TO-DATE
> Task :features:rageshake:impl:parseReleaseLocalResources UP-TO-DATE
> Task :libraries:fullscreenintent:impl:generateReleaseRFile UP-TO-DATE
> Task :libraries:fullscreenintent:impl:javaPreCompileRelease UP-TO-DATE
> Task :features:networkmonitor:impl:packageReleaseResources UP-TO-DATE
> Task :features:rageshake:impl:generateReleaseRFile UP-TO-DATE
> Task :libraries:wellknown:impl:checkKotlinGradlePluginConfigurationErrors SKIPPED
> Task :libraries:mediaupload:impl:generateReleaseResValues UP-TO-DATE
> Task :features:networkmonitor:impl:processReleaseNavigationResources UP-TO-DATE
> Task :libraries:wellknown:impl:generateReleaseResValues UP-TO-DATE
> Task :features:networkmonitor:impl:parseReleaseLocalResources UP-TO-DATE
> Task :libraries:wellknown:impl:generateReleaseResources UP-TO-DATE
> Task :features:rageshake:impl:javaPreCompileRelease UP-TO-DATE
> Task :libraries:pushstore:impl:packageReleaseResources UP-TO-DATE
> Task :features:networkmonitor:impl:generateReleaseRFile UP-TO-DATE
> Task :features:enterprise:impl-foss:checkKotlinGradlePluginConfigurationErrors SKIPPED
> Task :libraries:pushstore:impl:processReleaseNavigationResources UP-TO-DATE
> Task :features:networkmonitor:impl:javaPreCompileRelease UP-TO-DATE
> Task :features:enterprise:impl-foss:generateReleaseResValues UP-TO-DATE
> Task :features:cachecleaner:impl:checkKotlinGradlePluginConfigurationErrors SKIPPED
> Task :features:cachecleaner:impl:generateReleaseResValues UP-TO-DATE
> Task :features:enterprise:impl-foss:generateReleaseResources UP-TO-DATE
> Task :libraries:mediaupload:impl:generateReleaseResources UP-TO-DATE
> Task :libraries:pushproviders:unifiedpush:packageReleaseResources UP-TO-DATE
> Task :libraries:pushproviders:unifiedpush:processReleaseNavigationResources UP-TO-DATE
> Task :features:cachecleaner:impl:generateReleaseResources UP-TO-DATE
> Task :libraries:pushstore:impl:parseReleaseLocalResources UP-TO-DATE
> Task :libraries:mediaupload:impl:packageReleaseResources UP-TO-DATE
> Task :libraries:wellknown:impl:packageReleaseResources UP-TO-DATE
> Task :libraries:wellknown:impl:processReleaseNavigationResources UP-TO-DATE
> Task :libraries:pushstore:impl:generateReleaseRFile UP-TO-DATE
> Task :features:cachecleaner:impl:packageReleaseResources UP-TO-DATE
> Task :libraries:mediaupload:impl:processReleaseNavigationResources UP-TO-DATE
> Task :libraries:pushproviders:unifiedpush:parseReleaseLocalResources UP-TO-DATE
> Task :libraries:pushstore:impl:javaPreCompileRelease UP-TO-DATE
> Task :features:cachecleaner:impl:processReleaseNavigationResources UP-TO-DATE
> Task :services:analyticsproviders:posthog:checkKotlinGradlePluginConfigurationErrors SKIPPED
> Task :libraries:wellknown:impl:parseReleaseLocalResources UP-TO-DATE
> Task :libraries:mediaupload:impl:parseReleaseLocalResources UP-TO-DATE
> Task :libraries:pushproviders:unifiedpush:generateReleaseRFile UP-TO-DATE
> Task :features:enterprise:impl-foss:packageReleaseResources UP-TO-DATE
> Task :libraries:pushproviders:unifiedpush:javaPreCompileRelease UP-TO-DATE
> Task :features:enterprise:impl-foss:processReleaseNavigationResources UP-TO-DATE
> Task :services:analyticsproviders:posthog:generateReleaseBuildConfig UP-TO-DATE
> Task :services:analyticsproviders:posthog:generateReleaseResValues UP-TO-DATE
> Task :libraries:wellknown:impl:generateReleaseRFile UP-TO-DATE
> Task :features:enterprise:impl-foss:parseReleaseLocalResources UP-TO-DATE
> Task :libraries:voiceplayer:impl:checkKotlinGradlePluginConfigurationErrors SKIPPED
> Task :libraries:mediaupload:impl:generateReleaseRFile UP-TO-DATE
> Task :services:analyticsproviders:posthog:generateReleaseResources UP-TO-DATE
> Task :features:cachecleaner:impl:parseReleaseLocalResources UP-TO-DATE
> Task :libraries:wellknown:impl:javaPreCompileRelease UP-TO-DATE
> Task :libraries:voicerecorder:impl:checkKotlinGradlePluginConfigurationErrors SKIPPED
> Task :libraries:mediaupload:impl:javaPreCompileRelease UP-TO-DATE
> Task :features:enterprise:impl-foss:generateReleaseRFile UP-TO-DATE
> Task :libraries:workmanager:impl:checkKotlinGradlePluginConfigurationErrors SKIPPED
> Task :libraries:voiceplayer:impl:generateReleaseResValues UP-TO-DATE
> Task :libraries:voicerecorder:impl:generateReleaseResValues UP-TO-DATE
> Task :features:enterprise:impl-foss:javaPreCompileRelease UP-TO-DATE
> Task :libraries:workmanager:impl:generateReleaseResValues UP-TO-DATE
> Task :features:cachecleaner:impl:generateReleaseRFile UP-TO-DATE
> Task :libraries:voiceplayer:impl:generateReleaseResources UP-TO-DATE
> Task :libraries:recentemojis:impl:checkKotlinGradlePluginConfigurationErrors SKIPPED
> Task :libraries:workmanager:impl:generateReleaseResources UP-TO-DATE
> Task :libraries:voicerecorder:impl:generateReleaseResources UP-TO-DATE
> Task :libraries:recentemojis:impl:generateReleaseResValues UP-TO-DATE
> Task :features:cachecleaner:impl:javaPreCompileRelease UP-TO-DATE
> Task :services:appnavstate:impl:checkKotlinGradlePluginConfigurationErrors SKIPPED
> Task :services:analyticsproviders:posthog:packageReleaseResources UP-TO-DATE
> Task :libraries:voiceplayer:impl:packageReleaseResources UP-TO-DATE
> Task :services:appnavstate:impl:generateReleaseResValues UP-TO-DATE
> Task :libraries:recentemojis:impl:generateReleaseResources UP-TO-DATE
> Task :services:analyticsproviders:posthog:processReleaseNavigationResources UP-TO-DATE
> Task :libraries:voiceplayer:impl:processReleaseNavigationResources UP-TO-DATE
> Task :services:appnavstate:impl:generateReleaseResources UP-TO-DATE
> Task :services:analyticsproviders:posthog:parseReleaseLocalResources UP-TO-DATE
> Task :libraries:voicerecorder:impl:packageReleaseResources UP-TO-DATE
> Task :libraries:voiceplayer:impl:parseReleaseLocalResources UP-TO-DATE
> Task :services:analyticsproviders:posthog:generateReleaseRFile UP-TO-DATE
> Task :libraries:workmanager:impl:packageReleaseResources UP-TO-DATE
> Task :libraries:recentemojis:impl:packageReleaseResources UP-TO-DATE
> Task :services:analyticsproviders:posthog:javaPreCompileRelease UP-TO-DATE
> Task :libraries:featureflag:impl:checkKotlinGradlePluginConfigurationErrors SKIPPED
> Task :libraries:workmanager:impl:processReleaseNavigationResources UP-TO-DATE
> Task :libraries:voiceplayer:impl:generateReleaseRFile UP-TO-DATE
> Task :libraries:featureflag:impl:generateReleaseResValues UP-TO-DATE
> Task :services:appnavstate:impl:packageReleaseResources UP-TO-DATE
> Task :libraries:recentemojis:impl:processReleaseNavigationResources UP-TO-DATE
> Task :libraries:voicerecorder:impl:processReleaseNavigationResources UP-TO-DATE
> Task :libraries:voiceplayer:impl:javaPreCompileRelease UP-TO-DATE
> Task :libraries:mediaplayer:impl:checkKotlinGradlePluginConfigurationErrors SKIPPED
> Task :services:appnavstate:impl:processReleaseNavigationResources UP-TO-DATE
> Task :libraries:featureflag:impl:generateReleaseResources UP-TO-DATE
> Task :libraries:voicerecorder:impl:parseReleaseLocalResources UP-TO-DATE
> Task :libraries:mediaplayer:impl:generateReleaseResValues UP-TO-DATE
> Task :libraries:workmanager:impl:parseReleaseLocalResources UP-TO-DATE
> Task :services:appnavstate:impl:parseReleaseLocalResources UP-TO-DATE
> Task :libraries:mediaplayer:impl:generateReleaseResources UP-TO-DATE
> Task :libraries:voicerecorder:impl:generateReleaseRFile UP-TO-DATE
> Task :libraries:workmanager:impl:generateReleaseRFile UP-TO-DATE
> Task :services:appnavstate:impl:generateReleaseRFile UP-TO-DATE
> Task :libraries:featureflag:impl:packageReleaseResources UP-TO-DATE
> Task :libraries:recentemojis:impl:parseReleaseLocalResources UP-TO-DATE
> Task :libraries:featureflag:impl:processReleaseNavigationResources UP-TO-DATE
> Task :libraries:workmanager:impl:javaPreCompileRelease UP-TO-DATE
> Task :libraries:voicerecorder:impl:javaPreCompileRelease UP-TO-DATE
> Task :services:appnavstate:impl:javaPreCompileRelease UP-TO-DATE
> Task :libraries:mediapickers:impl:checkKotlinGradlePluginConfigurationErrors SKIPPED
> Task :libraries:session-storage:impl:checkKotlinGradlePluginConfigurationErrors SKIPPED
> Task :libraries:mediaplayer:impl:packageReleaseResources UP-TO-DATE
> Task :libraries:mediapickers:impl:generateReleaseResValues UP-TO-DATE
> Task :libraries:session-storage:impl:generateReleaseResValues UP-TO-DATE
> Task :libraries:recentemojis:impl:generateReleaseRFile UP-TO-DATE
> Task :libraries:mediaplayer:impl:processReleaseNavigationResources UP-TO-DATE
> Task :libraries:mediapickers:impl:generateReleaseResources UP-TO-DATE
> Task :libraries:session-storage:impl:generateReleaseResources UP-TO-DATE
> Task :libraries:mediaplayer:impl:parseReleaseLocalResources UP-TO-DATE
> Task :libraries:recentemojis:impl:javaPreCompileRelease UP-TO-DATE
> Task :libraries:featureflag:impl:parseReleaseLocalResources UP-TO-DATE
> Task :services:toolbox:impl:mergeReleaseGeneratedProguardFiles UP-TO-DATE
> Task :libraries:mediapickers:impl:packageReleaseResources UP-TO-DATE
> Task :libraries:mediaplayer:impl:generateReleaseRFile UP-TO-DATE
> Task :libraries:featureflag:impl:generateReleaseRFile UP-TO-DATE
> Task :services:toolbox:impl:exportReleaseConsumerProguardFiles UP-TO-DATE
> Task :libraries:mediapickers:impl:processReleaseNavigationResources UP-TO-DATE
> Task :libraries:featureflag:impl:javaPreCompileRelease UP-TO-DATE
> Task :libraries:session-storage:impl:packageReleaseResources UP-TO-DATE
> Task :libraries:mediaplayer:impl:javaPreCompileRelease UP-TO-DATE
> Task :services:analyticsproviders:sentry:checkKotlinGradlePluginConfigurationErrors SKIPPED
> Task :libraries:androidutils:mergeReleaseGeneratedProguardFiles UP-TO-DATE
> Task :services:analyticsproviders:sentry:generateReleaseBuildConfig UP-TO-DATE
> Task :libraries:session-storage:impl:processReleaseNavigationResources UP-TO-DATE
> Task :libraries:androidutils:exportReleaseConsumerProguardFiles UP-TO-DATE
> Task :services:analyticsproviders:sentry:generateReleaseResValues UP-TO-DATE
> Task :libraries:session-storage:impl:parseReleaseLocalResources UP-TO-DATE
> Task :libraries:mediapickers:impl:parseReleaseLocalResources UP-TO-DATE
> Task :services:analyticsproviders:sentry:generateReleaseResources UP-TO-DATE
> Task :libraries:session-storage:impl:generateReleaseRFile UP-TO-DATE
> Task :services:analyticsproviders:sentry:packageReleaseResources UP-TO-DATE
> Task :libraries:mediapickers:impl:generateReleaseRFile UP-TO-DATE
> Task :libraries:wellknown:api:compileReleaseKotlin UP-TO-DATE
> Task :services:analyticsproviders:sentry:processReleaseNavigationResources UP-TO-DATE
> Task :libraries:wellknown:api:javaPreCompileRelease UP-TO-DATE
> Task :libraries:wellknown:api:compileReleaseJavaWithJavac NO-SOURCE
> Task :services:analytics:api:mergeReleaseGeneratedProguardFiles UP-TO-DATE
> Task :libraries:mediapickers:api:mergeReleaseGeneratedProguardFiles UP-TO-DATE
> Task :libraries:wellknown:api:bundleLibCompileToJarRelease UP-TO-DATE
> Task :libraries:mediapickers:api:exportReleaseConsumerProguardFiles UP-TO-DATE
> Task :services:analytics:api:exportReleaseConsumerProguardFiles UP-TO-DATE
> Task :libraries:session-storage:impl:generateReleaseSessionDatabaseInterface UP-TO-DATE
> Task :libraries:audio:impl:checkKotlinGradlePluginConfigurationErrors SKIPPED
> Task :libraries:cryptography:impl:checkKotlinGradlePluginConfigurationErrors SKIPPED
> Task :libraries:audio:impl:generateReleaseResValues UP-TO-DATE
> Task :libraries:audio:impl:generateReleaseResources UP-TO-DATE
> Task :services:analyticsproviders:sentry:parseReleaseLocalResources UP-TO-DATE
> Task :libraries:audio:impl:packageReleaseResources UP-TO-DATE
> Task :libraries:cryptography:impl:generateReleaseResValues UP-TO-DATE
> Task :libraries:session-storage:impl:javaPreCompileRelease UP-TO-DATE
> Task :libraries:cryptography:impl:generateReleaseResources UP-TO-DATE
> Task :services:analyticsproviders:sentry:generateReleaseRFile UP-TO-DATE
> Task :libraries:audio:impl:processReleaseNavigationResources UP-TO-DATE
> Task :libraries:audio:impl:parseReleaseLocalResources UP-TO-DATE
> Task :libraries:cryptography:impl:packageReleaseResources UP-TO-DATE
> Task :libraries:audio:impl:generateReleaseRFile UP-TO-DATE
> Task :libraries:cryptography:impl:processReleaseNavigationResources UP-TO-DATE
> Task :libraries:cryptography:impl:parseReleaseLocalResources UP-TO-DATE
> Task :libraries:cryptography:impl:generateReleaseRFile UP-TO-DATE
> Task :libraries:cryptography:impl:javaPreCompileRelease UP-TO-DATE
> Task :appicon:element:checkKotlinGradlePluginConfigurationErrors SKIPPED
> Task :appicon:element:generateReleaseResValues UP-TO-DATE
> Task :appicon:element:generateReleaseResources UP-TO-DATE
> Task :appicon:element:packageReleaseResources UP-TO-DATE
> Task :appicon:element:processReleaseNavigationResources UP-TO-DATE
> Task :appicon:element:parseReleaseLocalResources UP-TO-DATE
> Task :appicon:element:generateReleaseRFile UP-TO-DATE
> Task :libraries:ui-strings:mergeReleaseGeneratedProguardFiles UP-TO-DATE
> Task :services:toolbox:api:mergeReleaseGeneratedProguardFiles UP-TO-DATE
> Task :libraries:compound:mergeReleaseGeneratedProguardFiles UP-TO-DATE
> Task :libraries:ui-strings:exportReleaseConsumerProguardFiles UP-TO-DATE
> Task :services:toolbox:api:exportReleaseConsumerProguardFiles UP-TO-DATE
> Task :libraries:compound:exportReleaseConsumerProguardFiles UP-TO-DATE
> Task :libraries:testtags:mergeReleaseGeneratedProguardFiles UP-TO-DATE
> Task :libraries:indicator:api:mergeReleaseGeneratedProguardFiles UP-TO-DATE
> Task :libraries:testtags:exportReleaseConsumerProguardFiles UP-TO-DATE
> Task :libraries:audio:api:mergeReleaseGeneratedProguardFiles UP-TO-DATE
> Task :libraries:indicator:api:exportReleaseConsumerProguardFiles UP-TO-DATE
> Task :libraries:dateformatter:api:mergeReleaseGeneratedProguardFiles UP-TO-DATE
> Task :libraries:dateformatter:api:exportReleaseConsumerProguardFiles UP-TO-DATE
> Task :libraries:voicerecorder:api:mergeReleaseGeneratedProguardFiles UP-TO-DATE
> Task :libraries:voicerecorder:api:exportReleaseConsumerProguardFiles UP-TO-DATE
> Task :libraries:session-storage:api:mergeReleaseGeneratedProguardFiles UP-TO-DATE
> Task :libraries:session-storage:api:exportReleaseConsumerProguardFiles UP-TO-DATE
> Task :libraries:wellknown:api:mergeReleaseGeneratedProguardFiles UP-TO-DATE
> Task :libraries:audio:api:exportReleaseConsumerProguardFiles UP-TO-DATE
> Task :libraries:wellknown:api:exportReleaseConsumerProguardFiles UP-TO-DATE
> Task :services:analyticsproviders:api:mergeReleaseGeneratedProguardFiles UP-TO-DATE
> Task :services:apperror:api:mergeReleaseGeneratedProguardFiles UP-TO-DATE
> Task :services:apperror:api:exportReleaseConsumerProguardFiles UP-TO-DATE
> Task :services:analyticsproviders:api:exportReleaseConsumerProguardFiles UP-TO-DATE
> Task :features:announcement:api:mergeReleaseGeneratedProguardFiles UP-TO-DATE
> Task :libraries:maplibre-compose:mergeReleaseGeneratedProguardFiles UP-TO-DATE
> Task :libraries:maplibre-compose:exportReleaseConsumerProguardFiles UP-TO-DATE
> Task :features:announcement:api:exportReleaseConsumerProguardFiles UP-TO-DATE
> Task :libraries:cryptography:api:compileReleaseKotlin UP-TO-DATE
> Task :libraries:cryptography:api:javaPreCompileRelease UP-TO-DATE
> Task :libraries:cryptography:api:compileReleaseJavaWithJavac NO-SOURCE
> Task :libraries:cryptography:api:bundleLibCompileToJarRelease UP-TO-DATE
> Task :appconfig:writeReleaseAarMetadata UP-TO-DATE
> Task :libraries:androidutils:writeReleaseAarMetadata UP-TO-DATE
> Task :libraries:cryptography:api:mergeReleaseGeneratedProguardFiles UP-TO-DATE
> Task :libraries:cryptography:api:exportReleaseConsumerProguardFiles UP-TO-DATE
> Task :libraries:compound:writeReleaseAarMetadata UP-TO-DATE
> Task :appicon:element:compileReleaseKotlin UP-TO-DATE
> Task :appicon:element:javaPreCompileRelease UP-TO-DATE
> Task :appicon:element:compileReleaseJavaWithJavac NO-SOURCE
> Task :libraries:ui-utils:compileReleaseKotlin UP-TO-DATE
> Task :appicon:element:mergeReleaseGeneratedProguardFiles UP-TO-DATE
> Task :libraries:ui-utils:compileReleaseJavaWithJavac NO-SOURCE
> Task :appicon:element:exportReleaseConsumerProguardFiles UP-TO-DATE
> Task :libraries:ui-utils:bundleLibCompileToJarRelease UP-TO-DATE
> Task :libraries:ui-utils:mergeReleaseGeneratedProguardFiles UP-TO-DATE
> Task :libraries:ui-utils:exportReleaseConsumerProguardFiles UP-TO-DATE
> Task :libraries:maplibre-compose:writeReleaseAarMetadata UP-TO-DATE
> Task :appicon:element:writeReleaseAarMetadata UP-TO-DATE
> Task :libraries:matrixui:writeReleaseAarMetadata UP-TO-DATE
> Task :libraries:network:writeReleaseAarMetadata UP-TO-DATE
> Task :appnav:writeReleaseAarMetadata UP-TO-DATE
> Task :libraries:previewutils:writeReleaseAarMetadata UP-TO-DATE
> Task :libraries:ui-common:writeReleaseAarMetadata UP-TO-DATE
> Task :libraries:testtags:writeReleaseAarMetadata UP-TO-DATE
> Task :libraries:qrcode:writeReleaseAarMetadata UP-TO-DATE
> Task :features:analytics:api:writeReleaseAarMetadata UP-TO-DATE
> Task :libraries:ui-utils:writeReleaseAarMetadata UP-TO-DATE
> Task :features:analytics:impl:writeReleaseAarMetadata UP-TO-DATE
> Task :libraries:ui-strings:writeReleaseAarMetadata UP-TO-DATE
> Task :libraries:designsystem:writeReleaseAarMetadata UP-TO-DATE
> Task :features:cachecleaner:impl:writeReleaseAarMetadata UP-TO-DATE
> Task :features:call:api:writeReleaseAarMetadata UP-TO-DATE
> Task :libraries:mediapickers:impl:kspReleaseKotlin UP-TO-DATE
> Task :libraries:audio:impl:compileReleaseKotlin UP-TO-DATE
> Task :libraries:audio:impl:javaPreCompileRelease UP-TO-DATE
> Task :features:cachecleaner:api:writeReleaseAarMetadata UP-TO-DATE
> Task :features:announcement:impl:writeReleaseAarMetadata UP-TO-DATE
> Task :libraries:audio:impl:compileReleaseJavaWithJavac NO-SOURCE
> Task :libraries:audio:impl:mergeReleaseGeneratedProguardFiles UP-TO-DATE
> Task :features:createroom:api:writeReleaseAarMetadata UP-TO-DATE
> Task :libraries:audio:impl:exportReleaseConsumerProguardFiles UP-TO-DATE
> Task :features:call:impl:writeReleaseAarMetadata UP-TO-DATE
> Task :features:deactivation:api:writeReleaseAarMetadata UP-TO-DATE
> Task :features:createroom:impl:writeReleaseAarMetadata UP-TO-DATE
> Task :libraries:cryptography:impl:compileReleaseKotlin UP-TO-DATE
> Task :libraries:cryptography:impl:compileReleaseJavaWithJavac NO-SOURCE
> Task :features:enterprise:api:writeReleaseAarMetadata UP-TO-DATE
> Task :features:forward:api:writeReleaseAarMetadata UP-TO-DATE
> Task :features:deactivation:impl:writeReleaseAarMetadata UP-TO-DATE
> Task :features:enterprise:impl-foss:writeReleaseAarMetadata UP-TO-DATE
> Task :libraries:cryptography:impl:mergeReleaseGeneratedProguardFiles UP-TO-DATE
> Task :libraries:cryptography:impl:exportReleaseConsumerProguardFiles UP-TO-DATE
> Task :features:forward:impl:writeReleaseAarMetadata UP-TO-DATE
> Task :features:ftue:impl:writeReleaseAarMetadata UP-TO-DATE
> Task :features:ftue:api:writeReleaseAarMetadata UP-TO-DATE
> Task :libraries:encrypted-db:compileReleaseKotlin UP-TO-DATE
> Task :libraries:encrypted-db:compileReleaseJavaWithJavac NO-SOURCE
> Task :features:home:api:writeReleaseAarMetadata UP-TO-DATE
> Task :libraries:encrypted-db:bundleLibCompileToJarRelease UP-TO-DATE
> Task :features:invite:impl:writeReleaseAarMetadata UP-TO-DATE
> Task :libraries:encrypted-db:mergeReleaseGeneratedProguardFiles UP-TO-DATE
> Task :libraries:encrypted-db:exportReleaseConsumerProguardFiles UP-TO-DATE
> Task :features:invite:api:writeReleaseAarMetadata UP-TO-DATE
> Task :features:invitepeople:api:writeReleaseAarMetadata UP-TO-DATE
> Task :features:invitepeople:impl:writeReleaseAarMetadata UP-TO-DATE
> Task :features:joinroom:api:writeReleaseAarMetadata UP-TO-DATE
> Task :libraries:encrypted-db:writeReleaseAarMetadata UP-TO-DATE
> Task :features:joinroom:impl:writeReleaseAarMetadata UP-TO-DATE
> Task :features:knockrequests:api:writeReleaseAarMetadata UP-TO-DATE
> Task :features:knockrequests:impl:writeReleaseAarMetadata UP-TO-DATE
> Task :features:leaveroom:impl:writeReleaseAarMetadata UP-TO-DATE
> Task :features:licenses:impl:writeReleaseAarMetadata UP-TO-DATE
> Task :features:leaveroom:api:writeReleaseAarMetadata UP-TO-DATE
> Task :features:licenses:api:writeReleaseAarMetadata UP-TO-DATE
> Task :features:lockscreen:api:writeReleaseAarMetadata UP-TO-DATE
> Task :features:location:api:writeReleaseAarMetadata UP-TO-DATE
> Task :features:location:impl:writeReleaseAarMetadata UP-TO-DATE
> Task :features:login:api:writeReleaseAarMetadata UP-TO-DATE
> Task :features:lockscreen:impl:writeReleaseAarMetadata UP-TO-DATE
> Task :features:login:impl:writeReleaseAarMetadata UP-TO-DATE
> Task :features:logout:api:writeReleaseAarMetadata UP-TO-DATE
> Task :features:messages:impl:writeReleaseAarMetadata UP-TO-DATE
> Task :features:announcement:api:writeReleaseAarMetadata UP-TO-DATE
> Task :features:messages:api:writeReleaseAarMetadata UP-TO-DATE
> Task :features:migration:api:writeReleaseAarMetadata UP-TO-DATE
> Task :features:migration:impl:writeReleaseAarMetadata UP-TO-DATE
> Task :features:poll:impl:writeReleaseAarMetadata UP-TO-DATE
> Task :features:networkmonitor:impl:writeReleaseAarMetadata UP-TO-DATE
> Task :features:networkmonitor:api:writeReleaseAarMetadata UP-TO-DATE
> Task :features:poll:api:writeReleaseAarMetadata UP-TO-DATE
> Task :features:preferences:api:writeReleaseAarMetadata UP-TO-DATE
> Task :features:home:impl:writeReleaseAarMetadata UP-TO-DATE
> Task :features:preferences:impl:writeReleaseAarMetadata UP-TO-DATE
> Task :features:reportroom:impl:writeReleaseAarMetadata UP-TO-DATE
> Task :features:rageshake:impl:writeReleaseAarMetadata UP-TO-DATE
> Task :features:rageshake:api:writeReleaseAarMetadata UP-TO-DATE
> Task :features:rolesandpermissions:api:writeReleaseAarMetadata UP-TO-DATE
> Task :features:rolesandpermissions:impl:writeReleaseAarMetadata UP-TO-DATE
> Task :features:roomaliasresolver:impl:writeReleaseAarMetadata UP-TO-DATE
> Task :features:roomaliasresolver:api:writeReleaseAarMetadata UP-TO-DATE
> Task :features:roomcall:api:writeReleaseAarMetadata UP-TO-DATE
> Task :features:roomcall:impl:writeReleaseAarMetadata UP-TO-DATE
> Task :features:roomdetails:api:writeReleaseAarMetadata UP-TO-DATE
> Task :features:roomdetails:impl:writeReleaseAarMetadata UP-TO-DATE
> Task :features:roomdetailsedit:impl:writeReleaseAarMetadata UP-TO-DATE
> Task :features:roomdirectory:api:writeReleaseAarMetadata UP-TO-DATE
> Task :features:roomdirectory:impl:writeReleaseAarMetadata UP-TO-DATE
> Task :features:roommembermoderation:api:writeReleaseAarMetadata UP-TO-DATE
> Task :features:logout:impl:writeReleaseAarMetadata UP-TO-DATE
> Task :features:roommembermoderation:impl:writeReleaseAarMetadata UP-TO-DATE
> Task :features:securebackup:api:writeReleaseAarMetadata UP-TO-DATE
> Task :features:securityandprivacy:impl:writeReleaseAarMetadata UP-TO-DATE
> Task :features:share:api:writeReleaseAarMetadata UP-TO-DATE
> Task :features:signedout:api:writeReleaseAarMetadata UP-TO-DATE
> Task :features:securebackup:impl:writeReleaseAarMetadata UP-TO-DATE
> Task :features:share:impl:writeReleaseAarMetadata UP-TO-DATE
> Task :features:signedout:impl:writeReleaseAarMetadata UP-TO-DATE
> Task :features:securityandprivacy:api:writeReleaseAarMetadata UP-TO-DATE
> Task :libraries:mediapickers:impl:compileReleaseKotlin UP-TO-DATE
> Task :features:startchat:api:writeReleaseAarMetadata UP-TO-DATE
> Task :features:startchat:impl:writeReleaseAarMetadata UP-TO-DATE
> Task :features:userprofile:api:writeReleaseAarMetadata UP-TO-DATE
> Task :features:space:impl:writeReleaseAarMetadata UP-TO-DATE
> Task :features:reportroom:api:writeReleaseAarMetadata UP-TO-DATE
> Task :libraries:mediapickers:impl:javaPreCompileRelease UP-TO-DATE
> Task :libraries:mediapickers:impl:compileReleaseJavaWithJavac NO-SOURCE
> Task :libraries:mediapickers:impl:mergeReleaseGeneratedProguardFiles UP-TO-DATE
> Task :libraries:mediapickers:impl:exportReleaseConsumerProguardFiles UP-TO-DATE
> Task :features:verifysession:impl:writeReleaseAarMetadata UP-TO-DATE
> Task :features:userprofile:shared:writeReleaseAarMetadata UP-TO-DATE
> Task :features:verifysession:api:writeReleaseAarMetadata UP-TO-DATE
> Task :features:viewfolder:api:writeReleaseAarMetadata UP-TO-DATE
> Task :features:userprofile:impl:writeReleaseAarMetadata UP-TO-DATE
> Task :libraries:accountselect:api:writeReleaseAarMetadata UP-TO-DATE
> Task :features:space:api:writeReleaseAarMetadata UP-TO-DATE
> Task :libraries:accountselect:impl:writeReleaseAarMetadata UP-TO-DATE
> Task :libraries:audio:api:writeReleaseAarMetadata UP-TO-DATE
> Task :libraries:cryptography:api:writeReleaseAarMetadata UP-TO-DATE
> Task :libraries:audio:impl:writeReleaseAarMetadata UP-TO-DATE
> Task :libraries:cryptography:impl:writeReleaseAarMetadata UP-TO-DATE
> Task :libraries:dateformatter:api:writeReleaseAarMetadata UP-TO-DATE
> Task :libraries:dateformatter:impl:writeReleaseAarMetadata UP-TO-DATE
> Task :libraries:session-storage:impl:compileReleaseKotlin UP-TO-DATE
> Task :libraries:session-storage:impl:compileReleaseJavaWithJavac NO-SOURCE
> Task :libraries:deeplink:api:writeReleaseAarMetadata UP-TO-DATE
> Task :libraries:eventformatter:api:writeReleaseAarMetadata UP-TO-DATE
> Task :libraries:eventformatter:impl:writeReleaseAarMetadata UP-TO-DATE
> Task :libraries:deeplink:impl:writeReleaseAarMetadata UP-TO-DATE
> Task :libraries:session-storage:impl:mergeReleaseGeneratedProguardFiles UP-TO-DATE
> Task :libraries:session-storage:impl:exportReleaseConsumerProguardFiles UP-TO-DATE
> Task :libraries:featureflag:api:writeReleaseAarMetadata UP-TO-DATE
> Task :features:roomdetailsedit:api:writeReleaseAarMetadata UP-TO-DATE
> Task :libraries:featureflag:impl:writeReleaseAarMetadata UP-TO-DATE
> Task :libraries:fullscreenintent:impl:writeReleaseAarMetadata UP-TO-DATE
> Task :libraries:fullscreenintent:api:writeReleaseAarMetadata UP-TO-DATE
> Task :libraries:indicator:api:writeReleaseAarMetadata UP-TO-DATE
> Task :libraries:indicator:impl:writeReleaseAarMetadata UP-TO-DATE
> Task :libraries:featureflag:ui:writeReleaseAarMetadata UP-TO-DATE
> Task :libraries:matrixmedia:api:writeReleaseAarMetadata UP-TO-DATE
> Task :libraries:matrix:impl:writeReleaseAarMetadata UP-TO-DATE
> Task :libraries:mediapickers:impl:writeReleaseAarMetadata UP-TO-DATE
> Task :libraries:mediapickers:api:writeReleaseAarMetadata UP-TO-DATE
> Task :libraries:matrix:api:writeReleaseAarMetadata UP-TO-DATE
> Task :libraries:mediaplayer:api:writeReleaseAarMetadata UP-TO-DATE
> Task :libraries:mediaplayer:impl:writeReleaseAarMetadata UP-TO-DATE
> Task :libraries:matrixmedia:impl:writeReleaseAarMetadata UP-TO-DATE
> Task :libraries:mediaviewer:api:writeReleaseAarMetadata UP-TO-DATE
> Task :libraries:mediaupload:impl:writeReleaseAarMetadata UP-TO-DATE
> Task :libraries:architecture:compileReleaseKotlin UP-TO-DATE
> Task :libraries:architecture:javaPreCompileRelease UP-TO-DATE
> Task :libraries:permissions:api:writeReleaseAarMetadata UP-TO-DATE
> Task :libraries:oidc:impl:writeReleaseAarMetadata UP-TO-DATE
> Task :libraries:mediaupload:api:writeReleaseAarMetadata UP-TO-DATE
> Task :libraries:oidc:api:writeReleaseAarMetadata UP-TO-DATE
> Task :libraries:architecture:compileReleaseJavaWithJavac NO-SOURCE
> Task :libraries:architecture:bundleLibCompileToJarRelease UP-TO-DATE
> Task :features:viewfolder:impl:writeReleaseAarMetadata UP-TO-DATE
> Task :libraries:preferences:impl:writeReleaseAarMetadata UP-TO-DATE
> Task :libraries:preferences:api:writeReleaseAarMetadata UP-TO-DATE
> Task :libraries:permissions:impl:writeReleaseAarMetadata UP-TO-DATE
> Task :libraries:push:api:writeReleaseAarMetadata UP-TO-DATE
> Task :libraries:mediaviewer:impl:writeReleaseAarMetadata UP-TO-DATE
> Task :libraries:push:impl:writeReleaseAarMetadata UP-TO-DATE
> Task :libraries:permissions:noop:writeReleaseAarMetadata UP-TO-DATE
> Task :libraries:pushproviders:api:writeReleaseAarMetadata UP-TO-DATE
> Task :features:deactivation:api:compileReleaseKotlin UP-TO-DATE
> Task :features:deactivation:api:compileReleaseJavaWithJavac NO-SOURCE
> Task :features:deactivation:api:bundleLibCompileToJarRelease UP-TO-DATE
> Task :features:migration:api:compileReleaseKotlin UP-TO-DATE
> Task :features:migration:api:compileReleaseJavaWithJavac NO-SOURCE
> Task :features:migration:api:bundleLibCompileToJarRelease UP-TO-DATE
> Task :features:securebackup:api:compileReleaseKotlin UP-TO-DATE
> Task :features:migration:api:mergeReleaseGeneratedProguardFiles UP-TO-DATE
> Task :features:migration:api:exportReleaseConsumerProguardFiles UP-TO-DATE
> Task :features:securebackup:api:compileReleaseJavaWithJavac NO-SOURCE
> Task :features:securebackup:api:bundleLibCompileToJarRelease UP-TO-DATE
> Task :features:deactivation:api:mergeReleaseGeneratedProguardFiles UP-TO-DATE
> Task :features:securebackup:api:mergeReleaseGeneratedProguardFiles UP-TO-DATE
> Task :features:deactivation:api:exportReleaseConsumerProguardFiles UP-TO-DATE
> Task :features:securebackup:api:exportReleaseConsumerProguardFiles UP-TO-DATE
> Task :libraries:architecture:mergeReleaseGeneratedProguardFiles UP-TO-DATE
> Task :libraries:architecture:exportReleaseConsumerProguardFiles UP-TO-DATE
> Task :libraries:architecture:writeReleaseAarMetadata UP-TO-DATE
> Task :libraries:pushproviders:firebase:writeReleaseAarMetadata UP-TO-DATE
> Task :libraries:pushproviders:unifiedpush:writeReleaseAarMetadata UP-TO-DATE
> Task :libraries:pushstore:api:writeReleaseAarMetadata UP-TO-DATE
> Task :libraries:pushstore:impl:writeReleaseAarMetadata UP-TO-DATE
> Task :libraries:recentemojis:api:writeReleaseAarMetadata UP-TO-DATE
> Task :libraries:recentemojis:impl:writeReleaseAarMetadata UP-TO-DATE
> Task :features:ftue:api:compileReleaseKotlin UP-TO-DATE
> Task :libraries:roomselect:api:writeReleaseAarMetadata UP-TO-DATE
> Task :features:login:api:compileReleaseKotlin UP-TO-DATE
> Task :features:ftue:api:compileReleaseJavaWithJavac NO-SOURCE
> Task :features:ftue:api:bundleLibCompileToJarRelease UP-TO-DATE
> Task :features:login:api:compileReleaseJavaWithJavac NO-SOURCE
> Task :features:ftue:api:mergeReleaseGeneratedProguardFiles UP-TO-DATE
> Task :features:login:api:bundleLibCompileToJarRelease UP-TO-DATE
> Task :libraries:roomselect:impl:writeReleaseAarMetadata UP-TO-DATE
> Task :features:ftue:api:exportReleaseConsumerProguardFiles UP-TO-DATE
> Task :features:login:api:mergeReleaseGeneratedProguardFiles UP-TO-DATE
> Task :features:login:api:exportReleaseConsumerProguardFiles UP-TO-DATE
> Task :libraries:session-storage:api:writeReleaseAarMetadata UP-TO-DATE
> Task :features:cachecleaner:api:compileReleaseKotlin UP-TO-DATE
> Task :features:cachecleaner:api:compileReleaseJavaWithJavac NO-SOURCE
> Task :libraries:textcomposer:impl:writeReleaseAarMetadata UP-TO-DATE
> Task :features:cachecleaner:api:bundleLibCompileToJarRelease UP-TO-DATE
> Task :libraries:session-storage:impl:writeReleaseAarMetadata UP-TO-DATE
> Task :libraries:troubleshoot:impl:writeReleaseAarMetadata UP-TO-DATE
> Task :features:cachecleaner:api:mergeReleaseGeneratedProguardFiles UP-TO-DATE
> Task :features:cachecleaner:api:exportReleaseConsumerProguardFiles UP-TO-DATE
> Task :features:viewfolder:api:compileReleaseKotlin UP-TO-DATE
> Task :libraries:usersearch:api:writeReleaseAarMetadata UP-TO-DATE
> Task :features:viewfolder:api:compileReleaseJavaWithJavac NO-SOURCE
> Task :features:viewfolder:api:bundleLibCompileToJarRelease UP-TO-DATE
> Task :features:viewfolder:api:mergeReleaseGeneratedProguardFiles UP-TO-DATE
> Task :libraries:usersearch:impl:writeReleaseAarMetadata UP-TO-DATE
> Task :features:viewfolder:api:exportReleaseConsumerProguardFiles UP-TO-DATE
> Task :libraries:voiceplayer:impl:writeReleaseAarMetadata UP-TO-DATE
> Task :libraries:voicerecorder:impl:writeReleaseAarMetadata UP-TO-DATE
> Task :libraries:wellknown:api:writeReleaseAarMetadata UP-TO-DATE
> Task :libraries:wellknown:impl:writeReleaseAarMetadata UP-TO-DATE
> Task :libraries:workmanager:api:writeReleaseAarMetadata UP-TO-DATE
> Task :libraries:voiceplayer:api:writeReleaseAarMetadata UP-TO-DATE
> Task :libraries:troubleshoot:api:writeReleaseAarMetadata UP-TO-DATE
> Task :libraries:workmanager:impl:writeReleaseAarMetadata UP-TO-DATE
> Task :services:analytics:api:writeReleaseAarMetadata UP-TO-DATE
> Task :libraries:voicerecorder:api:writeReleaseAarMetadata UP-TO-DATE
> Task :services:analytics:compose:writeReleaseAarMetadata UP-TO-DATE
> Task :services:analyticsproviders:api:writeReleaseAarMetadata UP-TO-DATE
> Task :services:analytics:impl:writeReleaseAarMetadata UP-TO-DATE
> Task :services:analyticsproviders:posthog:writeReleaseAarMetadata UP-TO-DATE
> Task :services:apperror:impl:writeReleaseAarMetadata UP-TO-DATE
> Task :services:apperror:api:writeReleaseAarMetadata UP-TO-DATE
> Task :services:appnavstate:api:writeReleaseAarMetadata UP-TO-DATE
> Task :appconfig:extractDeepLinksRelease UP-TO-DATE
> Task :appnav:extractDeepLinksRelease UP-TO-DATE
> Task :services:appnavstate:impl:writeReleaseAarMetadata UP-TO-DATE
> Task :appicon:element:extractDeepLinksRelease UP-TO-DATE
> Task :appconfig:processReleaseManifest UP-TO-DATE
> Task :appnav:processReleaseManifest UP-TO-DATE
> Task :libraries:architecture:extractDeepLinksRelease UP-TO-DATE
> Task :libraries:androidutils:extractDeepLinksRelease UP-TO-DATE
> Task :appicon:element:processReleaseManifest UP-TO-DATE
> Task :services:toolbox:impl:writeReleaseAarMetadata UP-TO-DATE
> Task :services:analytics:noop:kspReleaseKotlin UP-TO-DATE
> Task :libraries:compound:extractDeepLinksRelease UP-TO-DATE
> Task :services:toolbox:api:writeReleaseAarMetadata UP-TO-DATE
> Task :libraries:designsystem:extractDeepLinksRelease UP-TO-DATE
> Task :libraries:encrypted-db:extractDeepLinksRelease UP-TO-DATE
> Task :libraries:androidutils:processReleaseManifest UP-TO-DATE
> Task :libraries:designsystem:processReleaseManifest UP-TO-DATE
> Task :libraries:architecture:processReleaseManifest UP-TO-DATE
> Task :libraries:compound:processReleaseManifest UP-TO-DATE
> Task :libraries:encrypted-db:processReleaseManifest UP-TO-DATE
> Task :libraries:network:extractDeepLinksRelease UP-TO-DATE
> Task :libraries:maplibre-compose:extractDeepLinksRelease UP-TO-DATE
> Task :libraries:previewutils:extractDeepLinksRelease UP-TO-DATE
> Task :libraries:matrixui:extractDeepLinksRelease UP-TO-DATE
> Task :libraries:qrcode:extractDeepLinksRelease UP-TO-DATE
> Task :libraries:network:processReleaseManifest UP-TO-DATE
> Task :libraries:matrixui:processReleaseManifest UP-TO-DATE
> Task :libraries:qrcode:processReleaseManifest UP-TO-DATE
> Task :libraries:testtags:extractDeepLinksRelease UP-TO-DATE
> Task :libraries:previewutils:processReleaseManifest UP-TO-DATE
> Task :libraries:ui-common:extractDeepLinksRelease UP-TO-DATE
> Task :libraries:ui-strings:extractDeepLinksRelease UP-TO-DATE
> Task :libraries:maplibre-compose:processReleaseManifest UP-TO-DATE
> Task :libraries:ui-utils:extractDeepLinksRelease UP-TO-DATE
> Task :features:analytics:api:extractDeepLinksRelease UP-TO-DATE
> Task :libraries:ui-strings:processReleaseManifest UP-TO-DATE
> Task :libraries:testtags:processReleaseManifest UP-TO-DATE
> Task :libraries:ui-utils:processReleaseManifest UP-TO-DATE
> Task :features:analytics:impl:extractDeepLinksRelease UP-TO-DATE
> Task :libraries:ui-common:processReleaseManifest UP-TO-DATE
> Task :features:announcement:impl:extractDeepLinksRelease UP-TO-DATE
> Task :features:analytics:api:processReleaseManifest UP-TO-DATE
> Task :features:announcement:api:extractDeepLinksRelease UP-TO-DATE
> Task :features:cachecleaner:api:extractDeepLinksRelease UP-TO-DATE
> Task :features:call:api:extractDeepLinksRelease UP-TO-DATE
> Task :features:analytics:impl:processReleaseManifest UP-TO-DATE
> Task :features:call:impl:extractDeepLinksRelease UP-TO-DATE
> Task :features:announcement:impl:processReleaseManifest UP-TO-DATE
> Task :features:call:api:processReleaseManifest UP-TO-DATE
> Task :features:cachecleaner:api:processReleaseManifest UP-TO-DATE
> Task :features:createroom:api:extractDeepLinksRelease UP-TO-DATE
> Task :features:call:impl:processReleaseManifest UP-TO-DATE
> Task :features:createroom:impl:extractDeepLinksRelease UP-TO-DATE
> Task :features:deactivation:api:extractDeepLinksRelease UP-TO-DATE
> Task :features:deactivation:impl:extractDeepLinksRelease UP-TO-DATE
> Task :features:deactivation:impl:processReleaseManifest UP-TO-DATE
> Task :features:createroom:api:processReleaseManifest UP-TO-DATE
> Task :features:enterprise:api:extractDeepLinksRelease UP-TO-DATE
> Task :features:enterprise:impl-foss:extractDeepLinksRelease UP-TO-DATE
> Task :features:createroom:impl:processReleaseManifest UP-TO-DATE
> Task :features:forward:api:extractDeepLinksRelease UP-TO-DATE
> Task :features:enterprise:impl-foss:processReleaseManifest UP-TO-DATE
> Task :features:enterprise:api:processReleaseManifest UP-TO-DATE
> Task :features:ftue:api:extractDeepLinksRelease UP-TO-DATE
> Task :features:ftue:api:processReleaseManifest UP-TO-DATE
> Task :features:forward:impl:extractDeepLinksRelease UP-TO-DATE
> Task :features:ftue:impl:extractDeepLinksRelease UP-TO-DATE
> Task :features:forward:api:processReleaseManifest UP-TO-DATE
> Task :features:home:api:extractDeepLinksRelease UP-TO-DATE
> Task :libraries:oidc:api:compileReleaseKotlin UP-TO-DATE
> Task :features:ftue:impl:processReleaseManifest UP-TO-DATE
> Task :libraries:oidc:api:compileReleaseJavaWithJavac NO-SOURCE
> Task :features:home:impl:extractDeepLinksRelease UP-TO-DATE
> Task :features:forward:impl:processReleaseManifest UP-TO-DATE
> Task :features:invite:api:extractDeepLinksRelease UP-TO-DATE
> Task :features:home:api:processReleaseManifest UP-TO-DATE
> Task :features:invite:api:processReleaseManifest UP-TO-DATE
> Task :features:invite:impl:extractDeepLinksRelease UP-TO-DATE
> Task :libraries:oidc:api:bundleLibCompileToJarRelease UP-TO-DATE
> Task :features:home:impl:processReleaseManifest UP-TO-DATE
> Task :libraries:oidc:api:mergeReleaseGeneratedProguardFiles UP-TO-DATE
> Task :features:invitepeople:impl:extractDeepLinksRelease UP-TO-DATE
> Task :libraries:oidc:api:exportReleaseConsumerProguardFiles UP-TO-DATE
> Task :features:invite:impl:processReleaseManifest UP-TO-DATE
> Task :features:joinroom:api:extractDeepLinksRelease UP-TO-DATE
> Task :features:invitepeople:impl:processReleaseManifest UP-TO-DATE
> Task :features:joinroom:impl:extractDeepLinksRelease UP-TO-DATE
> Task :features:joinroom:api:processReleaseManifest UP-TO-DATE
> Task :features:knockrequests:impl:extractDeepLinksRelease UP-TO-DATE
> Task :features:joinroom:impl:processReleaseManifest UP-TO-DATE
> Task :features:leaveroom:api:extractDeepLinksRelease UP-TO-DATE
> Task :features:knockrequests:impl:processReleaseManifest UP-TO-DATE
> Task :features:leaveroom:impl:extractDeepLinksRelease UP-TO-DATE
> Task :features:knockrequests:api:extractDeepLinksRelease UP-TO-DATE
> Task :features:leaveroom:api:processReleaseManifest UP-TO-DATE
> Task :features:licenses:api:extractDeepLinksRelease UP-TO-DATE
> Task :features:leaveroom:impl:processReleaseManifest UP-TO-DATE
> Task :features:knockrequests:api:processReleaseManifest UP-TO-DATE
> Task :features:licenses:impl:extractDeepLinksRelease UP-TO-DATE
> Task :features:location:api:extractDeepLinksRelease UP-TO-DATE
> Task :features:licenses:api:processReleaseManifest UP-TO-DATE
> Task :features:location:api:processReleaseManifest UP-TO-DATE
> Task :features:lockscreen:impl:extractDeepLinksRelease UP-TO-DATE
> Task :features:location:impl:extractDeepLinksRelease UP-TO-DATE
> Task :features:licenses:impl:processReleaseManifest UP-TO-DATE
> Task :features:login:api:extractDeepLinksRelease UP-TO-DATE
> Task :features:lockscreen:impl:processReleaseManifest UP-TO-DATE
> Task :features:login:impl:extractDeepLinksRelease UP-TO-DATE
> Task :features:login:api:processReleaseManifest UP-TO-DATE
> Task :features:logout:api:extractDeepLinksRelease UP-TO-DATE
> Task :features:login:impl:processReleaseManifest UP-TO-DATE
> Task :features:logout:impl:extractDeepLinksRelease UP-TO-DATE
> Task :features:logout:impl:processReleaseManifest UP-TO-DATE
> Task :features:messages:api:extractDeepLinksRelease UP-TO-DATE
> Task :features:messages:api:processReleaseManifest UP-TO-DATE
> Task :features:messages:impl:extractDeepLinksRelease UP-TO-DATE
> Task :features:messages:impl:processReleaseManifest UP-TO-DATE
> Task :features:migration:api:extractDeepLinksRelease UP-TO-DATE
> Task :features:migration:api:processReleaseManifest UP-TO-DATE
> Task :features:migration:impl:extractDeepLinksRelease UP-TO-DATE
> Task :features:migration:impl:processReleaseManifest UP-TO-DATE
> Task :features:invitepeople:api:extractDeepLinksRelease UP-TO-DATE
> Task :features:networkmonitor:api:extractDeepLinksRelease UP-TO-DATE
> Task :features:deactivation:api:processReleaseManifest UP-TO-DATE
> Task :features:logout:api:processReleaseManifest UP-TO-DATE
> Task :features:location:impl:processReleaseManifest UP-TO-DATE
> Task :features:announcement:api:processReleaseManifest UP-TO-DATE
> Task :features:networkmonitor:impl:extractDeepLinksRelease UP-TO-DATE
> Task :features:poll:impl:extractDeepLinksRelease UP-TO-DATE
> Task :features:poll:api:extractDeepLinksRelease UP-TO-DATE
> Task :features:invitepeople:api:processReleaseManifest UP-TO-DATE
> Task :features:preferences:api:extractDeepLinksRelease UP-TO-DATE
> Task :features:networkmonitor:api:processReleaseManifest UP-TO-DATE
> Task :features:preferences:impl:extractDeepLinksRelease UP-TO-DATE
> Task :features:poll:impl:processReleaseManifest UP-TO-DATE
> Task :features:rageshake:api:extractDeepLinksRelease UP-TO-DATE
> Task :features:rageshake:impl:extractDeepLinksRelease UP-TO-DATE
> Task :features:preferences:impl:processReleaseManifest UP-TO-DATE
> Task :features:networkmonitor:impl:processReleaseManifest UP-TO-DATE
> Task :features:poll:api:processReleaseManifest UP-TO-DATE
> Task :features:reportroom:api:extractDeepLinksRelease UP-TO-DATE
> Task :features:preferences:api:processReleaseManifest UP-TO-DATE
> Task :features:reportroom:impl:extractDeepLinksRelease UP-TO-DATE
> Task :features:rolesandpermissions:api:extractDeepLinksRelease UP-TO-DATE
> Task :features:rolesandpermissions:impl:extractDeepLinksRelease UP-TO-DATE
> Task :features:reportroom:api:processReleaseManifest UP-TO-DATE
> Task :features:roomaliasresolver:api:extractDeepLinksRelease UP-TO-DATE
> Task :features:reportroom:impl:processReleaseManifest UP-TO-DATE
> Task :features:rolesandpermissions:api:processReleaseManifest UP-TO-DATE
> Task :features:rolesandpermissions:impl:processReleaseManifest UP-TO-DATE
> Task :features:roomaliasresolver:impl:extractDeepLinksRelease UP-TO-DATE
> Task :features:roomcall:impl:extractDeepLinksRelease UP-TO-DATE
> Task :features:roomcall:api:extractDeepLinksRelease UP-TO-DATE
> Task :features:roomcall:api:processReleaseManifest UP-TO-DATE
> Task :features:rageshake:api:processReleaseManifest UP-TO-DATE
> Task :features:rageshake:impl:processReleaseManifest UP-TO-DATE
> Task :features:roomaliasresolver:impl:processReleaseManifest UP-TO-DATE
> Task :features:roomdetails:api:extractDeepLinksRelease UP-TO-DATE
> Task :features:roomdetails:impl:extractDeepLinksRelease UP-TO-DATE
> Task :features:roomdetailsedit:api:extractDeepLinksRelease UP-TO-DATE
> Task :features:roomdetailsedit:impl:extractDeepLinksRelease UP-TO-DATE
> Task :features:roomcall:impl:processReleaseManifest UP-TO-DATE
> Task :features:roomaliasresolver:api:processReleaseManifest UP-TO-DATE
> Task :features:roomdirectory:api:extractDeepLinksRelease UP-TO-DATE
> Task :features:roomdirectory:impl:extractDeepLinksRelease UP-TO-DATE
> Task :features:roomdetailsedit:impl:processReleaseManifest UP-TO-DATE
> Task :features:roomdirectory:api:processReleaseManifest UP-TO-DATE
> Task :features:roomdetails:api:processReleaseManifest UP-TO-DATE
> Task :features:roomdetails:impl:processReleaseManifest UP-TO-DATE
> Task :features:roomdirectory:impl:processReleaseManifest UP-TO-DATE
> Task :features:roommembermoderation:api:extractDeepLinksRelease UP-TO-DATE
> Task :features:roomdetailsedit:api:processReleaseManifest UP-TO-DATE
> Task :features:securebackup:impl:extractDeepLinksRelease UP-TO-DATE
> Task :features:securebackup:api:extractDeepLinksRelease UP-TO-DATE
> Task :features:securityandprivacy:api:extractDeepLinksRelease UP-TO-DATE
> Task :features:securityandprivacy:impl:extractDeepLinksRelease UP-TO-DATE
> Task :features:roommembermoderation:impl:extractDeepLinksRelease UP-TO-DATE
> Task :features:roommembermoderation:api:processReleaseManifest UP-TO-DATE
> Task :features:securityandprivacy:api:processReleaseManifest UP-TO-DATE
> Task :features:securebackup:api:processReleaseManifest UP-TO-DATE
> Task :features:share:impl:extractDeepLinksRelease UP-TO-DATE
> Task :features:share:api:extractDeepLinksRelease UP-TO-DATE
> Task :features:signedout:api:extractDeepLinksRelease UP-TO-DATE
> Task :features:roommembermoderation:impl:processReleaseManifest UP-TO-DATE
> Task :features:share:impl:processReleaseManifest UP-TO-DATE
> Task :features:securebackup:impl:processReleaseManifest UP-TO-DATE
> Task :features:signedout:impl:extractDeepLinksRelease UP-TO-DATE
> Task :features:space:api:extractDeepLinksRelease UP-TO-DATE
> Task :features:space:impl:extractDeepLinksRelease UP-TO-DATE
> Task :features:share:api:processReleaseManifest UP-TO-DATE
> Task :features:signedout:api:processReleaseManifest UP-TO-DATE
> Task :features:securityandprivacy:impl:processReleaseManifest UP-TO-DATE
> Task :features:signedout:impl:processReleaseManifest UP-TO-DATE
> Task :features:startchat:impl:extractDeepLinksRelease UP-TO-DATE
> Task :features:startchat:api:extractDeepLinksRelease UP-TO-DATE
> Task :features:userprofile:api:extractDeepLinksRelease UP-TO-DATE
> Task :features:space:impl:processReleaseManifest UP-TO-DATE
> Task :features:space:api:processReleaseManifest UP-TO-DATE
> Task :features:userprofile:impl:extractDeepLinksRelease UP-TO-DATE
> Task :features:startchat:impl:processReleaseManifest UP-TO-DATE
> Task :features:verifysession:api:extractDeepLinksRelease UP-TO-DATE
> Task :features:userprofile:shared:extractDeepLinksRelease UP-TO-DATE
> Task :features:verifysession:impl:extractDeepLinksRelease UP-TO-DATE
> Task :features:startchat:api:processReleaseManifest UP-TO-DATE
> Task :features:userprofile:impl:processReleaseManifest UP-TO-DATE
> Task :features:userprofile:api:processReleaseManifest UP-TO-DATE
> Task :features:viewfolder:api:extractDeepLinksRelease UP-TO-DATE
> Task :features:viewfolder:impl:extractDeepLinksRelease UP-TO-DATE
> Task :features:verifysession:api:processReleaseManifest UP-TO-DATE
> Task :libraries:accountselect:api:extractDeepLinksRelease UP-TO-DATE
> Task :features:userprofile:shared:processReleaseManifest UP-TO-DATE
> Task :libraries:accountselect:impl:extractDeepLinksRelease UP-TO-DATE
> Task :features:viewfolder:api:processReleaseManifest UP-TO-DATE
> Task :libraries:audio:api:extractDeepLinksRelease UP-TO-DATE
> Task :features:verifysession:impl:processReleaseManifest UP-TO-DATE
> Task :features:viewfolder:impl:processReleaseManifest UP-TO-DATE
> Task :libraries:audio:impl:extractDeepLinksRelease UP-TO-DATE
> Task :libraries:cryptography:api:extractDeepLinksRelease UP-TO-DATE
> Task :libraries:accountselect:impl:processReleaseManifest UP-TO-DATE
> Task :libraries:cryptography:impl:extractDeepLinksRelease UP-TO-DATE
> Task :libraries:dateformatter:api:extractDeepLinksRelease UP-TO-DATE
> Task :libraries:audio:api:processReleaseManifest UP-TO-DATE
> Task :libraries:accountselect:api:processReleaseManifest UP-TO-DATE
> Task :libraries:cryptography:impl:processReleaseManifest UP-TO-DATE
> Task :libraries:dateformatter:api:processReleaseManifest UP-TO-DATE
> Task :libraries:deeplink:api:extractDeepLinksRelease UP-TO-DATE
> Task :libraries:dateformatter:impl:extractDeepLinksRelease UP-TO-DATE
> Task :libraries:deeplink:impl:extractDeepLinksRelease UP-TO-DATE
> Task :libraries:audio:impl:processReleaseManifest UP-TO-DATE
> Task :libraries:cryptography:api:processReleaseManifest UP-TO-DATE
> Task :libraries:eventformatter:impl:extractDeepLinksRelease UP-TO-DATE
> Task :libraries:featureflag:api:extractDeepLinksRelease UP-TO-DATE
> Task :libraries:deeplink:api:processReleaseManifest UP-TO-DATE
> Task :libraries:deeplink:impl:processReleaseManifest UP-TO-DATE
> Task :libraries:dateformatter:impl:processReleaseManifest UP-TO-DATE
> Task :libraries:featureflag:impl:extractDeepLinksRelease UP-TO-DATE
> Task :libraries:fullscreenintent:api:extractDeepLinksRelease UP-TO-DATE
> Task :libraries:eventformatter:api:extractDeepLinksRelease UP-TO-DATE
> Task :libraries:featureflag:api:processReleaseManifest UP-TO-DATE
> Task :libraries:featureflag:ui:extractDeepLinksRelease UP-TO-DATE
> Task :libraries:eventformatter:impl:processReleaseManifest UP-TO-DATE
> Task :libraries:eventformatter:api:processReleaseManifest UP-TO-DATE
> Task :libraries:indicator:api:extractDeepLinksRelease UP-TO-DATE
> Task :libraries:fullscreenintent:impl:extractDeepLinksRelease UP-TO-DATE
> Task :libraries:featureflag:ui:processReleaseManifest UP-TO-DATE
> Task :libraries:indicator:impl:extractDeepLinksRelease UP-TO-DATE
> Task :libraries:matrix:impl:extractDeepLinksRelease UP-TO-DATE
> Task :libraries:featureflag:impl:processReleaseManifest UP-TO-DATE
> Task :libraries:indicator:api:processReleaseManifest UP-TO-DATE
> Task :libraries:matrix:impl:processReleaseManifest UP-TO-DATE
> Task :libraries:matrixmedia:api:extractDeepLinksRelease UP-TO-DATE
> Task :libraries:fullscreenintent:api:processReleaseManifest UP-TO-DATE
> Task :libraries:matrixmedia:impl:extractDeepLinksRelease UP-TO-DATE
> Task :libraries:fullscreenintent:impl:processReleaseManifest UP-TO-DATE
> Task :libraries:indicator:impl:processReleaseManifest UP-TO-DATE
> Task :libraries:mediapickers:api:extractDeepLinksRelease UP-TO-DATE
> Task :libraries:mediapickers:impl:extractDeepLinksRelease UP-TO-DATE
> Task :libraries:matrixmedia:api:processReleaseManifest UP-TO-DATE
> Task :libraries:mediaplayer:api:extractDeepLinksRelease UP-TO-DATE
> Task :libraries:mediaplayer:impl:extractDeepLinksRelease UP-TO-DATE
> Task :libraries:mediaupload:api:extractDeepLinksRelease UP-TO-DATE
> Task :libraries:mediapickers:api:processReleaseManifest UP-TO-DATE
> Task :libraries:matrixmedia:impl:processReleaseManifest UP-TO-DATE
> Task :libraries:mediapickers:impl:processReleaseManifest UP-TO-DATE
> Task :libraries:mediaupload:impl:extractDeepLinksRelease UP-TO-DATE
> Task :libraries:mediaupload:api:processReleaseManifest UP-TO-DATE
> Task :libraries:mediaplayer:api:processReleaseManifest UP-TO-DATE
> Task :libraries:mediaviewer:api:extractDeepLinksRelease UP-TO-DATE
> Task :libraries:mediaviewer:impl:extractDeepLinksRelease UP-TO-DATE
> Task :libraries:oidc:api:extractDeepLinksRelease UP-TO-DATE
> Task :libraries:oidc:impl:extractDeepLinksRelease UP-TO-DATE
> Task :libraries:mediaplayer:impl:processReleaseManifest UP-TO-DATE
> Task :libraries:mediaupload:impl:processReleaseManifest UP-TO-DATE
> Task :libraries:permissions:api:extractDeepLinksRelease UP-TO-DATE
> Task :libraries:permissions:impl:extractDeepLinksRelease UP-TO-DATE
> Task :libraries:oidc:api:processReleaseManifest UP-TO-DATE
> Task :libraries:permissions:noop:extractDeepLinksRelease UP-TO-DATE
> Task :libraries:mediaviewer:impl:processReleaseManifest UP-TO-DATE
> Task :libraries:oidc:impl:processReleaseManifest UP-TO-DATE
> Task :libraries:preferences:api:extractDeepLinksRelease UP-TO-DATE
> Task :libraries:preferences:impl:extractDeepLinksRelease UP-TO-DATE
> Task :libraries:mediaviewer:api:processReleaseManifest UP-TO-DATE
> Task :libraries:permissions:impl:processReleaseManifest UP-TO-DATE
> Task :libraries:permissions:noop:processReleaseManifest UP-TO-DATE
> Task :libraries:permissions:api:processReleaseManifest UP-TO-DATE
> Task :libraries:push:api:extractDeepLinksRelease UP-TO-DATE
> Task :libraries:pushproviders:api:extractDeepLinksRelease UP-TO-DATE
> Task :libraries:push:impl:extractDeepLinksRelease UP-TO-DATE
> Task :libraries:pushproviders:firebase:extractDeepLinksRelease UP-TO-DATE
> Task :libraries:preferences:api:processReleaseManifest UP-TO-DATE
> Task :libraries:preferences:impl:processReleaseManifest UP-TO-DATE
> Task :libraries:pushproviders:unifiedpush:extractDeepLinksRelease UP-TO-DATE
> Task :libraries:pushstore:api:extractDeepLinksRelease UP-TO-DATE
> Task :libraries:push:api:processReleaseManifest UP-TO-DATE
> Task :libraries:push:impl:processReleaseManifest UP-TO-DATE
> Task :libraries:pushproviders:api:processReleaseManifest UP-TO-DATE
> Task :libraries:pushproviders:firebase:processReleaseManifest UP-TO-DATE
> Task :libraries:pushstore:impl:extractDeepLinksRelease UP-TO-DATE
> Task :libraries:recentemojis:api:extractDeepLinksRelease UP-TO-DATE
> Task :libraries:roomselect:api:extractDeepLinksRelease UP-TO-DATE
> Task :libraries:recentemojis:impl:extractDeepLinksRelease UP-TO-DATE
> Task :libraries:pushstore:impl:processReleaseManifest UP-TO-DATE
> Task :libraries:recentemojis:api:processReleaseManifest UP-TO-DATE
> Task :libraries:pushstore:api:processReleaseManifest UP-TO-DATE
> Task :libraries:roomselect:impl:extractDeepLinksRelease UP-TO-DATE
> Task :libraries:session-storage:api:extractDeepLinksRelease UP-TO-DATE
> Task :libraries:pushproviders:unifiedpush:processReleaseManifest UP-TO-DATE
> Task :libraries:session-storage:impl:extractDeepLinksRelease UP-TO-DATE
> Task :libraries:roomselect:api:processReleaseManifest UP-TO-DATE
> Task :libraries:textcomposer:impl:extractDeepLinksRelease UP-TO-DATE
> Task :libraries:recentemojis:impl:processReleaseManifest UP-TO-DATE
> Task :libraries:troubleshoot:api:extractDeepLinksRelease UP-TO-DATE
> Task :libraries:roomselect:impl:processReleaseManifest UP-TO-DATE
> Task :libraries:session-storage:api:processReleaseManifest UP-TO-DATE
> Task :libraries:troubleshoot:impl:extractDeepLinksRelease UP-TO-DATE
> Task :libraries:usersearch:api:extractDeepLinksRelease UP-TO-DATE
> Task :libraries:usersearch:impl:extractDeepLinksRelease UP-TO-DATE
> Task :libraries:session-storage:impl:processReleaseManifest UP-TO-DATE
> Task :libraries:voiceplayer:api:extractDeepLinksRelease UP-TO-DATE
> Task :libraries:usersearch:api:processReleaseManifest UP-TO-DATE
> Task :libraries:troubleshoot:api:processReleaseManifest UP-TO-DATE
> Task :libraries:troubleshoot:impl:processReleaseManifest UP-TO-DATE
> Task :libraries:voiceplayer:impl:extractDeepLinksRelease UP-TO-DATE
> Task :libraries:usersearch:impl:processReleaseManifest UP-TO-DATE
> Task :libraries:textcomposer:impl:processReleaseManifest UP-TO-DATE
> Task :libraries:voicerecorder:api:extractDeepLinksRelease UP-TO-DATE
> Task :libraries:voicerecorder:impl:extractDeepLinksRelease UP-TO-DATE
> Task :libraries:wellknown:api:extractDeepLinksRelease UP-TO-DATE
> Task :libraries:wellknown:impl:extractDeepLinksRelease UP-TO-DATE
> Task :libraries:voiceplayer:api:processReleaseManifest UP-TO-DATE
> Task :libraries:voiceplayer:impl:processReleaseManifest UP-TO-DATE
> Task :libraries:wellknown:api:processReleaseManifest UP-TO-DATE
> Task :libraries:workmanager:api:extractDeepLinksRelease UP-TO-DATE
> Task :libraries:workmanager:impl:extractDeepLinksRelease UP-TO-DATE
> Task :services:analytics:api:extractDeepLinksRelease UP-TO-DATE
> Task :libraries:wellknown:impl:processReleaseManifest UP-TO-DATE
> Task :libraries:voicerecorder:api:processReleaseManifest UP-TO-DATE
> Task :libraries:voicerecorder:impl:processReleaseManifest UP-TO-DATE
> Task :libraries:workmanager:api:processReleaseManifest UP-TO-DATE
> Task :services:analyticsproviders:api:extractDeepLinksRelease UP-TO-DATE
> Task :services:analytics:compose:extractDeepLinksRelease UP-TO-DATE
> Task :services:analytics:impl:extractDeepLinksRelease UP-TO-DATE
> Task :services:analyticsproviders:posthog:extractDeepLinksRelease UP-TO-DATE
> Task :libraries:workmanager:impl:processReleaseManifest UP-TO-DATE
> Task :services:analytics:api:processReleaseManifest UP-TO-DATE
> Task :services:apperror:impl:extractDeepLinksRelease UP-TO-DATE
> Task :services:apperror:api:extractDeepLinksRelease UP-TO-DATE
> Task :services:analytics:impl:processReleaseManifest UP-TO-DATE
> Task :services:analyticsproviders:api:processReleaseManifest UP-TO-DATE
> Task :services:analytics:compose:processReleaseManifest UP-TO-DATE
> Task :services:analyticsproviders:posthog:processReleaseManifest UP-TO-DATE
> Task :services:appnavstate:impl:extractDeepLinksRelease UP-TO-DATE
> Task :services:appnavstate:api:extractDeepLinksRelease UP-TO-DATE
> Task :services:toolbox:api:extractDeepLinksRelease UP-TO-DATE
> Task :services:toolbox:impl:extractDeepLinksRelease UP-TO-DATE
> Task :services:apperror:impl:processReleaseManifest UP-TO-DATE
> Task :services:apperror:api:processReleaseManifest UP-TO-DATE
> Task :appicon:element:bundleLibCompileToJarRelease UP-TO-DATE
> Task :services:appnavstate:impl:processReleaseManifest UP-TO-DATE
> Task :services:appnavstate:api:processReleaseManifest UP-TO-DATE
> Task :services:toolbox:api:processReleaseManifest UP-TO-DATE
> Task :libraries:mediapickers:impl:bundleLibCompileToJarRelease UP-TO-DATE
> Task :libraries:audio:impl:bundleLibCompileToJarRelease UP-TO-DATE
> Task :libraries:cryptography:impl:bundleLibCompileToJarRelease UP-TO-DATE
> Task :appicon:element:bundleLibRuntimeToJarRelease UP-TO-DATE
> Task :libraries:architecture:bundleLibRuntimeToJarRelease UP-TO-DATE
> Task :libraries:androidutils:bundleLibRuntimeToJarRelease UP-TO-DATE
> Task :libraries:session-storage:impl:bundleLibCompileToJarRelease UP-TO-DATE
> Task :libraries:compound:bundleLibRuntimeToJarRelease UP-TO-DATE
> Task :services:toolbox:impl:processReleaseManifest UP-TO-DATE
> Task :libraries:encrypted-db:bundleLibRuntimeToJarRelease UP-TO-DATE
> Task :libraries:testtags:bundleLibRuntimeToJarRelease UP-TO-DATE
> Task :libraries:maplibre-compose:bundleLibRuntimeToJarRelease UP-TO-DATE
> Task :libraries:ui-utils:bundleLibRuntimeToJarRelease UP-TO-DATE
> Task :libraries:ui-strings:bundleLibRuntimeToJarRelease UP-TO-DATE
> Task :features:announcement:api:bundleLibRuntimeToJarRelease UP-TO-DATE
> Task :features:deactivation:api:bundleLibRuntimeToJarRelease UP-TO-DATE
> Task :features:cachecleaner:api:bundleLibRuntimeToJarRelease UP-TO-DATE
> Task :features:ftue:api:bundleLibRuntimeToJarRelease UP-TO-DATE
> Task :features:login:api:bundleLibRuntimeToJarRelease UP-TO-DATE
> Task :features:migration:api:bundleLibRuntimeToJarRelease UP-TO-DATE
> Task :features:viewfolder:api:bundleLibRuntimeToJarRelease UP-TO-DATE
> Task :features:securebackup:api:bundleLibRuntimeToJarRelease UP-TO-DATE
> Task :libraries:audio:impl:bundleLibRuntimeToJarRelease UP-TO-DATE
> Task :libraries:cryptography:api:bundleLibRuntimeToJarRelease UP-TO-DATE
> Task :libraries:cryptography:impl:bundleLibRuntimeToJarRelease UP-TO-DATE
> Task :libraries:indicator:api:bundleLibRuntimeToJarRelease UP-TO-DATE
> Task :libraries:mediapickers:impl:bundleLibRuntimeToJarRelease UP-TO-DATE
> Task :libraries:mediapickers:api:bundleLibRuntimeToJarRelease UP-TO-DATE
> Task :libraries:oidc:api:bundleLibRuntimeToJarRelease UP-TO-DATE
> Task :libraries:session-storage:api:bundleLibRuntimeToJarRelease UP-TO-DATE
> Task :libraries:audio:api:bundleLibRuntimeToJarRelease UP-TO-DATE
> Task :libraries:dateformatter:api:bundleLibRuntimeToJarRelease UP-TO-DATE
> Task :libraries:session-storage:impl:bundleLibRuntimeToJarRelease UP-TO-DATE
> Task :libraries:wellknown:api:bundleLibRuntimeToJarRelease UP-TO-DATE
> Task :libraries:voicerecorder:api:bundleLibRuntimeToJarRelease UP-TO-DATE
> Task :services:analytics:api:bundleLibRuntimeToJarRelease UP-TO-DATE
> Task :services:analyticsproviders:api:bundleLibRuntimeToJarRelease UP-TO-DATE
> Task :services:apperror:api:bundleLibRuntimeToJarRelease UP-TO-DATE
> Task :services:toolbox:api:bundleLibRuntimeToJarRelease UP-TO-DATE
> Task :services:toolbox:impl:bundleLibRuntimeToJarRelease UP-TO-DATE
> Task :appicon:element:processReleaseJavaRes UP-TO-DATE
> Task :libraries:encrypted-db:processReleaseJavaRes UP-TO-DATE
> Task :libraries:ui-strings:processReleaseJavaRes UP-TO-DATE
> Task :libraries:maplibre-compose:processReleaseJavaRes UP-TO-DATE
> Task :libraries:compound:processReleaseJavaRes UP-TO-DATE
> Task :features:announcement:api:processReleaseJavaRes UP-TO-DATE
> Task :libraries:androidutils:processReleaseJavaRes UP-TO-DATE
> Task :libraries:architecture:processReleaseJavaRes UP-TO-DATE
> Task :features:cachecleaner:api:processReleaseJavaRes UP-TO-DATE
> Task :libraries:ui-utils:processReleaseJavaRes UP-TO-DATE
> Task :features:ftue:api:processReleaseJavaRes UP-TO-DATE
> Task :features:login:api:processReleaseJavaRes UP-TO-DATE
> Task :libraries:testtags:processReleaseJavaRes UP-TO-DATE
> Task :features:securebackup:api:processReleaseJavaRes UP-TO-DATE
> Task :features:deactivation:api:processReleaseJavaRes UP-TO-DATE
> Task :features:migration:api:processReleaseJavaRes UP-TO-DATE
> Task :libraries:cryptography:api:processReleaseJavaRes UP-TO-DATE
> Task :features:viewfolder:api:processReleaseJavaRes UP-TO-DATE
> Task :libraries:audio:impl:processReleaseJavaRes UP-TO-DATE
> Task :libraries:cryptography:impl:processReleaseJavaRes UP-TO-DATE
> Task :libraries:dateformatter:api:processReleaseJavaRes UP-TO-DATE
> Task :libraries:indicator:api:processReleaseJavaRes UP-TO-DATE
> Task :libraries:audio:api:processReleaseJavaRes UP-TO-DATE
> Task :libraries:session-storage:api:processReleaseJavaRes UP-TO-DATE
> Task :libraries:mediapickers:api:processReleaseJavaRes UP-TO-DATE
> Task :libraries:mediapickers:impl:processReleaseJavaRes UP-TO-DATE
> Task :libraries:wellknown:api:processReleaseJavaRes UP-TO-DATE
> Task :libraries:voicerecorder:api:processReleaseJavaRes UP-TO-DATE
> Task :libraries:session-storage:impl:processReleaseJavaRes UP-TO-DATE
> Task :services:apperror:api:processReleaseJavaRes UP-TO-DATE
> Task :services:analytics:api:processReleaseJavaRes UP-TO-DATE
> Task :services:analyticsproviders:api:processReleaseJavaRes UP-TO-DATE
> Task :services:toolbox:impl:processReleaseJavaRes UP-TO-DATE
> Task :appnav:mergeReleaseShaders UP-TO-DATE
> Task :appconfig:mergeReleaseShaders UP-TO-DATE
> Task :appicon:element:mergeReleaseShaders UP-TO-DATE
> Task :libraries:androidutils:mergeReleaseShaders UP-TO-DATE
> Task :libraries:oidc:api:processReleaseJavaRes UP-TO-DATE
> Task :appconfig:compileReleaseShaders NO-SOURCE
> Task :appicon:element:compileReleaseShaders NO-SOURCE
> Task :appconfig:generateReleaseAssets UP-TO-DATE
> Task :appicon:element:generateReleaseAssets UP-TO-DATE
> Task :libraries:androidutils:compileReleaseShaders NO-SOURCE
> Task :libraries:androidutils:generateReleaseAssets UP-TO-DATE
> Task :libraries:architecture:mergeReleaseShaders UP-TO-DATE
> Task :appconfig:mergeReleaseAssets UP-TO-DATE
> Task :libraries:androidutils:mergeReleaseAssets UP-TO-DATE
> Task :appicon:element:mergeReleaseAssets UP-TO-DATE
> Task :libraries:architecture:compileReleaseShaders NO-SOURCE
> Task :libraries:architecture:generateReleaseAssets UP-TO-DATE
> Task :libraries:designsystem:mergeReleaseShaders UP-TO-DATE
> Task :libraries:compound:mergeReleaseShaders UP-TO-DATE
> Task :services:toolbox:api:processReleaseJavaRes UP-TO-DATE
> Task :libraries:designsystem:compileReleaseShaders NO-SOURCE
> Task :libraries:designsystem:generateReleaseAssets UP-TO-DATE
> Task :appnav:compileReleaseShaders NO-SOURCE
> Task :appnav:generateReleaseAssets UP-TO-DATE
> Task :libraries:architecture:mergeReleaseAssets UP-TO-DATE
> Task :libraries:compound:compileReleaseShaders NO-SOURCE
> Task :libraries:compound:generateReleaseAssets UP-TO-DATE
> Task :libraries:maplibre-compose:mergeReleaseShaders UP-TO-DATE
> Task :libraries:designsystem:mergeReleaseAssets UP-TO-DATE
> Task :libraries:compound:mergeReleaseAssets UP-TO-DATE
> Task :libraries:encrypted-db:mergeReleaseShaders UP-TO-DATE
> Task :appnav:mergeReleaseAssets UP-TO-DATE
> Task :libraries:matrixui:mergeReleaseShaders UP-TO-DATE
> Task :libraries:network:mergeReleaseShaders UP-TO-DATE
> Task :libraries:maplibre-compose:compileReleaseShaders NO-SOURCE
> Task :libraries:maplibre-compose:generateReleaseAssets UP-TO-DATE
> Task :libraries:previewutils:mergeReleaseShaders UP-TO-DATE
> Task :libraries:network:compileReleaseShaders NO-SOURCE
> Task :libraries:encrypted-db:compileReleaseShaders NO-SOURCE
> Task :libraries:network:generateReleaseAssets UP-TO-DATE
> Task :libraries:matrixui:compileReleaseShaders NO-SOURCE
> Task :libraries:encrypted-db:generateReleaseAssets UP-TO-DATE
> Task :libraries:previewutils:compileReleaseShaders NO-SOURCE
> Task :libraries:matrixui:generateReleaseAssets UP-TO-DATE
> Task :libraries:previewutils:generateReleaseAssets UP-TO-DATE
> Task :libraries:qrcode:mergeReleaseShaders UP-TO-DATE
> Task :libraries:maplibre-compose:mergeReleaseAssets UP-TO-DATE
> Task :libraries:network:mergeReleaseAssets UP-TO-DATE
> Task :libraries:encrypted-db:mergeReleaseAssets UP-TO-DATE
> Task :libraries:matrixui:mergeReleaseAssets UP-TO-DATE
> Task :libraries:qrcode:compileReleaseShaders NO-SOURCE
> Task :libraries:qrcode:generateReleaseAssets UP-TO-DATE
> Task :libraries:previewutils:mergeReleaseAssets UP-TO-DATE
> Task :libraries:ui-strings:mergeReleaseShaders UP-TO-DATE
> Task :libraries:testtags:mergeReleaseShaders UP-TO-DATE
> Task :libraries:ui-utils:mergeReleaseShaders UP-TO-DATE
> Task :features:analytics:api:mergeReleaseShaders UP-TO-DATE
> Task :libraries:ui-strings:compileReleaseShaders NO-SOURCE
> Task :libraries:ui-strings:generateReleaseAssets UP-TO-DATE
> Task :libraries:testtags:compileReleaseShaders NO-SOURCE
> Task :libraries:testtags:generateReleaseAssets UP-TO-DATE
> Task :libraries:ui-utils:compileReleaseShaders NO-SOURCE
> Task :libraries:ui-utils:generateReleaseAssets UP-TO-DATE
> Task :features:analytics:api:compileReleaseShaders NO-SOURCE
> Task :features:analytics:api:generateReleaseAssets UP-TO-DATE
> Task :libraries:ui-strings:mergeReleaseAssets UP-TO-DATE
> Task :libraries:ui-common:mergeReleaseShaders UP-TO-DATE
> Task :libraries:testtags:mergeReleaseAssets UP-TO-DATE
> Task :features:analytics:api:mergeReleaseAssets UP-TO-DATE
> Task :libraries:ui-utils:mergeReleaseAssets UP-TO-DATE
> Task :libraries:qrcode:mergeReleaseAssets UP-TO-DATE
> Task :features:analytics:impl:mergeReleaseShaders UP-TO-DATE
> Task :features:cachecleaner:api:mergeReleaseShaders UP-TO-DATE
> Task :features:analytics:impl:compileReleaseShaders NO-SOURCE
> Task :features:analytics:impl:generateReleaseAssets UP-TO-DATE
> Task :features:announcement:api:mergeReleaseShaders UP-TO-DATE
> Task :libraries:ui-common:compileReleaseShaders NO-SOURCE
> Task :libraries:ui-common:generateReleaseAssets UP-TO-DATE
> Task :features:cachecleaner:api:compileReleaseShaders NO-SOURCE
> Task :features:cachecleaner:api:generateReleaseAssets UP-TO-DATE
> Task :features:analytics:impl:mergeReleaseAssets UP-TO-DATE
> Task :features:call:api:mergeReleaseShaders UP-TO-DATE
> Task :features:announcement:impl:mergeReleaseShaders UP-TO-DATE
> Task :features:cachecleaner:api:mergeReleaseAssets UP-TO-DATE
> Task :libraries:ui-common:mergeReleaseAssets UP-TO-DATE
> Task :features:call:impl:mergeReleaseShaders UP-TO-DATE
> Task :features:announcement:api:compileReleaseShaders NO-SOURCE
> Task :features:announcement:api:generateReleaseAssets UP-TO-DATE
> Task :features:call:api:compileReleaseShaders NO-SOURCE
> Task :features:call:api:generateReleaseAssets UP-TO-DATE
> Task :features:createroom:api:mergeReleaseShaders UP-TO-DATE
> Task :features:createroom:impl:mergeReleaseShaders UP-TO-DATE
> Task :features:announcement:impl:compileReleaseShaders NO-SOURCE
> Task :features:createroom:api:compileReleaseShaders NO-SOURCE
> Task :features:createroom:api:generateReleaseAssets UP-TO-DATE
> Task :features:announcement:api:mergeReleaseAssets UP-TO-DATE
> Task :features:call:api:mergeReleaseAssets UP-TO-DATE
> Task :features:createroom:api:mergeReleaseAssets UP-TO-DATE
> Task :features:announcement:impl:generateReleaseAssets UP-TO-DATE
> Task :features:call:impl:compileReleaseShaders NO-SOURCE
> Task :features:call:impl:generateReleaseAssets UP-TO-DATE
> Task :features:call:impl:mergeReleaseAssets UP-TO-DATE
> Task :features:createroom:impl:compileReleaseShaders NO-SOURCE
> Task :features:createroom:impl:generateReleaseAssets UP-TO-DATE
> Task :features:announcement:impl:mergeReleaseAssets UP-TO-DATE
> Task :features:deactivation:api:mergeReleaseShaders UP-TO-DATE
> Task :features:deactivation:impl:mergeReleaseShaders UP-TO-DATE
> Task :features:enterprise:api:mergeReleaseShaders UP-TO-DATE
> Task :features:deactivation:api:compileReleaseShaders NO-SOURCE
> Task :features:deactivation:api:generateReleaseAssets UP-TO-DATE
> Task :features:enterprise:api:compileReleaseShaders NO-SOURCE
> Task :features:deactivation:impl:compileReleaseShaders NO-SOURCE
> Task :features:enterprise:api:generateReleaseAssets UP-TO-DATE
> Task :features:deactivation:impl:generateReleaseAssets UP-TO-DATE
> Task :features:enterprise:impl-foss:mergeReleaseShaders UP-TO-DATE
> Task :features:deactivation:impl:mergeReleaseAssets UP-TO-DATE
> Task :features:createroom:impl:mergeReleaseAssets UP-TO-DATE
> Task :features:deactivation:api:mergeReleaseAssets UP-TO-DATE
> Task :features:enterprise:api:mergeReleaseAssets UP-TO-DATE
> Task :features:forward:api:mergeReleaseShaders UP-TO-DATE
> Task :features:enterprise:impl-foss:compileReleaseShaders NO-SOURCE
> Task :features:enterprise:impl-foss:generateReleaseAssets UP-TO-DATE
> Task :features:ftue:api:mergeReleaseShaders UP-TO-DATE
> Task :features:enterprise:impl-foss:mergeReleaseAssets UP-TO-DATE
> Task :features:home:api:mergeReleaseShaders UP-TO-DATE
> Task :features:ftue:impl:mergeReleaseShaders UP-TO-DATE
> Task :features:forward:impl:mergeReleaseShaders UP-TO-DATE
> Task :features:ftue:impl:compileReleaseShaders NO-SOURCE
> Task :features:ftue:impl:generateReleaseAssets UP-TO-DATE
> Task :features:forward:api:compileReleaseShaders NO-SOURCE
> Task :features:forward:api:generateReleaseAssets UP-TO-DATE
> Task :features:home:api:compileReleaseShaders NO-SOURCE
> Task :features:home:api:generateReleaseAssets UP-TO-DATE
> Task :features:forward:impl:compileReleaseShaders NO-SOURCE
> Task :features:forward:impl:generateReleaseAssets UP-TO-DATE
> Task :features:home:impl:mergeReleaseShaders UP-TO-DATE
> Task :features:forward:api:mergeReleaseAssets UP-TO-DATE
> Task :features:forward:impl:mergeReleaseAssets UP-TO-DATE
> Task :features:home:api:mergeReleaseAssets UP-TO-DATE
> Task :features:ftue:impl:mergeReleaseAssets UP-TO-DATE
> Task :features:invitepeople:api:mergeReleaseShaders UP-TO-DATE
> Task :features:ftue:api:compileReleaseShaders NO-SOURCE
> Task :features:ftue:api:generateReleaseAssets UP-TO-DATE
> Task :features:invitepeople:api:compileReleaseShaders NO-SOURCE
> Task :features:invitepeople:api:generateReleaseAssets UP-TO-DATE
> Task :features:home:impl:compileReleaseShaders NO-SOURCE
> Task :features:home:impl:generateReleaseAssets UP-TO-DATE
> Task :features:invite:api:mergeReleaseShaders UP-TO-DATE
> Task :features:invite:impl:mergeReleaseShaders UP-TO-DATE
> Task :features:invitepeople:impl:mergeReleaseShaders UP-TO-DATE
> Task :features:invite:api:compileReleaseShaders NO-SOURCE
> Task :features:home:impl:mergeReleaseAssets UP-TO-DATE
> Task :features:invite:api:generateReleaseAssets UP-TO-DATE
> Task :features:ftue:api:mergeReleaseAssets UP-TO-DATE
> Task :features:invite:impl:compileReleaseShaders NO-SOURCE
> Task :features:invitepeople:impl:compileReleaseShaders NO-SOURCE
> Task :features:invite:impl:generateReleaseAssets UP-TO-DATE
> Task :features:invitepeople:impl:generateReleaseAssets UP-TO-DATE
> Task :features:invite:api:mergeReleaseAssets UP-TO-DATE
> Task :features:joinroom:api:mergeReleaseShaders UP-TO-DATE
> Task :features:invite:impl:mergeReleaseAssets UP-TO-DATE
> Task :features:invitepeople:api:mergeReleaseAssets UP-TO-DATE
> Task :features:invitepeople:impl:mergeReleaseAssets UP-TO-DATE
> Task :features:joinroom:impl:mergeReleaseShaders UP-TO-DATE
> Task :features:knockrequests:api:mergeReleaseShaders UP-TO-DATE
> Task :features:joinroom:api:compileReleaseShaders NO-SOURCE
> Task :features:joinroom:api:generateReleaseAssets UP-TO-DATE
> Task :features:joinroom:impl:compileReleaseShaders NO-SOURCE
> Task :features:joinroom:impl:generateReleaseAssets UP-TO-DATE
> Task :features:leaveroom:api:mergeReleaseShaders UP-TO-DATE
> Task :features:knockrequests:impl:mergeReleaseShaders UP-TO-DATE
> Task :features:knockrequests:api:compileReleaseShaders NO-SOURCE
> Task :features:knockrequests:api:generateReleaseAssets UP-TO-DATE
> Task :features:leaveroom:impl:mergeReleaseShaders UP-TO-DATE
> Task :features:joinroom:api:mergeReleaseAssets UP-TO-DATE
> Task :features:leaveroom:api:compileReleaseShaders NO-SOURCE
> Task :features:knockrequests:impl:compileReleaseShaders NO-SOURCE
> Task :features:leaveroom:api:generateReleaseAssets UP-TO-DATE
> Task :features:knockrequests:impl:generateReleaseAssets UP-TO-DATE
> Task :features:leaveroom:impl:compileReleaseShaders NO-SOURCE
> Task :features:leaveroom:impl:generateReleaseAssets UP-TO-DATE
> Task :features:joinroom:impl:mergeReleaseAssets UP-TO-DATE
> Task :features:knockrequests:api:mergeReleaseAssets UP-TO-DATE
> Task :features:licenses:api:mergeReleaseShaders UP-TO-DATE
> Task :features:knockrequests:impl:mergeReleaseAssets UP-TO-DATE
> Task :features:licenses:impl:mergeReleaseShaders UP-TO-DATE
> Task :features:leaveroom:impl:mergeReleaseAssets UP-TO-DATE
> Task :features:leaveroom:api:mergeReleaseAssets UP-TO-DATE
> Task :features:location:api:mergeReleaseShaders UP-TO-DATE
> Task :features:licenses:impl:compileReleaseShaders NO-SOURCE
> Task :features:licenses:api:compileReleaseShaders NO-SOURCE
> Task :features:licenses:impl:generateReleaseAssets UP-TO-DATE
> Task :features:location:impl:mergeReleaseShaders UP-TO-DATE
> Task :features:lockscreen:impl:mergeReleaseShaders UP-TO-DATE
> Task :features:licenses:api:generateReleaseAssets UP-TO-DATE
> Task :features:location:api:compileReleaseShaders NO-SOURCE
> Task :features:location:api:generateReleaseAssets UP-TO-DATE
> Task :features:lockscreen:impl:compileReleaseShaders NO-SOURCE
> Task :features:lockscreen:impl:generateReleaseAssets UP-TO-DATE
> Task :features:login:api:mergeReleaseShaders UP-TO-DATE
> Task :features:licenses:impl:mergeReleaseAssets UP-TO-DATE
> Task :features:location:api:mergeReleaseAssets UP-TO-DATE
> Task :features:lockscreen:impl:mergeReleaseAssets UP-TO-DATE
> Task :features:login:api:compileReleaseShaders NO-SOURCE
> Task :features:login:api:generateReleaseAssets UP-TO-DATE
> Task :features:location:impl:compileReleaseShaders NO-SOURCE
> Task :features:logout:api:mergeReleaseShaders UP-TO-DATE
> Task :features:login:impl:mergeReleaseShaders UP-TO-DATE
> Task :features:licenses:api:mergeReleaseAssets UP-TO-DATE
> Task :features:logout:impl:mergeReleaseShaders UP-TO-DATE
> Task :features:logout:api:compileReleaseShaders NO-SOURCE
> Task :features:location:impl:generateReleaseAssets UP-TO-DATE
> Task :features:logout:api:generateReleaseAssets UP-TO-DATE
> Task :features:login:impl:compileReleaseShaders NO-SOURCE
> Task :features:login:impl:generateReleaseAssets UP-TO-DATE
> Task :features:login:api:mergeReleaseAssets UP-TO-DATE
> Task :features:messages:api:mergeReleaseShaders UP-TO-DATE
> Task :features:logout:impl:compileReleaseShaders NO-SOURCE
> Task :features:logout:impl:generateReleaseAssets UP-TO-DATE
> Task :features:messages:api:compileReleaseShaders NO-SOURCE
> Task :features:messages:api:generateReleaseAssets UP-TO-DATE
> Task :features:login:impl:mergeReleaseAssets UP-TO-DATE
> Task :features:location:impl:mergeReleaseAssets UP-TO-DATE
> Task :features:messages:impl:mergeReleaseShaders UP-TO-DATE
> Task :features:logout:impl:mergeReleaseAssets UP-TO-DATE
> Task :features:logout:api:mergeReleaseAssets UP-TO-DATE
> Task :features:migration:api:mergeReleaseShaders UP-TO-DATE
> Task :features:messages:api:mergeReleaseAssets UP-TO-DATE
> Task :features:migration:impl:mergeReleaseShaders UP-TO-DATE
> Task :features:networkmonitor:impl:mergeReleaseShaders UP-TO-DATE
> Task :features:messages:impl:compileReleaseShaders NO-SOURCE
> Task :features:networkmonitor:api:mergeReleaseShaders UP-TO-DATE
> Task :features:messages:impl:generateReleaseAssets UP-TO-DATE
> Task :features:migration:impl:compileReleaseShaders NO-SOURCE
> Task :features:migration:api:compileReleaseShaders NO-SOURCE
> Task :features:migration:api:generateReleaseAssets UP-TO-DATE
> Task :features:migration:impl:generateReleaseAssets UP-TO-DATE
> Task :features:poll:api:mergeReleaseShaders UP-TO-DATE
> Task :features:networkmonitor:api:compileReleaseShaders NO-SOURCE
> Task :features:networkmonitor:api:generateReleaseAssets UP-TO-DATE
> Task :features:networkmonitor:impl:compileReleaseShaders NO-SOURCE
> Task :features:networkmonitor:impl:generateReleaseAssets UP-TO-DATE
> Task :features:poll:api:compileReleaseShaders NO-SOURCE
> Task :features:poll:api:generateReleaseAssets UP-TO-DATE
> Task :features:migration:api:mergeReleaseAssets UP-TO-DATE
> Task :features:messages:impl:mergeReleaseAssets UP-TO-DATE
> Task :features:networkmonitor:api:mergeReleaseAssets UP-TO-DATE
> Task :features:poll:impl:mergeReleaseShaders UP-TO-DATE
> Task :features:poll:impl:compileReleaseShaders NO-SOURCE
> Task :features:preferences:api:mergeReleaseShaders UP-TO-DATE
> Task :features:poll:impl:generateReleaseAssets UP-TO-DATE
> Task :features:preferences:impl:mergeReleaseShaders UP-TO-DATE
> Task :features:preferences:api:compileReleaseShaders NO-SOURCE
> Task :features:preferences:api:generateReleaseAssets UP-TO-DATE
> Task :features:poll:api:mergeReleaseAssets UP-TO-DATE
> Task :features:preferences:impl:compileReleaseShaders NO-SOURCE
> Task :features:preferences:impl:generateReleaseAssets UP-TO-DATE
> Task :features:poll:impl:mergeReleaseAssets UP-TO-DATE
> Task :features:rageshake:api:mergeReleaseShaders UP-TO-DATE
> Task :features:rageshake:impl:mergeReleaseShaders UP-TO-DATE
> Task :features:preferences:impl:mergeReleaseAssets UP-TO-DATE
> Task :features:rageshake:api:compileReleaseShaders NO-SOURCE
> Task :features:rageshake:impl:compileReleaseShaders NO-SOURCE
> Task :features:rageshake:api:generateReleaseAssets UP-TO-DATE
> Task :features:rageshake:impl:generateReleaseAssets UP-TO-DATE
> Task :features:reportroom:api:mergeReleaseShaders UP-TO-DATE
> Task :features:preferences:api:mergeReleaseAssets UP-TO-DATE
> Task :features:rageshake:impl:mergeReleaseAssets UP-TO-DATE
> Task :features:reportroom:api:compileReleaseShaders NO-SOURCE
> Task :features:rageshake:api:mergeReleaseAssets UP-TO-DATE
> Task :features:reportroom:api:generateReleaseAssets UP-TO-DATE
> Task :features:rolesandpermissions:api:mergeReleaseShaders UP-TO-DATE
> Task :features:reportroom:impl:mergeReleaseShaders UP-TO-DATE
> Task :features:rolesandpermissions:api:compileReleaseShaders NO-SOURCE
> Task :features:rolesandpermissions:api:generateReleaseAssets UP-TO-DATE
> Task :features:reportroom:impl:compileReleaseShaders NO-SOURCE
> Task :features:reportroom:impl:generateReleaseAssets UP-TO-DATE
> Task :features:reportroom:impl:mergeReleaseAssets UP-TO-DATE
> Task :features:rolesandpermissions:impl:mergeReleaseShaders UP-TO-DATE
> Task :features:rolesandpermissions:impl:compileReleaseShaders NO-SOURCE
> Task :features:rolesandpermissions:impl:generateReleaseAssets UP-TO-DATE
> Task :features:roomaliasresolver:api:mergeReleaseShaders UP-TO-DATE
> Task :features:rolesandpermissions:impl:mergeReleaseAssets UP-TO-DATE
> Task :features:roomaliasresolver:api:compileReleaseShaders NO-SOURCE
> Task :features:roomaliasresolver:api:generateReleaseAssets UP-TO-DATE
> Task :features:roomaliasresolver:impl:mergeReleaseShaders UP-TO-DATE
> Task :features:roomaliasresolver:api:mergeReleaseAssets UP-TO-DATE
> Task :features:roomaliasresolver:impl:compileReleaseShaders NO-SOURCE
> Task :features:roomaliasresolver:impl:generateReleaseAssets UP-TO-DATE
> Task :features:roomaliasresolver:impl:mergeReleaseAssets UP-TO-DATE
> Task :features:roomcall:api:mergeReleaseShaders UP-TO-DATE
> Task :features:roomcall:api:compileReleaseShaders NO-SOURCE
> Task :features:roomcall:api:generateReleaseAssets UP-TO-DATE
> Task :features:roomcall:impl:mergeReleaseShaders UP-TO-DATE
> Task :features:roomcall:api:mergeReleaseAssets UP-TO-DATE
> Task :features:roomcall:impl:compileReleaseShaders NO-SOURCE
> Task :features:roomcall:impl:generateReleaseAssets UP-TO-DATE
> Task :features:roomdetails:api:mergeReleaseShaders UP-TO-DATE
> Task :features:roomcall:impl:mergeReleaseAssets UP-TO-DATE
> Task :features:roomdetails:api:compileReleaseShaders NO-SOURCE
> Task :features:roomdetails:api:generateReleaseAssets UP-TO-DATE
> Task :features:roomdetails:impl:mergeReleaseShaders UP-TO-DATE
> Task :features:rolesandpermissions:api:mergeReleaseAssets UP-TO-DATE
> Task :features:roomdetails:impl:compileReleaseShaders NO-SOURCE
> Task :features:roomdetails:api:mergeReleaseAssets UP-TO-DATE
> Task :features:roomdetails:impl:generateReleaseAssets UP-TO-DATE
> Task :features:roomdetailsedit:api:mergeReleaseShaders UP-TO-DATE
> Task :features:roomdetailsedit:api:compileReleaseShaders NO-SOURCE
> Task :features:roomdetailsedit:api:generateReleaseAssets UP-TO-DATE
> Task :features:roomdetailsedit:impl:mergeReleaseShaders UP-TO-DATE
> Task :features:roomdetailsedit:api:mergeReleaseAssets UP-TO-DATE
> Task :features:roomdetails:impl:mergeReleaseAssets UP-TO-DATE
> Task :features:roomdirectory:api:mergeReleaseShaders UP-TO-DATE
> Task :features:roomdetailsedit:impl:compileReleaseShaders NO-SOURCE
> Task :features:roomdetailsedit:impl:generateReleaseAssets UP-TO-DATE
> Task :features:roomdetailsedit:impl:mergeReleaseAssets UP-TO-DATE
> Task :features:roomdirectory:impl:mergeReleaseShaders UP-TO-DATE
> Task :features:roomdirectory:impl:compileReleaseShaders NO-SOURCE
> Task :features:roomdirectory:impl:generateReleaseAssets UP-TO-DATE
> Task :features:roommembermoderation:api:mergeReleaseShaders UP-TO-DATE
> Task :features:roommembermoderation:api:compileReleaseShaders NO-SOURCE
> Task :features:roommembermoderation:api:generateReleaseAssets UP-TO-DATE
> Task :features:roommembermoderation:api:mergeReleaseAssets UP-TO-DATE
> Task :features:roomdirectory:api:compileReleaseShaders NO-SOURCE
> Task :features:roomdirectory:api:generateReleaseAssets UP-TO-DATE
> Task :features:roommembermoderation:impl:mergeReleaseShaders UP-TO-DATE
> Task :features:roommembermoderation:impl:compileReleaseShaders NO-SOURCE
> Task :features:roommembermoderation:impl:generateReleaseAssets UP-TO-DATE
> Task :features:roommembermoderation:impl:mergeReleaseAssets UP-TO-DATE
> Task :features:networkmonitor:impl:mergeReleaseAssets UP-TO-DATE
> Task :features:migration:impl:mergeReleaseAssets UP-TO-DATE
> Task :features:roomdirectory:api:mergeReleaseAssets UP-TO-DATE
> Task :features:reportroom:api:mergeReleaseAssets UP-TO-DATE
> Task :features:securityandprivacy:api:mergeReleaseShaders UP-TO-DATE
> Task :features:share:api:mergeReleaseShaders UP-TO-DATE
> Task :features:securebackup:impl:mergeReleaseShaders UP-TO-DATE
> Task :features:securityandprivacy:impl:mergeReleaseShaders UP-TO-DATE
> Task :features:securityandprivacy:api:compileReleaseShaders NO-SOURCE
> Task :features:securityandprivacy:api:generateReleaseAssets UP-TO-DATE
> Task :features:securebackup:impl:compileReleaseShaders NO-SOURCE
> Task :features:securityandprivacy:api:mergeReleaseAssets UP-TO-DATE
> Task :features:share:api:compileReleaseShaders NO-SOURCE
> Task :features:share:api:generateReleaseAssets UP-TO-DATE
> Task :features:securityandprivacy:impl:compileReleaseShaders NO-SOURCE
> Task :features:securebackup:impl:generateReleaseAssets UP-TO-DATE
> Task :features:securityandprivacy:impl:generateReleaseAssets UP-TO-DATE
> Task :features:share:api:mergeReleaseAssets UP-TO-DATE
> Task :features:securebackup:impl:mergeReleaseAssets UP-TO-DATE
> Task :features:securityandprivacy:impl:mergeReleaseAssets UP-TO-DATE
> Task :features:signedout:api:mergeReleaseShaders UP-TO-DATE
> Task :features:signedout:api:compileReleaseShaders NO-SOURCE
> Task :features:signedout:api:generateReleaseAssets UP-TO-DATE
> Task :features:space:api:mergeReleaseShaders UP-TO-DATE
> Task :features:signedout:impl:mergeReleaseShaders UP-TO-DATE
> Task :features:space:api:compileReleaseShaders NO-SOURCE
> Task :features:space:api:generateReleaseAssets UP-TO-DATE
> Task :features:signedout:impl:compileReleaseShaders NO-SOURCE
> Task :features:signedout:impl:generateReleaseAssets UP-TO-DATE
> Task :features:space:api:mergeReleaseAssets UP-TO-DATE
> Task :features:signedout:impl:mergeReleaseAssets UP-TO-DATE
> Task :features:space:impl:mergeReleaseShaders UP-TO-DATE
> Task :features:startchat:api:mergeReleaseShaders UP-TO-DATE
> Task :features:space:impl:compileReleaseShaders NO-SOURCE
> Task :features:startchat:api:compileReleaseShaders NO-SOURCE
> Task :features:startchat:api:generateReleaseAssets UP-TO-DATE
> Task :features:space:impl:generateReleaseAssets UP-TO-DATE
> Task :features:share:impl:mergeReleaseShaders UP-TO-DATE
> Task :features:startchat:api:mergeReleaseAssets UP-TO-DATE
> Task :features:share:impl:compileReleaseShaders NO-SOURCE
> Task :features:space:impl:mergeReleaseAssets UP-TO-DATE
> Task :features:share:impl:generateReleaseAssets UP-TO-DATE
> Task :features:startchat:impl:mergeReleaseShaders UP-TO-DATE
> Task :features:share:impl:mergeReleaseAssets UP-TO-DATE
> Task :features:startchat:impl:compileReleaseShaders NO-SOURCE
> Task :features:startchat:impl:generateReleaseAssets UP-TO-DATE
> Task :features:signedout:api:mergeReleaseAssets UP-TO-DATE
> Task :features:userprofile:impl:mergeReleaseShaders UP-TO-DATE
> Task :features:userprofile:impl:compileReleaseShaders NO-SOURCE
> Task :features:userprofile:impl:generateReleaseAssets UP-TO-DATE
> Task :features:userprofile:shared:mergeReleaseShaders UP-TO-DATE
> Task :features:userprofile:impl:mergeReleaseAssets UP-TO-DATE
> Task :features:startchat:impl:mergeReleaseAssets UP-TO-DATE
> Task :features:userprofile:shared:compileReleaseShaders NO-SOURCE
> Task :features:userprofile:shared:generateReleaseAssets UP-TO-DATE
> Task :features:verifysession:impl:mergeReleaseShaders UP-TO-DATE
> Task :features:userprofile:shared:mergeReleaseAssets UP-TO-DATE
> Task :features:verifysession:api:mergeReleaseShaders UP-TO-DATE
> Task :features:verifysession:impl:compileReleaseShaders NO-SOURCE
> Task :features:verifysession:api:compileReleaseShaders NO-SOURCE
> Task :features:verifysession:impl:generateReleaseAssets UP-TO-DATE
> Task :features:verifysession:api:generateReleaseAssets UP-TO-DATE
> Task :features:viewfolder:api:mergeReleaseShaders UP-TO-DATE
> Task :features:viewfolder:api:compileReleaseShaders NO-SOURCE
> Task :features:verifysession:api:mergeReleaseAssets UP-TO-DATE
> Task :features:viewfolder:api:generateReleaseAssets UP-TO-DATE
> Task :features:verifysession:impl:mergeReleaseAssets UP-TO-DATE
> Task :features:viewfolder:impl:mergeReleaseShaders UP-TO-DATE
> Task :features:viewfolder:api:mergeReleaseAssets UP-TO-DATE
> Task :features:viewfolder:impl:compileReleaseShaders NO-SOURCE
> Task :features:viewfolder:impl:generateReleaseAssets UP-TO-DATE
> Task :libraries:accountselect:impl:mergeReleaseShaders UP-TO-DATE
> Task :libraries:accountselect:api:mergeReleaseShaders UP-TO-DATE
> Task :features:viewfolder:impl:mergeReleaseAssets UP-TO-DATE
> Task :libraries:accountselect:impl:compileReleaseShaders NO-SOURCE
> Task :libraries:accountselect:impl:generateReleaseAssets UP-TO-DATE
> Task :libraries:accountselect:api:compileReleaseShaders NO-SOURCE
> Task :libraries:accountselect:api:generateReleaseAssets UP-TO-DATE
> Task :libraries:audio:api:mergeReleaseShaders UP-TO-DATE
> Task :libraries:accountselect:impl:mergeReleaseAssets UP-TO-DATE
> Task :libraries:audio:api:compileReleaseShaders NO-SOURCE
> Task :libraries:audio:api:generateReleaseAssets UP-TO-DATE
> Task :libraries:accountselect:api:mergeReleaseAssets UP-TO-DATE
> Task :libraries:audio:impl:mergeReleaseShaders UP-TO-DATE
> Task :libraries:audio:impl:compileReleaseShaders NO-SOURCE
> Task :libraries:audio:api:mergeReleaseAssets UP-TO-DATE
> Task :libraries:audio:impl:generateReleaseAssets UP-TO-DATE
> Task :libraries:cryptography:api:mergeReleaseShaders UP-TO-DATE
> Task :libraries:cryptography:impl:mergeReleaseShaders UP-TO-DATE
> Task :libraries:cryptography:api:compileReleaseShaders NO-SOURCE
> Task :libraries:cryptography:impl:compileReleaseShaders NO-SOURCE
> Task :libraries:cryptography:api:generateReleaseAssets UP-TO-DATE
> Task :libraries:cryptography:impl:generateReleaseAssets UP-TO-DATE
> Task :libraries:audio:impl:mergeReleaseAssets UP-TO-DATE
> Task :libraries:cryptography:api:mergeReleaseAssets UP-TO-DATE
> Task :libraries:dateformatter:api:mergeReleaseShaders UP-TO-DATE
> Task :libraries:dateformatter:api:compileReleaseShaders NO-SOURCE
> Task :libraries:cryptography:impl:mergeReleaseAssets UP-TO-DATE
> Task :libraries:dateformatter:api:generateReleaseAssets UP-TO-DATE
> Task :libraries:dateformatter:impl:mergeReleaseShaders UP-TO-DATE
> Task :libraries:dateformatter:impl:compileReleaseShaders NO-SOURCE
> Task :libraries:dateformatter:api:mergeReleaseAssets UP-TO-DATE
> Task :libraries:deeplink:api:mergeReleaseShaders UP-TO-DATE
> Task :libraries:dateformatter:impl:generateReleaseAssets UP-TO-DATE
> Task :libraries:deeplink:api:compileReleaseShaders NO-SOURCE
> Task :libraries:deeplink:impl:mergeReleaseShaders UP-TO-DATE
> Task :libraries:deeplink:api:generateReleaseAssets UP-TO-DATE
> Task :libraries:dateformatter:impl:mergeReleaseAssets UP-TO-DATE
> Task :libraries:deeplink:impl:compileReleaseShaders NO-SOURCE
> Task :libraries:eventformatter:api:mergeReleaseShaders UP-TO-DATE
> Task :libraries:deeplink:api:mergeReleaseAssets UP-TO-DATE
> Task :libraries:deeplink:impl:generateReleaseAssets UP-TO-DATE
> Task :libraries:eventformatter:api:compileReleaseShaders NO-SOURCE
> Task :libraries:eventformatter:api:generateReleaseAssets UP-TO-DATE
> Task :libraries:eventformatter:impl:mergeReleaseShaders UP-TO-DATE
> Task :libraries:eventformatter:api:mergeReleaseAssets UP-TO-DATE
> Task :libraries:eventformatter:impl:compileReleaseShaders NO-SOURCE
> Task :libraries:eventformatter:impl:generateReleaseAssets UP-TO-DATE
> Task :libraries:featureflag:api:mergeReleaseShaders UP-TO-DATE
> Task :libraries:eventformatter:impl:mergeReleaseAssets UP-TO-DATE
> Task :libraries:featureflag:api:compileReleaseShaders NO-SOURCE
> Task :libraries:featureflag:api:generateReleaseAssets UP-TO-DATE
> Task :libraries:featureflag:api:mergeReleaseAssets UP-TO-DATE
> Task :libraries:featureflag:impl:mergeReleaseShaders UP-TO-DATE
> Task :libraries:featureflag:impl:compileReleaseShaders NO-SOURCE
> Task :libraries:featureflag:impl:generateReleaseAssets UP-TO-DATE
> Task :libraries:featureflag:impl:mergeReleaseAssets UP-TO-DATE
> Task :libraries:fullscreenintent:api:mergeReleaseShaders UP-TO-DATE
> Task :libraries:fullscreenintent:api:compileReleaseShaders NO-SOURCE
> Task :libraries:fullscreenintent:api:generateReleaseAssets UP-TO-DATE
> Task :libraries:fullscreenintent:api:mergeReleaseAssets UP-TO-DATE
> Task :libraries:fullscreenintent:impl:mergeReleaseShaders UP-TO-DATE
> Task :libraries:fullscreenintent:impl:compileReleaseShaders NO-SOURCE
> Task :libraries:fullscreenintent:impl:generateReleaseAssets UP-TO-DATE
> Task :libraries:fullscreenintent:impl:mergeReleaseAssets UP-TO-DATE
> Task :libraries:indicator:api:mergeReleaseShaders UP-TO-DATE
> Task :libraries:indicator:api:compileReleaseShaders NO-SOURCE
> Task :libraries:indicator:api:generateReleaseAssets UP-TO-DATE
> Task :libraries:indicator:api:mergeReleaseAssets UP-TO-DATE
> Task :libraries:indicator:impl:mergeReleaseShaders UP-TO-DATE
> Task :libraries:indicator:impl:compileReleaseShaders NO-SOURCE
> Task :libraries:indicator:impl:generateReleaseAssets UP-TO-DATE
> Task :features:roomdirectory:impl:mergeReleaseAssets UP-TO-DATE
> Task :features:securebackup:api:mergeReleaseShaders UP-TO-DATE
> Task :features:userprofile:api:mergeReleaseShaders UP-TO-DATE
> Task :libraries:indicator:impl:mergeReleaseAssets UP-TO-DATE
> Task :libraries:deeplink:impl:mergeReleaseAssets UP-TO-DATE
> Task :features:securebackup:api:compileReleaseShaders NO-SOURCE
> Task :features:securebackup:api:generateReleaseAssets UP-TO-DATE
> Task :libraries:matrixmedia:impl:mergeReleaseShaders UP-TO-DATE
> Task :libraries:matrix:impl:mergeReleaseShaders UP-TO-DATE
> Task :libraries:matrixmedia:api:mergeReleaseShaders UP-TO-DATE
> Task :libraries:matrixmedia:impl:compileReleaseShaders NO-SOURCE
> Task :libraries:matrixmedia:impl:generateReleaseAssets UP-TO-DATE
> Task :features:userprofile:api:compileReleaseShaders NO-SOURCE
> Task :libraries:matrix:impl:compileReleaseShaders NO-SOURCE
> Task :features:userprofile:api:generateReleaseAssets UP-TO-DATE
> Task :libraries:matrixmedia:api:compileReleaseShaders NO-SOURCE
> Task :libraries:matrixmedia:api:generateReleaseAssets UP-TO-DATE
> Task :features:securebackup:api:mergeReleaseAssets UP-TO-DATE
> Task :libraries:matrix:impl:generateReleaseAssets UP-TO-DATE
> Task :libraries:matrixmedia:impl:mergeReleaseAssets UP-TO-DATE
> Task :libraries:mediapickers:impl:mergeReleaseShaders UP-TO-DATE
> Task :features:userprofile:api:mergeReleaseAssets UP-TO-DATE
> Task :libraries:mediapickers:impl:compileReleaseShaders NO-SOURCE
> Task :libraries:mediapickers:impl:generateReleaseAssets UP-TO-DATE
> Task :libraries:mediapickers:api:mergeReleaseShaders UP-TO-DATE
> Task :libraries:matrix:impl:mergeReleaseAssets UP-TO-DATE
> Task :libraries:mediaplayer:api:mergeReleaseShaders UP-TO-DATE
> Task :libraries:featureflag:ui:mergeReleaseShaders UP-TO-DATE
> Task :libraries:mediapickers:api:compileReleaseShaders NO-SOURCE
> Task :libraries:featureflag:ui:compileReleaseShaders NO-SOURCE
> Task :libraries:featureflag:ui:generateReleaseAssets UP-TO-DATE
> Task :libraries:mediaplayer:api:compileReleaseShaders NO-SOURCE
> Task :libraries:mediaplayer:api:generateReleaseAssets UP-TO-DATE
> Task :libraries:mediapickers:api:generateReleaseAssets UP-TO-DATE
> Task :libraries:matrixmedia:api:mergeReleaseAssets UP-TO-DATE
> Task :libraries:mediaplayer:impl:mergeReleaseShaders UP-TO-DATE
> Task :libraries:featureflag:ui:mergeReleaseAssets UP-TO-DATE
> Task :libraries:mediapickers:impl:mergeReleaseAssets UP-TO-DATE
> Task :libraries:mediaplayer:api:mergeReleaseAssets UP-TO-DATE
> Task :libraries:mediaplayer:impl:compileReleaseShaders NO-SOURCE
> Task :libraries:mediaplayer:impl:generateReleaseAssets UP-TO-DATE
> Task :libraries:mediapickers:api:mergeReleaseAssets UP-TO-DATE
> Task :libraries:mediaviewer:impl:mergeReleaseShaders UP-TO-DATE
> Task :libraries:mediaupload:impl:mergeReleaseShaders UP-TO-DATE
> Task :libraries:mediaupload:api:mergeReleaseShaders UP-TO-DATE
> Task :libraries:mediaviewer:impl:compileReleaseShaders NO-SOURCE
> Task :libraries:mediaviewer:impl:generateReleaseAssets UP-TO-DATE
> Task :libraries:mediaviewer:api:mergeReleaseShaders UP-TO-DATE
> Task :libraries:mediaplayer:impl:mergeReleaseAssets UP-TO-DATE
> Task :libraries:mediaupload:impl:compileReleaseShaders NO-SOURCE
> Task :libraries:mediaupload:impl:generateReleaseAssets UP-TO-DATE
> Task :libraries:mediaupload:api:compileReleaseShaders NO-SOURCE
> Task :libraries:mediaupload:api:generateReleaseAssets UP-TO-DATE
> Task :libraries:mediaviewer:api:compileReleaseShaders NO-SOURCE
> Task :libraries:oidc:api:mergeReleaseShaders UP-TO-DATE
> Task :libraries:oidc:impl:mergeReleaseShaders UP-TO-DATE
> Task :libraries:mediaviewer:impl:mergeReleaseAssets UP-TO-DATE
> Task :libraries:mediaviewer:api:generateReleaseAssets UP-TO-DATE
> Task :libraries:oidc:impl:compileReleaseShaders NO-SOURCE
> Task :libraries:oidc:impl:generateReleaseAssets UP-TO-DATE
> Task :libraries:mediaupload:impl:mergeReleaseAssets UP-TO-DATE
> Task :libraries:permissions:api:mergeReleaseShaders UP-TO-DATE
> Task :libraries:mediaviewer:api:mergeReleaseAssets UP-TO-DATE
> Task :libraries:mediaupload:api:mergeReleaseAssets UP-TO-DATE
> Task :libraries:permissions:api:compileReleaseShaders NO-SOURCE
> Task :libraries:permissions:api:generateReleaseAssets UP-TO-DATE
> Task :libraries:oidc:impl:mergeReleaseAssets UP-TO-DATE
> Task :libraries:permissions:api:mergeReleaseAssets UP-TO-DATE
> Task :libraries:preferences:api:mergeReleaseShaders UP-TO-DATE
> Task :libraries:push:api:mergeReleaseShaders UP-TO-DATE
> Task :libraries:oidc:api:compileReleaseShaders NO-SOURCE
> Task :libraries:oidc:api:generateReleaseAssets UP-TO-DATE
> Task :libraries:push:api:compileReleaseShaders NO-SOURCE
> Task :libraries:push:api:generateReleaseAssets UP-TO-DATE
> Task :libraries:permissions:impl:mergeReleaseShaders UP-TO-DATE
> Task :libraries:push:api:mergeReleaseAssets UP-TO-DATE
> Task :libraries:permissions:noop:mergeReleaseShaders UP-TO-DATE
> Task :libraries:oidc:api:mergeReleaseAssets UP-TO-DATE
> Task :libraries:preferences:impl:mergeReleaseShaders UP-TO-DATE
> Task :libraries:permissions:impl:compileReleaseShaders NO-SOURCE
> Task :libraries:permissions:impl:generateReleaseAssets UP-TO-DATE
> Task :libraries:permissions:noop:compileReleaseShaders NO-SOURCE
> Task :libraries:push:impl:mergeReleaseShaders UP-TO-DATE
> Task :libraries:permissions:noop:generateReleaseAssets UP-TO-DATE
> Task :libraries:pushproviders:api:mergeReleaseShaders UP-TO-DATE
> Task :libraries:preferences:impl:compileReleaseShaders NO-SOURCE
> Task :libraries:preferences:impl:generateReleaseAssets UP-TO-DATE
> Task :libraries:push:impl:compileReleaseShaders NO-SOURCE
> Task :libraries:pushproviders:api:compileReleaseShaders NO-SOURCE
> Task :libraries:push:impl:generateReleaseAssets UP-TO-DATE
> Task :libraries:pushproviders:api:generateReleaseAssets UP-TO-DATE
> Task :libraries:permissions:impl:mergeReleaseAssets UP-TO-DATE
> Task :libraries:permissions:noop:mergeReleaseAssets UP-TO-DATE
> Task :libraries:preferences:api:compileReleaseShaders NO-SOURCE
> Task :libraries:preferences:api:generateReleaseAssets UP-TO-DATE
> Task :libraries:pushproviders:api:mergeReleaseAssets UP-TO-DATE
> Task :libraries:preferences:impl:mergeReleaseAssets UP-TO-DATE
> Task :libraries:pushproviders:firebase:mergeReleaseShaders UP-TO-DATE
> Task :libraries:push:impl:mergeReleaseAssets UP-TO-DATE
> Task :libraries:pushproviders:unifiedpush:mergeReleaseShaders UP-TO-DATE
> Task :libraries:pushstore:api:mergeReleaseShaders UP-TO-DATE
> Task :libraries:pushproviders:firebase:compileReleaseShaders NO-SOURCE
> Task :libraries:pushproviders:unifiedpush:compileReleaseShaders NO-SOURCE
> Task :libraries:preferences:api:mergeReleaseAssets UP-TO-DATE
> Task :libraries:pushproviders:firebase:generateReleaseAssets UP-TO-DATE
> Task :libraries:pushstore:api:compileReleaseShaders NO-SOURCE
> Task :libraries:recentemojis:api:mergeReleaseShaders UP-TO-DATE
> Task :libraries:pushproviders:unifiedpush:generateReleaseAssets UP-TO-DATE
> Task :libraries:recentemojis:api:compileReleaseShaders NO-SOURCE
> Task :libraries:pushstore:impl:mergeReleaseShaders UP-TO-DATE
> Task :libraries:recentemojis:api:generateReleaseAssets UP-TO-DATE
> Task :libraries:pushstore:impl:compileReleaseShaders NO-SOURCE
> Task :libraries:pushstore:impl:generateReleaseAssets UP-TO-DATE
> Task :libraries:pushstore:api:generateReleaseAssets UP-TO-DATE
> Task :libraries:pushproviders:firebase:mergeReleaseAssets UP-TO-DATE
> Task :libraries:pushproviders:unifiedpush:mergeReleaseAssets UP-TO-DATE
> Task :libraries:roomselect:api:mergeReleaseShaders UP-TO-DATE
> Task :libraries:roomselect:api:compileReleaseShaders NO-SOURCE
> Task :libraries:roomselect:api:generateReleaseAssets UP-TO-DATE
> Task :libraries:pushstore:api:mergeReleaseAssets UP-TO-DATE
> Task :libraries:roomselect:api:mergeReleaseAssets UP-TO-DATE
> Task :libraries:pushstore:impl:mergeReleaseAssets UP-TO-DATE
> Task :libraries:recentemojis:impl:mergeReleaseShaders UP-TO-DATE
> Task :libraries:roomselect:impl:mergeReleaseShaders UP-TO-DATE
> Task :libraries:recentemojis:impl:compileReleaseShaders NO-SOURCE
> Task :libraries:recentemojis:impl:generateReleaseAssets UP-TO-DATE
> Task :libraries:session-storage:impl:mergeReleaseShaders UP-TO-DATE
> Task :libraries:textcomposer:impl:mergeReleaseShaders UP-TO-DATE
> Task :libraries:roomselect:impl:compileReleaseShaders NO-SOURCE
> Task :libraries:recentemojis:api:mergeReleaseAssets UP-TO-DATE
> Task :libraries:roomselect:impl:generateReleaseAssets UP-TO-DATE
> Task :libraries:session-storage:impl:compileReleaseShaders NO-SOURCE
> Task :libraries:session-storage:impl:generateReleaseAssets UP-TO-DATE
> Task :libraries:textcomposer:impl:compileReleaseShaders NO-SOURCE
> Task :libraries:textcomposer:impl:generateReleaseAssets UP-TO-DATE
> Task :libraries:recentemojis:impl:mergeReleaseAssets UP-TO-DATE
> Task :libraries:troubleshoot:api:mergeReleaseShaders UP-TO-DATE
> Task :libraries:roomselect:impl:mergeReleaseAssets UP-TO-DATE
> Task :libraries:textcomposer:impl:mergeReleaseAssets UP-TO-DATE
> Task :libraries:session-storage:impl:mergeReleaseAssets UP-TO-DATE
> Task :libraries:troubleshoot:api:compileReleaseShaders NO-SOURCE
> Task :libraries:troubleshoot:impl:mergeReleaseShaders UP-TO-DATE
> Task :libraries:troubleshoot:api:generateReleaseAssets UP-TO-DATE
> Task :libraries:usersearch:api:mergeReleaseShaders UP-TO-DATE
> Task :libraries:usersearch:impl:mergeReleaseShaders UP-TO-DATE
> Task :libraries:voiceplayer:api:mergeReleaseShaders UP-TO-DATE
> Task :libraries:troubleshoot:impl:compileReleaseShaders NO-SOURCE
> Task :libraries:usersearch:api:compileReleaseShaders NO-SOURCE
> Task :libraries:troubleshoot:api:mergeReleaseAssets UP-TO-DATE
> Task :libraries:session-storage:api:mergeReleaseShaders UP-TO-DATE
> Task :libraries:troubleshoot:impl:generateReleaseAssets UP-TO-DATE
> Task :libraries:usersearch:api:generateReleaseAssets UP-TO-DATE
> Task :libraries:usersearch:impl:compileReleaseShaders NO-SOURCE
> Task :libraries:usersearch:impl:generateReleaseAssets UP-TO-DATE
> Task :libraries:voiceplayer:api:compileReleaseShaders NO-SOURCE
> Task :libraries:session-storage:api:compileReleaseShaders NO-SOURCE
> Task :libraries:voiceplayer:api:generateReleaseAssets UP-TO-DATE
> Task :libraries:session-storage:api:generateReleaseAssets UP-TO-DATE
> Task :libraries:usersearch:impl:mergeReleaseAssets UP-TO-DATE
> Task :libraries:usersearch:api:mergeReleaseAssets UP-TO-DATE
> Task :libraries:troubleshoot:impl:mergeReleaseAssets UP-TO-DATE
> Task :libraries:session-storage:api:mergeReleaseAssets UP-TO-DATE
> Task :libraries:voicerecorder:api:mergeReleaseShaders UP-TO-DATE
> Task :libraries:voicerecorder:api:compileReleaseShaders NO-SOURCE
> Task :libraries:voicerecorder:impl:mergeReleaseShaders UP-TO-DATE
> Task :libraries:voicerecorder:api:generateReleaseAssets UP-TO-DATE
> Task :libraries:wellknown:api:mergeReleaseShaders UP-TO-DATE
> Task :libraries:wellknown:impl:mergeReleaseShaders UP-TO-DATE
> Task :libraries:voicerecorder:impl:compileReleaseShaders NO-SOURCE
> Task :libraries:wellknown:api:compileReleaseShaders NO-SOURCE
> Task :libraries:voicerecorder:impl:generateReleaseAssets UP-TO-DATE
> Task :libraries:wellknown:impl:compileReleaseShaders NO-SOURCE
> Task :libraries:wellknown:impl:generateReleaseAssets UP-TO-DATE
> Task :libraries:wellknown:api:generateReleaseAssets UP-TO-DATE
> Task :libraries:voicerecorder:impl:mergeReleaseAssets UP-TO-DATE
> Task :libraries:voiceplayer:impl:mergeReleaseShaders UP-TO-DATE
> Task :libraries:voiceplayer:impl:compileReleaseShaders NO-SOURCE
> Task :libraries:voiceplayer:impl:generateReleaseAssets UP-TO-DATE
> Task :libraries:voiceplayer:api:mergeReleaseAssets UP-TO-DATE
> Task :libraries:voicerecorder:api:mergeReleaseAssets UP-TO-DATE
> Task :libraries:voiceplayer:impl:mergeReleaseAssets UP-TO-DATE
> Task :libraries:wellknown:api:mergeReleaseAssets UP-TO-DATE
> Task :libraries:wellknown:impl:mergeReleaseAssets UP-TO-DATE
> Task :services:analytics:compose:mergeReleaseShaders UP-TO-DATE
> Task :services:analytics:impl:mergeReleaseShaders UP-TO-DATE
> Task :libraries:workmanager:impl:mergeReleaseShaders UP-TO-DATE
> Task :services:analytics:impl:compileReleaseShaders NO-SOURCE
> Task :services:analytics:impl:generateReleaseAssets UP-TO-DATE
> Task :services:analytics:compose:compileReleaseShaders NO-SOURCE
> Task :services:analytics:compose:generateReleaseAssets UP-TO-DATE
> Task :services:analytics:api:mergeReleaseShaders UP-TO-DATE
> Task :services:analyticsproviders:api:mergeReleaseShaders UP-TO-DATE
> Task :libraries:workmanager:api:mergeReleaseShaders UP-TO-DATE
> Task :libraries:workmanager:impl:compileReleaseShaders NO-SOURCE
> Task :services:analyticsproviders:api:compileReleaseShaders NO-SOURCE
> Task :libraries:workmanager:impl:generateReleaseAssets UP-TO-DATE
> Task :services:analytics:impl:mergeReleaseAssets UP-TO-DATE
> Task :services:analyticsproviders:api:generateReleaseAssets UP-TO-DATE
> Task :services:analyticsproviders:api:mergeReleaseAssets UP-TO-DATE
> Task :services:analytics:compose:mergeReleaseAssets UP-TO-DATE
> Task :libraries:workmanager:impl:mergeReleaseAssets UP-TO-DATE
> Task :services:analytics:api:compileReleaseShaders NO-SOURCE
> Task :libraries:workmanager:api:compileReleaseShaders NO-SOURCE
> Task :services:apperror:impl:mergeReleaseShaders UP-TO-DATE
> Task :services:analyticsproviders:posthog:mergeReleaseShaders UP-TO-DATE
> Task :libraries:workmanager:api:generateReleaseAssets UP-TO-DATE
> Task :services:analytics:api:generateReleaseAssets UP-TO-DATE
> Task :services:analyticsproviders:posthog:compileReleaseShaders NO-SOURCE
> Task :services:apperror:impl:compileReleaseShaders NO-SOURCE
> Task :services:analyticsproviders:posthog:generateReleaseAssets UP-TO-DATE
> Task :services:apperror:api:mergeReleaseShaders UP-TO-DATE
> Task :services:apperror:impl:generateReleaseAssets UP-TO-DATE
> Task :services:appnavstate:api:mergeReleaseShaders UP-TO-DATE
> Task :libraries:workmanager:api:mergeReleaseAssets UP-TO-DATE
> Task :services:apperror:api:compileReleaseShaders NO-SOURCE
> Task :services:analytics:api:mergeReleaseAssets UP-TO-DATE
> Task :services:appnavstate:api:compileReleaseShaders NO-SOURCE
> Task :services:appnavstate:api:generateReleaseAssets UP-TO-DATE
> Task :services:apperror:api:generateReleaseAssets UP-TO-DATE
> Task :services:apperror:impl:mergeReleaseAssets UP-TO-DATE
> Task :services:analyticsproviders:posthog:mergeReleaseAssets UP-TO-DATE
> Task :services:appnavstate:impl:mergeReleaseShaders UP-TO-DATE
> Task :services:toolbox:api:mergeReleaseShaders UP-TO-DATE
> Task :services:appnavstate:api:mergeReleaseAssets UP-TO-DATE
> Task :services:toolbox:impl:mergeReleaseShaders UP-TO-DATE
> Task :services:appnavstate:impl:compileReleaseShaders NO-SOURCE
> Task :services:toolbox:api:compileReleaseShaders NO-SOURCE
> Task :services:appnavstate:impl:generateReleaseAssets UP-TO-DATE
> Task :services:toolbox:api:generateReleaseAssets UP-TO-DATE
> Task :services:toolbox:impl:compileReleaseShaders NO-SOURCE
> Task :services:apperror:api:mergeReleaseAssets UP-TO-DATE
> Task :services:toolbox:impl:generateReleaseAssets UP-TO-DATE
> Task :services:toolbox:impl:mergeReleaseAssets UP-TO-DATE
> Task :services:toolbox:api:mergeReleaseAssets UP-TO-DATE
> Task :appnav:mergeReleaseJniLibFolders UP-TO-DATE
> Task :appnav:mergeReleaseNativeLibs NO-SOURCE
> Task :appnav:copyReleaseJniLibsProjectOnly UP-TO-DATE
> Task :appicon:element:mergeReleaseJniLibFolders UP-TO-DATE
> Task :appicon:element:mergeReleaseNativeLibs NO-SOURCE
> Task :services:appnavstate:impl:mergeReleaseAssets UP-TO-DATE
> Task :appicon:element:copyReleaseJniLibsProjectOnly UP-TO-DATE
> Task :libraries:androidutils:mergeReleaseJniLibFolders UP-TO-DATE
> Task :libraries:androidutils:mergeReleaseNativeLibs NO-SOURCE
> Task :libraries:architecture:mergeReleaseJniLibFolders UP-TO-DATE
> Task :appconfig:mergeReleaseJniLibFolders UP-TO-DATE
> Task :libraries:architecture:mergeReleaseNativeLibs NO-SOURCE
> Task :libraries:androidutils:copyReleaseJniLibsProjectOnly UP-TO-DATE
> Task :libraries:architecture:copyReleaseJniLibsProjectOnly UP-TO-DATE
> Task :appconfig:mergeReleaseNativeLibs NO-SOURCE
> Task :libraries:compound:mergeReleaseJniLibFolders UP-TO-DATE
> Task :libraries:designsystem:mergeReleaseJniLibFolders UP-TO-DATE
> Task :appconfig:copyReleaseJniLibsProjectOnly UP-TO-DATE
> Task :libraries:designsystem:mergeReleaseNativeLibs NO-SOURCE
> Task :libraries:compound:mergeReleaseNativeLibs NO-SOURCE
> Task :libraries:designsystem:copyReleaseJniLibsProjectOnly UP-TO-DATE
> Task :libraries:maplibre-compose:mergeReleaseJniLibFolders UP-TO-DATE
> Task :libraries:maplibre-compose:mergeReleaseNativeLibs NO-SOURCE
> Task :libraries:matrixui:mergeReleaseJniLibFolders UP-TO-DATE
> Task :libraries:encrypted-db:mergeReleaseJniLibFolders UP-TO-DATE
> Task :libraries:matrixui:mergeReleaseNativeLibs NO-SOURCE
> Task :libraries:maplibre-compose:copyReleaseJniLibsProjectOnly UP-TO-DATE
> Task :libraries:encrypted-db:mergeReleaseNativeLibs NO-SOURCE
> Task :libraries:matrixui:copyReleaseJniLibsProjectOnly UP-TO-DATE
> Task :libraries:network:mergeReleaseJniLibFolders UP-TO-DATE
> Task :libraries:network:mergeReleaseNativeLibs NO-SOURCE
> Task :libraries:previewutils:mergeReleaseJniLibFolders UP-TO-DATE
> Task :libraries:compound:copyReleaseJniLibsProjectOnly UP-TO-DATE
> Task :libraries:previewutils:mergeReleaseNativeLibs NO-SOURCE
> Task :libraries:network:copyReleaseJniLibsProjectOnly UP-TO-DATE
> Task :libraries:encrypted-db:copyReleaseJniLibsProjectOnly UP-TO-DATE
> Task :libraries:qrcode:mergeReleaseJniLibFolders UP-TO-DATE
> Task :libraries:previewutils:copyReleaseJniLibsProjectOnly UP-TO-DATE
> Task :libraries:testtags:mergeReleaseJniLibFolders UP-TO-DATE
> Task :libraries:ui-strings:mergeReleaseJniLibFolders UP-TO-DATE
> Task :libraries:ui-common:mergeReleaseJniLibFolders UP-TO-DATE
> Task :libraries:qrcode:mergeReleaseNativeLibs NO-SOURCE
> Task :libraries:ui-utils:mergeReleaseJniLibFolders UP-TO-DATE
> Task :libraries:testtags:mergeReleaseNativeLibs NO-SOURCE
> Task :libraries:ui-utils:mergeReleaseNativeLibs NO-SOURCE
> Task :libraries:qrcode:copyReleaseJniLibsProjectOnly UP-TO-DATE
> Task :libraries:ui-common:mergeReleaseNativeLibs NO-SOURCE
> Task :libraries:ui-strings:mergeReleaseNativeLibs NO-SOURCE
> Task :libraries:ui-utils:copyReleaseJniLibsProjectOnly UP-TO-DATE
> Task :libraries:testtags:copyReleaseJniLibsProjectOnly UP-TO-DATE
> Task :libraries:ui-common:copyReleaseJniLibsProjectOnly UP-TO-DATE
> Task :libraries:ui-strings:copyReleaseJniLibsProjectOnly UP-TO-DATE
> Task :features:analytics:api:mergeReleaseJniLibFolders UP-TO-DATE
> Task :features:announcement:api:mergeReleaseJniLibFolders UP-TO-DATE
> Task :features:analytics:impl:mergeReleaseJniLibFolders UP-TO-DATE
> Task :features:announcement:impl:mergeReleaseJniLibFolders UP-TO-DATE
> Task :features:cachecleaner:api:mergeReleaseJniLibFolders UP-TO-DATE
> Task :features:call:api:mergeReleaseJniLibFolders UP-TO-DATE
> Task :features:analytics:impl:mergeReleaseNativeLibs NO-SOURCE
> Task :features:announcement:api:mergeReleaseNativeLibs NO-SOURCE
> Task :features:announcement:impl:mergeReleaseNativeLibs NO-SOURCE
> Task :features:cachecleaner:api:mergeReleaseNativeLibs NO-SOURCE
> Task :features:announcement:impl:copyReleaseJniLibsProjectOnly UP-TO-DATE
> Task :features:analytics:impl:copyReleaseJniLibsProjectOnly UP-TO-DATE
> Task :features:announcement:api:copyReleaseJniLibsProjectOnly UP-TO-DATE
> Task :features:analytics:api:mergeReleaseNativeLibs NO-SOURCE
> Task :features:createroom:impl:mergeReleaseJniLibFolders UP-TO-DATE
> Task :features:call:impl:mergeReleaseJniLibFolders UP-TO-DATE
> Task :features:cachecleaner:api:copyReleaseJniLibsProjectOnly UP-TO-DATE
> Task :features:call:api:mergeReleaseNativeLibs NO-SOURCE
> Task :features:analytics:api:copyReleaseJniLibsProjectOnly UP-TO-DATE
> Task :features:createroom:api:mergeReleaseJniLibFolders UP-TO-DATE
> Task :features:createroom:impl:mergeReleaseNativeLibs NO-SOURCE
> Task :features:call:impl:mergeReleaseNativeLibs NO-SOURCE
> Task :features:deactivation:api:mergeReleaseJniLibFolders UP-TO-DATE
> Task :features:deactivation:impl:mergeReleaseJniLibFolders UP-TO-DATE
> Task :features:createroom:impl:copyReleaseJniLibsProjectOnly UP-TO-DATE
> Task :features:deactivation:api:mergeReleaseNativeLibs NO-SOURCE
> Task :features:call:api:copyReleaseJniLibsProjectOnly UP-TO-DATE
> Task :features:createroom:api:mergeReleaseNativeLibs NO-SOURCE
> Task :features:call:impl:copyReleaseJniLibsProjectOnly UP-TO-DATE
> Task :features:enterprise:impl-foss:mergeReleaseJniLibFolders UP-TO-DATE
> Task :features:enterprise:api:mergeReleaseJniLibFolders UP-TO-DATE
> Task :features:deactivation:api:copyReleaseJniLibsProjectOnly UP-TO-DATE
> Task :features:deactivation:impl:mergeReleaseNativeLibs NO-SOURCE
> Task :features:createroom:api:copyReleaseJniLibsProjectOnly UP-TO-DATE
> Task :features:enterprise:api:mergeReleaseNativeLibs NO-SOURCE
> Task :features:enterprise:impl-foss:mergeReleaseNativeLibs NO-SOURCE
> Task :features:forward:impl:mergeReleaseJniLibFolders UP-TO-DATE
> Task :features:deactivation:impl:copyReleaseJniLibsProjectOnly UP-TO-DATE
> Task :features:enterprise:api:copyReleaseJniLibsProjectOnly UP-TO-DATE
> Task :features:enterprise:impl-foss:copyReleaseJniLibsProjectOnly UP-TO-DATE
> Task :features:ftue:api:mergeReleaseJniLibFolders UP-TO-DATE
> Task :features:forward:impl:mergeReleaseNativeLibs NO-SOURCE
> Task :features:ftue:api:mergeReleaseNativeLibs NO-SOURCE
> Task :features:ftue:impl:mergeReleaseJniLibFolders UP-TO-DATE
> Task :features:ftue:api:copyReleaseJniLibsProjectOnly UP-TO-DATE
> Task :features:home:api:mergeReleaseJniLibFolders UP-TO-DATE
> Task :features:home:impl:mergeReleaseJniLibFolders UP-TO-DATE
> Task :features:forward:impl:copyReleaseJniLibsProjectOnly UP-TO-DATE
> Task :features:ftue:impl:mergeReleaseNativeLibs NO-SOURCE
> Task :features:forward:api:mergeReleaseJniLibFolders UP-TO-DATE
> Task :features:home:api:mergeReleaseNativeLibs NO-SOURCE
> Task :features:ftue:impl:copyReleaseJniLibsProjectOnly UP-TO-DATE
> Task :features:invite:impl:mergeReleaseJniLibFolders UP-TO-DATE
> Task :features:invite:api:mergeReleaseJniLibFolders UP-TO-DATE
> Task :features:home:impl:mergeReleaseNativeLibs NO-SOURCE
> Task :features:home:api:copyReleaseJniLibsProjectOnly UP-TO-DATE
> Task :features:forward:api:mergeReleaseNativeLibs NO-SOURCE
> Task :features:invite:impl:mergeReleaseNativeLibs NO-SOURCE
> Task :features:invitepeople:api:mergeReleaseJniLibFolders UP-TO-DATE
> Task :features:invite:api:mergeReleaseNativeLibs NO-SOURCE
> Task :features:home:impl:copyReleaseJniLibsProjectOnly UP-TO-DATE
> Task :features:invite:impl:copyReleaseJniLibsProjectOnly UP-TO-DATE
> Task :features:invitepeople:api:mergeReleaseNativeLibs NO-SOURCE
> Task :features:invitepeople:impl:mergeReleaseJniLibFolders UP-TO-DATE
> Task :features:forward:api:copyReleaseJniLibsProjectOnly UP-TO-DATE
> Task :features:invite:api:copyReleaseJniLibsProjectOnly UP-TO-DATE
> Task :features:joinroom:api:mergeReleaseJniLibFolders UP-TO-DATE
> Task :features:invitepeople:api:copyReleaseJniLibsProjectOnly UP-TO-DATE
> Task :features:joinroom:impl:mergeReleaseJniLibFolders UP-TO-DATE
> Task :features:invitepeople:impl:mergeReleaseNativeLibs NO-SOURCE
> Task :features:knockrequests:api:mergeReleaseJniLibFolders UP-TO-DATE
> Task :features:knockrequests:impl:mergeReleaseJniLibFolders UP-TO-DATE
> Task :features:joinroom:impl:mergeReleaseNativeLibs NO-SOURCE
> Task :features:joinroom:api:mergeReleaseNativeLibs NO-SOURCE
> Task :features:leaveroom:api:mergeReleaseJniLibFolders UP-TO-DATE
> Task :features:invitepeople:impl:copyReleaseJniLibsProjectOnly UP-TO-DATE
> Task :features:joinroom:impl:copyReleaseJniLibsProjectOnly UP-TO-DATE
> Task :features:joinroom:api:copyReleaseJniLibsProjectOnly UP-TO-DATE
> Task :features:knockrequests:impl:mergeReleaseNativeLibs NO-SOURCE
> Task :features:knockrequests:api:mergeReleaseNativeLibs NO-SOURCE
> Task :features:leaveroom:api:mergeReleaseNativeLibs NO-SOURCE
> Task :features:licenses:api:mergeReleaseJniLibFolders UP-TO-DATE
> Task :features:knockrequests:impl:copyReleaseJniLibsProjectOnly UP-TO-DATE
> Task :features:leaveroom:impl:mergeReleaseJniLibFolders UP-TO-DATE
> Task :features:knockrequests:api:copyReleaseJniLibsProjectOnly UP-TO-DATE
> Task :features:licenses:impl:mergeReleaseJniLibFolders UP-TO-DATE
> Task :features:licenses:api:mergeReleaseNativeLibs NO-SOURCE
> Task :features:leaveroom:api:copyReleaseJniLibsProjectOnly UP-TO-DATE
> Task :features:leaveroom:impl:mergeReleaseNativeLibs NO-SOURCE
> Task :features:licenses:impl:mergeReleaseNativeLibs NO-SOURCE
> Task :features:licenses:api:copyReleaseJniLibsProjectOnly UP-TO-DATE
> Task :features:location:impl:mergeReleaseJniLibFolders UP-TO-DATE
> Task :features:lockscreen:impl:mergeReleaseJniLibFolders UP-TO-DATE
> Task :features:location:api:mergeReleaseJniLibFolders UP-TO-DATE
> Task :features:location:impl:mergeReleaseNativeLibs NO-SOURCE
> Task :features:login:api:mergeReleaseJniLibFolders UP-TO-DATE
> Task :features:leaveroom:impl:copyReleaseJniLibsProjectOnly UP-TO-DATE
> Task :features:licenses:impl:copyReleaseJniLibsProjectOnly UP-TO-DATE
> Task :features:lockscreen:impl:mergeReleaseNativeLibs NO-SOURCE
> Task :features:location:api:mergeReleaseNativeLibs NO-SOURCE
> Task :features:login:api:mergeReleaseNativeLibs NO-SOURCE
> Task :features:location:api:copyReleaseJniLibsProjectOnly UP-TO-DATE
> Task :features:lockscreen:impl:copyReleaseJniLibsProjectOnly UP-TO-DATE
> Task :features:login:impl:mergeReleaseJniLibFolders UP-TO-DATE
> Task :features:location:impl:copyReleaseJniLibsProjectOnly UP-TO-DATE
> Task :features:login:api:copyReleaseJniLibsProjectOnly UP-TO-DATE
> Task :features:logout:api:mergeReleaseJniLibFolders UP-TO-DATE
> Task :features:logout:impl:mergeReleaseJniLibFolders UP-TO-DATE
> Task :features:messages:api:mergeReleaseJniLibFolders UP-TO-DATE
> Task :features:logout:api:mergeReleaseNativeLibs NO-SOURCE
> Task :features:login:impl:mergeReleaseNativeLibs NO-SOURCE
> Task :features:migration:api:mergeReleaseJniLibFolders UP-TO-DATE
> Task :features:logout:api:copyReleaseJniLibsProjectOnly UP-TO-DATE
> Task :features:logout:impl:mergeReleaseNativeLibs NO-SOURCE
> Task :features:messages:api:mergeReleaseNativeLibs NO-SOURCE
> Task :features:login:impl:copyReleaseJniLibsProjectOnly UP-TO-DATE
> Task :features:migration:api:mergeReleaseNativeLibs NO-SOURCE
> Task :features:logout:impl:copyReleaseJniLibsProjectOnly UP-TO-DATE
> Task :features:migration:impl:mergeReleaseJniLibFolders UP-TO-DATE
> Task :features:messages:api:copyReleaseJniLibsProjectOnly UP-TO-DATE
> Task :features:migration:api:copyReleaseJniLibsProjectOnly UP-TO-DATE
> Task :features:networkmonitor:api:mergeReleaseJniLibFolders UP-TO-DATE
> Task :features:networkmonitor:impl:mergeReleaseJniLibFolders UP-TO-DATE
> Task :features:poll:api:mergeReleaseJniLibFolders UP-TO-DATE
> Task :features:poll:impl:mergeReleaseJniLibFolders UP-TO-DATE
> Task :features:migration:impl:mergeReleaseNativeLibs NO-SOURCE
> Task :features:poll:api:mergeReleaseNativeLibs NO-SOURCE
> Task :features:networkmonitor:impl:mergeReleaseNativeLibs NO-SOURCE
> Task :features:networkmonitor:api:mergeReleaseNativeLibs NO-SOURCE
> Task :features:poll:impl:mergeReleaseNativeLibs NO-SOURCE
> Task :features:networkmonitor:api:copyReleaseJniLibsProjectOnly UP-TO-DATE
> Task :features:networkmonitor:impl:copyReleaseJniLibsProjectOnly UP-TO-DATE
> Task :features:poll:impl:copyReleaseJniLibsProjectOnly UP-TO-DATE
> Task :features:migration:impl:copyReleaseJniLibsProjectOnly UP-TO-DATE
> Task :features:preferences:impl:mergeReleaseJniLibFolders UP-TO-DATE
> Task :features:poll:api:copyReleaseJniLibsProjectOnly UP-TO-DATE
> Task :features:rageshake:impl:mergeReleaseJniLibFolders UP-TO-DATE
> Task :features:rageshake:api:mergeReleaseJniLibFolders UP-TO-DATE
> Task :features:reportroom:api:mergeReleaseJniLibFolders UP-TO-DATE
> Task :features:preferences:impl:mergeReleaseNativeLibs NO-SOURCE
> Task :features:rageshake:api:mergeReleaseNativeLibs NO-SOURCE
> Task :features:rageshake:impl:mergeReleaseNativeLibs NO-SOURCE
> Task :features:reportroom:api:mergeReleaseNativeLibs NO-SOURCE
> Task :features:rageshake:api:copyReleaseJniLibsProjectOnly UP-TO-DATE
> Task :features:rageshake:impl:copyReleaseJniLibsProjectOnly UP-TO-DATE
> Task :features:preferences:impl:copyReleaseJniLibsProjectOnly UP-TO-DATE
> Task :features:rolesandpermissions:api:mergeReleaseJniLibFolders UP-TO-DATE
> Task :features:rolesandpermissions:impl:mergeReleaseJniLibFolders UP-TO-DATE
> Task :features:reportroom:impl:mergeReleaseJniLibFolders UP-TO-DATE
> Task :features:reportroom:api:copyReleaseJniLibsProjectOnly UP-TO-DATE
> Task :features:rolesandpermissions:api:mergeReleaseNativeLibs NO-SOURCE
> Task :features:rolesandpermissions:impl:mergeReleaseNativeLibs NO-SOURCE
> Task :features:reportroom:impl:mergeReleaseNativeLibs NO-SOURCE
> Task :features:roomaliasresolver:api:mergeReleaseJniLibFolders UP-TO-DATE
> Task :features:rolesandpermissions:impl:copyReleaseJniLibsProjectOnly UP-TO-DATE
> Task :features:rolesandpermissions:api:copyReleaseJniLibsProjectOnly UP-TO-DATE
> Task :features:reportroom:impl:copyReleaseJniLibsProjectOnly UP-TO-DATE
> Task :features:roomaliasresolver:api:mergeReleaseNativeLibs NO-SOURCE
> Task :features:roomaliasresolver:impl:mergeReleaseJniLibFolders UP-TO-DATE
> Task :features:roomcall:api:mergeReleaseJniLibFolders UP-TO-DATE
> Task :features:roomcall:impl:mergeReleaseJniLibFolders UP-TO-DATE
> Task :features:roomaliasresolver:api:copyReleaseJniLibsProjectOnly UP-TO-DATE
> Task :features:roomaliasresolver:impl:mergeReleaseNativeLibs NO-SOURCE
> Task :features:roomcall:api:mergeReleaseNativeLibs NO-SOURCE
> Task :features:roomcall:impl:mergeReleaseNativeLibs NO-SOURCE
> Task :features:roomdetails:api:mergeReleaseJniLibFolders UP-TO-DATE
> Task :features:roomcall:api:copyReleaseJniLibsProjectOnly UP-TO-DATE
> Task :features:roomaliasresolver:impl:copyReleaseJniLibsProjectOnly UP-TO-DATE
> Task :features:roomcall:impl:copyReleaseJniLibsProjectOnly UP-TO-DATE
> Task :features:roomdetails:impl:mergeReleaseJniLibFolders UP-TO-DATE
> Task :features:roomdetails:api:mergeReleaseNativeLibs NO-SOURCE
> Task :features:roomdetailsedit:api:mergeReleaseJniLibFolders UP-TO-DATE
> Task :features:roomdetailsedit:impl:mergeReleaseJniLibFolders UP-TO-DATE
> Task :features:roomdetailsedit:api:mergeReleaseNativeLibs NO-SOURCE
> Task :features:roomdetails:api:copyReleaseJniLibsProjectOnly UP-TO-DATE
> Task :features:roomdetailsedit:impl:mergeReleaseNativeLibs NO-SOURCE
> Task :features:roomdetails:impl:mergeReleaseNativeLibs NO-SOURCE
> Task :features:roomdetailsedit:api:copyReleaseJniLibsProjectOnly UP-TO-DATE
> Task :features:roomdirectory:api:mergeReleaseJniLibFolders UP-TO-DATE
> Task :features:roomdirectory:impl:mergeReleaseJniLibFolders UP-TO-DATE
> Task :features:roomdetailsedit:impl:copyReleaseJniLibsProjectOnly UP-TO-DATE
> Task :features:roomdetails:impl:copyReleaseJniLibsProjectOnly UP-TO-DATE
> Task :features:roomdirectory:api:mergeReleaseNativeLibs NO-SOURCE
> Task :features:roomdirectory:impl:mergeReleaseNativeLibs NO-SOURCE
> Task :features:roommembermoderation:api:mergeReleaseJniLibFolders UP-TO-DATE
> Task :features:roomdirectory:api:copyReleaseJniLibsProjectOnly UP-TO-DATE
> Task :features:roommembermoderation:impl:mergeReleaseJniLibFolders UP-TO-DATE
> Task :features:roomdirectory:impl:copyReleaseJniLibsProjectOnly UP-TO-DATE
> Task :features:roommembermoderation:api:mergeReleaseNativeLibs NO-SOURCE
> Task :features:roommembermoderation:impl:mergeReleaseNativeLibs NO-SOURCE
> Task :features:securebackup:api:mergeReleaseJniLibFolders UP-TO-DATE
> Task :features:messages:impl:mergeReleaseJniLibFolders UP-TO-DATE
> Task :features:securebackup:impl:mergeReleaseJniLibFolders UP-TO-DATE
> Task :features:roommembermoderation:impl:copyReleaseJniLibsProjectOnly UP-TO-DATE
> Task :features:preferences:api:mergeReleaseJniLibFolders UP-TO-DATE
> Task :features:roommembermoderation:api:copyReleaseJniLibsProjectOnly UP-TO-DATE
> Task :features:securityandprivacy:api:mergeReleaseJniLibFolders UP-TO-DATE
> Task :features:messages:impl:mergeReleaseNativeLibs NO-SOURCE
> Task :features:preferences:api:mergeReleaseNativeLibs NO-SOURCE
> Task :features:securebackup:impl:mergeReleaseNativeLibs NO-SOURCE
> Task :features:preferences:api:copyReleaseJniLibsProjectOnly UP-TO-DATE
> Task :features:securebackup:impl:copyReleaseJniLibsProjectOnly UP-TO-DATE
> Task :features:share:api:mergeReleaseJniLibFolders UP-TO-DATE
> Task :features:messages:impl:copyReleaseJniLibsProjectOnly UP-TO-DATE
> Task :features:securebackup:api:mergeReleaseNativeLibs NO-SOURCE
> Task :features:share:impl:mergeReleaseJniLibFolders UP-TO-DATE
> Task :features:securityandprivacy:impl:mergeReleaseJniLibFolders UP-TO-DATE
> Task :features:signedout:api:mergeReleaseJniLibFolders UP-TO-DATE
> Task :features:share:api:mergeReleaseNativeLibs NO-SOURCE
> Task :features:securityandprivacy:api:mergeReleaseNativeLibs NO-SOURCE
> Task :features:securebackup:api:copyReleaseJniLibsProjectOnly UP-TO-DATE
> Task :features:share:impl:mergeReleaseNativeLibs NO-SOURCE
> Task :features:share:api:copyReleaseJniLibsProjectOnly UP-TO-DATE
> Task :features:securityandprivacy:impl:mergeReleaseNativeLibs NO-SOURCE
> Task :features:signedout:impl:mergeReleaseJniLibFolders UP-TO-DATE
> Task :features:share:impl:copyReleaseJniLibsProjectOnly UP-TO-DATE
> Task :features:securityandprivacy:api:copyReleaseJniLibsProjectOnly UP-TO-DATE
> Task :features:signedout:api:mergeReleaseNativeLibs NO-SOURCE
> Task :features:securityandprivacy:impl:copyReleaseJniLibsProjectOnly UP-TO-DATE
> Task :features:signedout:impl:mergeReleaseNativeLibs NO-SOURCE
> Task :features:signedout:api:copyReleaseJniLibsProjectOnly UP-TO-DATE
> Task :features:space:impl:mergeReleaseJniLibFolders UP-TO-DATE
> Task :features:startchat:api:mergeReleaseJniLibFolders UP-TO-DATE
> Task :features:startchat:impl:mergeReleaseJniLibFolders UP-TO-DATE
> Task :features:signedout:impl:copyReleaseJniLibsProjectOnly UP-TO-DATE
> Task :features:space:api:mergeReleaseJniLibFolders UP-TO-DATE
> Task :features:startchat:api:mergeReleaseNativeLibs NO-SOURCE
> Task :features:startchat:impl:mergeReleaseNativeLibs NO-SOURCE
> Task :features:space:impl:mergeReleaseNativeLibs NO-SOURCE
> Task :features:userprofile:impl:mergeReleaseJniLibFolders UP-TO-DATE
> Task :features:userprofile:api:mergeReleaseJniLibFolders UP-TO-DATE
> Task :features:userprofile:impl:mergeReleaseNativeLibs NO-SOURCE
> Task :features:space:api:mergeReleaseNativeLibs NO-SOURCE
> Task :features:startchat:api:copyReleaseJniLibsProjectOnly UP-TO-DATE
> Task :features:userprofile:api:mergeReleaseNativeLibs NO-SOURCE
> Task :features:space:impl:copyReleaseJniLibsProjectOnly UP-TO-DATE
> Task :features:startchat:impl:copyReleaseJniLibsProjectOnly UP-TO-DATE
> Task :features:space:api:copyReleaseJniLibsProjectOnly UP-TO-DATE
> Task :features:userprofile:impl:copyReleaseJniLibsProjectOnly UP-TO-DATE
> Task :features:userprofile:api:copyReleaseJniLibsProjectOnly UP-TO-DATE
> Task :features:userprofile:shared:mergeReleaseJniLibFolders UP-TO-DATE
> Task :features:verifysession:impl:mergeReleaseJniLibFolders UP-TO-DATE
> Task :features:viewfolder:impl:mergeReleaseJniLibFolders UP-TO-DATE
> Task :features:viewfolder:api:mergeReleaseJniLibFolders UP-TO-DATE
> Task :features:verifysession:api:mergeReleaseJniLibFolders UP-TO-DATE
> Task :libraries:accountselect:api:mergeReleaseJniLibFolders UP-TO-DATE
> Task :features:viewfolder:impl:mergeReleaseNativeLibs NO-SOURCE
> Task :features:viewfolder:api:mergeReleaseNativeLibs NO-SOURCE
> Task :features:userprofile:shared:mergeReleaseNativeLibs NO-SOURCE
> Task :features:verifysession:api:mergeReleaseNativeLibs NO-SOURCE
> Task :features:verifysession:impl:mergeReleaseNativeLibs NO-SOURCE
> Task :libraries:accountselect:api:mergeReleaseNativeLibs NO-SOURCE
> Task :features:verifysession:impl:copyReleaseJniLibsProjectOnly UP-TO-DATE
> Task :features:userprofile:shared:copyReleaseJniLibsProjectOnly UP-TO-DATE
> Task :libraries:accountselect:api:copyReleaseJniLibsProjectOnly UP-TO-DATE
> Task :features:verifysession:api:copyReleaseJniLibsProjectOnly UP-TO-DATE
> Task :features:viewfolder:api:copyReleaseJniLibsProjectOnly UP-TO-DATE
> Task :features:viewfolder:impl:copyReleaseJniLibsProjectOnly UP-TO-DATE
> Task :libraries:audio:impl:mergeReleaseJniLibFolders UP-TO-DATE
> Task :libraries:cryptography:api:mergeReleaseJniLibFolders UP-TO-DATE
> Task :libraries:audio:api:mergeReleaseJniLibFolders UP-TO-DATE
> Task :libraries:accountselect:impl:mergeReleaseJniLibFolders UP-TO-DATE
> Task :libraries:cryptography:impl:mergeReleaseJniLibFolders UP-TO-DATE
> Task :libraries:cryptography:api:mergeReleaseNativeLibs NO-SOURCE
> Task :libraries:audio:api:mergeReleaseNativeLibs NO-SOURCE
> Task :libraries:audio:impl:mergeReleaseNativeLibs NO-SOURCE
> Task :libraries:accountselect:impl:mergeReleaseNativeLibs NO-SOURCE
> Task :libraries:cryptography:api:copyReleaseJniLibsProjectOnly UP-TO-DATE
> Task :libraries:audio:api:copyReleaseJniLibsProjectOnly UP-TO-DATE
> Task :libraries:cryptography:impl:mergeReleaseNativeLibs NO-SOURCE
> Task :libraries:dateformatter:api:mergeReleaseJniLibFolders UP-TO-DATE
> Task :libraries:audio:impl:copyReleaseJniLibsProjectOnly UP-TO-DATE
> Task :libraries:accountselect:impl:copyReleaseJniLibsProjectOnly UP-TO-DATE
> Task :libraries:deeplink:api:mergeReleaseJniLibFolders UP-TO-DATE
> Task :libraries:deeplink:impl:mergeReleaseJniLibFolders UP-TO-DATE
> Task :libraries:dateformatter:impl:mergeReleaseJniLibFolders UP-TO-DATE
> Task :libraries:dateformatter:api:mergeReleaseNativeLibs NO-SOURCE
> Task :libraries:eventformatter:api:mergeReleaseJniLibFolders UP-TO-DATE
> Task :libraries:cryptography:impl:copyReleaseJniLibsProjectOnly UP-TO-DATE
> Task :libraries:deeplink:api:mergeReleaseNativeLibs NO-SOURCE
> Task :libraries:dateformatter:api:copyReleaseJniLibsProjectOnly UP-TO-DATE
> Task :libraries:dateformatter:impl:mergeReleaseNativeLibs NO-SOURCE
> Task :libraries:eventformatter:impl:mergeReleaseJniLibFolders UP-TO-DATE
> Task :libraries:deeplink:api:copyReleaseJniLibsProjectOnly UP-TO-DATE
> Task :libraries:featureflag:api:mergeReleaseJniLibFolders UP-TO-DATE
> Task :libraries:dateformatter:impl:copyReleaseJniLibsProjectOnly UP-TO-DATE
> Task :libraries:featureflag:impl:mergeReleaseJniLibFolders UP-TO-DATE
> Task :libraries:deeplink:impl:mergeReleaseNativeLibs NO-SOURCE
> Task :libraries:featureflag:ui:mergeReleaseJniLibFolders UP-TO-DATE
> Task :libraries:eventformatter:api:mergeReleaseNativeLibs NO-SOURCE
> Task :libraries:featureflag:ui:mergeReleaseNativeLibs NO-SOURCE
> Task :libraries:featureflag:ui:copyReleaseJniLibsProjectOnly UP-TO-DATE
> Task :libraries:featureflag:api:mergeReleaseNativeLibs NO-SOURCE
> Task :libraries:deeplink:impl:copyReleaseJniLibsProjectOnly UP-TO-DATE
> Task :libraries:eventformatter:api:copyReleaseJniLibsProjectOnly UP-TO-DATE
> Task :libraries:featureflag:impl:mergeReleaseNativeLibs NO-SOURCE
> Task :libraries:fullscreenintent:api:mergeReleaseJniLibFolders UP-TO-DATE
> Task :libraries:fullscreenintent:api:mergeReleaseNativeLibs NO-SOURCE
> Task :libraries:featureflag:api:copyReleaseJniLibsProjectOnly UP-TO-DATE
> Task :libraries:fullscreenintent:impl:mergeReleaseJniLibFolders UP-TO-DATE
> Task :libraries:fullscreenintent:api:copyReleaseJniLibsProjectOnly UP-TO-DATE
> Task :libraries:indicator:api:mergeReleaseJniLibFolders UP-TO-DATE
> Task :libraries:eventformatter:impl:mergeReleaseNativeLibs NO-SOURCE
> Task :libraries:fullscreenintent:impl:mergeReleaseNativeLibs NO-SOURCE
> Task :libraries:indicator:impl:mergeReleaseJniLibFolders UP-TO-DATE
> Task :libraries:matrix:impl:mergeReleaseJniLibFolders UP-TO-DATE
> Task :libraries:indicator:api:mergeReleaseNativeLibs NO-SOURCE
> Task :libraries:matrix:impl:mergeReleaseNativeLibs NO-SOURCE
> Task :libraries:eventformatter:impl:copyReleaseJniLibsProjectOnly UP-TO-DATE
> Task :libraries:indicator:api:copyReleaseJniLibsProjectOnly UP-TO-DATE
> Task :libraries:matrix:impl:copyReleaseJniLibsProjectOnly UP-TO-DATE
> Task :libraries:matrixmedia:api:mergeReleaseJniLibFolders UP-TO-DATE
> Task :libraries:mediapickers:api:mergeReleaseJniLibFolders UP-TO-DATE
> Task :libraries:indicator:impl:mergeReleaseNativeLibs NO-SOURCE
> Task :libraries:mediapickers:api:mergeReleaseNativeLibs NO-SOURCE
> Task :libraries:matrixmedia:api:mergeReleaseNativeLibs NO-SOURCE
> Task :libraries:matrixmedia:impl:mergeReleaseJniLibFolders UP-TO-DATE
> Task :libraries:indicator:impl:copyReleaseJniLibsProjectOnly UP-TO-DATE
> Task :libraries:mediapickers:api:copyReleaseJniLibsProjectOnly UP-TO-DATE
> Task :libraries:matrixmedia:api:copyReleaseJniLibsProjectOnly UP-TO-DATE
> Task :libraries:matrixmedia:impl:mergeReleaseNativeLibs NO-SOURCE
> Task :libraries:mediaplayer:api:mergeReleaseJniLibFolders UP-TO-DATE
> Task :libraries:mediapickers:impl:mergeReleaseJniLibFolders UP-TO-DATE
> Task :libraries:mediaplayer:api:mergeReleaseNativeLibs NO-SOURCE
> Task :libraries:matrixmedia:impl:copyReleaseJniLibsProjectOnly UP-TO-DATE
> Task :libraries:mediapickers:impl:mergeReleaseNativeLibs NO-SOURCE
> Task :libraries:mediaplayer:api:copyReleaseJniLibsProjectOnly UP-TO-DATE
> Task :libraries:mediaupload:api:mergeReleaseJniLibFolders UP-TO-DATE
> Task :libraries:mediaupload:impl:mergeReleaseJniLibFolders UP-TO-DATE
> Task :libraries:mediapickers:impl:copyReleaseJniLibsProjectOnly UP-TO-DATE
> Task :libraries:mediaupload:impl:mergeReleaseNativeLibs NO-SOURCE
> Task :libraries:mediaupload:api:mergeReleaseNativeLibs NO-SOURCE
> Task :libraries:mediaupload:impl:copyReleaseJniLibsProjectOnly UP-TO-DATE
> Task :libraries:mediaplayer:impl:mergeReleaseJniLibFolders UP-TO-DATE
> Task :libraries:mediaplayer:impl:mergeReleaseNativeLibs NO-SOURCE
> Task :libraries:mediaviewer:api:mergeReleaseJniLibFolders UP-TO-DATE
> Task :libraries:mediaviewer:api:mergeReleaseNativeLibs NO-SOURCE
> Task :libraries:mediaplayer:impl:copyReleaseJniLibsProjectOnly UP-TO-DATE
> Task :libraries:mediaviewer:impl:mergeReleaseJniLibFolders UP-TO-DATE
> Task :libraries:mediaviewer:api:copyReleaseJniLibsProjectOnly UP-TO-DATE
> Task :libraries:oidc:api:mergeReleaseJniLibFolders UP-TO-DATE
> Task :libraries:mediaupload:api:copyReleaseJniLibsProjectOnly UP-TO-DATE
> Task :libraries:mediaviewer:impl:mergeReleaseNativeLibs NO-SOURCE
> Task :libraries:oidc:impl:mergeReleaseJniLibFolders UP-TO-DATE
> Task :libraries:permissions:api:mergeReleaseJniLibFolders UP-TO-DATE
> Task :libraries:mediaviewer:impl:copyReleaseJniLibsProjectOnly UP-TO-DATE
> Task :libraries:oidc:impl:mergeReleaseNativeLibs NO-SOURCE
> Task :libraries:permissions:api:mergeReleaseNativeLibs NO-SOURCE
> Task :libraries:oidc:api:mergeReleaseNativeLibs NO-SOURCE
> Task :libraries:permissions:api:copyReleaseJniLibsProjectOnly UP-TO-DATE
> Task :libraries:oidc:impl:copyReleaseJniLibsProjectOnly UP-TO-DATE
> Task :libraries:oidc:api:copyReleaseJniLibsProjectOnly UP-TO-DATE
> Task :libraries:permissions:noop:mergeReleaseJniLibFolders UP-TO-DATE
> Task :libraries:preferences:api:mergeReleaseJniLibFolders UP-TO-DATE
> Task :libraries:permissions:noop:mergeReleaseNativeLibs NO-SOURCE
> Task :libraries:preferences:impl:mergeReleaseJniLibFolders UP-TO-DATE
> Task :libraries:preferences:api:mergeReleaseNativeLibs NO-SOURCE
> Task :libraries:permissions:noop:copyReleaseJniLibsProjectOnly UP-TO-DATE
> Task :libraries:preferences:impl:mergeReleaseNativeLibs NO-SOURCE
> Task :libraries:push:api:mergeReleaseJniLibFolders UP-TO-DATE
> Task :libraries:preferences:impl:copyReleaseJniLibsProjectOnly UP-TO-DATE
> Task :libraries:push:api:mergeReleaseNativeLibs NO-SOURCE
> Task :libraries:push:api:copyReleaseJniLibsProjectOnly UP-TO-DATE
> Task :libraries:push:impl:mergeReleaseJniLibFolders UP-TO-DATE
> Task :libraries:pushproviders:api:mergeReleaseJniLibFolders UP-TO-DATE
> Task :libraries:push:impl:mergeReleaseNativeLibs NO-SOURCE
> Task :libraries:pushproviders:api:mergeReleaseNativeLibs NO-SOURCE
> Task :libraries:pushproviders:api:copyReleaseJniLibsProjectOnly UP-TO-DATE
> Task :libraries:push:impl:copyReleaseJniLibsProjectOnly UP-TO-DATE
> Task :libraries:pushproviders:firebase:mergeReleaseJniLibFolders UP-TO-DATE
> Task :libraries:pushproviders:unifiedpush:mergeReleaseJniLibFolders UP-TO-DATE
> Task :libraries:pushproviders:firebase:mergeReleaseNativeLibs NO-SOURCE
> Task :libraries:featureflag:impl:copyReleaseJniLibsProjectOnly UP-TO-DATE
> Task :libraries:fullscreenintent:impl:copyReleaseJniLibsProjectOnly UP-TO-DATE
> Task :libraries:pushproviders:firebase:copyReleaseJniLibsProjectOnly UP-TO-DATE
> Task :libraries:permissions:impl:mergeReleaseJniLibFolders UP-TO-DATE
> Task :libraries:pushproviders:unifiedpush:mergeReleaseNativeLibs NO-SOURCE
> Task :libraries:preferences:api:copyReleaseJniLibsProjectOnly UP-TO-DATE
> Task :libraries:pushstore:api:mergeReleaseJniLibFolders UP-TO-DATE
> Task :libraries:permissions:impl:mergeReleaseNativeLibs NO-SOURCE
> Task :libraries:pushstore:api:mergeReleaseNativeLibs NO-SOURCE
> Task :libraries:pushstore:impl:mergeReleaseJniLibFolders UP-TO-DATE
> Task :libraries:recentemojis:impl:mergeReleaseJniLibFolders UP-TO-DATE
> Task :libraries:recentemojis:api:mergeReleaseJniLibFolders UP-TO-DATE
> Task :libraries:pushproviders:unifiedpush:copyReleaseJniLibsProjectOnly UP-TO-DATE
> Task :libraries:pushstore:api:copyReleaseJniLibsProjectOnly UP-TO-DATE
> Task :libraries:recentemojis:impl:mergeReleaseNativeLibs NO-SOURCE
> Task :libraries:roomselect:api:mergeReleaseJniLibFolders UP-TO-DATE
> Task :libraries:recentemojis:api:mergeReleaseNativeLibs NO-SOURCE
> Task :libraries:permissions:impl:copyReleaseJniLibsProjectOnly UP-TO-DATE
> Task :libraries:recentemojis:impl:copyReleaseJniLibsProjectOnly UP-TO-DATE
> Task :libraries:pushstore:impl:mergeReleaseNativeLibs NO-SOURCE
> Task :libraries:recentemojis:api:copyReleaseJniLibsProjectOnly UP-TO-DATE
> Task :libraries:session-storage:impl:mergeReleaseJniLibFolders UP-TO-DATE
> Task :libraries:roomselect:impl:mergeReleaseJniLibFolders UP-TO-DATE
> Task :libraries:session-storage:api:mergeReleaseJniLibFolders UP-TO-DATE
> Task :libraries:pushstore:impl:copyReleaseJniLibsProjectOnly UP-TO-DATE
> Task :libraries:roomselect:api:mergeReleaseNativeLibs NO-SOURCE
> Task :libraries:textcomposer:impl:mergeReleaseJniLibFolders UP-TO-DATE
> Task :libraries:roomselect:api:copyReleaseJniLibsProjectOnly UP-TO-DATE
> Task :libraries:troubleshoot:api:mergeReleaseJniLibFolders UP-TO-DATE
> Task :libraries:session-storage:api:mergeReleaseNativeLibs NO-SOURCE
> Task :libraries:roomselect:impl:mergeReleaseNativeLibs NO-SOURCE
> Task :libraries:textcomposer:impl:mergeReleaseNativeLibs NO-SOURCE
> Task :libraries:session-storage:impl:mergeReleaseNativeLibs NO-SOURCE
> Task :libraries:textcomposer:impl:copyReleaseJniLibsProjectOnly UP-TO-DATE
> Task :libraries:session-storage:api:copyReleaseJniLibsProjectOnly UP-TO-DATE
> Task :libraries:troubleshoot:impl:mergeReleaseJniLibFolders UP-TO-DATE
> Task :libraries:session-storage:impl:copyReleaseJniLibsProjectOnly UP-TO-DATE
> Task :libraries:troubleshoot:api:mergeReleaseNativeLibs NO-SOURCE
> Task :libraries:roomselect:impl:copyReleaseJniLibsProjectOnly UP-TO-DATE
> Task :libraries:usersearch:api:mergeReleaseJniLibFolders UP-TO-DATE
> Task :libraries:usersearch:impl:mergeReleaseJniLibFolders UP-TO-DATE
> Task :libraries:troubleshoot:api:copyReleaseJniLibsProjectOnly UP-TO-DATE
> Task :libraries:voiceplayer:impl:mergeReleaseJniLibFolders UP-TO-DATE
> Task :libraries:usersearch:api:mergeReleaseNativeLibs NO-SOURCE
> Task :libraries:voiceplayer:api:mergeReleaseJniLibFolders UP-TO-DATE
> Task :libraries:usersearch:impl:mergeReleaseNativeLibs NO-SOURCE
> Task :libraries:usersearch:api:copyReleaseJniLibsProjectOnly UP-TO-DATE
> Task :libraries:voiceplayer:api:mergeReleaseNativeLibs NO-SOURCE
> Task :libraries:troubleshoot:impl:mergeReleaseNativeLibs NO-SOURCE
> Task :libraries:voiceplayer:impl:mergeReleaseNativeLibs NO-SOURCE
> Task :libraries:voicerecorder:api:mergeReleaseJniLibFolders UP-TO-DATE
> Task :libraries:usersearch:impl:copyReleaseJniLibsProjectOnly UP-TO-DATE
> Task :libraries:voicerecorder:impl:mergeReleaseJniLibFolders UP-TO-DATE
> Task :libraries:voicerecorder:impl:mergeReleaseNativeLibs NO-SOURCE
> Task :libraries:voiceplayer:impl:copyReleaseJniLibsProjectOnly UP-TO-DATE
> Task :libraries:voiceplayer:api:copyReleaseJniLibsProjectOnly UP-TO-DATE
> Task :libraries:troubleshoot:impl:copyReleaseJniLibsProjectOnly UP-TO-DATE
> Task :libraries:wellknown:api:mergeReleaseJniLibFolders UP-TO-DATE
> Task :libraries:voicerecorder:impl:copyReleaseJniLibsProjectOnly UP-TO-DATE
> Task :libraries:wellknown:api:mergeReleaseNativeLibs NO-SOURCE
> Task :libraries:voicerecorder:api:mergeReleaseNativeLibs NO-SOURCE
> Task :libraries:workmanager:impl:mergeReleaseJniLibFolders UP-TO-DATE
> Task :libraries:workmanager:api:mergeReleaseJniLibFolders UP-TO-DATE
> Task :libraries:wellknown:impl:mergeReleaseJniLibFolders UP-TO-DATE
> Task :libraries:wellknown:api:copyReleaseJniLibsProjectOnly UP-TO-DATE
> Task :libraries:voicerecorder:api:copyReleaseJniLibsProjectOnly UP-TO-DATE
> Task :services:analytics:api:mergeReleaseJniLibFolders UP-TO-DATE
> Task :libraries:workmanager:api:mergeReleaseNativeLibs NO-SOURCE
> Task :libraries:workmanager:impl:mergeReleaseNativeLibs NO-SOURCE
> Task :services:analytics:api:mergeReleaseNativeLibs NO-SOURCE
> Task :libraries:wellknown:impl:mergeReleaseNativeLibs NO-SOURCE
> Task :services:analytics:compose:mergeReleaseJniLibFolders UP-TO-DATE
> Task :services:analytics:api:copyReleaseJniLibsProjectOnly UP-TO-DATE
> Task :services:analytics:impl:mergeReleaseJniLibFolders UP-TO-DATE
> Task :libraries:workmanager:impl:copyReleaseJniLibsProjectOnly UP-TO-DATE
> Task :libraries:workmanager:api:copyReleaseJniLibsProjectOnly UP-TO-DATE
> Task :services:analytics:compose:mergeReleaseNativeLibs NO-SOURCE
> Task :libraries:wellknown:impl:copyReleaseJniLibsProjectOnly UP-TO-DATE
> Task :services:analytics:compose:copyReleaseJniLibsProjectOnly UP-TO-DATE
> Task :services:analytics:impl:mergeReleaseNativeLibs NO-SOURCE
> Task :services:analyticsproviders:posthog:mergeReleaseJniLibFolders UP-TO-DATE
> Task :services:analyticsproviders:api:mergeReleaseJniLibFolders UP-TO-DATE
> Task :services:appnavstate:api:mergeReleaseJniLibFolders UP-TO-DATE
> Task :services:apperror:api:mergeReleaseJniLibFolders UP-TO-DATE
> Task :services:analyticsproviders:posthog:mergeReleaseNativeLibs NO-SOURCE
> Task :services:analytics:impl:copyReleaseJniLibsProjectOnly UP-TO-DATE
> Task :services:apperror:impl:mergeReleaseJniLibFolders UP-TO-DATE
> Task :services:appnavstate:api:mergeReleaseNativeLibs NO-SOURCE
> Task :services:appnavstate:api:copyReleaseJniLibsProjectOnly UP-TO-DATE
> Task :services:analyticsproviders:api:mergeReleaseNativeLibs NO-SOURCE
> Task :services:appnavstate:impl:mergeReleaseJniLibFolders UP-TO-DATE
> Task :services:analyticsproviders:posthog:copyReleaseJniLibsProjectOnly UP-TO-DATE
> Task :services:analyticsproviders:api:copyReleaseJniLibsProjectOnly UP-TO-DATE
> Task :services:apperror:api:mergeReleaseNativeLibs NO-SOURCE
> Task :services:apperror:impl:mergeReleaseNativeLibs NO-SOURCE
> Task :services:toolbox:api:mergeReleaseJniLibFolders UP-TO-DATE
> Task :services:toolbox:impl:mergeReleaseJniLibFolders UP-TO-DATE
> Task :services:toolbox:api:mergeReleaseNativeLibs NO-SOURCE
> Task :services:apperror:api:copyReleaseJniLibsProjectOnly UP-TO-DATE
> Task :services:apperror:impl:copyReleaseJniLibsProjectOnly UP-TO-DATE
> Task :services:toolbox:api:copyReleaseJniLibsProjectOnly UP-TO-DATE
> Task :services:toolbox:impl:mergeReleaseNativeLibs NO-SOURCE
> Task :services:appnavstate:impl:mergeReleaseNativeLibs NO-SOURCE
> Task :appconfig:extractProguardFiles UP-TO-DATE
> Task :libraries:androidutils:createFullJarRelease UP-TO-DATE
> Task :services:appnavstate:impl:copyReleaseJniLibsProjectOnly UP-TO-DATE
> Task :services:toolbox:impl:copyReleaseJniLibsProjectOnly UP-TO-DATE
> Task :annotations:generateLintVitalJvmMainLintModel UP-TO-DATE
> Task :services:toolbox:api:createFullJarRelease UP-TO-DATE
> Task :libraries:androidutils:extractProguardFiles UP-TO-DATE
> Task :libraries:architecture:createFullJarRelease UP-TO-DATE
> Task :libraries:core:generateJvmMainLintModel UP-TO-DATE
> Task :libraries:architecture:extractProguardFiles UP-TO-DATE
> Task :libraries:session-storage:api:createFullJarRelease UP-TO-DATE
> Task :libraries:androidutils:prepareLintJarForPublish UP-TO-DATE
> Task :services:toolbox:api:extractProguardFiles UP-TO-DATE
> Task :libraries:architecture:prepareLintJarForPublish UP-TO-DATE
> Task :libraries:session-storage:api:extractProguardFiles UP-TO-DATE
> Task :libraries:di:generateJvmMainLintModel UP-TO-DATE
> Task :services:analytics:api:createFullJarRelease UP-TO-DATE
> Task :appconfig:prepareLintJarForPublish UP-TO-DATE
> Task :appnav:extractProguardFiles UP-TO-DATE
> Task :services:analytics:api:extractProguardFiles UP-TO-DATE
> Task :services:analytics:api:prepareLintJarForPublish UP-TO-DATE
> Task :libraries:compound:createFullJarRelease UP-TO-DATE
> Task :services:analyticsproviders:api:createFullJarRelease UP-TO-DATE
> Task :libraries:designsystem:extractProguardFiles UP-TO-DATE
> Task :libraries:testtags:createFullJarRelease UP-TO-DATE
> Task :libraries:compound:extractProguardFiles UP-TO-DATE
> Task :services:analyticsproviders:api:extractProguardFiles UP-TO-DATE
> Task :libraries:testtags:extractProguardFiles UP-TO-DATE
> Task :features:cachecleaner:impl:kspReleaseKotlin UP-TO-DATE
> Task :services:analyticsproviders:api:generateReleaseLintModel UP-TO-DATE
> Task :services:analyticsproviders:api:prepareLintJarForPublish UP-TO-DATE
> Task :libraries:ui-strings:createFullJarRelease UP-TO-DATE
> Task :libraries:ui-strings:extractProguardFiles UP-TO-DATE
> Task :libraries:ui-strings:generateReleaseLintModel UP-TO-DATE
> Task :libraries:ui-strings:prepareLintJarForPublish UP-TO-DATE
> Task :libraries:preferences:api:extractProguardFiles UP-TO-DATE
> Task :features:lockscreen:api:compileReleaseKotlin UP-TO-DATE
> Task :libraries:preferences:api:prepareLintJarForPublish UP-TO-DATE
> Task :features:lockscreen:api:compileReleaseJavaWithJavac NO-SOURCE
> Task :features:lockscreen:api:bundleLibCompileToJarRelease UP-TO-DATE
> Task :libraries:designsystem:prepareLintJarForPublish UP-TO-DATE
> Task :features:lockscreen:api:mergeReleaseGeneratedProguardFiles UP-TO-DATE
> Task :libraries:matrixui:extractProguardFiles UP-TO-DATE
> Task :features:lockscreen:api:exportReleaseConsumerProguardFiles UP-TO-DATE
> Task :features:lockscreen:api:extractDeepLinksRelease UP-TO-DATE
> Task :libraries:previewutils:extractProguardFiles UP-TO-DATE
> Task :libraries:previewutils:prepareLintJarForPublish UP-TO-DATE
> Task :libraries:matrixmedia:api:extractProguardFiles UP-TO-DATE
> Task :libraries:matrixmedia:api:prepareLintJarForPublish UP-TO-DATE
> Task :features:lockscreen:api:processReleaseManifest UP-TO-DATE
> Task :libraries:matrixui:prepareLintJarForPublish UP-TO-DATE
> Task :libraries:ui-common:extractProguardFiles UP-TO-DATE
> Task :features:lockscreen:api:bundleLibRuntimeToJarRelease UP-TO-DATE
> Task :libraries:ui-common:prepareLintJarForPublish UP-TO-DATE
> Task :features:lockscreen:api:processReleaseJavaRes UP-TO-DATE
> Task :libraries:ui-utils:createFullJarRelease UP-TO-DATE
> Task :features:lockscreen:api:mergeReleaseShaders UP-TO-DATE
> Task :libraries:ui-utils:extractProguardFiles UP-TO-DATE
> Task :features:lockscreen:api:compileReleaseShaders NO-SOURCE
> Task :features:lockscreen:api:generateReleaseAssets UP-TO-DATE
> Task :services:toolbox:impl:createFullJarRelease UP-TO-DATE
> Task :features:lockscreen:api:mergeReleaseAssets UP-TO-DATE
> Task :services:toolbox:impl:extractProguardFiles UP-TO-DATE
> Task :services:toolbox:impl:prepareLintJarForPublish UP-TO-DATE
> Task :features:lockscreen:api:mergeReleaseJniLibFolders UP-TO-DATE
> Task :libraries:ui-utils:prepareLintJarForPublish UP-TO-DATE
> Task :features:lockscreen:api:mergeReleaseNativeLibs NO-SOURCE
> Task :features:analytics:api:extractProguardFiles UP-TO-DATE
> Task :features:lockscreen:api:copyReleaseJniLibsProjectOnly UP-TO-DATE
> Task :features:analytics:api:prepareLintJarForPublish UP-TO-DATE
> Task :features:announcement:api:createFullJarRelease UP-TO-DATE
> Task :features:cachecleaner:api:createFullJarRelease UP-TO-DATE
> Task :features:announcement:api:extractProguardFiles UP-TO-DATE
> Task :features:cachecleaner:api:extractProguardFiles UP-TO-DATE
> Task :features:cachecleaner:api:prepareLintJarForPublish UP-TO-DATE
> Task :features:call:api:extractProguardFiles UP-TO-DATE
> Task :features:call:api:prepareLintJarForPublish UP-TO-DATE
> Task :features:createroom:api:extractProguardFiles UP-TO-DATE
> Task :features:createroom:api:prepareLintJarForPublish UP-TO-DATE
> Task :features:deactivation:api:createFullJarRelease UP-TO-DATE
> Task :features:deactivation:api:extractProguardFiles UP-TO-DATE
> Task :features:deactivation:api:prepareLintJarForPublish UP-TO-DATE
> Task :features:enterprise:api:extractProguardFiles UP-TO-DATE
> Task :features:enterprise:api:prepareLintJarForPublish UP-TO-DATE
> Task :features:forward:api:extractProguardFiles UP-TO-DATE
> Task :features:forward:api:prepareLintJarForPublish UP-TO-DATE
> Task :features:ftue:api:createFullJarRelease UP-TO-DATE
> Task :features:ftue:api:extractProguardFiles UP-TO-DATE
> Task :features:ftue:api:prepareLintJarForPublish UP-TO-DATE
> Task :features:home:api:extractProguardFiles UP-TO-DATE
> Task :features:home:api:prepareLintJarForPublish UP-TO-DATE
> Task :features:invite:api:extractProguardFiles UP-TO-DATE
> Task :features:invite:api:prepareLintJarForPublish UP-TO-DATE
> Task :features:invitepeople:api:extractProguardFiles UP-TO-DATE
> Task :features:invitepeople:api:prepareLintJarForPublish UP-TO-DATE
> Task :features:joinroom:api:extractProguardFiles UP-TO-DATE
> Task :features:roomdirectory:api:extractProguardFiles UP-TO-DATE
> Task :features:roomdirectory:api:prepareLintJarForPublish UP-TO-DATE
> Task :features:joinroom:api:prepareLintJarForPublish UP-TO-DATE
> Task :features:knockrequests:api:extractProguardFiles UP-TO-DATE
> Task :features:knockrequests:api:prepareLintJarForPublish UP-TO-DATE
> Task :features:leaveroom:api:extractProguardFiles UP-TO-DATE
> Task :features:leaveroom:api:prepareLintJarForPublish UP-TO-DATE
> Task :services:analyticsproviders:sentry:compileReleaseKotlin UP-TO-DATE
> Task :features:licenses:api:extractProguardFiles UP-TO-DATE
> Task :features:licenses:api:prepareLintJarForPublish UP-TO-DATE
> Task :services:analyticsproviders:sentry:javaPreCompileRelease UP-TO-DATE
> Task :features:location:api:extractProguardFiles UP-TO-DATE
> Task :features:location:api:prepareLintJarForPublish UP-TO-DATE
> Task :features:lockscreen:api:createFullJarRelease UP-TO-DATE
> Task :features:lockscreen:api:extractProguardFiles UP-TO-DATE
> Task :features:lockscreen:api:prepareLintJarForPublish UP-TO-DATE
> Task :features:login:api:createFullJarRelease UP-TO-DATE
> Task :features:login:api:extractProguardFiles UP-TO-DATE
> Task :features:login:api:prepareLintJarForPublish UP-TO-DATE
> Task :features:logout:api:extractProguardFiles UP-TO-DATE
> Task :features:logout:api:prepareLintJarForPublish UP-TO-DATE
> Task :features:messages:api:extractProguardFiles UP-TO-DATE
> Task :libraries:mediaviewer:api:extractProguardFiles UP-TO-DATE
> Task :libraries:mediaviewer:api:prepareLintJarForPublish UP-TO-DATE
> Task :libraries:textcomposer:impl:extractProguardFiles UP-TO-DATE
> Task :libraries:textcomposer:impl:prepareLintJarForPublish UP-TO-DATE
> Task :features:messages:api:prepareLintJarForPublish UP-TO-DATE
> Task :features:migration:api:createFullJarRelease UP-TO-DATE
> Task :features:migration:api:extractProguardFiles UP-TO-DATE
> Task :features:migration:api:prepareLintJarForPublish UP-TO-DATE
> Task :features:networkmonitor:api:extractProguardFiles UP-TO-DATE
> Task :features:networkmonitor:api:prepareLintJarForPublish UP-TO-DATE
> Task :features:poll:api:extractProguardFiles UP-TO-DATE
> Task :features:poll:api:prepareLintJarForPublish UP-TO-DATE
> Task :features:preferences:api:extractProguardFiles UP-TO-DATE
> Task :features:preferences:api:prepareLintJarForPublish UP-TO-DATE
> Task :services:analytics:noop:compileReleaseKotlin UP-TO-DATE
> Task :services:analytics:noop:compileReleaseJavaWithJavac NO-SOURCE
> Task :features:rageshake:api:extractProguardFiles UP-TO-DATE
> Task :annotations:lintVitalAnalyzeJvmMain UP-TO-DATE
> Task :services:analytics:noop:bundleLibCompileToJarRelease UP-TO-DATE
> Task :features:rageshake:api:prepareLintJarForPublish UP-TO-DATE
> Task :features:cachecleaner:impl:compileReleaseKotlin UP-TO-DATE
> Task :services:analytics:noop:mergeReleaseGeneratedProguardFiles UP-TO-DATE
> Task :annotations:generateJvmMainLintModel UP-TO-DATE
> Task :services:analytics:noop:exportReleaseConsumerProguardFiles UP-TO-DATE
> Task :features:cachecleaner:impl:compileReleaseJavaWithJavac NO-SOURCE
> Task :features:cachecleaner:impl:mergeReleaseGeneratedProguardFiles UP-TO-DATE
> Task :features:cachecleaner:impl:exportReleaseConsumerProguardFiles UP-TO-DATE
> Task :features:cachecleaner:impl:extractDeepLinksRelease UP-TO-DATE
> Task :features:cachecleaner:impl:processReleaseManifest UP-TO-DATE
> Task :features:cachecleaner:impl:bundleLibCompileToJarRelease UP-TO-DATE
> Task :features:cachecleaner:impl:bundleLibRuntimeToJarRelease UP-TO-DATE
> Task :services:analytics:noop:writeReleaseAarMetadata UP-TO-DATE
> Task :services:analytics:noop:extractDeepLinksRelease UP-TO-DATE
> Task :features:cachecleaner:impl:processReleaseJavaRes UP-TO-DATE
> Task :features:cachecleaner:impl:mergeReleaseShaders UP-TO-DATE
> Task :services:analytics:noop:processReleaseManifest UP-TO-DATE
> Task :features:cachecleaner:impl:compileReleaseShaders NO-SOURCE
> Task :features:cachecleaner:impl:generateReleaseAssets UP-TO-DATE
> Task :services:analytics:noop:bundleLibRuntimeToJarRelease UP-TO-DATE
> Task :features:cachecleaner:impl:mergeReleaseAssets UP-TO-DATE
> Task :features:cachecleaner:impl:mergeReleaseJniLibFolders UP-TO-DATE
> Task :services:analytics:noop:processReleaseJavaRes UP-TO-DATE
> Task :features:cachecleaner:impl:mergeReleaseNativeLibs NO-SOURCE
> Task :services:analytics:noop:mergeReleaseShaders UP-TO-DATE
> Task :features:cachecleaner:impl:copyReleaseJniLibsProjectOnly UP-TO-DATE
> Task :services:analytics:noop:compileReleaseShaders NO-SOURCE
> Task :services:analytics:noop:generateReleaseAssets UP-TO-DATE
> Task :features:reportroom:api:extractProguardFiles UP-TO-DATE
> Task :services:analytics:noop:mergeReleaseAssets UP-TO-DATE
> Task :features:reportroom:api:prepareLintJarForPublish UP-TO-DATE
> Task :services:analytics:noop:mergeReleaseJniLibFolders UP-TO-DATE
> Task :features:rolesandpermissions:api:extractProguardFiles UP-TO-DATE
> Task :services:analytics:noop:mergeReleaseNativeLibs NO-SOURCE
> Task :libraries:usersearch:api:extractProguardFiles UP-TO-DATE
> Task :services:analytics:noop:copyReleaseJniLibsProjectOnly UP-TO-DATE
> Task :libraries:usersearch:api:prepareLintJarForPublish UP-TO-DATE
> Task :features:rolesandpermissions:api:prepareLintJarForPublish UP-TO-DATE
> Task :features:roomaliasresolver:api:extractProguardFiles UP-TO-DATE
> Task :features:roomcall:api:extractProguardFiles UP-TO-DATE
> Task :features:roomcall:api:prepareLintJarForPublish UP-TO-DATE
> Task :features:roomaliasresolver:api:prepareLintJarForPublish UP-TO-DATE
> Task :features:roomdetails:api:extractProguardFiles UP-TO-DATE
> Task :features:roomdetailsedit:api:extractProguardFiles UP-TO-DATE
> Task :features:roomdetails:api:prepareLintJarForPublish UP-TO-DATE
> Task :features:roomdetailsedit:api:prepareLintJarForPublish UP-TO-DATE
> Task :features:roommembermoderation:api:extractProguardFiles UP-TO-DATE
> Task :features:securebackup:api:createFullJarRelease UP-TO-DATE
> Task :features:securebackup:api:extractProguardFiles UP-TO-DATE
> Task :features:roommembermoderation:api:prepareLintJarForPublish UP-TO-DATE
> Task :features:securityandprivacy:api:extractProguardFiles UP-TO-DATE
> Task :features:securebackup:api:prepareLintJarForPublish UP-TO-DATE
> Task :features:securityandprivacy:api:prepareLintJarForPublish UP-TO-DATE
> Task :features:share:api:extractProguardFiles UP-TO-DATE
> Task :features:signedout:api:extractProguardFiles UP-TO-DATE
> Task :features:share:api:prepareLintJarForPublish UP-TO-DATE
> Task :features:signedout:api:prepareLintJarForPublish UP-TO-DATE
> Task :features:space:api:extractProguardFiles UP-TO-DATE
> Task :features:startchat:api:extractProguardFiles UP-TO-DATE
> Task :features:space:api:prepareLintJarForPublish UP-TO-DATE
> Task :features:startchat:api:prepareLintJarForPublish UP-TO-DATE
> Task :features:userprofile:api:extractProguardFiles UP-TO-DATE
> Task :features:verifysession:api:extractProguardFiles UP-TO-DATE
> Task :features:verifysession:api:prepareLintJarForPublish UP-TO-DATE
> Task :features:userprofile:api:prepareLintJarForPublish UP-TO-DATE
> Task :features:viewfolder:api:createFullJarRelease UP-TO-DATE
> Task :libraries:accountselect:api:extractProguardFiles UP-TO-DATE
> Task :features:viewfolder:api:extractProguardFiles UP-TO-DATE
> Task :libraries:accountselect:api:prepareLintJarForPublish UP-TO-DATE
> Task :features:viewfolder:api:prepareLintJarForPublish UP-TO-DATE
> Task :libraries:deeplink:api:extractProguardFiles UP-TO-DATE
> Task :libraries:featureflag:api:extractProguardFiles UP-TO-DATE
> Task :libraries:deeplink:api:prepareLintJarForPublish UP-TO-DATE
> Task :libraries:oidc:api:createFullJarRelease UP-TO-DATE
> Task :libraries:featureflag:api:prepareLintJarForPublish UP-TO-DATE
> Task :libraries:oidc:api:extractProguardFiles UP-TO-DATE
> Task :libraries:push:api:extractProguardFiles UP-TO-DATE
> Task :libraries:oidc:api:prepareLintJarForPublish UP-TO-DATE
> Task :libraries:pushproviders:api:extractProguardFiles UP-TO-DATE
> Task :libraries:push:api:prepareLintJarForPublish UP-TO-DATE
> Task :libraries:pushproviders:api:prepareLintJarForPublish UP-TO-DATE
> Task :services:apperror:api:createFullJarRelease UP-TO-DATE
> Task :services:apperror:impl:extractProguardFiles UP-TO-DATE
> Task :services:apperror:api:extractProguardFiles UP-TO-DATE
> Task :services:apperror:impl:prepareLintJarForPublish UP-TO-DATE
> Task :services:appnavstate:api:extractProguardFiles UP-TO-DATE
> Task :services:appnavstate:api:prepareLintJarForPublish UP-TO-DATE
> Task :appnav:prepareLintJarForPublish UP-TO-DATE
> Task :appicon:element:createFullJarRelease UP-TO-DATE
> Task :appicon:element:extractProguardFiles UP-TO-DATE
> Task :services:analyticsproviders:sentry:compileReleaseJavaWithJavac UP-TO-DATE
> Task :services:analyticsproviders:sentry:mergeReleaseGeneratedProguardFiles UP-TO-DATE
> Task :services:analyticsproviders:sentry:exportReleaseConsumerProguardFiles UP-TO-DATE
> Task :services:analytics:compose:compileReleaseKotlin UP-TO-DATE
> Task :services:analytics:compose:compileReleaseJavaWithJavac NO-SOURCE
> Task :services:analytics:compose:bundleLibCompileToJarRelease UP-TO-DATE
> Task :services:analytics:compose:mergeReleaseGeneratedProguardFiles UP-TO-DATE
> Task :services:analytics:compose:exportReleaseConsumerProguardFiles UP-TO-DATE
> Task :services:analytics:compose:bundleLibRuntimeToJarRelease UP-TO-DATE
> Task :services:analytics:compose:processReleaseJavaRes UP-TO-DATE
> Task :libraries:encrypted-db:createFullJarRelease UP-TO-DATE
> Task :libraries:encrypted-db:extractProguardFiles UP-TO-DATE
> Task :libraries:encrypted-db:prepareLintJarForPublish UP-TO-DATE
> Task :libraries:maplibre-compose:createFullJarRelease UP-TO-DATE
> Task :libraries:maplibre-compose:extractProguardFiles UP-TO-DATE
> Task :services:analyticsproviders:sentry:writeReleaseAarMetadata UP-TO-DATE
> Task :services:analyticsproviders:sentry:extractDeepLinksRelease UP-TO-DATE
> Task :services:analyticsproviders:sentry:processReleaseManifest UP-TO-DATE
> Task :services:analyticsproviders:sentry:bundleLibCompileToJarRelease UP-TO-DATE
> Task :services:analyticsproviders:sentry:bundleLibRuntimeToJarRelease UP-TO-DATE
> Task :services:analyticsproviders:sentry:processReleaseJavaRes UP-TO-DATE
> Task :services:analyticsproviders:sentry:mergeReleaseShaders UP-TO-DATE
> Task :services:analyticsproviders:sentry:compileReleaseShaders NO-SOURCE
> Task :services:analyticsproviders:sentry:generateReleaseAssets UP-TO-DATE
> Task :services:analyticsproviders:sentry:mergeReleaseAssets UP-TO-DATE
> Task :services:analyticsproviders:sentry:mergeReleaseJniLibFolders UP-TO-DATE
> Task :services:analyticsproviders:sentry:mergeReleaseNativeLibs NO-SOURCE
> Task :services:analyticsproviders:sentry:copyReleaseJniLibsProjectOnly UP-TO-DATE
> Task :libraries:network:extractProguardFiles UP-TO-DATE
> Task :libraries:network:prepareLintJarForPublish UP-TO-DATE
> Task :libraries:qrcode:extractProguardFiles UP-TO-DATE
> Task :libraries:qrcode:prepareLintJarForPublish UP-TO-DATE
> Task :features:analytics:impl:extractProguardFiles UP-TO-DATE
> Task :features:analytics:impl:prepareLintJarForPublish UP-TO-DATE
> Task :features:announcement:impl:extractProguardFiles UP-TO-DATE
> Task :features:announcement:impl:prepareLintJarForPublish UP-TO-DATE
> Task :features:cachecleaner:impl:createFullJarRelease UP-TO-DATE
> Task :features:cachecleaner:impl:extractProguardFiles UP-TO-DATE
> Task :features:cachecleaner:impl:prepareLintJarForPublish UP-TO-DATE
> Task :features:call:impl:extractProguardFiles UP-TO-DATE
> Task :libraries:audio:api:createFullJarRelease UP-TO-DATE
> Task :libraries:audio:api:extractProguardFiles UP-TO-DATE
> Task :libraries:audio:api:generateReleaseLintModel UP-TO-DATE
> Task :libraries:audio:api:prepareLintJarForPublish UP-TO-DATE
> Task :libraries:matrix:impl:extractProguardFiles UP-TO-DATE
> Task :libraries:matrix:impl:prepareLintJarForPublish UP-TO-DATE
> Task :features:call:impl:prepareLintJarForPublish UP-TO-DATE
> Task :features:createroom:impl:extractProguardFiles UP-TO-DATE
> Task :libraries:mediapickers:api:createFullJarRelease UP-TO-DATE
> Task :libraries:mediapickers:api:extractProguardFiles UP-TO-DATE
> Task :appicon:element:generateReleaseLintModel UP-TO-DATE
> Task :libraries:testtags:generateReleaseLintModel UP-TO-DATE
> Task :appicon:element:prepareLintJarForPublish UP-TO-DATE
> Task :libraries:mediapickers:api:generateReleaseLintModel UP-TO-DATE
> Task :libraries:testtags:prepareLintJarForPublish UP-TO-DATE
> Task :features:announcement:api:generateReleaseLintModel UP-TO-DATE
> Task :libraries:mediaupload:api:extractProguardFiles UP-TO-DATE
> Task :libraries:mediapickers:api:prepareLintJarForPublish UP-TO-DATE
> Task :libraries:mediaupload:api:prepareLintJarForPublish UP-TO-DATE
> Task :libraries:permissions:api:extractProguardFiles UP-TO-DATE
> Task :features:announcement:api:prepareLintJarForPublish UP-TO-DATE
> Task :libraries:usersearch:impl:extractProguardFiles UP-TO-DATE
> Task :features:createroom:impl:prepareLintJarForPublish UP-TO-DATE
> Task :libraries:permissions:api:prepareLintJarForPublish UP-TO-DATE
> Task :features:enterprise:impl-foss:extractProguardFiles UP-TO-DATE
> Task :libraries:usersearch:impl:prepareLintJarForPublish UP-TO-DATE
> Task :features:forward:impl:extractProguardFiles UP-TO-DATE
> Task :features:deactivation:impl:extractProguardFiles UP-TO-DATE
> Task :features:enterprise:impl-foss:prepareLintJarForPublish UP-TO-DATE
> Task :libraries:roomselect:api:extractProguardFiles UP-TO-DATE
> Task :features:ftue:impl:extractProguardFiles UP-TO-DATE
> Task :features:forward:impl:prepareLintJarForPublish UP-TO-DATE
> Task :features:deactivation:impl:prepareLintJarForPublish UP-TO-DATE
> Task :libraries:roomselect:api:prepareLintJarForPublish UP-TO-DATE
> Task :libraries:permissions:noop:extractProguardFiles UP-TO-DATE
> Task :features:home:impl:extractProguardFiles UP-TO-DATE
> Task :features:ftue:impl:prepareLintJarForPublish UP-TO-DATE
> Task :libraries:dateformatter:api:createFullJarRelease UP-TO-DATE
> Task :libraries:permissions:noop:prepareLintJarForPublish UP-TO-DATE
> Task :libraries:indicator:api:createFullJarRelease UP-TO-DATE
> Task :libraries:dateformatter:api:extractProguardFiles UP-TO-DATE
> Task :libraries:fullscreenintent:api:extractProguardFiles UP-TO-DATE
> Task :libraries:eventformatter:api:extractProguardFiles UP-TO-DATE
> Task :libraries:indicator:api:extractProguardFiles UP-TO-DATE
> Task :libraries:fullscreenintent:api:prepareLintJarForPublish UP-TO-DATE
> Task :libraries:eventformatter:api:prepareLintJarForPublish UP-TO-DATE
> Task :features:invite:impl:extractProguardFiles UP-TO-DATE
> Task :features:home:impl:prepareLintJarForPublish UP-TO-DATE
> Task :features:invite:impl:prepareLintJarForPublish UP-TO-DATE
> Task :features:invitepeople:impl:extractProguardFiles UP-TO-DATE
> Task :features:joinroom:impl:extractProguardFiles UP-TO-DATE
> Task :libraries:dateformatter:api:generateReleaseLintModel UP-TO-DATE
> Task :libraries:indicator:api:generateReleaseLintModel UP-TO-DATE
> Task :features:invitepeople:impl:prepareLintJarForPublish UP-TO-DATE
> Task :libraries:indicator:api:prepareLintJarForPublish UP-TO-DATE
> Task :features:joinroom:impl:prepareLintJarForPublish UP-TO-DATE
> Task :libraries:dateformatter:api:prepareLintJarForPublish UP-TO-DATE
> Task :features:knockrequests:impl:extractProguardFiles UP-TO-DATE
> Task :features:licenses:impl:extractProguardFiles UP-TO-DATE
> Task :features:leaveroom:impl:extractProguardFiles UP-TO-DATE
> Task :features:knockrequests:impl:prepareLintJarForPublish UP-TO-DATE
> Task :features:location:impl:extractProguardFiles UP-TO-DATE
> Task :features:licenses:impl:prepareLintJarForPublish UP-TO-DATE
> Task :features:leaveroom:impl:prepareLintJarForPublish UP-TO-DATE
> Task :features:lockscreen:impl:extractProguardFiles UP-TO-DATE
> Task :libraries:cryptography:api:createFullJarRelease UP-TO-DATE
> Task :features:login:impl:extractProguardFiles UP-TO-DATE
> Task :features:lockscreen:impl:prepareLintJarForPublish UP-TO-DATE
> Task :features:location:impl:prepareLintJarForPublish UP-TO-DATE
> Task :libraries:cryptography:api:extractProguardFiles UP-TO-DATE
> Task :libraries:wellknown:api:createFullJarRelease UP-TO-DATE
> Task :features:login:impl:prepareLintJarForPublish UP-TO-DATE
> Task :features:logout:impl:extractProguardFiles UP-TO-DATE
> Task :libraries:wellknown:api:extractProguardFiles UP-TO-DATE
> Task :libraries:workmanager:api:extractProguardFiles UP-TO-DATE
> Task :features:logout:impl:prepareLintJarForPublish UP-TO-DATE
> Task :libraries:workmanager:api:prepareLintJarForPublish UP-TO-DATE
> Task :features:messages:impl:extractProguardFiles UP-TO-DATE
> Task :libraries:cryptography:api:generateReleaseLintModel UP-TO-DATE
> Task :libraries:recentemojis:api:extractProguardFiles UP-TO-DATE
> Task :libraries:mediaplayer:api:extractProguardFiles UP-TO-DATE
> Task :libraries:recentemojis:api:prepareLintJarForPublish UP-TO-DATE
> Task :libraries:mediaplayer:api:prepareLintJarForPublish UP-TO-DATE
> Task :libraries:voiceplayer:api:extractProguardFiles UP-TO-DATE
> Task :libraries:wellknown:api:generateReleaseLintModel UP-TO-DATE
> Task :libraries:cryptography:api:prepareLintJarForPublish UP-TO-DATE
> Task :libraries:voiceplayer:api:prepareLintJarForPublish UP-TO-DATE
> Task :services:analytics:compose:createFullJarRelease UP-TO-DATE
> Task :libraries:voicerecorder:api:createFullJarRelease UP-TO-DATE
> Task :libraries:wellknown:api:prepareLintJarForPublish UP-TO-DATE
> Task :services:analytics:noop:createFullJarRelease UP-TO-DATE
> Task :libraries:voicerecorder:api:extractProguardFiles UP-TO-DATE
> Task :services:analytics:compose:extractProguardFiles UP-TO-DATE
> Task :services:analytics:noop:extractProguardFiles UP-TO-DATE
> Task :features:messages:impl:prepareLintJarForPublish UP-TO-DATE
> Task :services:analytics:noop:prepareLintJarForPublish UP-TO-DATE
> Task :services:analytics:compose:prepareLintJarForPublish UP-TO-DATE
> Task :features:migration:impl:extractProguardFiles UP-TO-DATE
> Task :libraries:preferences:impl:extractProguardFiles UP-TO-DATE
> Task :libraries:preferences:impl:prepareLintJarForPublish UP-TO-DATE
> Task :features:migration:impl:prepareLintJarForPublish UP-TO-DATE
> Task :features:networkmonitor:impl:extractProguardFiles UP-TO-DATE
> Task :features:poll:impl:extractProguardFiles UP-TO-DATE
> Task :features:networkmonitor:impl:prepareLintJarForPublish UP-TO-DATE
> Task :features:preferences:impl:extractProguardFiles UP-TO-DATE
> Task :features:poll:impl:prepareLintJarForPublish UP-TO-DATE
> Task :libraries:featureflag:ui:extractProguardFiles UP-TO-DATE
> Task :libraries:pushstore:api:extractProguardFiles UP-TO-DATE
> Task :libraries:troubleshoot:api:extractProguardFiles UP-TO-DATE
> Task :libraries:pushstore:api:prepareLintJarForPublish UP-TO-DATE
> Task :libraries:featureflag:ui:prepareLintJarForPublish UP-TO-DATE
> Task :libraries:troubleshoot:api:prepareLintJarForPublish UP-TO-DATE
> Task :features:reportroom:impl:extractProguardFiles UP-TO-DATE
> Task :features:rageshake:impl:extractProguardFiles UP-TO-DATE
> Task :libraries:voicerecorder:api:generateReleaseLintModel UP-TO-DATE
> Task :features:reportroom:impl:prepareLintJarForPublish UP-TO-DATE
> Task :features:rageshake:impl:prepareLintJarForPublish UP-TO-DATE
> Task :features:rolesandpermissions:impl:extractProguardFiles UP-TO-DATE
> Task :libraries:voicerecorder:api:prepareLintJarForPublish UP-TO-DATE
> Task :features:preferences:impl:prepareLintJarForPublish UP-TO-DATE
> Task :features:rolesandpermissions:impl:prepareLintJarForPublish UP-TO-DATE
> Task :features:roomaliasresolver:impl:extractProguardFiles UP-TO-DATE
> Task :features:roomcall:impl:extractProguardFiles UP-TO-DATE
> Task :features:roomdetails:impl:extractProguardFiles UP-TO-DATE
> Task :features:userprofile:shared:extractProguardFiles UP-TO-DATE
> Task :features:roomcall:impl:prepareLintJarForPublish UP-TO-DATE
> Task :features:roomaliasresolver:impl:prepareLintJarForPublish UP-TO-DATE
> Task :features:userprofile:shared:prepareLintJarForPublish UP-TO-DATE
> Task :features:roomdetails:impl:prepareLintJarForPublish UP-TO-DATE
> Task :features:roomdetailsedit:impl:extractProguardFiles UP-TO-DATE
> Task :features:roomdirectory:impl:extractProguardFiles UP-TO-DATE
> Task :features:roommembermoderation:impl:extractProguardFiles UP-TO-DATE
> Task :features:securebackup:impl:extractProguardFiles UP-TO-DATE
> Task :features:roommembermoderation:impl:prepareLintJarForPublish UP-TO-DATE
> Task :features:roomdirectory:impl:prepareLintJarForPublish UP-TO-DATE
> Task :features:roomdetailsedit:impl:prepareLintJarForPublish UP-TO-DATE
> Task :features:securebackup:impl:prepareLintJarForPublish UP-TO-DATE
> Task :features:securityandprivacy:impl:extractProguardFiles UP-TO-DATE
> Task :features:share:impl:extractProguardFiles UP-TO-DATE
> Task :features:securityandprivacy:impl:prepareLintJarForPublish UP-TO-DATE
> Task :features:signedout:impl:extractProguardFiles UP-TO-DATE
> Task :features:space:impl:extractProguardFiles UP-TO-DATE
> Task :features:share:impl:prepareLintJarForPublish UP-TO-DATE
> Task :features:startchat:impl:extractProguardFiles UP-TO-DATE
> Task :features:signedout:impl:prepareLintJarForPublish UP-TO-DATE
> Task :features:space:impl:prepareLintJarForPublish UP-TO-DATE
> Task :features:startchat:impl:prepareLintJarForPublish UP-TO-DATE
> Task :features:verifysession:impl:extractProguardFiles UP-TO-DATE
> Task :features:userprofile:impl:extractProguardFiles UP-TO-DATE
> Task :features:viewfolder:impl:extractProguardFiles UP-TO-DATE
> Task :features:userprofile:impl:prepareLintJarForPublish UP-TO-DATE
> Task :features:verifysession:impl:prepareLintJarForPublish UP-TO-DATE
> Task :libraries:accountselect:impl:extractProguardFiles UP-TO-DATE
> Task :libraries:audio:impl:createFullJarRelease UP-TO-DATE
> Task :features:viewfolder:impl:prepareLintJarForPublish UP-TO-DATE
> Task :libraries:cryptography:impl:createFullJarRelease UP-TO-DATE
> Task :libraries:accountselect:impl:prepareLintJarForPublish UP-TO-DATE
> Task :libraries:audio:impl:extractProguardFiles UP-TO-DATE
> Task :libraries:cryptography:impl:extractProguardFiles UP-TO-DATE
> Task :libraries:dateformatter:impl:extractProguardFiles UP-TO-DATE
> Task :libraries:deeplink:impl:extractProguardFiles UP-TO-DATE
> Task :libraries:dateformatter:impl:prepareLintJarForPublish UP-TO-DATE
> Task :libraries:deeplink:impl:prepareLintJarForPublish UP-TO-DATE
> Task :libraries:eventformatter:impl:extractProguardFiles UP-TO-DATE
> Task :libraries:featureflag:impl:extractProguardFiles UP-TO-DATE
> Task :libraries:eventformatter:impl:prepareLintJarForPublish UP-TO-DATE
> Task :libraries:featureflag:impl:prepareLintJarForPublish UP-TO-DATE
> Task :libraries:cryptography:impl:generateReleaseLintModel UP-TO-DATE
> Task :libraries:fullscreenintent:impl:extractProguardFiles UP-TO-DATE
> Task :libraries:indicator:impl:extractProguardFiles UP-TO-DATE
> Task :libraries:cryptography:impl:prepareLintJarForPublish UP-TO-DATE
> Task :libraries:fullscreenintent:impl:prepareLintJarForPublish UP-TO-DATE
> Task :libraries:matrixmedia:impl:extractProguardFiles UP-TO-DATE
> Task :libraries:mediapickers:impl:createFullJarRelease UP-TO-DATE
> Task :libraries:indicator:impl:prepareLintJarForPublish UP-TO-DATE
> Task :libraries:matrixmedia:impl:prepareLintJarForPublish UP-TO-DATE
> Task :libraries:mediaplayer:impl:extractProguardFiles UP-TO-DATE
> Task :libraries:mediapickers:impl:extractProguardFiles UP-TO-DATE
> Task :libraries:mediaupload:impl:extractProguardFiles UP-TO-DATE
> Task :libraries:mediaplayer:impl:prepareLintJarForPublish UP-TO-DATE
> Task :libraries:mediaupload:impl:prepareLintJarForPublish UP-TO-DATE
> Task :libraries:mediaviewer:impl:extractProguardFiles UP-TO-DATE
> Task :libraries:mediaviewer:impl:prepareLintJarForPublish UP-TO-DATE
> Task :libraries:oidc:impl:extractProguardFiles UP-TO-DATE
> Task :libraries:permissions:impl:extractProguardFiles UP-TO-DATE
> Task :libraries:oidc:impl:prepareLintJarForPublish UP-TO-DATE
> Task :libraries:permissions:impl:prepareLintJarForPublish UP-TO-DATE
> Task :libraries:push:impl:extractProguardFiles UP-TO-DATE
> Task :libraries:pushproviders:firebase:extractProguardFiles UP-TO-DATE
> Task :libraries:push:impl:prepareLintJarForPublish UP-TO-DATE
> Task :libraries:mediapickers:impl:generateReleaseLintModel UP-TO-DATE
> Task :libraries:pushproviders:firebase:prepareLintJarForPublish UP-TO-DATE
> Task :libraries:pushproviders:unifiedpush:extractProguardFiles UP-TO-DATE
> Task :libraries:mediapickers:impl:prepareLintJarForPublish UP-TO-DATE
> Task :libraries:pushproviders:unifiedpush:prepareLintJarForPublish UP-TO-DATE
> Task :libraries:pushstore:impl:extractProguardFiles UP-TO-DATE
> Task :libraries:recentemojis:impl:extractProguardFiles UP-TO-DATE
> Task :libraries:pushstore:impl:prepareLintJarForPublish UP-TO-DATE
> Task :libraries:recentemojis:impl:prepareLintJarForPublish UP-TO-DATE
> Task :libraries:roomselect:impl:extractProguardFiles UP-TO-DATE
> Task :libraries:session-storage:impl:createFullJarRelease UP-TO-DATE
> Task :libraries:roomselect:impl:prepareLintJarForPublish UP-TO-DATE
> Task :libraries:troubleshoot:impl:extractProguardFiles UP-TO-DATE
> Task :libraries:session-storage:impl:extractProguardFiles UP-TO-DATE
> Task :libraries:voiceplayer:impl:extractProguardFiles UP-TO-DATE
> Task :libraries:troubleshoot:impl:prepareLintJarForPublish UP-TO-DATE
> Task :libraries:session-storage:impl:prepareLintJarForPublish UP-TO-DATE
> Task :libraries:voiceplayer:impl:prepareLintJarForPublish UP-TO-DATE
> Task :libraries:voicerecorder:impl:extractProguardFiles UP-TO-DATE
> Task :libraries:wellknown:impl:extractProguardFiles UP-TO-DATE
> Task :libraries:workmanager:impl:extractProguardFiles UP-TO-DATE
> Task :libraries:voicerecorder:impl:prepareLintJarForPublish UP-TO-DATE
> Task :libraries:wellknown:impl:prepareLintJarForPublish UP-TO-DATE
> Task :libraries:workmanager:impl:prepareLintJarForPublish UP-TO-DATE
> Task :services:analytics:impl:extractProguardFiles UP-TO-DATE
> Task :services:analyticsproviders:posthog:extractProguardFiles UP-TO-DATE
> Task :services:analyticsproviders:sentry:createFullJarRelease UP-TO-DATE
> Task :services:analytics:impl:prepareLintJarForPublish UP-TO-DATE
> Task :services:analyticsproviders:posthog:prepareLintJarForPublish UP-TO-DATE
> Task :services:analyticsproviders:sentry:extractProguardFiles UP-TO-DATE
> Task :services:appnavstate:impl:extractProguardFiles UP-TO-DATE
> Task :services:appnavstate:impl:prepareLintJarForPublish UP-TO-DATE
> Task :libraries:session-storage:api:generateReleaseLintModel UP-TO-DATE
> Task :libraries:session-storage:api:prepareLintJarForPublish UP-TO-DATE
> Task :libraries:audio:impl:generateReleaseLintModel UP-TO-DATE
> Task :libraries:audio:impl:prepareLintJarForPublish UP-TO-DATE
> Task :libraries:matrix:impl:checkReleaseAarMetadata UP-TO-DATE
> Task :libraries:matrix:impl:stripReleaseDebugSymbols NO-SOURCE
> Task :libraries:matrix:impl:copyReleaseJniLibsProjectAndLocalJars UP-TO-DATE
> Task :libraries:matrix:impl:extractDeepLinksForAarRelease UP-TO-DATE
> Task :services:apperror:api:generateReleaseLintModel UP-TO-DATE
> Task :services:apperror:api:prepareLintJarForPublish UP-TO-DATE
> Task :libraries:permissions:impl:checkReleaseAarMetadata UP-TO-DATE
> Task :libraries:permissions:impl:stripReleaseDebugSymbols NO-SOURCE
> Task :libraries:permissions:impl:copyReleaseJniLibsProjectAndLocalJars UP-TO-DATE
> Task :libraries:permissions:impl:extractDeepLinksForAarRelease UP-TO-DATE
> Task :features:createroom:impl:checkReleaseAarMetadata UP-TO-DATE
> Task :features:createroom:impl:stripReleaseDebugSymbols NO-SOURCE
> Task :features:createroom:impl:copyReleaseJniLibsProjectAndLocalJars UP-TO-DATE
> Task :features:createroom:impl:extractDeepLinksForAarRelease UP-TO-DATE
> Task :libraries:pushproviders:firebase:checkReleaseAarMetadata UP-TO-DATE
> Task :libraries:pushproviders:firebase:stripReleaseDebugSymbols NO-SOURCE
> Task :libraries:pushproviders:firebase:copyReleaseJniLibsProjectAndLocalJars UP-TO-DATE
> Task :libraries:pushproviders:firebase:extractDeepLinksForAarRelease UP-TO-DATE
> Task :features:invitepeople:impl:checkReleaseAarMetadata UP-TO-DATE
> Task :features:invitepeople:impl:stripReleaseDebugSymbols NO-SOURCE
> Task :features:invitepeople:impl:copyReleaseJniLibsProjectAndLocalJars UP-TO-DATE
> Task :features:invitepeople:impl:extractDeepLinksForAarRelease UP-TO-DATE
> Task :features:startchat:impl:checkReleaseAarMetadata UP-TO-DATE
> Task :features:startchat:impl:stripReleaseDebugSymbols NO-SOURCE
> Task :features:startchat:impl:copyReleaseJniLibsProjectAndLocalJars UP-TO-DATE
> Task :features:startchat:impl:extractDeepLinksForAarRelease UP-TO-DATE
> Task :libraries:usersearch:impl:checkReleaseAarMetadata UP-TO-DATE
> Task :libraries:usersearch:impl:stripReleaseDebugSymbols NO-SOURCE
> Task :libraries:usersearch:impl:copyReleaseJniLibsProjectAndLocalJars UP-TO-DATE
> Task :libraries:usersearch:impl:extractDeepLinksForAarRelease UP-TO-DATE
> Task :libraries:eventformatter:impl:checkReleaseAarMetadata UP-TO-DATE
> Task :libraries:eventformatter:impl:stripReleaseDebugSymbols NO-SOURCE
> Task :libraries:eventformatter:impl:copyReleaseJniLibsProjectAndLocalJars UP-TO-DATE
> Task :libraries:eventformatter:impl:extractDeepLinksForAarRelease UP-TO-DATE
> Task :services:toolbox:api:generateReleaseLintModel UP-TO-DATE
> Task :services:toolbox:api:prepareLintJarForPublish UP-TO-DATE
> Task :features:call:impl:checkReleaseAarMetadata UP-TO-DATE
> Task :services:analytics:api:generateReleaseLintModel UP-TO-DATE
> Task :features:call:impl:stripReleaseDebugSymbols NO-SOURCE
> Task :features:call:impl:copyReleaseJniLibsProjectAndLocalJars UP-TO-DATE
> Task :features:call:impl:extractDeepLinksForAarRelease UP-TO-DATE
> Task :libraries:maplibre-compose:generateReleaseLintModel UP-TO-DATE
> Task :libraries:maplibre-compose:prepareLintJarForPublish UP-TO-DATE
> Task :libraries:compound:generateReleaseLintModel UP-TO-DATE
> Task :libraries:compound:prepareLintJarForPublish UP-TO-DATE
> Task :features:rolesandpermissions:impl:checkReleaseAarMetadata UP-TO-DATE
> Task :features:rolesandpermissions:impl:stripReleaseDebugSymbols NO-SOURCE
> Task :features:rolesandpermissions:impl:copyReleaseJniLibsProjectAndLocalJars UP-TO-DATE
> Task :features:rolesandpermissions:impl:extractDeepLinksForAarRelease UP-TO-DATE
> Task :features:securityandprivacy:impl:checkReleaseAarMetadata UP-TO-DATE
> Task :features:securityandprivacy:impl:stripReleaseDebugSymbols NO-SOURCE
> Task :features:securityandprivacy:impl:copyReleaseJniLibsProjectAndLocalJars UP-TO-DATE
> Task :features:securityandprivacy:impl:extractDeepLinksForAarRelease UP-TO-DATE
> Task :features:location:impl:checkReleaseAarMetadata UP-TO-DATE
> Task :features:location:impl:stripReleaseDebugSymbols NO-SOURCE
> Task :features:location:impl:copyReleaseJniLibsProjectAndLocalJars UP-TO-DATE
> Task :features:location:impl:extractDeepLinksForAarRelease UP-TO-DATE
> Task :appnav:checkReleaseAarMetadata UP-TO-DATE
> Task :appnav:stripReleaseDebugSymbols NO-SOURCE
> Task :appnav:copyReleaseJniLibsProjectAndLocalJars UP-TO-DATE
> Task :app:mergeGplayReleaseArtProfile
> Task :libraries:textcomposer:impl:checkReleaseAarMetadata UP-TO-DATE
> Task :features:messages:api:checkReleaseAarMetadata UP-TO-DATE
> Task :libraries:textcomposer:impl:stripReleaseDebugSymbols NO-SOURCE
> Task :features:messages:api:stripReleaseDebugSymbols NO-SOURCE
> Task :libraries:textcomposer:impl:copyReleaseJniLibsProjectAndLocalJars UP-TO-DATE
> Task :features:messages:api:copyReleaseJniLibsProjectAndLocalJars UP-TO-DATE
> Task :libraries:textcomposer:impl:extractDeepLinksForAarRelease UP-TO-DATE
> Task :features:messages:api:extractDeepLinksForAarRelease UP-TO-DATE
> Task :libraries:roomselect:impl:checkReleaseAarMetadata UP-TO-DATE
> Task :libraries:roomselect:impl:stripReleaseDebugSymbols NO-SOURCE
> Task :appnav:extractDeepLinksForAarRelease UP-TO-DATE
> Task :libraries:roomselect:impl:copyReleaseJniLibsProjectAndLocalJars UP-TO-DATE
> Task :libraries:roomselect:impl:extractDeepLinksForAarRelease UP-TO-DATE
> Task :libraries:accountselect:impl:checkReleaseAarMetadata UP-TO-DATE
> Task :libraries:accountselect:impl:stripReleaseDebugSymbols NO-SOURCE
> Task :libraries:accountselect:impl:copyReleaseJniLibsProjectAndLocalJars UP-TO-DATE
> Task :libraries:accountselect:impl:extractDeepLinksForAarRelease UP-TO-DATE
> Task :services:analyticsproviders:sentry:generateReleaseLintModel UP-TO-DATE
> Task :services:analyticsproviders:sentry:prepareLintJarForPublish UP-TO-DATE
> Task :features:ftue:impl:checkReleaseAarMetadata UP-TO-DATE
> Task :features:ftue:impl:stripReleaseDebugSymbols NO-SOURCE
> Task :features:ftue:impl:copyReleaseJniLibsProjectAndLocalJars UP-TO-DATE
> Task :features:ftue:impl:extractDeepLinksForAarRelease UP-TO-DATE
> Task :features:invite:impl:checkReleaseAarMetadata UP-TO-DATE
> Task :features:invite:impl:stripReleaseDebugSymbols NO-SOURCE
> Task :features:invite:impl:copyReleaseJniLibsProjectAndLocalJars UP-TO-DATE
> Task :features:invite:impl:extractDeepLinksForAarRelease UP-TO-DATE
> Task :features:knockrequests:impl:checkReleaseAarMetadata UP-TO-DATE
> Task :features:knockrequests:impl:stripReleaseDebugSymbols NO-SOURCE
> Task :features:knockrequests:impl:copyReleaseJniLibsProjectAndLocalJars UP-TO-DATE
> Task :features:joinroom:impl:checkReleaseAarMetadata UP-TO-DATE
> Task :features:lockscreen:impl:checkReleaseAarMetadata UP-TO-DATE
> Task :features:knockrequests:impl:extractDeepLinksForAarRelease UP-TO-DATE
> Task :features:joinroom:impl:stripReleaseDebugSymbols NO-SOURCE
> Task :features:lockscreen:impl:stripReleaseDebugSymbols NO-SOURCE
> Task :features:joinroom:impl:copyReleaseJniLibsProjectAndLocalJars UP-TO-DATE
> Task :features:lockscreen:impl:copyReleaseJniLibsProjectAndLocalJars UP-TO-DATE
> Task :features:lockscreen:impl:extractDeepLinksForAarRelease UP-TO-DATE
> Task :features:joinroom:impl:extractDeepLinksForAarRelease UP-TO-DATE
> Task :features:roomaliasresolver:impl:checkReleaseAarMetadata UP-TO-DATE
> Task :features:reportroom:impl:checkReleaseAarMetadata UP-TO-DATE
> Task :features:roomaliasresolver:impl:stripReleaseDebugSymbols NO-SOURCE
> Task :features:reportroom:impl:stripReleaseDebugSymbols NO-SOURCE
> Task :features:reportroom:impl:copyReleaseJniLibsProjectAndLocalJars UP-TO-DATE
> Task :features:roomaliasresolver:impl:copyReleaseJniLibsProjectAndLocalJars UP-TO-DATE
> Task :features:reportroom:impl:extractDeepLinksForAarRelease UP-TO-DATE
> Task :features:roomaliasresolver:impl:extractDeepLinksForAarRelease UP-TO-DATE
> Task :features:roomdetailsedit:impl:checkReleaseAarMetadata UP-TO-DATE
> Task :features:roomdetailsedit:impl:stripReleaseDebugSymbols NO-SOURCE
> Task :features:roomdetailsedit:impl:copyReleaseJniLibsProjectAndLocalJars UP-TO-DATE
> Task :features:roomdetailsedit:impl:extractDeepLinksForAarRelease UP-TO-DATE
> Task :features:roomcall:impl:checkReleaseAarMetadata UP-TO-DATE
> Task :features:roomcall:impl:stripReleaseDebugSymbols NO-SOURCE
> Task :features:roomcall:impl:copyReleaseJniLibsProjectAndLocalJars UP-TO-DATE
> Task :features:roomcall:impl:extractDeepLinksForAarRelease UP-TO-DATE
> Task :features:roommembermoderation:impl:checkReleaseAarMetadata UP-TO-DATE
> Task :features:roommembermoderation:impl:stripReleaseDebugSymbols NO-SOURCE
> Task :features:roommembermoderation:impl:copyReleaseJniLibsProjectAndLocalJars UP-TO-DATE
> Task :features:roommembermoderation:impl:extractDeepLinksForAarRelease UP-TO-DATE
> Task :features:roomdetails:impl:checkReleaseAarMetadata UP-TO-DATE
> Task :features:roomdetails:impl:stripReleaseDebugSymbols NO-SOURCE
> Task :features:roomdetails:impl:copyReleaseJniLibsProjectAndLocalJars UP-TO-DATE
> Task :features:roomdetails:impl:extractDeepLinksForAarRelease UP-TO-DATE
> Task :features:roomdirectory:impl:checkReleaseAarMetadata UP-TO-DATE
> Task :features:roomdirectory:impl:stripReleaseDebugSymbols NO-SOURCE
> Task :features:roomdirectory:impl:copyReleaseJniLibsProjectAndLocalJars UP-TO-DATE
> Task :libraries:architecture:generateReleaseLintModel UP-TO-DATE
> Task :features:messages:impl:checkReleaseAarMetadata UP-TO-DATE
> Task :features:roomdirectory:impl:extractDeepLinksForAarRelease UP-TO-DATE
> Task :features:ftue:api:generateReleaseLintModel UP-TO-DATE
> Task :features:deactivation:api:generateReleaseLintModel UP-TO-DATE
> Task :features:securebackup:impl:checkReleaseAarMetadata UP-TO-DATE
> Task :features:share:impl:checkReleaseAarMetadata UP-TO-DATE
> Task :features:poll:impl:checkReleaseAarMetadata UP-TO-DATE
> Task :features:lockscreen:api:generateReleaseLintModel UP-TO-DATE
> Task :features:preferences:impl:checkReleaseAarMetadata UP-TO-DATE
> Task :app:mergeGplayReleaseArtProfile UP-TO-DATE
> Task :features:migration:api:generateReleaseLintModel UP-TO-DATE
> Task :features:home:impl:checkReleaseAarMetadata UP-TO-DATE
> Task :features:messages:impl:stripReleaseDebugSymbols NO-SOURCE
> Task :features:poll:impl:stripReleaseDebugSymbols NO-SOURCE
> Task :features:messages:impl:copyReleaseJniLibsProjectAndLocalJars UP-TO-DATE
> Task :features:viewfolder:api:generateReleaseLintModel UP-TO-DATE
> Task :features:messages:impl:extractDeepLinksForAarRelease UP-TO-DATE
> Task :features:poll:impl:copyReleaseJniLibsProjectAndLocalJars UP-TO-DATE
> Task :features:home:impl:stripReleaseDebugSymbols NO-SOURCE
> Task :features:preferences:impl:stripReleaseDebugSymbols NO-SOURCE
> Task :features:home:impl:copyReleaseJniLibsProjectAndLocalJars UP-TO-DATE
> Task :features:poll:impl:extractDeepLinksForAarRelease UP-TO-DATE
> Task :features:preferences:impl:copyReleaseJniLibsProjectAndLocalJars UP-TO-DATE
> Task :features:home:impl:extractDeepLinksForAarRelease UP-TO-DATE
> Task :features:preferences:impl:extractDeepLinksForAarRelease UP-TO-DATE
> Task :features:cachecleaner:api:generateReleaseLintModel UP-TO-DATE
> Task :features:share:impl:stripReleaseDebugSymbols NO-SOURCE
> Task :features:share:impl:copyReleaseJniLibsProjectAndLocalJars UP-TO-DATE
> Task :features:securebackup:impl:stripReleaseDebugSymbols NO-SOURCE
> Task :features:share:impl:extractDeepLinksForAarRelease UP-TO-DATE
> Task :services:analytics:noop:generateReleaseLintModel UP-TO-DATE
> Task :features:login:api:generateReleaseLintModel UP-TO-DATE
> Task :libraries:push:impl:checkReleaseAarMetadata UP-TO-DATE
> Task :features:securebackup:impl:copyReleaseJniLibsProjectAndLocalJars UP-TO-DATE
> Task :libraries:push:impl:stripReleaseDebugSymbols NO-SOURCE
> Task :features:securebackup:api:generateReleaseLintModel UP-TO-DATE
> Task :libraries:oidc:api:generateReleaseLintModel UP-TO-DATE
> Task :libraries:push:impl:copyReleaseJniLibsProjectAndLocalJars UP-TO-DATE
> Task :features:securebackup:impl:extractDeepLinksForAarRelease UP-TO-DATE
> Task :libraries:push:impl:extractDeepLinksForAarRelease UP-TO-DATE
> Task :features:cachecleaner:impl:generateReleaseLintModel UP-TO-DATE
> Task :features:signedout:impl:checkReleaseAarMetadata UP-TO-DATE
> Task :services:analytics:compose:generateReleaseLintModel UP-TO-DATE
> Task :features:signedout:impl:stripReleaseDebugSymbols NO-SOURCE
> Task :features:signedout:impl:copyReleaseJniLibsProjectAndLocalJars UP-TO-DATE
> Task :features:signedout:impl:extractDeepLinksForAarRelease UP-TO-DATE
> Task :features:userprofile:shared:checkReleaseAarMetadata UP-TO-DATE
> Task :features:userprofile:shared:stripReleaseDebugSymbols NO-SOURCE
> Task :features:space:impl:checkReleaseAarMetadata UP-TO-DATE
> Task :features:userprofile:shared:copyReleaseJniLibsProjectAndLocalJars UP-TO-DATE
> Task :features:space:impl:stripReleaseDebugSymbols NO-SOURCE
> Task :features:userprofile:shared:extractDeepLinksForAarRelease UP-TO-DATE
> Task :features:space:impl:copyReleaseJniLibsProjectAndLocalJars UP-TO-DATE
> Task :features:space:impl:extractDeepLinksForAarRelease UP-TO-DATE
> Task :libraries:deeplink:impl:checkReleaseAarMetadata UP-TO-DATE
> Task :libraries:deeplink:impl:stripReleaseDebugSymbols NO-SOURCE
> Task :libraries:dateformatter:impl:checkReleaseAarMetadata UP-TO-DATE
> Task :features:invite:api:checkReleaseAarMetadata UP-TO-DATE
> Task :libraries:indicator:impl:checkReleaseAarMetadata UP-TO-DATE
> Task :libraries:deeplink:impl:copyReleaseJniLibsProjectAndLocalJars UP-TO-DATE
> Task :features:location:api:checkReleaseAarMetadata UP-TO-DATE
> Task :libraries:indicator:impl:stripReleaseDebugSymbols NO-SOURCE
> Task :libraries:matrix:api:extractDeepLinksRelease UP-TO-DATE
> Task :features:location:api:stripReleaseDebugSymbols NO-SOURCE
> Task :libraries:deeplink:impl:extractDeepLinksForAarRelease UP-TO-DATE
> Task :libraries:indicator:impl:copyReleaseJniLibsProjectAndLocalJars UP-TO-DATE
> Task :libraries:dateformatter:impl:stripReleaseDebugSymbols NO-SOURCE
> Task :libraries:indicator:impl:extractDeepLinksForAarRelease UP-TO-DATE
> Task :features:invite:api:stripReleaseDebugSymbols NO-SOURCE
> Task :features:location:api:copyReleaseJniLibsProjectAndLocalJars UP-TO-DATE
> Task :features:verifysession:impl:checkReleaseAarMetadata UP-TO-DATE
> Task :libraries:androidutils:generateReleaseLintModel UP-TO-DATE
> Task :features:invite:api:copyReleaseJniLibsProjectAndLocalJars UP-TO-DATE
> Task :libraries:dateformatter:impl:copyReleaseJniLibsProjectAndLocalJars UP-TO-DATE
> Task :libraries:matrix:api:processReleaseManifest UP-TO-DATE
> Task :features:verifysession:impl:stripReleaseDebugSymbols NO-SOURCE
> Task :features:location:api:extractDeepLinksForAarRelease UP-TO-DATE
> Task :libraries:matrix:api:mergeReleaseShaders UP-TO-DATE
> Task :features:invite:api:extractDeepLinksForAarRelease UP-TO-DATE
> Task :libraries:matrix:api:compileReleaseShaders NO-SOURCE
> Task :libraries:matrix:api:generateReleaseAssets UP-TO-DATE
> Task :libraries:dateformatter:impl:extractDeepLinksForAarRelease UP-TO-DATE
> Task :features:userprofile:impl:checkReleaseAarMetadata UP-TO-DATE
> Task :features:verifysession:impl:copyReleaseJniLibsProjectAndLocalJars UP-TO-DATE
> Task :libraries:matrix:api:mergeReleaseAssets UP-TO-DATE
> Task :libraries:matrix:api:mergeReleaseJniLibFolders UP-TO-DATE
> Task :libraries:matrix:api:mergeReleaseNativeLibs NO-SOURCE
> Task :features:verifysession:impl:extractDeepLinksForAarRelease UP-TO-DATE
> Task :libraries:matrix:api:copyReleaseJniLibsProjectOnly UP-TO-DATE
> Task :libraries:matrix:api:extractProguardFiles UP-TO-DATE
> Task :libraries:matrix:api:prepareLintJarForPublish UP-TO-DATE
> Task :libraries:matrixui:checkReleaseAarMetadata UP-TO-DATE
> Task :services:toolbox:impl:generateReleaseLintModel UP-TO-DATE
> Task :libraries:matrixui:stripReleaseDebugSymbols NO-SOURCE
> Task :libraries:matrixui:copyReleaseJniLibsProjectAndLocalJars UP-TO-DATE
> Task :libraries:matrixui:extractDeepLinksForAarRelease UP-TO-DATE
> Task :libraries:ui-utils:generateReleaseLintModel UP-TO-DATE
> Task :libraries:troubleshoot:impl:checkReleaseAarMetadata UP-TO-DATE
> Task :features:userprofile:impl:stripReleaseDebugSymbols NO-SOURCE
> Task :libraries:oidc:impl:checkReleaseAarMetadata UP-TO-DATE
> Task :libraries:troubleshoot:impl:stripReleaseDebugSymbols NO-SOURCE
> Task :features:userprofile:impl:copyReleaseJniLibsProjectAndLocalJars UP-TO-DATE
> Task :libraries:oidc:impl:stripReleaseDebugSymbols NO-SOURCE
> Task :libraries:oidc:impl:copyReleaseJniLibsProjectAndLocalJars UP-TO-DATE
> Task :features:userprofile:impl:extractDeepLinksForAarRelease UP-TO-DATE
> Task :libraries:troubleshoot:impl:copyReleaseJniLibsProjectAndLocalJars UP-TO-DATE
> Task :libraries:troubleshoot:impl:extractDeepLinksForAarRelease UP-TO-DATE
> Task :services:analytics:impl:checkReleaseAarMetadata UP-TO-DATE
> Task :services:analytics:impl:stripReleaseDebugSymbols NO-SOURCE
> Task :libraries:oidc:impl:extractDeepLinksForAarRelease UP-TO-DATE
> Task :services:analytics:impl:copyReleaseJniLibsProjectAndLocalJars UP-TO-DATE
> Task :services:analytics:impl:extractDeepLinksForAarRelease UP-TO-DATE
> Task :features:announcement:impl:checkReleaseAarMetadata UP-TO-DATE
> Task :features:announcement:impl:stripReleaseDebugSymbols NO-SOURCE
> Task :features:announcement:impl:copyReleaseJniLibsProjectAndLocalJars UP-TO-DATE
> Task :features:announcement:impl:extractDeepLinksForAarRelease UP-TO-DATE
> Task :features:leaveroom:impl:checkReleaseAarMetadata UP-TO-DATE
> Task :features:leaveroom:impl:stripReleaseDebugSymbols NO-SOURCE
> Task :features:leaveroom:impl:copyReleaseJniLibsProjectAndLocalJars UP-TO-DATE
> Task :features:leaveroom:impl:extractDeepLinksForAarRelease UP-TO-DATE
> Task :services:apperror:impl:checkReleaseAarMetadata UP-TO-DATE
> Task :services:apperror:impl:stripReleaseDebugSymbols NO-SOURCE
> Task :features:deactivation:impl:checkReleaseAarMetadata UP-TO-DATE
> Task :services:apperror:impl:copyReleaseJniLibsProjectAndLocalJars UP-TO-DATE
> Task :features:deactivation:impl:stripReleaseDebugSymbols NO-SOURCE
> Task :services:apperror:impl:extractDeepLinksForAarRelease UP-TO-DATE
> Task :features:deactivation:impl:copyReleaseJniLibsProjectAndLocalJars UP-TO-DATE
> Task :features:deactivation:impl:extractDeepLinksForAarRelease UP-TO-DATE
> Task :features:licenses:impl:checkReleaseAarMetadata UP-TO-DATE
> Task :features:licenses:impl:stripReleaseDebugSymbols NO-SOURCE
> Task :features:licenses:impl:copyReleaseJniLibsProjectAndLocalJars UP-TO-DATE
> Task :features:licenses:impl:extractDeepLinksForAarRelease UP-TO-DATE
> Task :features:migration:impl:checkReleaseAarMetadata UP-TO-DATE
> Task :features:migration:impl:stripReleaseDebugSymbols NO-SOURCE
> Task :features:migration:impl:copyReleaseJniLibsProjectAndLocalJars UP-TO-DATE
> Task :features:migration:impl:extractDeepLinksForAarRelease UP-TO-DATE
> Task :features:rageshake:impl:checkReleaseAarMetadata UP-TO-DATE
> Task :features:rageshake:impl:stripReleaseDebugSymbols NO-SOURCE
> Task :features:rageshake:impl:copyReleaseJniLibsProjectAndLocalJars UP-TO-DATE
> Task :features:rageshake:impl:extractDeepLinksForAarRelease UP-TO-DATE
> Task :libraries:push:api:checkReleaseAarMetadata UP-TO-DATE
> Task :libraries:push:api:stripReleaseDebugSymbols NO-SOURCE
> Task :libraries:push:api:copyReleaseJniLibsProjectAndLocalJars UP-TO-DATE
> Task :libraries:push:api:extractDeepLinksForAarRelease UP-TO-DATE
> Task :features:analytics:impl:checkReleaseAarMetadata UP-TO-DATE
> Task :features:analytics:impl:stripReleaseDebugSymbols NO-SOURCE
> Task :features:analytics:impl:copyReleaseJniLibsProjectAndLocalJars UP-TO-DATE
> Task :features:forward:impl:checkReleaseAarMetadata UP-TO-DATE
> Task :features:analytics:impl:extractDeepLinksForAarRelease UP-TO-DATE
> Task :features:forward:impl:stripReleaseDebugSymbols NO-SOURCE
> Task :features:forward:impl:copyReleaseJniLibsProjectAndLocalJars UP-TO-DATE
> Task :features:forward:impl:extractDeepLinksForAarRelease UP-TO-DATE
> Task :libraries:fullscreenintent:impl:checkReleaseAarMetadata UP-TO-DATE
> Task :libraries:fullscreenintent:impl:stripReleaseDebugSymbols NO-SOURCE
> Task :libraries:fullscreenintent:impl:copyReleaseJniLibsProjectAndLocalJars UP-TO-DATE
> Task :libraries:fullscreenintent:impl:extractDeepLinksForAarRelease UP-TO-DATE
> Task :libraries:matrixmedia:impl:checkReleaseAarMetadata UP-TO-DATE
> Task :libraries:matrixmedia:impl:stripReleaseDebugSymbols NO-SOURCE
> Task :app:expandGplayReleaseL8ArtProfileWildcards UP-TO-DATE
> Task :libraries:matrixmedia:impl:copyReleaseJniLibsProjectAndLocalJars UP-TO-DATE
> Task :libraries:matrixmedia:impl:extractDeepLinksForAarRelease UP-TO-DATE
> Task :libraries:encrypted-db:generateReleaseLintModel UP-TO-DATE
> Task :libraries:fullscreenintent:api:checkReleaseAarMetadata UP-TO-DATE
> Task :features:login:impl:checkReleaseAarMetadata UP-TO-DATE
> Task :features:login:impl:stripReleaseDebugSymbols NO-SOURCE
> Task :libraries:fullscreenintent:api:stripReleaseDebugSymbols NO-SOURCE
> Task :features:login:impl:copyReleaseJniLibsProjectAndLocalJars UP-TO-DATE
> Task :libraries:fullscreenintent:api:copyReleaseJniLibsProjectAndLocalJars UP-TO-DATE
> Task :features:login:impl:extractDeepLinksForAarRelease UP-TO-DATE
> Task :libraries:fullscreenintent:api:extractDeepLinksForAarRelease UP-TO-DATE
> Task :libraries:permissions:api:checkReleaseAarMetadata UP-TO-DATE
> Task :libraries:permissions:noop:checkReleaseAarMetadata UP-TO-DATE
> Task :libraries:permissions:noop:stripReleaseDebugSymbols NO-SOURCE
> Task :libraries:permissions:api:stripReleaseDebugSymbols NO-SOURCE
> Task :libraries:permissions:api:copyReleaseJniLibsProjectAndLocalJars UP-TO-DATE
> Task :libraries:permissions:noop:copyReleaseJniLibsProjectAndLocalJars UP-TO-DATE
> Task :libraries:permissions:api:extractDeepLinksForAarRelease UP-TO-DATE
> Task :libraries:permissions:noop:extractDeepLinksForAarRelease UP-TO-DATE
> Task :features:analytics:api:checkReleaseAarMetadata UP-TO-DATE
> Task :features:analytics:api:stripReleaseDebugSymbols NO-SOURCE
> Task :features:analytics:api:copyReleaseJniLibsProjectAndLocalJars UP-TO-DATE
> Task :features:analytics:api:extractDeepLinksForAarRelease UP-TO-DATE
> Task :features:networkmonitor:api:checkReleaseAarMetadata UP-TO-DATE
> Task :features:networkmonitor:api:stripReleaseDebugSymbols NO-SOURCE
> Task :features:networkmonitor:api:copyReleaseJniLibsProjectAndLocalJars UP-TO-DATE
> Task :features:networkmonitor:api:extractDeepLinksForAarRelease UP-TO-DATE
> Task :libraries:session-storage:impl:generateReleaseLintModel UP-TO-DATE
> Task :libraries:matrixmedia:api:checkReleaseAarMetadata UP-TO-DATE
> Task :libraries:matrixmedia:api:stripReleaseDebugSymbols NO-SOURCE
> Task :libraries:previewutils:checkReleaseAarMetadata UP-TO-DATE
> Task :libraries:matrixmedia:api:copyReleaseJniLibsProjectAndLocalJars UP-TO-DATE
> Task :libraries:previewutils:stripReleaseDebugSymbols NO-SOURCE
> Task :libraries:matrixmedia:api:extractDeepLinksForAarRelease UP-TO-DATE
> Task :libraries:pushproviders:unifiedpush:checkReleaseAarMetadata UP-TO-DATE
> Task :libraries:previewutils:copyReleaseJniLibsProjectAndLocalJars UP-TO-DATE
> Task :libraries:pushproviders:unifiedpush:stripReleaseDebugSymbols NO-SOURCE
> Task :libraries:previewutils:extractDeepLinksForAarRelease UP-TO-DATE
> Task :libraries:pushproviders:unifiedpush:copyReleaseJniLibsProjectAndLocalJars UP-TO-DATE
> Task :features:networkmonitor:impl:checkReleaseAarMetadata UP-TO-DATE
> Task :libraries:pushproviders:unifiedpush:extractDeepLinksForAarRelease UP-TO-DATE
> Task :features:networkmonitor:impl:stripReleaseDebugSymbols NO-SOURCE
> Task :features:networkmonitor:impl:copyReleaseJniLibsProjectAndLocalJars UP-TO-DATE
> Task :features:networkmonitor:impl:extractDeepLinksForAarRelease UP-TO-DATE
> Task :features:logout:api:checkReleaseAarMetadata UP-TO-DATE
> Task :features:logout:api:stripReleaseDebugSymbols NO-SOURCE
> Task :features:logout:api:copyReleaseJniLibsProjectAndLocalJars UP-TO-DATE
> Task :features:logout:api:extractDeepLinksForAarRelease UP-TO-DATE
> Task :features:rageshake:api:checkReleaseAarMetadata UP-TO-DATE
> Task :features:rageshake:api:stripReleaseDebugSymbols NO-SOURCE
> Task :features:rageshake:api:copyReleaseJniLibsProjectAndLocalJars UP-TO-DATE
> Task :features:rageshake:api:extractDeepLinksForAarRelease UP-TO-DATE
> Task :features:viewfolder:impl:checkReleaseAarMetadata UP-TO-DATE
> Task :features:licenses:api:checkReleaseAarMetadata UP-TO-DATE
> Task :features:viewfolder:impl:stripReleaseDebugSymbols NO-SOURCE
> Task :features:viewfolder:impl:copyReleaseJniLibsProjectAndLocalJars UP-TO-DATE
> Task :features:viewfolder:impl:extractDeepLinksForAarRelease UP-TO-DATE
> Task :features:roomdirectory:api:checkReleaseAarMetadata UP-TO-DATE
> Task :features:joinroom:api:checkReleaseAarMetadata UP-TO-DATE
> Task :features:roomdirectory:api:stripReleaseDebugSymbols NO-SOURCE
> Task :features:joinroom:api:stripReleaseDebugSymbols NO-SOURCE
> Task :features:licenses:api:stripReleaseDebugSymbols NO-SOURCE
> Task :features:joinroom:api:copyReleaseJniLibsProjectAndLocalJars UP-TO-DATE
> Task :features:roomdirectory:api:copyReleaseJniLibsProjectAndLocalJars UP-TO-DATE
> Task :features:licenses:api:copyReleaseJniLibsProjectAndLocalJars UP-TO-DATE
> Task :features:joinroom:api:extractDeepLinksForAarRelease UP-TO-DATE
> Task :features:licenses:api:extractDeepLinksForAarRelease UP-TO-DATE
> Task :features:roomdirectory:api:extractDeepLinksForAarRelease UP-TO-DATE
> Task :features:roommembermoderation:api:checkReleaseAarMetadata UP-TO-DATE
> Task :features:roommembermoderation:api:stripReleaseDebugSymbols NO-SOURCE
> Task :features:roommembermoderation:api:copyReleaseJniLibsProjectAndLocalJars UP-TO-DATE
> Task :features:roommembermoderation:api:extractDeepLinksForAarRelease UP-TO-DATE
> Task :libraries:featureflag:ui:checkReleaseAarMetadata UP-TO-DATE
> Task :libraries:featureflag:ui:stripReleaseDebugSymbols NO-SOURCE
> Task :libraries:featureflag:ui:copyReleaseJniLibsProjectAndLocalJars UP-TO-DATE
> Task :libraries:pushstore:impl:checkReleaseAarMetadata UP-TO-DATE
> Task :libraries:pushstore:impl:stripReleaseDebugSymbols NO-SOURCE
> Task :libraries:pushstore:impl:copyReleaseJniLibsProjectAndLocalJars UP-TO-DATE
> Task :libraries:pushstore:impl:extractDeepLinksForAarRelease UP-TO-DATE
> Task :features:userprofile:api:checkReleaseAarMetadata UP-TO-DATE
> Task :features:poll:api:checkReleaseAarMetadata UP-TO-DATE
> Task :libraries:featureflag:ui:extractDeepLinksForAarRelease UP-TO-DATE
> Task :features:poll:api:stripReleaseDebugSymbols NO-SOURCE
> Task :features:userprofile:api:stripReleaseDebugSymbols NO-SOURCE
> Task :features:poll:api:copyReleaseJniLibsProjectAndLocalJars UP-TO-DATE
> Task :features:userprofile:api:copyReleaseJniLibsProjectAndLocalJars UP-TO-DATE
> Task :features:poll:api:extractDeepLinksForAarRelease UP-TO-DATE
> Task :features:userprofile:api:extractDeepLinksForAarRelease UP-TO-DATE
> Task :libraries:designsystem:checkReleaseAarMetadata UP-TO-DATE
> Task :libraries:designsystem:stripReleaseDebugSymbols NO-SOURCE
> Task :libraries:designsystem:copyReleaseJniLibsProjectAndLocalJars UP-TO-DATE
> Task :libraries:designsystem:extractDeepLinksForAarRelease UP-TO-DATE
> Task :features:migration:api:checkReleaseAarMetadata UP-TO-DATE
> Task :features:migration:api:stripReleaseDebugSymbols NO-SOURCE
> Task :features:migration:api:copyReleaseJniLibsProjectAndLocalJars UP-TO-DATE
> Task :libraries:ui-common:checkReleaseAarMetadata UP-TO-DATE
> Task :libraries:ui-common:stripReleaseDebugSymbols NO-SOURCE
> Task :libraries:ui-common:copyReleaseJniLibsProjectAndLocalJars UP-TO-DATE
> Task :features:migration:api:extractDeepLinksForAarRelease UP-TO-DATE
> Task :libraries:ui-common:extractDeepLinksForAarRelease UP-TO-DATE
> Task :libraries:wellknown:impl:checkReleaseAarMetadata UP-TO-DATE
> Task :features:migration:api:extractReleaseAnnotations UP-TO-DATE
> Task :libraries:wellknown:impl:stripReleaseDebugSymbols NO-SOURCE
> Task :features:migration:api:mergeReleaseConsumerProguardFiles UP-TO-DATE
> Task :libraries:wellknown:impl:copyReleaseJniLibsProjectAndLocalJars UP-TO-DATE
> Task :features:enterprise:impl-foss:checkReleaseAarMetadata UP-TO-DATE
> Task :features:enterprise:impl-foss:stripReleaseDebugSymbols NO-SOURCE
> Task :libraries:wellknown:impl:extractDeepLinksForAarRelease UP-TO-DATE
> Task :features:enterprise:impl-foss:copyReleaseJniLibsProjectAndLocalJars UP-TO-DATE
> Task :features:migration:api:mergeReleaseJavaResource UP-TO-DATE
> Task :features:enterprise:impl-foss:extractDeepLinksForAarRelease UP-TO-DATE
> Task :features:migration:api:syncReleaseLibJars UP-TO-DATE
> Task :features:migration:api:bundleReleaseLocalLintAar UP-TO-DATE
> Task :features:enterprise:api:checkReleaseAarMetadata UP-TO-DATE
> Task :features:enterprise:api:stripReleaseDebugSymbols NO-SOURCE
> Task :features:enterprise:api:copyReleaseJniLibsProjectAndLocalJars UP-TO-DATE
> Task :features:enterprise:api:extractDeepLinksForAarRelease UP-TO-DATE
> Task :features:cachecleaner:impl:checkReleaseAarMetadata UP-TO-DATE
> Task :features:cachecleaner:impl:stripReleaseDebugSymbols NO-SOURCE
> Task :features:cachecleaner:impl:copyReleaseJniLibsProjectAndLocalJars UP-TO-DATE
> Task :features:cachecleaner:impl:extractDeepLinksForAarRelease UP-TO-DATE
> Task :libraries:network:checkReleaseAarMetadata UP-TO-DATE
> Task :libraries:network:stripReleaseDebugSymbols NO-SOURCE
> Task :libraries:network:copyReleaseJniLibsProjectAndLocalJars UP-TO-DATE
> Task :libraries:network:extractDeepLinksForAarRelease UP-TO-DATE
> Task :libraries:qrcode:checkReleaseAarMetadata UP-TO-DATE
> Task :libraries:qrcode:stripReleaseDebugSymbols NO-SOURCE
> Task :libraries:qrcode:copyReleaseJniLibsProjectAndLocalJars UP-TO-DATE
> Task :libraries:qrcode:extractDeepLinksForAarRelease UP-TO-DATE
> Task :app:buildKotlinToolingMetadata UP-TO-DATE
> Task :libraries:preferences:impl:checkReleaseAarMetadata UP-TO-DATE
> Task :libraries:preferences:impl:stripReleaseDebugSymbols NO-SOURCE
> Task :libraries:preferences:impl:copyReleaseJniLibsProjectAndLocalJars UP-TO-DATE
> Task :libraries:voiceplayer:impl:checkReleaseAarMetadata UP-TO-DATE
> Task :features:cachecleaner:impl:extractReleaseAnnotations UP-TO-DATE
> Task :features:cachecleaner:impl:mergeReleaseConsumerProguardFiles UP-TO-DATE
> Task :libraries:voiceplayer:impl:stripReleaseDebugSymbols NO-SOURCE
> Task :features:cachecleaner:impl:mergeReleaseJavaResource UP-TO-DATE
> Task :libraries:voiceplayer:impl:copyReleaseJniLibsProjectAndLocalJars UP-TO-DATE
> Task :libraries:voiceplayer:impl:extractDeepLinksForAarRelease UP-TO-DATE
> Task :features:cachecleaner:impl:syncReleaseLibJars UP-TO-DATE
> Task :features:cachecleaner:impl:bundleReleaseLocalLintAar UP-TO-DATE
> Task :libraries:preferences:impl:extractDeepLinksForAarRelease UP-TO-DATE
> Task :services:appnavstate:impl:checkReleaseAarMetadata UP-TO-DATE
> Task :services:appnavstate:impl:stripReleaseDebugSymbols NO-SOURCE
> Task :services:appnavstate:impl:copyReleaseJniLibsProjectAndLocalJars UP-TO-DATE
> Task :services:appnavstate:impl:extractDeepLinksForAarRelease UP-TO-DATE
> Task :libraries:featureflag:impl:checkReleaseAarMetadata UP-TO-DATE
> Task :features:logout:impl:checkReleaseAarMetadata UP-TO-DATE
> Task :libraries:featureflag:impl:stripReleaseDebugSymbols NO-SOURCE
> Task :features:logout:impl:stripReleaseDebugSymbols NO-SOURCE
> Task :libraries:featureflag:impl:copyReleaseJniLibsProjectAndLocalJars UP-TO-DATE
> Task :features:logout:impl:copyReleaseJniLibsProjectAndLocalJars UP-TO-DATE
> Task :libraries:featureflag:impl:extractDeepLinksForAarRelease UP-TO-DATE
> Task :features:logout:impl:extractDeepLinksForAarRelease UP-TO-DATE
> Task :libraries:featureflag:api:checkReleaseAarMetadata UP-TO-DATE
> Task :libraries:featureflag:api:stripReleaseDebugSymbols NO-SOURCE
> Task :libraries:featureflag:api:copyReleaseJniLibsProjectAndLocalJars UP-TO-DATE
> Task :libraries:featureflag:api:extractDeepLinksForAarRelease UP-TO-DATE
> Task :appconfig:checkReleaseAarMetadata UP-TO-DATE
> Task :appconfig:stripReleaseDebugSymbols NO-SOURCE
> Task :appconfig:copyReleaseJniLibsProjectAndLocalJars UP-TO-DATE
> Task :appconfig:extractDeepLinksForAarRelease UP-TO-DATE
> Task :libraries:pushstore:api:checkReleaseAarMetadata UP-TO-DATE
> Task :libraries:pushstore:api:stripReleaseDebugSymbols NO-SOURCE
> Task :libraries:pushstore:api:copyReleaseJniLibsProjectAndLocalJars UP-TO-DATE
> Task :libraries:pushstore:api:extractDeepLinksForAarRelease UP-TO-DATE
> Task :libraries:troubleshoot:api:checkReleaseAarMetadata UP-TO-DATE
> Task :libraries:troubleshoot:api:stripReleaseDebugSymbols NO-SOURCE
> Task :libraries:troubleshoot:api:copyReleaseJniLibsProjectAndLocalJars UP-TO-DATE
> Task :libraries:troubleshoot:api:extractDeepLinksForAarRelease UP-TO-DATE
> Task :libraries:workmanager:impl:checkReleaseAarMetadata UP-TO-DATE
> Task :libraries:workmanager:impl:stripReleaseDebugSymbols NO-SOURCE
> Task :libraries:workmanager:impl:copyReleaseJniLibsProjectAndLocalJars UP-TO-DATE
> Task :libraries:workmanager:impl:extractDeepLinksForAarRelease UP-TO-DATE
> Task :libraries:pushproviders:api:checkReleaseAarMetadata UP-TO-DATE
> Task :libraries:pushproviders:api:stripReleaseDebugSymbols NO-SOURCE
> Task :libraries:pushproviders:api:copyReleaseJniLibsProjectAndLocalJars UP-TO-DATE
> Task :libraries:pushproviders:api:extractDeepLinksForAarRelease UP-TO-DATE
> Task :libraries:mediaupload:api:checkReleaseAarMetadata UP-TO-DATE
> Task :libraries:eventformatter:api:checkReleaseAarMetadata UP-TO-DATE
> Task :libraries:mediaupload:api:stripReleaseDebugSymbols NO-SOURCE
> Task :libraries:eventformatter:api:stripReleaseDebugSymbols NO-SOURCE
> Task :libraries:eventformatter:api:copyReleaseJniLibsProjectAndLocalJars UP-TO-DATE
> Task :libraries:mediaupload:api:copyReleaseJniLibsProjectAndLocalJars UP-TO-DATE
> Task :libraries:eventformatter:api:extractDeepLinksForAarRelease UP-TO-DATE
> Task :libraries:deeplink:api:checkReleaseAarMetadata UP-TO-DATE
> Task :libraries:mediaupload:api:extractDeepLinksForAarRelease UP-TO-DATE
> Task :libraries:deeplink:api:stripReleaseDebugSymbols NO-SOURCE
> Task :libraries:deeplink:api:copyReleaseJniLibsProjectAndLocalJars UP-TO-DATE
> Task :libraries:deeplink:api:extractDeepLinksForAarRelease UP-TO-DATE
> Task :libraries:workmanager:api:checkReleaseAarMetadata UP-TO-DATE
> Task :libraries:workmanager:api:stripReleaseDebugSymbols NO-SOURCE
> Task :libraries:preferences:api:checkReleaseAarMetadata UP-TO-DATE
> Task :libraries:workmanager:api:copyReleaseJniLibsProjectAndLocalJars UP-TO-DATE
> Task :libraries:preferences:api:stripReleaseDebugSymbols NO-SOURCE
> Task :libraries:preferences:api:copyReleaseJniLibsProjectAndLocalJars UP-TO-DATE
> Task :libraries:workmanager:api:extractDeepLinksForAarRelease UP-TO-DATE
> Task :libraries:preferences:api:extractDeepLinksForAarRelease UP-TO-DATE
> Task :features:call:api:checkReleaseAarMetadata UP-TO-DATE
> Task :features:call:api:stripReleaseDebugSymbols NO-SOURCE
> Task :features:call:api:copyReleaseJniLibsProjectAndLocalJars UP-TO-DATE
> Task :features:call:api:extractDeepLinksForAarRelease UP-TO-DATE
> Task :libraries:usersearch:api:checkReleaseAarMetadata UP-TO-DATE
> Task :libraries:usersearch:api:stripReleaseDebugSymbols NO-SOURCE
> Task :libraries:usersearch:api:copyReleaseJniLibsProjectAndLocalJars UP-TO-DATE
> Task :libraries:usersearch:api:extractDeepLinksForAarRelease UP-TO-DATE
> Task :libraries:roomselect:api:checkReleaseAarMetadata UP-TO-DATE
> Task :libraries:roomselect:api:stripReleaseDebugSymbols NO-SOURCE
> Task :libraries:roomselect:api:copyReleaseJniLibsProjectAndLocalJars UP-TO-DATE
> Task :libraries:roomselect:api:extractDeepLinksForAarRelease UP-TO-DATE
> Task :services:appnavstate:api:checkReleaseAarMetadata UP-TO-DATE
> Task :services:appnavstate:api:stripReleaseDebugSymbols NO-SOURCE
> Task :services:appnavstate:api:copyReleaseJniLibsProjectAndLocalJars UP-TO-DATE
> Task :features:rolesandpermissions:api:checkReleaseAarMetadata UP-TO-DATE
> Task :features:rolesandpermissions:api:stripReleaseDebugSymbols NO-SOURCE
> Task :features:rolesandpermissions:api:copyReleaseJniLibsProjectAndLocalJars UP-TO-DATE
> Task :libraries:accountselect:api:checkReleaseAarMetadata UP-TO-DATE
> Task :libraries:accountselect:api:stripReleaseDebugSymbols NO-SOURCE
> Task :libraries:accountselect:api:copyReleaseJniLibsProjectAndLocalJars UP-TO-DATE
> Task :libraries:voicerecorder:impl:checkReleaseAarMetadata UP-TO-DATE
> Task :libraries:voicerecorder:impl:stripReleaseDebugSymbols NO-SOURCE
> Task :libraries:accountselect:api:extractDeepLinksForAarRelease UP-TO-DATE
> Task :libraries:voicerecorder:impl:copyReleaseJniLibsProjectAndLocalJars UP-TO-DATE
> Task :libraries:voicerecorder:impl:extractDeepLinksForAarRelease UP-TO-DATE
> Task :services:appnavstate:api:extractDeepLinksForAarRelease UP-TO-DATE
> Task :features:rolesandpermissions:api:extractDeepLinksForAarRelease UP-TO-DATE
> Task :libraries:mediaviewer:api:checkReleaseAarMetadata UP-TO-DATE
> Task :libraries:mediaplayer:api:checkReleaseAarMetadata UP-TO-DATE
> Task :libraries:mediaplayer:impl:checkReleaseAarMetadata UP-TO-DATE
> Task :libraries:mediaplayer:impl:stripReleaseDebugSymbols NO-SOURCE
> Task :libraries:mediaplayer:api:stripReleaseDebugSymbols NO-SOURCE
> Task :libraries:mediaplayer:impl:copyReleaseJniLibsProjectAndLocalJars UP-TO-DATE
> Task :libraries:mediaplayer:impl:extractDeepLinksForAarRelease UP-TO-DATE
> Task :libraries:mediaplayer:api:copyReleaseJniLibsProjectAndLocalJars UP-TO-DATE
> Task :features:createroom:api:checkReleaseAarMetadata UP-TO-DATE
> Task :libraries:mediaviewer:api:stripReleaseDebugSymbols NO-SOURCE
> Task :libraries:mediaviewer:api:copyReleaseJniLibsProjectAndLocalJars UP-TO-DATE
> Task :libraries:mediaplayer:api:extractDeepLinksForAarRelease UP-TO-DATE
> Task :features:invitepeople:api:checkReleaseAarMetadata UP-TO-DATE
> Task :libraries:mediaviewer:api:extractDeepLinksForAarRelease UP-TO-DATE
> Task :features:invitepeople:api:stripReleaseDebugSymbols NO-SOURCE
> Task :features:invitepeople:api:copyReleaseJniLibsProjectAndLocalJars UP-TO-DATE
> Task :features:invitepeople:api:extractDeepLinksForAarRelease UP-TO-DATE
> Task :features:createroom:api:stripReleaseDebugSymbols NO-SOURCE
> Task :features:createroom:api:copyReleaseJniLibsProjectAndLocalJars UP-TO-DATE
> Task :features:createroom:api:extractDeepLinksForAarRelease UP-TO-DATE
> Task :features:verifysession:api:checkReleaseAarMetadata UP-TO-DATE
> Task :features:verifysession:api:stripReleaseDebugSymbols NO-SOURCE
> Task :features:forward:api:checkReleaseAarMetadata UP-TO-DATE
> Task :features:forward:api:stripReleaseDebugSymbols NO-SOURCE
> Task :features:forward:api:copyReleaseJniLibsProjectAndLocalJars UP-TO-DATE
> Task :features:home:api:checkReleaseAarMetadata UP-TO-DATE
> Task :features:home:api:stripReleaseDebugSymbols NO-SOURCE
> Task :features:home:api:copyReleaseJniLibsProjectAndLocalJars UP-TO-DATE
> Task :features:forward:api:extractDeepLinksForAarRelease UP-TO-DATE
> Task :features:home:api:extractDeepLinksForAarRelease UP-TO-DATE
> Task :features:verifysession:api:copyReleaseJniLibsProjectAndLocalJars UP-TO-DATE
> Task :features:verifysession:api:extractDeepLinksForAarRelease UP-TO-DATE
> Task :features:leaveroom:api:checkReleaseAarMetadata UP-TO-DATE
> Task :features:leaveroom:api:stripReleaseDebugSymbols NO-SOURCE
> Task :features:leaveroom:api:copyReleaseJniLibsProjectAndLocalJars UP-TO-DATE
> Task :features:leaveroom:api:extractDeepLinksForAarRelease UP-TO-DATE
> Task :features:roomcall:api:checkReleaseAarMetadata UP-TO-DATE
> Task :features:reportroom:api:checkReleaseAarMetadata UP-TO-DATE
> Task :features:roomcall:api:stripReleaseDebugSymbols NO-SOURCE
> Task :features:reportroom:api:stripReleaseDebugSymbols NO-SOURCE
> Task :features:roomcall:api:copyReleaseJniLibsProjectAndLocalJars UP-TO-DATE
> Task :features:reportroom:api:copyReleaseJniLibsProjectAndLocalJars UP-TO-DATE
> Task :features:reportroom:api:extractDeepLinksForAarRelease UP-TO-DATE
> Task :features:roomcall:api:extractDeepLinksForAarRelease UP-TO-DATE
> Task :features:preferences:api:checkReleaseAarMetadata UP-TO-DATE
> Task :features:preferences:api:stripReleaseDebugSymbols NO-SOURCE
> Task :features:roomdetails:api:checkReleaseAarMetadata UP-TO-DATE
> Task :features:roomdetails:api:stripReleaseDebugSymbols NO-SOURCE
> Task :features:roomdetails:api:copyReleaseJniLibsProjectAndLocalJars UP-TO-DATE
> Task :features:preferences:api:copyReleaseJniLibsProjectAndLocalJars UP-TO-DATE
> Task :features:roomdetails:api:extractDeepLinksForAarRelease UP-TO-DATE
> Task :features:preferences:api:extractDeepLinksForAarRelease UP-TO-DATE
> Task :libraries:voiceplayer:api:checkReleaseAarMetadata UP-TO-DATE
> Task :features:roomaliasresolver:api:checkReleaseAarMetadata UP-TO-DATE
> Task :libraries:voiceplayer:api:stripReleaseDebugSymbols NO-SOURCE
> Task :features:roomaliasresolver:api:stripReleaseDebugSymbols NO-SOURCE
> Task :libraries:voiceplayer:api:copyReleaseJniLibsProjectAndLocalJars UP-TO-DATE
> Task :features:knockrequests:api:checkReleaseAarMetadata UP-TO-DATE
> Task :features:roomaliasresolver:api:copyReleaseJniLibsProjectAndLocalJars UP-TO-DATE
> Task :features:knockrequests:api:stripReleaseDebugSymbols NO-SOURCE
> Task :libraries:voiceplayer:api:extractDeepLinksForAarRelease UP-TO-DATE
> Task :features:roomaliasresolver:api:extractDeepLinksForAarRelease UP-TO-DATE
> Task :features:knockrequests:api:copyReleaseJniLibsProjectAndLocalJars UP-TO-DATE
> Task :features:knockrequests:api:extractDeepLinksForAarRelease UP-TO-DATE
> Task :features:securityandprivacy:api:checkReleaseAarMetadata UP-TO-DATE
> Task :features:startchat:api:checkReleaseAarMetadata UP-TO-DATE
> Task :features:securityandprivacy:api:stripReleaseDebugSymbols NO-SOURCE
> Task :features:startchat:api:stripReleaseDebugSymbols NO-SOURCE
> Task :features:securityandprivacy:api:copyReleaseJniLibsProjectAndLocalJars UP-TO-DATE
> Task :features:startchat:api:copyReleaseJniLibsProjectAndLocalJars UP-TO-DATE
> Task :features:securityandprivacy:api:extractDeepLinksForAarRelease UP-TO-DATE
> Task :features:signedout:api:checkReleaseAarMetadata UP-TO-DATE
> Task :features:startchat:api:extractDeepLinksForAarRelease UP-TO-DATE
> Task :features:signedout:api:stripReleaseDebugSymbols NO-SOURCE
> Task :features:signedout:api:copyReleaseJniLibsProjectAndLocalJars UP-TO-DATE
> Task :features:signedout:api:extractDeepLinksForAarRelease UP-TO-DATE
> Task :features:share:api:checkReleaseAarMetadata UP-TO-DATE
> Task :features:share:api:stripReleaseDebugSymbols NO-SOURCE
> Task :features:share:api:copyReleaseJniLibsProjectAndLocalJars UP-TO-DATE
> Task :features:share:api:extractDeepLinksForAarRelease UP-TO-DATE
> Task :features:viewfolder:api:checkReleaseAarMetadata UP-TO-DATE
> Task :features:viewfolder:api:stripReleaseDebugSymbols NO-SOURCE
> Task :libraries:matrix:api:checkReleaseAarMetadata UP-TO-DATE
> Task :libraries:matrix:api:stripReleaseDebugSymbols NO-SOURCE
> Task :features:viewfolder:api:copyReleaseJniLibsProjectAndLocalJars UP-TO-DATE
> Task :libraries:matrix:api:copyReleaseJniLibsProjectAndLocalJars UP-TO-DATE
> Task :features:viewfolder:api:extractDeepLinksForAarRelease UP-TO-DATE
> Task :libraries:matrix:api:extractDeepLinksForAarRelease UP-TO-DATE
> Task :libraries:oidc:api:checkReleaseAarMetadata UP-TO-DATE
> Task :features:space:api:checkReleaseAarMetadata UP-TO-DATE
> Task :libraries:oidc:api:stripReleaseDebugSymbols NO-SOURCE
> Task :features:viewfolder:api:extractReleaseAnnotations UP-TO-DATE
> Task :libraries:oidc:api:copyReleaseJniLibsProjectAndLocalJars UP-TO-DATE
> Task :features:space:api:stripReleaseDebugSymbols NO-SOURCE
> Task :libraries:oidc:api:extractDeepLinksForAarRelease UP-TO-DATE
> Task :features:viewfolder:api:mergeReleaseConsumerProguardFiles UP-TO-DATE
> Task :features:space:api:copyReleaseJniLibsProjectAndLocalJars UP-TO-DATE
> Task :features:space:api:extractDeepLinksForAarRelease UP-TO-DATE
> Task :features:viewfolder:api:mergeReleaseJavaResource UP-TO-DATE
> Task :services:analytics:compose:checkReleaseAarMetadata UP-TO-DATE
> Task :features:viewfolder:api:syncReleaseLibJars UP-TO-DATE
> Task :services:analytics:compose:stripReleaseDebugSymbols NO-SOURCE
> Task :services:analytics:compose:copyReleaseJniLibsProjectAndLocalJars UP-TO-DATE
> Task :libraries:oidc:api:extractReleaseAnnotations UP-TO-DATE
> Task :features:viewfolder:api:bundleReleaseLocalLintAar UP-TO-DATE
> Task :services:analytics:compose:extractDeepLinksForAarRelease UP-TO-DATE
> Task :libraries:oidc:api:mergeReleaseConsumerProguardFiles UP-TO-DATE
> Task :libraries:oidc:api:mergeReleaseJavaResource UP-TO-DATE
> Task :libraries:oidc:api:syncReleaseLibJars UP-TO-DATE
> Task :services:analytics:compose:extractReleaseAnnotations UP-TO-DATE
> Task :services:analytics:compose:mergeReleaseConsumerProguardFiles UP-TO-DATE
> Task :libraries:oidc:api:bundleReleaseLocalLintAar UP-TO-DATE
> Task :features:lockscreen:api:checkReleaseAarMetadata UP-TO-DATE
> Task :features:lockscreen:api:stripReleaseDebugSymbols NO-SOURCE
> Task :services:analytics:compose:mergeReleaseJavaResource UP-TO-DATE
> Task :features:lockscreen:api:copyReleaseJniLibsProjectAndLocalJars UP-TO-DATE
> Task :features:lockscreen:api:extractDeepLinksForAarRelease UP-TO-DATE
> Task :services:analytics:compose:syncReleaseLibJars UP-TO-DATE
> Task :features:roomdetailsedit:api:checkReleaseAarMetadata UP-TO-DATE
> Task :features:roomdetailsedit:api:stripReleaseDebugSymbols NO-SOURCE
> Task :features:lockscreen:api:extractReleaseAnnotations UP-TO-DATE
> Task :features:roomdetailsedit:api:copyReleaseJniLibsProjectAndLocalJars UP-TO-DATE
> Task :services:analytics:compose:bundleReleaseLocalLintAar UP-TO-DATE
> Task :features:roomdetailsedit:api:extractDeepLinksForAarRelease UP-TO-DATE
> Task :features:lockscreen:api:mergeReleaseConsumerProguardFiles UP-TO-DATE
> Task :features:lockscreen:api:mergeReleaseJavaResource UP-TO-DATE
> Task :features:cachecleaner:api:checkReleaseAarMetadata UP-TO-DATE
> Task :features:cachecleaner:api:stripReleaseDebugSymbols NO-SOURCE
> Task :features:lockscreen:api:syncReleaseLibJars UP-TO-DATE
> Task :features:cachecleaner:api:copyReleaseJniLibsProjectAndLocalJars UP-TO-DATE
> Task :features:lockscreen:api:bundleReleaseLocalLintAar UP-TO-DATE
> Task :features:cachecleaner:api:extractDeepLinksForAarRelease UP-TO-DATE
> Task :services:analytics:noop:checkReleaseAarMetadata UP-TO-DATE
> Task :features:deactivation:api:checkReleaseAarMetadata UP-TO-DATE
> Task :services:analytics:noop:stripReleaseDebugSymbols NO-SOURCE
> Task :features:deactivation:api:stripReleaseDebugSymbols NO-SOURCE
> Task :services:analytics:noop:copyReleaseJniLibsProjectAndLocalJars UP-TO-DATE
> Task :features:deactivation:api:copyReleaseJniLibsProjectAndLocalJars UP-TO-DATE
> Task :services:analytics:noop:extractDeepLinksForAarRelease UP-TO-DATE
> Task :features:deactivation:api:extractDeepLinksForAarRelease UP-TO-DATE
> Task :features:cachecleaner:api:extractReleaseAnnotations UP-TO-DATE
> Task :features:cachecleaner:api:mergeReleaseConsumerProguardFiles UP-TO-DATE
> Task :features:cachecleaner:api:mergeReleaseJavaResource UP-TO-DATE
> Task :services:analytics:noop:extractReleaseAnnotations UP-TO-DATE
> Task :features:cachecleaner:api:syncReleaseLibJars UP-TO-DATE
> Task :features:deactivation:api:extractReleaseAnnotations UP-TO-DATE
> Task :services:analytics:noop:mergeReleaseConsumerProguardFiles UP-TO-DATE
> Task :features:deactivation:api:mergeReleaseConsumerProguardFiles UP-TO-DATE
> Task :features:cachecleaner:api:bundleReleaseLocalLintAar UP-TO-DATE
> Task :services:analytics:noop:mergeReleaseJavaResource UP-TO-DATE
> Task :features:deactivation:api:mergeReleaseJavaResource UP-TO-DATE
> Task :features:deactivation:api:syncReleaseLibJars UP-TO-DATE
> Task :services:analytics:noop:syncReleaseLibJars UP-TO-DATE
> Task :features:deactivation:api:bundleReleaseLocalLintAar UP-TO-DATE
> Task :features:ftue:api:checkReleaseAarMetadata UP-TO-DATE
> Task :services:analytics:noop:bundleReleaseLocalLintAar UP-TO-DATE
> Task :features:ftue:api:stripReleaseDebugSymbols NO-SOURCE
> Task :features:ftue:api:copyReleaseJniLibsProjectAndLocalJars UP-TO-DATE
> Task :features:ftue:api:extractDeepLinksForAarRelease UP-TO-DATE
> Task :features:securebackup:api:checkReleaseAarMetadata UP-TO-DATE
> Task :features:securebackup:api:stripReleaseDebugSymbols NO-SOURCE
> Task :features:securebackup:api:copyReleaseJniLibsProjectAndLocalJars UP-TO-DATE
> Task :features:securebackup:api:extractDeepLinksForAarRelease UP-TO-DATE
> Task :features:ftue:api:extractReleaseAnnotations UP-TO-DATE
> Task :features:ftue:api:mergeReleaseConsumerProguardFiles UP-TO-DATE
> Task :features:ftue:api:mergeReleaseJavaResource UP-TO-DATE
> Task :features:ftue:api:syncReleaseLibJars UP-TO-DATE
> Task :features:securebackup:api:extractReleaseAnnotations UP-TO-DATE
> Task :features:securebackup:api:mergeReleaseConsumerProguardFiles UP-TO-DATE
> Task :features:ftue:api:bundleReleaseLocalLintAar UP-TO-DATE
> Task :features:securebackup:api:mergeReleaseJavaResource UP-TO-DATE
> Task :features:login:api:checkReleaseAarMetadata UP-TO-DATE
> Task :features:login:api:stripReleaseDebugSymbols NO-SOURCE
> Task :features:login:api:copyReleaseJniLibsProjectAndLocalJars UP-TO-DATE
> Task :features:securebackup:api:syncReleaseLibJars UP-TO-DATE
> Task :features:login:api:extractDeepLinksForAarRelease UP-TO-DATE
> Task :features:securebackup:api:bundleReleaseLocalLintAar UP-TO-DATE
> Task :features:login:api:extractReleaseAnnotations UP-TO-DATE
> Task :features:login:api:mergeReleaseConsumerProguardFiles UP-TO-DATE
> Task :features:login:api:mergeReleaseJavaResource UP-TO-DATE
> Task :libraries:architecture:checkReleaseAarMetadata UP-TO-DATE
> Task :libraries:architecture:stripReleaseDebugSymbols NO-SOURCE
> Task :libraries:architecture:copyReleaseJniLibsProjectAndLocalJars UP-TO-DATE
> Task :libraries:architecture:extractDeepLinksForAarRelease UP-TO-DATE
> Task :features:login:api:syncReleaseLibJars UP-TO-DATE
> Task :features:login:api:bundleReleaseLocalLintAar UP-TO-DATE
> Task :libraries:architecture:extractReleaseAnnotations UP-TO-DATE
> Task :libraries:architecture:mergeReleaseConsumerProguardFiles UP-TO-DATE
> Task :libraries:architecture:mergeReleaseJavaResource UP-TO-DATE
> Task :libraries:architecture:syncReleaseLibJars UP-TO-DATE
> Task :libraries:architecture:bundleReleaseLocalLintAar UP-TO-DATE
> Task :libraries:mediaviewer:impl:checkReleaseAarMetadata UP-TO-DATE
> Task :libraries:mediaviewer:impl:stripReleaseDebugSymbols NO-SOURCE
> Task :libraries:mediaviewer:impl:copyReleaseJniLibsProjectAndLocalJars UP-TO-DATE
> Task :libraries:mediaviewer:impl:extractDeepLinksForAarRelease UP-TO-DATE
> Task :libraries:encrypted-db:checkReleaseAarMetadata UP-TO-DATE
> Task :libraries:androidutils:checkReleaseAarMetadata UP-TO-DATE
> Task :libraries:androidutils:stripReleaseDebugSymbols NO-SOURCE
> Task :libraries:encrypted-db:stripReleaseDebugSymbols NO-SOURCE
> Task :libraries:androidutils:copyReleaseJniLibsProjectAndLocalJars UP-TO-DATE
> Task :libraries:androidutils:extractDeepLinksForAarRelease UP-TO-DATE
> Task :libraries:encrypted-db:copyReleaseJniLibsProjectAndLocalJars UP-TO-DATE
> Task :libraries:encrypted-db:extractDeepLinksForAarRelease UP-TO-DATE
> Task :libraries:androidutils:extractReleaseAnnotations UP-TO-DATE
> Task :libraries:encrypted-db:extractReleaseAnnotations UP-TO-DATE
> Task :libraries:androidutils:mergeReleaseConsumerProguardFiles UP-TO-DATE
> Task :libraries:encrypted-db:mergeReleaseConsumerProguardFiles UP-TO-DATE
> Task :libraries:androidutils:mergeReleaseJavaResource UP-TO-DATE
> Task :libraries:androidutils:syncReleaseLibJars UP-TO-DATE
> Task :libraries:encrypted-db:mergeReleaseJavaResource UP-TO-DATE
> Task :libraries:encrypted-db:syncReleaseLibJars UP-TO-DATE
> Task :libraries:androidutils:bundleReleaseLocalLintAar UP-TO-DATE
> Task :libraries:encrypted-db:bundleReleaseLocalLintAar UP-TO-DATE
> Task :services:analytics:api:checkReleaseAarMetadata UP-TO-DATE
> Task :services:analytics:api:stripReleaseDebugSymbols NO-SOURCE
> Task :services:analytics:api:copyReleaseJniLibsProjectAndLocalJars UP-TO-DATE
> Task :services:analytics:api:extractDeepLinksForAarRelease UP-TO-DATE
> Task :services:toolbox:impl:checkReleaseAarMetadata UP-TO-DATE
> Task :services:toolbox:impl:stripReleaseDebugSymbols NO-SOURCE
> Task :services:toolbox:impl:copyReleaseJniLibsProjectAndLocalJars UP-TO-DATE
> Task :services:toolbox:impl:extractDeepLinksForAarRelease UP-TO-DATE
> Task :services:analytics:api:extractReleaseAnnotations UP-TO-DATE
> Task :services:analytics:api:mergeReleaseConsumerProguardFiles UP-TO-DATE
> Task :services:analytics:api:mergeReleaseJavaResource UP-TO-DATE
> Task :services:analytics:api:syncReleaseLibJars UP-TO-DATE
> Task :services:analytics:api:bundleReleaseLocalLintAar UP-TO-DATE
> Task :services:toolbox:impl:extractReleaseAnnotations UP-TO-DATE
> Task :services:toolbox:impl:mergeReleaseConsumerProguardFiles UP-TO-DATE
> Task :services:toolbox:impl:mergeReleaseJavaResource UP-TO-DATE
> Task :services:toolbox:impl:syncReleaseLibJars UP-TO-DATE
> Task :services:toolbox:impl:bundleReleaseLocalLintAar UP-TO-DATE
> Task :libraries:audio:impl:checkReleaseAarMetadata UP-TO-DATE
> Task :libraries:audio:impl:stripReleaseDebugSymbols NO-SOURCE
> Task :libraries:audio:impl:copyReleaseJniLibsProjectAndLocalJars UP-TO-DATE
> Task :libraries:audio:impl:extractDeepLinksForAarRelease UP-TO-DATE
> Task :libraries:audio:impl:extractReleaseAnnotations UP-TO-DATE
> Task :libraries:audio:impl:mergeReleaseConsumerProguardFiles UP-TO-DATE
> Task :libraries:audio:impl:mergeReleaseJavaResource UP-TO-DATE
> Task :libraries:audio:impl:syncReleaseLibJars UP-TO-DATE
> Task :libraries:audio:impl:bundleReleaseLocalLintAar UP-TO-DATE
> Task :libraries:cryptography:impl:checkReleaseAarMetadata UP-TO-DATE
> Task :libraries:cryptography:impl:stripReleaseDebugSymbols NO-SOURCE
> Task :libraries:cryptography:impl:copyReleaseJniLibsProjectAndLocalJars UP-TO-DATE
> Task :libraries:cryptography:impl:extractDeepLinksForAarRelease UP-TO-DATE
> Task :libraries:cryptography:impl:extractReleaseAnnotations UP-TO-DATE
> Task :libraries:cryptography:impl:mergeReleaseConsumerProguardFiles UP-TO-DATE
> Task :libraries:cryptography:impl:mergeReleaseJavaResource UP-TO-DATE
> Task :libraries:cryptography:impl:syncReleaseLibJars UP-TO-DATE
> Task :libraries:cryptography:impl:bundleReleaseLocalLintAar UP-TO-DATE
> Task :appicon:element:checkReleaseAarMetadata UP-TO-DATE
> Task :appicon:element:stripReleaseDebugSymbols NO-SOURCE
> Task :appicon:element:copyReleaseJniLibsProjectAndLocalJars UP-TO-DATE
> Task :appicon:element:extractDeepLinksForAarRelease UP-TO-DATE
> Task :appicon:element:extractReleaseAnnotations UP-TO-DATE
> Task :appicon:element:mergeReleaseConsumerProguardFiles UP-TO-DATE
> Task :appicon:element:mergeReleaseJavaResource UP-TO-DATE
> Task :appicon:element:syncReleaseLibJars UP-TO-DATE
> Task :appicon:element:bundleReleaseLocalLintAar UP-TO-DATE
> Task :libraries:ui-strings:checkReleaseAarMetadata UP-TO-DATE
> Task :libraries:ui-strings:stripReleaseDebugSymbols NO-SOURCE
> Task :libraries:ui-strings:copyReleaseJniLibsProjectAndLocalJars UP-TO-DATE
> Task :libraries:ui-strings:extractDeepLinksForAarRelease UP-TO-DATE
> Task :libraries:ui-strings:extractReleaseAnnotations UP-TO-DATE
> Task :libraries:ui-strings:mergeReleaseConsumerProguardFiles UP-TO-DATE
> Task :libraries:ui-strings:mergeReleaseJavaResource UP-TO-DATE
> Task :libraries:ui-strings:syncReleaseLibJars UP-TO-DATE
> Task :libraries:ui-strings:bundleReleaseLocalLintAar UP-TO-DATE
> Task :services:toolbox:api:checkReleaseAarMetadata UP-TO-DATE
> Task :services:toolbox:api:stripReleaseDebugSymbols NO-SOURCE
> Task :services:toolbox:api:copyReleaseJniLibsProjectAndLocalJars UP-TO-DATE
> Task :services:toolbox:api:extractDeepLinksForAarRelease UP-TO-DATE
> Task :services:toolbox:api:extractReleaseAnnotations UP-TO-DATE
> Task :services:toolbox:api:mergeReleaseConsumerProguardFiles UP-TO-DATE
> Task :services:toolbox:api:mergeReleaseJavaResource UP-TO-DATE
> Task :services:toolbox:api:syncReleaseLibJars UP-TO-DATE
> Task :services:toolbox:api:bundleReleaseLocalLintAar UP-TO-DATE
> Task :libraries:compound:checkReleaseAarMetadata UP-TO-DATE
> Task :libraries:compound:stripReleaseDebugSymbols NO-SOURCE
> Task :libraries:compound:copyReleaseJniLibsProjectAndLocalJars UP-TO-DATE
> Task :libraries:compound:extractDeepLinksForAarRelease UP-TO-DATE
> Task :libraries:compound:extractReleaseAnnotations UP-TO-DATE
> Task :libraries:compound:mergeReleaseConsumerProguardFiles UP-TO-DATE
> Task :libraries:compound:mergeReleaseJavaResource UP-TO-DATE
> Task :libraries:compound:syncReleaseLibJars UP-TO-DATE
> Task :libraries:compound:bundleReleaseLocalLintAar UP-TO-DATE
> Task :libraries:testtags:checkReleaseAarMetadata UP-TO-DATE
> Task :libraries:testtags:stripReleaseDebugSymbols NO-SOURCE
> Task :libraries:testtags:copyReleaseJniLibsProjectAndLocalJars UP-TO-DATE
> Task :libraries:testtags:extractDeepLinksForAarRelease UP-TO-DATE
> Task :libraries:testtags:extractReleaseAnnotations UP-TO-DATE
> Task :libraries:testtags:mergeReleaseConsumerProguardFiles UP-TO-DATE
> Task :libraries:testtags:mergeReleaseJavaResource UP-TO-DATE
> Task :libraries:testtags:syncReleaseLibJars UP-TO-DATE
> Task :libraries:testtags:bundleReleaseLocalLintAar UP-TO-DATE
> Task :libraries:indicator:api:checkReleaseAarMetadata UP-TO-DATE
> Task :libraries:indicator:api:stripReleaseDebugSymbols NO-SOURCE
> Task :libraries:indicator:api:copyReleaseJniLibsProjectAndLocalJars UP-TO-DATE
> Task :libraries:indicator:api:extractDeepLinksForAarRelease UP-TO-DATE
> Task :libraries:indicator:api:extractReleaseAnnotations UP-TO-DATE
> Task :libraries:indicator:api:mergeReleaseConsumerProguardFiles UP-TO-DATE
> Task :libraries:indicator:api:mergeReleaseJavaResource UP-TO-DATE
> Task :libraries:indicator:api:syncReleaseLibJars UP-TO-DATE
> Task :libraries:indicator:api:bundleReleaseLocalLintAar UP-TO-DATE
> Task :libraries:audio:api:checkReleaseAarMetadata UP-TO-DATE
> Task :libraries:audio:api:stripReleaseDebugSymbols NO-SOURCE
> Task :libraries:audio:api:copyReleaseJniLibsProjectAndLocalJars UP-TO-DATE
> Task :libraries:audio:api:extractDeepLinksForAarRelease UP-TO-DATE
> Task :libraries:audio:api:extractReleaseAnnotations UP-TO-DATE
> Task :libraries:audio:api:mergeReleaseConsumerProguardFiles UP-TO-DATE
> Task :libraries:audio:api:mergeReleaseJavaResource UP-TO-DATE
> Task :libraries:audio:api:syncReleaseLibJars UP-TO-DATE
> Task :libraries:audio:api:bundleReleaseLocalLintAar UP-TO-DATE
> Task :libraries:dateformatter:api:checkReleaseAarMetadata UP-TO-DATE
> Task :libraries:dateformatter:api:stripReleaseDebugSymbols NO-SOURCE
> Task :libraries:dateformatter:api:copyReleaseJniLibsProjectAndLocalJars UP-TO-DATE
> Task :libraries:dateformatter:api:extractDeepLinksForAarRelease UP-TO-DATE
> Task :libraries:dateformatter:api:extractReleaseAnnotations UP-TO-DATE
> Task :libraries:dateformatter:api:mergeReleaseConsumerProguardFiles UP-TO-DATE
> Task :libraries:dateformatter:api:mergeReleaseJavaResource UP-TO-DATE
> Task :libraries:dateformatter:api:syncReleaseLibJars UP-TO-DATE
> Task :libraries:dateformatter:api:bundleReleaseLocalLintAar UP-TO-DATE
> Task :libraries:session-storage:api:checkReleaseAarMetadata UP-TO-DATE
> Task :libraries:session-storage:api:stripReleaseDebugSymbols NO-SOURCE
> Task :libraries:session-storage:api:copyReleaseJniLibsProjectAndLocalJars UP-TO-DATE
> Task :libraries:session-storage:api:extractDeepLinksForAarRelease UP-TO-DATE
> Task :libraries:session-storage:api:extractReleaseAnnotations UP-TO-DATE
> Task :libraries:session-storage:api:mergeReleaseConsumerProguardFiles UP-TO-DATE
> Task :libraries:session-storage:api:mergeReleaseJavaResource UP-TO-DATE
> Task :libraries:session-storage:api:syncReleaseLibJars UP-TO-DATE
> Task :libraries:session-storage:api:bundleReleaseLocalLintAar UP-TO-DATE
> Task :libraries:cryptography:api:checkReleaseAarMetadata UP-TO-DATE
> Task :libraries:cryptography:api:stripReleaseDebugSymbols NO-SOURCE
> Task :libraries:cryptography:api:copyReleaseJniLibsProjectAndLocalJars UP-TO-DATE
> Task :libraries:cryptography:api:extractDeepLinksForAarRelease UP-TO-DATE
> Task :libraries:cryptography:api:extractReleaseAnnotations UP-TO-DATE
> Task :libraries:cryptography:api:mergeReleaseConsumerProguardFiles UP-TO-DATE
> Task :libraries:cryptography:api:mergeReleaseJavaResource UP-TO-DATE
> Task :libraries:cryptography:api:syncReleaseLibJars UP-TO-DATE
> Task :libraries:cryptography:api:bundleReleaseLocalLintAar UP-TO-DATE
> Task :libraries:voicerecorder:api:checkReleaseAarMetadata UP-TO-DATE
> Task :libraries:voicerecorder:api:stripReleaseDebugSymbols NO-SOURCE
> Task :libraries:voicerecorder:api:copyReleaseJniLibsProjectAndLocalJars UP-TO-DATE
> Task :libraries:voicerecorder:api:extractDeepLinksForAarRelease UP-TO-DATE
> Task :libraries:voicerecorder:api:extractReleaseAnnotations UP-TO-DATE
> Task :libraries:voicerecorder:api:mergeReleaseConsumerProguardFiles UP-TO-DATE
> Task :libraries:voicerecorder:api:mergeReleaseJavaResource UP-TO-DATE
> Task :libraries:voicerecorder:api:syncReleaseLibJars UP-TO-DATE
> Task :libraries:voicerecorder:api:bundleReleaseLocalLintAar UP-TO-DATE
> Task :libraries:wellknown:api:checkReleaseAarMetadata UP-TO-DATE
> Task :libraries:wellknown:api:stripReleaseDebugSymbols NO-SOURCE
> Task :libraries:wellknown:api:copyReleaseJniLibsProjectAndLocalJars UP-TO-DATE
> Task :libraries:wellknown:api:extractDeepLinksForAarRelease UP-TO-DATE
> Task :libraries:wellknown:api:extractReleaseAnnotations UP-TO-DATE
> Task :libraries:wellknown:api:mergeReleaseConsumerProguardFiles UP-TO-DATE
> Task :libraries:wellknown:api:mergeReleaseJavaResource UP-TO-DATE
> Task :libraries:wellknown:api:syncReleaseLibJars UP-TO-DATE
> Task :libraries:wellknown:api:bundleReleaseLocalLintAar UP-TO-DATE
> Task :services:analyticsproviders:api:checkReleaseAarMetadata UP-TO-DATE
> Task :services:analyticsproviders:api:stripReleaseDebugSymbols NO-SOURCE
> Task :services:analyticsproviders:api:copyReleaseJniLibsProjectAndLocalJars UP-TO-DATE
> Task :services:analyticsproviders:api:extractDeepLinksForAarRelease UP-TO-DATE
> Task :services:analyticsproviders:api:extractReleaseAnnotations UP-TO-DATE
> Task :services:analyticsproviders:api:mergeReleaseConsumerProguardFiles UP-TO-DATE
> Task :services:analyticsproviders:api:mergeReleaseJavaResource UP-TO-DATE
> Task :services:analyticsproviders:api:syncReleaseLibJars UP-TO-DATE
> Task :services:analyticsproviders:api:bundleReleaseLocalLintAar UP-TO-DATE
> Task :services:apperror:api:checkReleaseAarMetadata UP-TO-DATE
> Task :services:apperror:api:stripReleaseDebugSymbols NO-SOURCE
> Task :services:apperror:api:copyReleaseJniLibsProjectAndLocalJars UP-TO-DATE
> Task :services:apperror:api:extractDeepLinksForAarRelease UP-TO-DATE
> Task :services:apperror:api:extractReleaseAnnotations UP-TO-DATE
> Task :services:apperror:api:mergeReleaseConsumerProguardFiles UP-TO-DATE
> Task :services:apperror:api:mergeReleaseJavaResource UP-TO-DATE
> Task :services:apperror:api:syncReleaseLibJars UP-TO-DATE
> Task :services:apperror:api:bundleReleaseLocalLintAar UP-TO-DATE
> Task :features:announcement:api:checkReleaseAarMetadata UP-TO-DATE
> Task :features:announcement:api:stripReleaseDebugSymbols NO-SOURCE
> Task :features:announcement:api:copyReleaseJniLibsProjectAndLocalJars UP-TO-DATE
> Task :features:announcement:api:extractDeepLinksForAarRelease UP-TO-DATE
> Task :features:announcement:api:extractReleaseAnnotations UP-TO-DATE
> Task :features:announcement:api:mergeReleaseConsumerProguardFiles UP-TO-DATE
> Task :features:announcement:api:mergeReleaseJavaResource UP-TO-DATE
> Task :features:announcement:api:syncReleaseLibJars UP-TO-DATE
> Task :features:announcement:api:bundleReleaseLocalLintAar UP-TO-DATE
> Task :libraries:mediapickers:api:checkReleaseAarMetadata UP-TO-DATE
> Task :libraries:mediapickers:api:stripReleaseDebugSymbols NO-SOURCE
> Task :libraries:mediapickers:api:copyReleaseJniLibsProjectAndLocalJars UP-TO-DATE
> Task :libraries:mediapickers:api:extractDeepLinksForAarRelease UP-TO-DATE
> Task :libraries:mediapickers:api:extractReleaseAnnotations UP-TO-DATE
> Task :libraries:mediapickers:api:mergeReleaseConsumerProguardFiles UP-TO-DATE
> Task :libraries:mediapickers:api:mergeReleaseJavaResource UP-TO-DATE
> Task :libraries:mediapickers:api:syncReleaseLibJars UP-TO-DATE
> Task :libraries:mediapickers:api:bundleReleaseLocalLintAar UP-TO-DATE
> Task :libraries:ui-utils:checkReleaseAarMetadata UP-TO-DATE
> Task :libraries:ui-utils:stripReleaseDebugSymbols NO-SOURCE
> Task :libraries:ui-utils:copyReleaseJniLibsProjectAndLocalJars UP-TO-DATE
> Task :libraries:ui-utils:extractDeepLinksForAarRelease UP-TO-DATE
> Task :libraries:maplibre-compose:checkReleaseAarMetadata UP-TO-DATE
> Task :libraries:maplibre-compose:stripReleaseDebugSymbols NO-SOURCE
> Task :libraries:maplibre-compose:copyReleaseJniLibsProjectAndLocalJars UP-TO-DATE
> Task :libraries:maplibre-compose:extractDeepLinksForAarRelease UP-TO-DATE
> Task :libraries:ui-utils:extractReleaseAnnotations UP-TO-DATE
> Task :libraries:ui-utils:mergeReleaseConsumerProguardFiles UP-TO-DATE
> Task :libraries:recentemojis:impl:checkReleaseAarMetadata UP-TO-DATE
> Task :libraries:recentemojis:impl:stripReleaseDebugSymbols NO-SOURCE
> Task :libraries:recentemojis:impl:copyReleaseJniLibsProjectAndLocalJars UP-TO-DATE
> Task :libraries:maplibre-compose:extractReleaseAnnotations UP-TO-DATE
> Task :libraries:recentemojis:impl:extractDeepLinksForAarRelease UP-TO-DATE
> Task :libraries:maplibre-compose:mergeReleaseConsumerProguardFiles UP-TO-DATE
> Task :libraries:ui-utils:mergeReleaseJavaResource UP-TO-DATE
> Task :annotations:writeJvmLintModelMetadata UP-TO-DATE
> Task :libraries:androidutils:writeReleaseLintModelMetadata UP-TO-DATE
> Task :libraries:maplibre-compose:mergeReleaseJavaResource UP-TO-DATE
> Task :libraries:ui-utils:syncReleaseLibJars UP-TO-DATE
> Task :libraries:architecture:writeReleaseLintModelMetadata UP-TO-DATE
> Task :libraries:core:writeJvmLintModelMetadata UP-TO-DATE
> Task :libraries:di:writeJvmLintModelMetadata UP-TO-DATE
> Task :libraries:matrix:api:writeReleaseLintModelMetadata UP-TO-DATE
> Task :libraries:ui-utils:bundleReleaseLocalLintAar UP-TO-DATE
> Task :libraries:maplibre-compose:syncReleaseLibJars UP-TO-DATE
> Task :services:analytics:api:writeReleaseLintModelMetadata UP-TO-DATE
> Task :libraries:session-storage:api:writeReleaseLintModelMetadata UP-TO-DATE
> Task :services:analyticsproviders:api:writeReleaseLintModelMetadata UP-TO-DATE
> Task :services:toolbox:api:writeReleaseLintModelMetadata UP-TO-DATE
> Task :appconfig:writeReleaseLintModelMetadata UP-TO-DATE
> Task :libraries:maplibre-compose:bundleReleaseLocalLintAar UP-TO-DATE
> Task :libraries:session-storage:impl:checkReleaseAarMetadata UP-TO-DATE
> Task :libraries:session-storage:impl:stripReleaseDebugSymbols NO-SOURCE
> Task :libraries:compound:writeReleaseLintModelMetadata UP-TO-DATE
> Task :libraries:session-storage:impl:copyReleaseJniLibsProjectAndLocalJars UP-TO-DATE
> Task :libraries:designsystem:writeReleaseLintModelMetadata UP-TO-DATE
> Task :libraries:session-storage:impl:extractDeepLinksForAarRelease UP-TO-DATE
> Task :libraries:matrixui:writeReleaseLintModelMetadata UP-TO-DATE
> Task :libraries:recentemojis:api:checkReleaseAarMetadata UP-TO-DATE
> Task :libraries:mediapickers:impl:checkReleaseAarMetadata UP-TO-DATE
> Task :libraries:previewutils:writeReleaseLintModelMetadata UP-TO-DATE
> Task :libraries:recentemojis:api:stripReleaseDebugSymbols NO-SOURCE
> Task :libraries:mediapickers:impl:stripReleaseDebugSymbols NO-SOURCE
> Task :libraries:recentemojis:api:copyReleaseJniLibsProjectAndLocalJars UP-TO-DATE
> Task :libraries:testtags:writeReleaseLintModelMetadata UP-TO-DATE
> Task :libraries:mediapickers:impl:copyReleaseJniLibsProjectAndLocalJars UP-TO-DATE
> Task :libraries:ui-common:writeReleaseLintModelMetadata UP-TO-DATE
> Task :libraries:recentemojis:api:extractDeepLinksForAarRelease UP-TO-DATE
> Task :libraries:ui-strings:writeReleaseLintModelMetadata UP-TO-DATE
> Task :libraries:ui-utils:writeReleaseLintModelMetadata UP-TO-DATE
> Task :libraries:session-storage:impl:extractReleaseAnnotations UP-TO-DATE
> Task :libraries:mediapickers:impl:extractDeepLinksForAarRelease UP-TO-DATE
> Task :libraries:mediaupload:impl:checkReleaseAarMetadata UP-TO-DATE
> Task :libraries:session-storage:impl:mergeReleaseConsumerProguardFiles UP-TO-DATE
> Task :features:analytics:api:writeReleaseLintModelMetadata UP-TO-DATE
> Task :libraries:mediaupload:impl:stripReleaseDebugSymbols NO-SOURCE
> Task :features:cachecleaner:api:writeReleaseLintModelMetadata UP-TO-DATE
> Task :features:announcement:api:writeReleaseLintModelMetadata UP-TO-DATE
> Task :libraries:session-storage:impl:mergeReleaseJavaResource UP-TO-DATE
> Task :features:call:api:writeReleaseLintModelMetadata UP-TO-DATE
> Task :libraries:mediaupload:impl:copyReleaseJniLibsProjectAndLocalJars UP-TO-DATE
> Task :features:createroom:api:writeReleaseLintModelMetadata UP-TO-DATE
> Task :features:deactivation:api:writeReleaseLintModelMetadata UP-TO-DATE
> Task :libraries:session-storage:impl:syncReleaseLibJars UP-TO-DATE
> Task :features:enterprise:api:writeReleaseLintModelMetadata UP-TO-DATE
> Task :libraries:mediaupload:impl:extractDeepLinksForAarRelease UP-TO-DATE
> Task :features:forward:api:writeReleaseLintModelMetadata UP-TO-DATE
> Task :features:ftue:api:writeReleaseLintModelMetadata UP-TO-DATE
> Task :libraries:session-storage:impl:bundleReleaseLocalLintAar UP-TO-DATE
> Task :features:home:api:writeReleaseLintModelMetadata UP-TO-DATE
> Task :features:invite:api:writeReleaseLintModelMetadata UP-TO-DATE
> Task :libraries:mediapickers:impl:extractReleaseAnnotations UP-TO-DATE
> Task :features:invitepeople:api:writeReleaseLintModelMetadata UP-TO-DATE
> Task :features:joinroom:api:writeReleaseLintModelMetadata UP-TO-DATE
> Task :libraries:mediapickers:impl:mergeReleaseConsumerProguardFiles UP-TO-DATE
> Task :features:knockrequests:api:writeReleaseLintModelMetadata UP-TO-DATE
> Task :features:leaveroom:api:writeReleaseLintModelMetadata UP-TO-DATE
> Task :features:licenses:api:writeReleaseLintModelMetadata UP-TO-DATE
> Task :features:location:api:writeReleaseLintModelMetadata UP-TO-DATE
> Task :libraries:mediapickers:impl:mergeReleaseJavaResource UP-TO-DATE
> Task :features:lockscreen:api:writeReleaseLintModelMetadata UP-TO-DATE
> Task :features:login:api:writeReleaseLintModelMetadata UP-TO-DATE
> Task :libraries:mediapickers:impl:syncReleaseLibJars UP-TO-DATE
> Task :features:logout:api:writeReleaseLintModelMetadata UP-TO-DATE
> Task :features:messages:api:writeReleaseLintModelMetadata UP-TO-DATE
> Task :features:migration:api:writeReleaseLintModelMetadata UP-TO-DATE
> Task :libraries:mediapickers:impl:bundleReleaseLocalLintAar UP-TO-DATE
> Task :services:analyticsproviders:sentry:checkReleaseAarMetadata UP-TO-DATE
> Task :services:analyticsproviders:posthog:checkReleaseAarMetadata UP-TO-DATE
> Task :features:networkmonitor:api:writeReleaseLintModelMetadata UP-TO-DATE
> Task :features:poll:api:writeReleaseLintModelMetadata UP-TO-DATE
> Task :services:analyticsproviders:posthog:stripReleaseDebugSymbols NO-SOURCE
> Task :services:analyticsproviders:sentry:stripReleaseDebugSymbols NO-SOURCE
> Task :features:preferences:api:writeReleaseLintModelMetadata UP-TO-DATE
> Task :services:analyticsproviders:posthog:copyReleaseJniLibsProjectAndLocalJars UP-TO-DATE
> Task :services:analyticsproviders:sentry:copyReleaseJniLibsProjectAndLocalJars UP-TO-DATE
> Task :services:analyticsproviders:posthog:extractDeepLinksForAarRelease UP-TO-DATE
> Task :features:reportroom:api:writeReleaseLintModelMetadata UP-TO-DATE
> Task :features:rageshake:api:writeReleaseLintModelMetadata UP-TO-DATE
> Task :services:analyticsproviders:sentry:extractDeepLinksForAarRelease UP-TO-DATE
> Task :features:rolesandpermissions:api:writeReleaseLintModelMetadata UP-TO-DATE
> Task :features:roomaliasresolver:api:writeReleaseLintModelMetadata UP-TO-DATE
> Task :features:roomdetails:api:writeReleaseLintModelMetadata UP-TO-DATE
> Task :features:roomdetailsedit:api:writeReleaseLintModelMetadata UP-TO-DATE
> Task :features:roomdirectory:api:writeReleaseLintModelMetadata UP-TO-DATE
> Task :features:roomcall:api:writeReleaseLintModelMetadata UP-TO-DATE
> Task :features:securebackup:api:writeReleaseLintModelMetadata UP-TO-DATE
> Task :features:roommembermoderation:api:writeReleaseLintModelMetadata UP-TO-DATE
> Task :features:share:api:writeReleaseLintModelMetadata UP-TO-DATE
> Task :features:securityandprivacy:api:writeReleaseLintModelMetadata UP-TO-DATE
> Task :features:signedout:api:writeReleaseLintModelMetadata UP-TO-DATE
> Task :services:analyticsproviders:sentry:extractReleaseAnnotations UP-TO-DATE
> Task :features:space:api:writeReleaseLintModelMetadata UP-TO-DATE
> Task :features:startchat:api:writeReleaseLintModelMetadata UP-TO-DATE
> Task :features:userprofile:api:writeReleaseLintModelMetadata UP-TO-DATE
> Task :services:analyticsproviders:sentry:mergeReleaseConsumerProguardFiles UP-TO-DATE
> Task :features:viewfolder:api:writeReleaseLintModelMetadata UP-TO-DATE
> Task :libraries:deeplink:api:writeReleaseLintModelMetadata UP-TO-DATE
> Task :features:verifysession:api:writeReleaseLintModelMetadata UP-TO-DATE
> Task :services:analyticsproviders:sentry:mergeReleaseJavaResource UP-TO-DATE
> Task :libraries:accountselect:api:writeReleaseLintModelMetadata UP-TO-DATE
> Task :libraries:featureflag:api:writeReleaseLintModelMetadata UP-TO-DATE
> Task :libraries:matrixmedia:api:writeReleaseLintModelMetadata UP-TO-DATE
> Task :libraries:oidc:api:writeReleaseLintModelMetadata UP-TO-DATE
> Task :libraries:mediaviewer:api:writeReleaseLintModelMetadata UP-TO-DATE
> Task :libraries:push:api:writeReleaseLintModelMetadata UP-TO-DATE
> Task :services:analyticsproviders:sentry:syncReleaseLibJars UP-TO-DATE
> Task :libraries:preferences:api:writeReleaseLintModelMetadata UP-TO-DATE
> Task :libraries:pushproviders:api:writeReleaseLintModelMetadata UP-TO-DATE
> Task :libraries:textcomposer:impl:writeReleaseLintModelMetadata UP-TO-DATE
> Task :services:apperror:api:writeReleaseLintModelMetadata UP-TO-DATE
> Task :libraries:usersearch:api:writeReleaseLintModelMetadata UP-TO-DATE
> Task :services:appnavstate:api:writeReleaseLintModelMetadata UP-TO-DATE
> Task :services:apperror:impl:writeReleaseLintModelMetadata UP-TO-DATE
> Task :services:analyticsproviders:sentry:bundleReleaseLocalLintAar UP-TO-DATE
> Task :services:toolbox:impl:writeReleaseLintModelMetadata UP-TO-DATE
> Task :appnav:writeReleaseLintModelMetadata UP-TO-DATE
> Task :libraries:di:lintVitalAnalyzeJvmMain UP-TO-DATE
> Task :libraries:core:lintVitalAnalyzeJvmMain UP-TO-DATE
> Task :libraries:androidutils:lintVitalAnalyzeRelease UP-TO-DATE
> Task :appicon:element:lintVitalAnalyzeRelease UP-TO-DATE
> Task :libraries:architecture:lintVitalAnalyzeRelease UP-TO-DATE
> Task :libraries:qrcode:writeReleaseLintModelMetadata UP-TO-DATE
> Task :appicon:element:writeReleaseLintModelMetadata UP-TO-DATE
> Task :libraries:network:writeReleaseLintModelMetadata UP-TO-DATE
> Task :libraries:compound:lintVitalAnalyzeRelease UP-TO-DATE
> Task :libraries:ui-strings:lintVitalAnalyzeRelease UP-TO-DATE
> Task :features:analytics:impl:writeReleaseLintModelMetadata UP-TO-DATE
> Task :features:announcement:impl:writeReleaseLintModelMetadata UP-TO-DATE
> Task :libraries:testtags:lintVitalAnalyzeRelease UP-TO-DATE
> Task :libraries:maplibre-compose:lintVitalAnalyzeRelease UP-TO-DATE
> Task :libraries:encrypted-db:lintVitalAnalyzeRelease UP-TO-DATE
> Task :libraries:matrix:impl:writeReleaseLintModelMetadata UP-TO-DATE
> Task :libraries:maplibre-compose:writeReleaseLintModelMetadata UP-TO-DATE
> Task :libraries:audio:api:writeReleaseLintModelMetadata UP-TO-DATE
> Task :libraries:encrypted-db:writeReleaseLintModelMetadata UP-TO-DATE
> Task :features:call:impl:writeReleaseLintModelMetadata UP-TO-DATE
> Task :libraries:mediapickers:api:writeReleaseLintModelMetadata UP-TO-DATE
> Task :libraries:permissions:api:writeReleaseLintModelMetadata UP-TO-DATE
> Task :libraries:mediaupload:api:writeReleaseLintModelMetadata UP-TO-DATE
> Task :libraries:usersearch:impl:writeReleaseLintModelMetadata UP-TO-DATE
> Task :features:createroom:impl:writeReleaseLintModelMetadata UP-TO-DATE
> Task :libraries:ui-utils:lintVitalAnalyzeRelease UP-TO-DATE
> Task :features:announcement:api:lintVitalAnalyzeRelease UP-TO-DATE
> Task :features:deactivation:impl:writeReleaseLintModelMetadata UP-TO-DATE
> Task :features:enterprise:impl-foss:writeReleaseLintModelMetadata UP-TO-DATE
> Task :features:forward:impl:writeReleaseLintModelMetadata UP-TO-DATE
> Task :libraries:permissions:noop:writeReleaseLintModelMetadata UP-TO-DATE
> Task :features:ftue:impl:writeReleaseLintModelMetadata UP-TO-DATE
> Task :libraries:fullscreenintent:api:writeReleaseLintModelMetadata UP-TO-DATE
> Task :libraries:dateformatter:api:writeReleaseLintModelMetadata UP-TO-DATE
> Task :libraries:eventformatter:api:writeReleaseLintModelMetadata UP-TO-DATE
> Task :features:home:impl:writeReleaseLintModelMetadata UP-TO-DATE
> Task :features:invite:impl:writeReleaseLintModelMetadata UP-TO-DATE
> Task :features:invitepeople:impl:writeReleaseLintModelMetadata UP-TO-DATE
> Task :features:cachecleaner:impl:lintVitalAnalyzeRelease UP-TO-DATE
> Task :features:knockrequests:impl:writeReleaseLintModelMetadata UP-TO-DATE
> Task :features:joinroom:impl:writeReleaseLintModelMetadata UP-TO-DATE
> Task :features:leaveroom:impl:writeReleaseLintModelMetadata UP-TO-DATE
> Task :features:cachecleaner:impl:writeReleaseLintModelMetadata UP-TO-DATE
> Task :features:licenses:impl:writeReleaseLintModelMetadata UP-TO-DATE
> Task :features:location:impl:writeReleaseLintModelMetadata UP-TO-DATE
> Task :libraries:cryptography:api:writeReleaseLintModelMetadata UP-TO-DATE
> Task :libraries:indicator:api:writeReleaseLintModelMetadata UP-TO-DATE
> Task :features:deactivation:api:lintVitalAnalyzeRelease UP-TO-DATE
> Task :app:checkGplayReleaseDuplicateClasses UP-TO-DATE
> Task :app:checkKotlinGradlePluginConfigurationErrors SKIPPED
> Task :libraries:roomselect:api:writeReleaseLintModelMetadata UP-TO-DATE
> Task :libraries:wellknown:api:writeReleaseLintModelMetadata UP-TO-DATE
> Task :libraries:workmanager:api:writeReleaseLintModelMetadata UP-TO-DATE
> Task :features:logout:impl:writeReleaseLintModelMetadata UP-TO-DATE
> Task :features:lockscreen:impl:writeReleaseLintModelMetadata UP-TO-DATE
> Task :libraries:mediaplayer:api:writeReleaseLintModelMetadata UP-TO-DATE
> Task :libraries:voiceplayer:api:writeReleaseLintModelMetadata UP-TO-DATE
> Task :services:analytics:noop:writeReleaseLintModelMetadata UP-TO-DATE
> Task :libraries:recentemojis:api:writeReleaseLintModelMetadata UP-TO-DATE
> Task :services:analytics:compose:writeReleaseLintModelMetadata UP-TO-DATE
> Task :features:messages:impl:writeReleaseLintModelMetadata UP-TO-DATE
> Task :libraries:voicerecorder:api:writeReleaseLintModelMetadata UP-TO-DATE
> Task :features:login:impl:writeReleaseLintModelMetadata UP-TO-DATE
> Task :features:ftue:api:lintVitalAnalyzeRelease UP-TO-DATE
> Task :features:migration:impl:writeReleaseLintModelMetadata UP-TO-DATE
> Task :features:networkmonitor:impl:writeReleaseLintModelMetadata UP-TO-DATE
> Task :libraries:preferences:impl:writeReleaseLintModelMetadata UP-TO-DATE
> Task :libraries:featureflag:ui:writeReleaseLintModelMetadata UP-TO-DATE
> Task :features:lockscreen:api:lintVitalAnalyzeRelease UP-TO-DATE
> Task :libraries:pushstore:api:writeReleaseLintModelMetadata UP-TO-DATE
> Task :features:cachecleaner:api:lintVitalAnalyzeRelease UP-TO-DATE
> Task :features:rageshake:impl:writeReleaseLintModelMetadata UP-TO-DATE
> Task :features:poll:impl:writeReleaseLintModelMetadata UP-TO-DATE
> Task :features:preferences:impl:writeReleaseLintModelMetadata UP-TO-DATE
> Task :libraries:troubleshoot:api:writeReleaseLintModelMetadata UP-TO-DATE
> Task :features:roomaliasresolver:impl:writeReleaseLintModelMetadata UP-TO-DATE
> Task :features:rolesandpermissions:impl:writeReleaseLintModelMetadata UP-TO-DATE
> Task :features:roomdetails:impl:writeReleaseLintModelMetadata UP-TO-DATE
> Task :features:reportroom:impl:writeReleaseLintModelMetadata UP-TO-DATE
> Task :features:roomcall:impl:writeReleaseLintModelMetadata UP-TO-DATE
> Task :features:userprofile:shared:writeReleaseLintModelMetadata UP-TO-DATE
> Task :features:roomdetailsedit:impl:writeReleaseLintModelMetadata UP-TO-DATE
> Task :features:roomdirectory:impl:writeReleaseLintModelMetadata UP-TO-DATE
> Task :features:login:api:lintVitalAnalyzeRelease UP-TO-DATE
> Task :features:roommembermoderation:impl:writeReleaseLintModelMetadata UP-TO-DATE
> Task :features:securebackup:impl:writeReleaseLintModelMetadata UP-TO-DATE
> Task :features:securityandprivacy:impl:writeReleaseLintModelMetadata UP-TO-DATE
> Task :features:share:impl:writeReleaseLintModelMetadata UP-TO-DATE
> Task :features:startchat:impl:writeReleaseLintModelMetadata UP-TO-DATE
> Task :features:signedout:impl:writeReleaseLintModelMetadata UP-TO-DATE
> Task :features:space:impl:writeReleaseLintModelMetadata UP-TO-DATE
> Task :features:migration:api:lintVitalAnalyzeRelease UP-TO-DATE
> Task :features:viewfolder:impl:writeReleaseLintModelMetadata UP-TO-DATE
> Task :features:userprofile:impl:writeReleaseLintModelMetadata UP-TO-DATE
> Task :features:verifysession:impl:writeReleaseLintModelMetadata UP-TO-DATE
> Task :libraries:accountselect:impl:writeReleaseLintModelMetadata UP-TO-DATE
> Task :libraries:dateformatter:impl:writeReleaseLintModelMetadata UP-TO-DATE
> Task :libraries:deeplink:impl:writeReleaseLintModelMetadata UP-TO-DATE
> Task :libraries:eventformatter:impl:writeReleaseLintModelMetadata UP-TO-DATE
> Task :libraries:featureflag:impl:writeReleaseLintModelMetadata UP-TO-DATE
> Task :features:securebackup:api:lintVitalAnalyzeRelease UP-TO-DATE
> Task :libraries:audio:api:lintVitalAnalyzeRelease UP-TO-DATE
> Task :libraries:dateformatter:api:lintVitalAnalyzeRelease UP-TO-DATE
> Task :libraries:cryptography:api:lintVitalAnalyzeRelease UP-TO-DATE
> Task :libraries:fullscreenintent:impl:writeReleaseLintModelMetadata UP-TO-DATE
> Task :libraries:indicator:impl:writeReleaseLintModelMetadata UP-TO-DATE
> Task :libraries:matrixmedia:impl:writeReleaseLintModelMetadata UP-TO-DATE
> Task :libraries:cryptography:impl:lintVitalAnalyzeRelease UP-TO-DATE
> Task :libraries:audio:impl:lintVitalAnalyzeRelease UP-TO-DATE
> Task :libraries:mediaplayer:impl:writeReleaseLintModelMetadata UP-TO-DATE
> Task :libraries:indicator:api:lintVitalAnalyzeRelease UP-TO-DATE
> Task :libraries:cryptography:impl:writeReleaseLintModelMetadata UP-TO-DATE
> Task :libraries:mediaupload:impl:writeReleaseLintModelMetadata UP-TO-DATE
> Task :features:viewfolder:api:lintVitalAnalyzeRelease UP-TO-DATE
> Task :libraries:audio:impl:writeReleaseLintModelMetadata UP-TO-DATE
> Task :libraries:oidc:impl:writeReleaseLintModelMetadata UP-TO-DATE
> Task :libraries:mediapickers:impl:lintVitalAnalyzeRelease UP-TO-DATE
> Task :libraries:permissions:impl:writeReleaseLintModelMetadata UP-TO-DATE
> Task :libraries:mediaviewer:impl:writeReleaseLintModelMetadata UP-TO-DATE
> Task :libraries:pushproviders:unifiedpush:writeReleaseLintModelMetadata UP-TO-DATE
> Task :libraries:recentemojis:impl:writeReleaseLintModelMetadata UP-TO-DATE
> Task :libraries:pushproviders:firebase:writeReleaseLintModelMetadata UP-TO-DATE
> Task :libraries:mediapickers:impl:writeReleaseLintModelMetadata UP-TO-DATE
> Task :libraries:push:impl:writeReleaseLintModelMetadata UP-TO-DATE
> Task :libraries:pushstore:impl:writeReleaseLintModelMetadata UP-TO-DATE
> Task :libraries:roomselect:impl:writeReleaseLintModelMetadata UP-TO-DATE
> Task :libraries:voiceplayer:impl:writeReleaseLintModelMetadata UP-TO-DATE
> Task :libraries:troubleshoot:impl:writeReleaseLintModelMetadata UP-TO-DATE
> Task :libraries:voicerecorder:impl:writeReleaseLintModelMetadata UP-TO-DATE
> Task :libraries:wellknown:impl:writeReleaseLintModelMetadata UP-TO-DATE
> Task :libraries:workmanager:impl:writeReleaseLintModelMetadata UP-TO-DATE
> Task :libraries:session-storage:api:lintVitalAnalyzeRelease UP-TO-DATE
> Task :libraries:session-storage:impl:lintVitalAnalyzeRelease UP-TO-DATE
> Task :libraries:voicerecorder:api:lintVitalAnalyzeRelease UP-TO-DATE
> Task :libraries:mediapickers:api:lintVitalAnalyzeRelease UP-TO-DATE
> Task :services:analytics:impl:writeReleaseLintModelMetadata UP-TO-DATE
> Task :libraries:session-storage:impl:writeReleaseLintModelMetadata UP-TO-DATE
> Task :services:analyticsproviders:posthog:writeReleaseLintModelMetadata UP-TO-DATE
> Task :libraries:oidc:api:lintVitalAnalyzeRelease UP-TO-DATE
> Task :libraries:wellknown:api:lintVitalAnalyzeRelease UP-TO-DATE
> Task :services:analyticsproviders:api:lintVitalAnalyzeRelease UP-TO-DATE
> Task :services:appnavstate:impl:writeReleaseLintModelMetadata UP-TO-DATE
> Task :services:analytics:noop:lintVitalAnalyzeRelease UP-TO-DATE
> Task :services:analytics:compose:lintVitalAnalyzeRelease UP-TO-DATE
> Task :services:analytics:api:lintVitalAnalyzeRelease UP-TO-DATE
> Task :services:toolbox:api:lintVitalAnalyzeRelease UP-TO-DATE
> Task :libraries:androidutils:generateReleaseLintVitalModel UP-TO-DATE
> Task :libraries:compound:generateReleaseLintVitalModel UP-TO-DATE
> Task :libraries:di:generateLintVitalJvmMainLintModel UP-TO-DATE
> Task :libraries:core:generateLintVitalJvmMainLintModel UP-TO-DATE
> Task :services:analyticsproviders:sentry:lintVitalAnalyzeRelease UP-TO-DATE
> Task :appicon:element:generateReleaseLintVitalModel UP-TO-DATE
> Task :libraries:architecture:generateReleaseLintVitalModel UP-TO-DATE
> Task :services:analyticsproviders:sentry:writeReleaseLintModelMetadata UP-TO-DATE
> Task :services:apperror:api:lintVitalAnalyzeRelease UP-TO-DATE
> Task :services:toolbox:impl:lintVitalAnalyzeRelease UP-TO-DATE
> Task :libraries:testtags:generateReleaseLintVitalModel UP-TO-DATE
> Task :libraries:maplibre-compose:generateReleaseLintVitalModel UP-TO-DATE
> Task :libraries:encrypted-db:generateReleaseLintVitalModel UP-TO-DATE
> Task :libraries:ui-strings:generateReleaseLintVitalModel UP-TO-DATE
> Task :features:cachecleaner:api:generateReleaseLintVitalModel UP-TO-DATE
> Task :features:lockscreen:api:generateReleaseLintVitalModel UP-TO-DATE
> Task :features:ftue:api:generateReleaseLintVitalModel UP-TO-DATE
> Task :features:announcement:api:generateReleaseLintVitalModel UP-TO-DATE
> Task :libraries:ui-utils:generateReleaseLintVitalModel UP-TO-DATE
> Task :features:deactivation:api:generateReleaseLintVitalModel UP-TO-DATE
> Task :features:cachecleaner:impl:generateReleaseLintVitalModel UP-TO-DATE
> Task :features:login:api:generateReleaseLintVitalModel UP-TO-DATE
> Task :libraries:audio:api:generateReleaseLintVitalModel UP-TO-DATE
> Task :features:migration:api:generateReleaseLintVitalModel UP-TO-DATE
> Task :libraries:cryptography:api:generateReleaseLintVitalModel UP-TO-DATE
> Task :libraries:mediapickers:api:generateReleaseLintVitalModel UP-TO-DATE
> Task :libraries:dateformatter:api:generateReleaseLintVitalModel UP-TO-DATE
> Task :libraries:mediapickers:impl:generateReleaseLintVitalModel UP-TO-DATE
> Task :features:viewfolder:api:generateReleaseLintVitalModel UP-TO-DATE
> Task :libraries:oidc:api:generateReleaseLintVitalModel UP-TO-DATE
> Task :libraries:audio:impl:generateReleaseLintVitalModel UP-TO-DATE
> Task :libraries:cryptography:impl:generateReleaseLintVitalModel UP-TO-DATE
> Task :libraries:indicator:api:generateReleaseLintVitalModel UP-TO-DATE
> Task :libraries:wellknown:api:generateReleaseLintVitalModel UP-TO-DATE
> Task :features:securebackup:api:generateReleaseLintVitalModel UP-TO-DATE
> Task :libraries:voicerecorder:api:generateReleaseLintVitalModel UP-TO-DATE
> Task :libraries:session-storage:api:generateReleaseLintVitalModel UP-TO-DATE
> Task :libraries:session-storage:impl:generateReleaseLintVitalModel UP-TO-DATE
> Task :services:analytics:compose:generateReleaseLintVitalModel UP-TO-DATE
> Task :services:analytics:api:generateReleaseLintVitalModel UP-TO-DATE
> Task :services:analytics:noop:generateReleaseLintVitalModel UP-TO-DATE
> Task :services:apperror:api:generateReleaseLintVitalModel UP-TO-DATE
> Task :services:analyticsproviders:api:generateReleaseLintVitalModel UP-TO-DATE
> Task :services:analyticsproviders:sentry:generateReleaseLintVitalModel UP-TO-DATE
> Task :services:toolbox:api:generateReleaseLintVitalModel UP-TO-DATE
> Task :services:toolbox:impl:generateReleaseLintVitalModel UP-TO-DATE
> Task :app:generateGplayReleaseBuildConfig
> Task :app:checkGplayReleaseAarMetadata UP-TO-DATE
> Task :app:processGplayReleaseNavigationResources UP-TO-DATE
> Task :app:compileGplayReleaseNavigationResources UP-TO-DATE
> Task :app:generateGplayReleaseResValues UP-TO-DATE
> Task :app:mapGplayReleaseSourceSetPaths UP-TO-DATE
> Task :app:generateGplayReleaseResources UP-TO-DATE
> Task :app:mergeGplayReleaseResources UP-TO-DATE
> Task :app:packageGplayReleaseResources UP-TO-DATE
> Task :app:parseGplayReleaseLocalResources UP-TO-DATE
> Task :app:createGplayReleaseCompatibleScreenManifests UP-TO-DATE
> Task :app:extractDeepLinksGplayRelease UP-TO-DATE
> Task :libraries:matrix:api:compileReleaseKotlin
> Task :app:processGplayReleaseMainManifest UP-TO-DATE
> Task :app:processGplayReleaseManifest UP-TO-DATE
> Task :app:processGplayReleaseManifestForPackage UP-TO-DATE
> Task :app:processGplayReleaseResources UP-TO-DATE
> Task :app:javaPreCompileGplayRelease UP-TO-DATE
> Task :app:extractProguardFiles UP-TO-DATE
> Task :app:mergeGplayReleaseStartupProfile UP-TO-DATE
> Task :app:mergeGplayReleaseShaders UP-TO-DATE
> Task :app:compileGplayReleaseShaders NO-SOURCE
> Task :libraries:matrix:api:compileReleaseJavaWithJavac UP-TO-DATE
> Task :libraries:matrix:api:mergeReleaseGeneratedProguardFiles UP-TO-DATE
> Task :libraries:matrix:api:exportReleaseConsumerProguardFiles UP-TO-DATE
> Task :libraries:matrix:api:processReleaseJavaRes UP-TO-DATE
> Task :libraries:matrix:api:bundleLibRuntimeToJarRelease
> Task :libraries:matrix:api:generateReleaseLintModel
> Task :libraries:matrix:api:bundleLibCompileToJarRelease
> Task :libraries:matrix:api:createFullJarRelease
> Task :app:licenseeAndroidGplayRelease
> Task :libraries:pushstore:api:compileReleaseKotlin
> Task :libraries:pushstore:api:compileReleaseJavaWithJavac NO-SOURCE
> Task :libraries:pushstore:api:bundleLibCompileToJarRelease UP-TO-DATE
> Task :libraries:eventformatter:api:compileReleaseKotlin
> Task :libraries:eventformatter:api:compileReleaseJavaWithJavac NO-SOURCE
> Task :libraries:eventformatter:api:bundleLibCompileToJarRelease UP-TO-DATE
> Task :libraries:preferences:api:compileReleaseKotlin
> Task :libraries:preferences:api:compileReleaseJavaWithJavac NO-SOURCE
> Task :libraries:preferences:api:bundleLibCompileToJarRelease UP-TO-DATE
> Task :features:createroom:api:compileReleaseKotlin
> Task :libraries:workmanager:api:compileReleaseKotlin
> Task :libraries:workmanager:api:compileReleaseJavaWithJavac NO-SOURCE
> Task :libraries:workmanager:api:bundleLibCompileToJarRelease UP-TO-DATE
> Task :features:createroom:api:compileReleaseJavaWithJavac NO-SOURCE
> Task :features:createroom:api:bundleLibCompileToJarRelease UP-TO-DATE
> Task :appconfig:compileReleaseKotlin
> Task :libraries:pushproviders:api:compileReleaseKotlin
> Task :libraries:pushproviders:api:compileReleaseJavaWithJavac NO-SOURCE
> Task :libraries:pushproviders:api:bundleLibCompileToJarRelease UP-TO-DATE
> Task :features:enterprise:api:compileReleaseKotlin
> Task :features:enterprise:api:compileReleaseJavaWithJavac NO-SOURCE
> Task :features:enterprise:api:bundleLibCompileToJarRelease UP-TO-DATE
> Task :libraries:designsystem:kspReleaseKotlin UP-TO-DATE
> Task :appconfig:compileReleaseJavaWithJavac UP-TO-DATE
> Task :appconfig:bundleLibCompileToJarRelease UP-TO-DATE
> Task :libraries:troubleshoot:api:compileReleaseKotlin
> Task :libraries:troubleshoot:api:compileReleaseJavaWithJavac NO-SOURCE
> Task :libraries:troubleshoot:api:bundleLibCompileToJarRelease UP-TO-DATE
> Task :app:licenseeAndroidGplayRelease UP-TO-DATE
> Task :libraries:featureflag:api:compileReleaseKotlin UP-TO-DATE
> Task :libraries:featureflag:api:compileReleaseJavaWithJavac NO-SOURCE
> Task :libraries:featureflag:api:bundleLibCompileToJarRelease UP-TO-DATE
> Task :features:call:api:compileReleaseKotlin
> Task :features:call:api:compileReleaseJavaWithJavac NO-SOURCE
> Task :features:call:api:bundleLibCompileToJarRelease UP-TO-DATE
> Task :services:appnavstate:api:compileReleaseKotlin
> Task :services:appnavstate:api:compileReleaseJavaWithJavac NO-SOURCE
> Task :services:appnavstate:api:bundleLibCompileToJarRelease UP-TO-DATE
> Task :libraries:designsystem:compileReleaseKotlin UP-TO-DATE
> Task :libraries:designsystem:compileReleaseJavaWithJavac NO-SOURCE
> Task :libraries:designsystem:bundleLibCompileToJarRelease UP-TO-DATE
> Task :libraries:usersearch:api:compileReleaseKotlin
> Task :features:startchat:api:compileReleaseKotlin
> Task :libraries:deeplink:api:compileReleaseKotlin
> Task :libraries:permissions:api:compileReleaseKotlin UP-TO-DATE
> Task :libraries:permissions:api:compileReleaseJavaWithJavac NO-SOURCE
> Task :libraries:permissions:api:bundleLibCompileToJarRelease UP-TO-DATE
> Task :libraries:deeplink:api:compileReleaseJavaWithJavac NO-SOURCE
> Task :libraries:deeplink:api:bundleLibCompileToJarRelease UP-TO-DATE
> Task :libraries:usersearch:api:compileReleaseJavaWithJavac NO-SOURCE
> Task :libraries:usersearch:api:bundleLibCompileToJarRelease UP-TO-DATE
> Task :features:startchat:api:compileReleaseJavaWithJavac NO-SOURCE
> Task :features:startchat:api:bundleLibCompileToJarRelease UP-TO-DATE
> Task :features:networkmonitor:api:compileReleaseKotlin UP-TO-DATE
> Task :features:networkmonitor:api:compileReleaseJavaWithJavac NO-SOURCE
> Task :features:networkmonitor:api:bundleLibCompileToJarRelease UP-TO-DATE
> Task :features:invitepeople:api:compileReleaseKotlin
> Task :features:invitepeople:api:compileReleaseJavaWithJavac NO-SOURCE
> Task :features:invitepeople:api:bundleLibCompileToJarRelease UP-TO-DATE
> Task :features:forward:api:compileReleaseKotlin
> Task :features:forward:api:compileReleaseJavaWithJavac NO-SOURCE
> Task :features:forward:api:bundleLibCompileToJarRelease UP-TO-DATE
> Task :libraries:mediaupload:api:compileReleaseKotlin
> Task :libraries:mediaupload:api:compileReleaseJavaWithJavac NO-SOURCE
> Task :libraries:mediaupload:api:bundleLibCompileToJarRelease UP-TO-DATE
> Task :features:roomcall:api:compileReleaseKotlin
> Task :features:roomcall:api:compileReleaseJavaWithJavac NO-SOURCE
> Task :features:roomcall:api:bundleLibCompileToJarRelease UP-TO-DATE
> Task :libraries:previewutils:compileReleaseKotlin
> Task :libraries:previewutils:compileReleaseJavaWithJavac NO-SOURCE
> Task :libraries:previewutils:bundleLibCompileToJarRelease UP-TO-DATE
> Task :libraries:mediaviewer:api:compileReleaseKotlin
> Task :libraries:mediaviewer:api:compileReleaseJavaWithJavac NO-SOURCE
> Task :libraries:mediaviewer:api:bundleLibCompileToJarRelease UP-TO-DATE
> Task :libraries:network:compileReleaseKotlin
> Task :libraries:network:compileReleaseJavaWithJavac NO-SOURCE
> Task :libraries:network:bundleLibCompileToJarRelease UP-TO-DATE
> Task :libraries:matrixmedia:api:compileReleaseKotlin
> Task :libraries:matrixmedia:api:compileReleaseJavaWithJavac NO-SOURCE
> Task :libraries:matrixmedia:api:bundleLibCompileToJarRelease UP-TO-DATE
> Task :libraries:mediaplayer:api:compileReleaseKotlin
> Task :libraries:recentemojis:api:compileReleaseKotlin
> Task :libraries:mediaplayer:api:compileReleaseJavaWithJavac NO-SOURCE
> Task :libraries:mediaplayer:api:bundleLibCompileToJarRelease UP-TO-DATE
> Task :libraries:recentemojis:api:compileReleaseJavaWithJavac NO-SOURCE
> Task :libraries:recentemojis:api:bundleLibCompileToJarRelease UP-TO-DATE
> Task :features:roommembermoderation:api:compileReleaseKotlin
> Task :features:roommembermoderation:api:compileReleaseJavaWithJavac NO-SOURCE
> Task :features:roommembermoderation:api:bundleLibCompileToJarRelease UP-TO-DATE
> Task :features:knockrequests:api:compileReleaseKotlin
> Task :features:knockrequests:api:compileReleaseJavaWithJavac NO-SOURCE
> Task :features:knockrequests:api:bundleLibCompileToJarRelease UP-TO-DATE
> Task :libraries:roomselect:api:compileReleaseKotlin
> Task :libraries:roomselect:api:compileReleaseJavaWithJavac NO-SOURCE
> Task :libraries:roomselect:api:bundleLibCompileToJarRelease UP-TO-DATE
> Task :features:leaveroom:api:compileReleaseKotlin
> Task :features:leaveroom:api:compileReleaseJavaWithJavac NO-SOURCE
> Task :features:leaveroom:api:bundleLibCompileToJarRelease UP-TO-DATE
> Task :libraries:voiceplayer:api:compileReleaseKotlin
> Task :libraries:voiceplayer:api:compileReleaseJavaWithJavac NO-SOURCE
> Task :libraries:voiceplayer:api:bundleLibCompileToJarRelease UP-TO-DATE
> Task :features:reportroom:api:compileReleaseKotlin
> Task :features:reportroom:api:compileReleaseJavaWithJavac NO-SOURCE
> Task :features:reportroom:api:bundleLibCompileToJarRelease UP-TO-DATE
> Task :libraries:ui-common:compileReleaseKotlin UP-TO-DATE
> Task :libraries:ui-common:compileReleaseJavaWithJavac NO-SOURCE
> Task :libraries:ui-common:bundleLibCompileToJarRelease UP-TO-DATE
> Task :features:analytics:api:compileReleaseKotlin UP-TO-DATE
> Task :features:analytics:api:compileReleaseJavaWithJavac NO-SOURCE
> Task :features:analytics:api:bundleLibCompileToJarRelease UP-TO-DATE
> Task :features:poll:api:compileReleaseKotlin
> Task :features:poll:api:compileReleaseJavaWithJavac NO-SOURCE
> Task :features:poll:api:bundleLibCompileToJarRelease UP-TO-DATE
> Task :features:roomdetailsedit:api:compileReleaseKotlin
> Task :features:roomdetailsedit:api:compileReleaseJavaWithJavac NO-SOURCE
> Task :features:roomdetailsedit:api:bundleLibCompileToJarRelease UP-TO-DATE
> Task :features:licenses:api:compileReleaseKotlin UP-TO-DATE
> Task :features:licenses:api:compileReleaseJavaWithJavac NO-SOURCE
> Task :features:licenses:api:bundleLibCompileToJarRelease UP-TO-DATE
> Task :features:logout:api:compileReleaseKotlin UP-TO-DATE
> Task :features:logout:api:compileReleaseJavaWithJavac NO-SOURCE
> Task :features:logout:api:bundleLibCompileToJarRelease UP-TO-DATE
> Task :features:rolesandpermissions:api:compileReleaseKotlin
> Task :features:rolesandpermissions:api:compileReleaseJavaWithJavac NO-SOURCE
> Task :features:rolesandpermissions:api:bundleLibCompileToJarRelease UP-TO-DATE
> Task :features:roomdetails:api:compileReleaseKotlin
> Task :features:roomdetails:api:compileReleaseJavaWithJavac NO-SOURCE
> Task :features:roomdetails:api:bundleLibCompileToJarRelease UP-TO-DATE
> Task :features:userprofile:api:compileReleaseKotlin
> Task :features:userprofile:api:compileReleaseJavaWithJavac NO-SOURCE
> Task :features:userprofile:api:bundleLibCompileToJarRelease UP-TO-DATE
> Task :libraries:push:api:compileReleaseKotlin
> Task :libraries:push:api:compileReleaseJavaWithJavac NO-SOURCE
> Task :libraries:push:api:bundleLibCompileToJarRelease UP-TO-DATE
> Task :features:securityandprivacy:api:compileReleaseKotlin
> Task :features:securityandprivacy:api:compileReleaseJavaWithJavac NO-SOURCE
> Task :features:securityandprivacy:api:bundleLibCompileToJarRelease UP-TO-DATE
> Task :features:verifysession:api:compileReleaseKotlin
> Task :features:home:api:compileReleaseKotlin
> Task :features:verifysession:api:compileReleaseJavaWithJavac NO-SOURCE
> Task :features:home:api:compileReleaseJavaWithJavac NO-SOURCE
> Task :features:verifysession:api:bundleLibCompileToJarRelease UP-TO-DATE
> Task :features:home:api:bundleLibCompileToJarRelease UP-TO-DATE
> Task :services:apperror:impl:kspReleaseKotlin UP-TO-DATE
> Task :services:apperror:impl:compileReleaseKotlin UP-TO-DATE
> Task :services:apperror:impl:compileReleaseJavaWithJavac NO-SOURCE
> Task :services:apperror:impl:bundleLibCompileToJarRelease UP-TO-DATE
> Task :libraries:permissions:noop:compileReleaseKotlin UP-TO-DATE
> Task :libraries:permissions:noop:compileReleaseJavaWithJavac NO-SOURCE
> Task :features:roomdirectory:api:compileReleaseKotlin
> Task :libraries:permissions:noop:bundleLibCompileToJarRelease UP-TO-DATE
> Task :features:roomaliasresolver:api:compileReleaseKotlin
> Task :features:roomdirectory:api:compileReleaseJavaWithJavac NO-SOURCE
> Task :features:roomaliasresolver:api:compileReleaseJavaWithJavac NO-SOURCE
> Task :features:roomdirectory:api:bundleLibCompileToJarRelease UP-TO-DATE
> Task :features:roomaliasresolver:api:bundleLibCompileToJarRelease UP-TO-DATE
> Task :libraries:fullscreenintent:api:compileReleaseKotlin UP-TO-DATE
> Task :libraries:fullscreenintent:api:compileReleaseJavaWithJavac NO-SOURCE
> Task :libraries:fullscreenintent:api:bundleLibCompileToJarRelease UP-TO-DATE
> Task :libraries:featureflag:ui:compileReleaseKotlin UP-TO-DATE
> Task :libraries:featureflag:ui:compileReleaseJavaWithJavac NO-SOURCE
> Task :libraries:featureflag:ui:bundleLibCompileToJarRelease UP-TO-DATE
> Task :libraries:pushproviders:firebase:compileReleaseKotlin
> Task :libraries:pushproviders:firebase:compileReleaseJavaWithJavac NO-SOURCE
> Task :libraries:pushproviders:firebase:mergeReleaseGeneratedProguardFiles UP-TO-DATE
> Task :libraries:pushproviders:firebase:exportReleaseConsumerProguardFiles UP-TO-DATE
> Task :features:preferences:api:compileReleaseKotlin
> Task :features:preferences:api:compileReleaseJavaWithJavac NO-SOURCE
> Task :features:preferences:api:bundleLibCompileToJarRelease UP-TO-DATE
> Task :libraries:dateformatter:impl:kspReleaseKotlin UP-TO-DATE
> Task :features:signedout:api:compileReleaseKotlin
> Task :features:signedout:api:compileReleaseJavaWithJavac NO-SOURCE
> Task :features:signedout:api:bundleLibCompileToJarRelease UP-TO-DATE
> Task :features:share:api:compileReleaseKotlin
> Task :features:share:api:compileReleaseJavaWithJavac NO-SOURCE
> Task :features:share:api:bundleLibCompileToJarRelease UP-TO-DATE
> Task :libraries:accountselect:api:compileReleaseKotlin
> Task :libraries:accountselect:api:compileReleaseJavaWithJavac NO-SOURCE
> Task :libraries:accountselect:api:bundleLibCompileToJarRelease UP-TO-DATE
> Task :libraries:dateformatter:impl:compileReleaseKotlin UP-TO-DATE
> Task :libraries:dateformatter:impl:compileReleaseJavaWithJavac NO-SOURCE
> Task :libraries:dateformatter:impl:mergeReleaseGeneratedProguardFiles UP-TO-DATE
> Task :libraries:dateformatter:impl:exportReleaseConsumerProguardFiles UP-TO-DATE
> Task :features:space:api:compileReleaseKotlin
> Task :features:space:api:compileReleaseJavaWithJavac NO-SOURCE
> Task :features:space:api:bundleLibCompileToJarRelease UP-TO-DATE
> Task :services:apperror:impl:mergeReleaseGeneratedProguardFiles UP-TO-DATE
> Task :services:apperror:impl:exportReleaseConsumerProguardFiles UP-TO-DATE
> Task :features:analytics:impl:kspReleaseKotlin UP-TO-DATE
> Task :features:analytics:impl:compileReleaseKotlin UP-TO-DATE
> Task :features:analytics:impl:compileReleaseJavaWithJavac NO-SOURCE
> Task :features:analytics:impl:mergeReleaseGeneratedProguardFiles UP-TO-DATE
> Task :features:analytics:impl:exportReleaseConsumerProguardFiles UP-TO-DATE
> Task :features:announcement:impl:kspReleaseKotlin UP-TO-DATE
> Task :features:announcement:impl:compileReleaseKotlin UP-TO-DATE
> Task :features:announcement:impl:compileReleaseJavaWithJavac NO-SOURCE
> Task :features:announcement:impl:mergeReleaseGeneratedProguardFiles UP-TO-DATE
> Task :features:announcement:impl:exportReleaseConsumerProguardFiles UP-TO-DATE
> Task :features:joinroom:api:compileReleaseKotlin
> Task :features:joinroom:api:compileReleaseJavaWithJavac NO-SOURCE
> Task :features:joinroom:api:bundleLibCompileToJarRelease UP-TO-DATE
> Task :libraries:deeplink:impl:compileReleaseKotlin
> Task :libraries:deeplink:impl:compileReleaseJavaWithJavac NO-SOURCE
> Task :libraries:deeplink:impl:mergeReleaseGeneratedProguardFiles UP-TO-DATE
> Task :libraries:deeplink:impl:exportReleaseConsumerProguardFiles UP-TO-DATE
> Task :features:rageshake:api:compileReleaseKotlin
> Task :features:rageshake:api:compileReleaseJavaWithJavac NO-SOURCE
> Task :features:rageshake:api:bundleLibCompileToJarRelease UP-TO-DATE
> Task :features:licenses:impl:kspReleaseKotlin UP-TO-DATE
> Task :features:licenses:impl:compileReleaseKotlin UP-TO-DATE
> Task :features:licenses:impl:compileReleaseJavaWithJavac NO-SOURCE
> Task :features:licenses:impl:mergeReleaseGeneratedProguardFiles UP-TO-DATE
> Task :features:licenses:impl:exportReleaseConsumerProguardFiles UP-TO-DATE
> Task :libraries:qrcode:compileReleaseKotlin UP-TO-DATE
> Task :libraries:qrcode:compileReleaseJavaWithJavac NO-SOURCE
> Task :libraries:qrcode:bundleLibCompileToJarRelease UP-TO-DATE
> Task :libraries:matrix:impl:compileReleaseKotlin
> Task :libraries:matrixui:kspReleaseKotlin
> Task :libraries:matrixmedia:impl:kspReleaseKotlin
> Task :services:analytics:impl:kspReleaseKotlin
> Task :libraries:indicator:impl:kspReleaseKotlin
> Task :features:leaveroom:impl:kspReleaseKotlin
> Task :libraries:oidc:impl:kspReleaseKotlin
> Task :features:deactivation:impl:kspReleaseKotlin
> Task :features:forward:impl:kspReleaseKotlin
> Task :libraries:troubleshoot:impl:kspReleaseKotlin
> Task :libraries:mediaviewer:impl:kspReleaseKotlin
> Task :libraries:indicator:impl:compileReleaseKotlin
> Task :libraries:indicator:impl:compileReleaseJavaWithJavac NO-SOURCE
> Task :libraries:indicator:impl:mergeReleaseGeneratedProguardFiles UP-TO-DATE
> Task :libraries:indicator:impl:exportReleaseConsumerProguardFiles UP-TO-DATE
> Task :libraries:oidc:impl:compileReleaseKotlin
> Task :libraries:oidc:impl:compileReleaseJavaWithJavac NO-SOURCE
> Task :libraries:oidc:impl:mergeReleaseGeneratedProguardFiles UP-TO-DATE
> Task :libraries:oidc:impl:exportReleaseConsumerProguardFiles UP-TO-DATE
> Task :features:leaveroom:impl:compileReleaseKotlin
> Task :features:leaveroom:impl:compileReleaseJavaWithJavac NO-SOURCE
> Task :features:leaveroom:impl:mergeReleaseGeneratedProguardFiles UP-TO-DATE
> Task :features:leaveroom:impl:exportReleaseConsumerProguardFiles UP-TO-DATE
> Task :libraries:matrixmedia:impl:compileReleaseKotlin
> Task :libraries:matrixmedia:impl:compileReleaseJavaWithJavac NO-SOURCE
> Task :libraries:matrixmedia:impl:mergeReleaseGeneratedProguardFiles UP-TO-DATE
> Task :libraries:matrixmedia:impl:exportReleaseConsumerProguardFiles UP-TO-DATE
> Task :features:viewfolder:impl:kspReleaseKotlin UP-TO-DATE
> Task :features:deactivation:impl:compileReleaseKotlin
> Task :features:deactivation:impl:compileReleaseJavaWithJavac NO-SOURCE
> Task :features:deactivation:impl:mergeReleaseGeneratedProguardFiles UP-TO-DATE
> Task :features:deactivation:impl:exportReleaseConsumerProguardFiles UP-TO-DATE
> Task :features:viewfolder:impl:compileReleaseKotlin UP-TO-DATE
> Task :features:viewfolder:impl:compileReleaseJavaWithJavac NO-SOURCE
> Task :features:viewfolder:impl:mergeReleaseGeneratedProguardFiles UP-TO-DATE
> Task :features:viewfolder:impl:exportReleaseConsumerProguardFiles UP-TO-DATE
> Task :libraries:push:api:mergeReleaseGeneratedProguardFiles UP-TO-DATE
> Task :libraries:push:api:exportReleaseConsumerProguardFiles UP-TO-DATE
> Task :libraries:matrixmedia:api:mergeReleaseGeneratedProguardFiles UP-TO-DATE
> Task :libraries:matrixmedia:api:exportReleaseConsumerProguardFiles UP-TO-DATE
> Task :libraries:previewutils:mergeReleaseGeneratedProguardFiles UP-TO-DATE
> Task :libraries:previewutils:exportReleaseConsumerProguardFiles UP-TO-DATE
> Task :libraries:fullscreenintent:impl:kspReleaseKotlin UP-TO-DATE
> Task :libraries:fullscreenintent:impl:compileReleaseKotlin UP-TO-DATE
> Task :libraries:fullscreenintent:impl:compileReleaseJavaWithJavac NO-SOURCE
> Task :libraries:fullscreenintent:impl:mergeReleaseGeneratedProguardFiles UP-TO-DATE
> Task :libraries:fullscreenintent:impl:exportReleaseConsumerProguardFiles UP-TO-DATE
> Task :libraries:fullscreenintent:api:mergeReleaseGeneratedProguardFiles UP-TO-DATE
> Task :libraries:fullscreenintent:api:exportReleaseConsumerProguardFiles UP-TO-DATE
> Task :libraries:permissions:noop:mergeReleaseGeneratedProguardFiles UP-TO-DATE
> Task :libraries:permissions:noop:exportReleaseConsumerProguardFiles UP-TO-DATE
> Task :libraries:permissions:api:mergeReleaseGeneratedProguardFiles UP-TO-DATE
> Task :libraries:permissions:api:exportReleaseConsumerProguardFiles UP-TO-DATE
> Task :features:logout:impl:kspReleaseKotlin
> Task :features:forward:impl:compileReleaseKotlin
> Task :features:forward:impl:compileReleaseJavaWithJavac NO-SOURCE
> Task :features:forward:impl:mergeReleaseGeneratedProguardFiles UP-TO-DATE
> Task :features:forward:impl:exportReleaseConsumerProguardFiles UP-TO-DATE
> Task :features:networkmonitor:api:mergeReleaseGeneratedProguardFiles UP-TO-DATE
> Task :features:networkmonitor:api:exportReleaseConsumerProguardFiles UP-TO-DATE
> Task :features:networkmonitor:impl:compileReleaseKotlin UP-TO-DATE
> Task :features:analytics:api:mergeReleaseGeneratedProguardFiles UP-TO-DATE
> Task :features:networkmonitor:impl:compileReleaseJavaWithJavac NO-SOURCE
> Task :features:analytics:api:exportReleaseConsumerProguardFiles UP-TO-DATE
> Task :features:networkmonitor:impl:mergeReleaseGeneratedProguardFiles UP-TO-DATE
> Task :libraries:ui-common:mergeReleaseGeneratedProguardFiles UP-TO-DATE
> Task :features:networkmonitor:impl:exportReleaseConsumerProguardFiles UP-TO-DATE
> Task :libraries:ui-common:exportReleaseConsumerProguardFiles UP-TO-DATE
> Task :features:logout:api:mergeReleaseGeneratedProguardFiles UP-TO-DATE
> Task :features:rageshake:api:mergeReleaseGeneratedProguardFiles UP-TO-DATE
> Task :features:logout:api:exportReleaseConsumerProguardFiles UP-TO-DATE
> Task :features:rageshake:api:exportReleaseConsumerProguardFiles UP-TO-DATE
> Task :features:joinroom:api:mergeReleaseGeneratedProguardFiles UP-TO-DATE
> Task :features:joinroom:api:exportReleaseConsumerProguardFiles UP-TO-DATE
> Task :features:roomdirectory:api:mergeReleaseGeneratedProguardFiles UP-TO-DATE
> Task :features:roomdirectory:api:exportReleaseConsumerProguardFiles UP-TO-DATE
> Task :features:licenses:api:mergeReleaseGeneratedProguardFiles UP-TO-DATE
> Task :features:licenses:api:exportReleaseConsumerProguardFiles UP-TO-DATE
> Task :libraries:qrcode:mergeReleaseGeneratedProguardFiles UP-TO-DATE
> Task :libraries:qrcode:exportReleaseConsumerProguardFiles UP-TO-DATE
> Task :features:poll:api:mergeReleaseGeneratedProguardFiles UP-TO-DATE
> Task :features:poll:api:exportReleaseConsumerProguardFiles UP-TO-DATE
> Task :features:roommembermoderation:api:mergeReleaseGeneratedProguardFiles UP-TO-DATE
> Task :features:roommembermoderation:api:exportReleaseConsumerProguardFiles UP-TO-DATE
> Task :libraries:featureflag:ui:mergeReleaseGeneratedProguardFiles UP-TO-DATE
> Task :libraries:featureflag:ui:exportReleaseConsumerProguardFiles UP-TO-DATE
> Task :features:userprofile:api:mergeReleaseGeneratedProguardFiles UP-TO-DATE
> Task :features:userprofile:api:exportReleaseConsumerProguardFiles UP-TO-DATE
> Task :libraries:designsystem:mergeReleaseGeneratedProguardFiles UP-TO-DATE
> Task :libraries:designsystem:exportReleaseConsumerProguardFiles UP-TO-DATE
> Task :features:login:impl:kspReleaseKotlin
> Task :services:analytics:impl:compileReleaseKotlin
> Task :services:analytics:impl:compileReleaseJavaWithJavac NO-SOURCE
> Task :services:analytics:impl:mergeReleaseGeneratedProguardFiles UP-TO-DATE
> Task :services:analytics:impl:exportReleaseConsumerProguardFiles UP-TO-DATE
> Task :libraries:troubleshoot:impl:compileReleaseKotlin
> Task :libraries:troubleshoot:impl:compileReleaseJavaWithJavac NO-SOURCE
> Task :libraries:troubleshoot:impl:mergeReleaseGeneratedProguardFiles UP-TO-DATE
> Task :libraries:troubleshoot:impl:exportReleaseConsumerProguardFiles UP-TO-DATE
> Task :libraries:pushstore:impl:compileReleaseKotlin
> Task :libraries:pushstore:impl:compileReleaseJavaWithJavac NO-SOURCE
> Task :libraries:pushstore:impl:mergeReleaseGeneratedProguardFiles UP-TO-DATE
> Task :libraries:pushstore:impl:exportReleaseConsumerProguardFiles UP-TO-DATE
> Task :libraries:preferences:impl:compileReleaseKotlin
> Task :libraries:preferences:impl:compileReleaseJavaWithJavac NO-SOURCE
> Task :libraries:preferences:impl:bundleLibCompileToJarRelease UP-TO-DATE
> Task :services:analyticsproviders:posthog:compileReleaseKotlin UP-TO-DATE
> Task :services:analyticsproviders:posthog:compileReleaseJavaWithJavac UP-TO-DATE
> Task :services:analyticsproviders:posthog:mergeReleaseGeneratedProguardFiles UP-TO-DATE
> Task :services:analyticsproviders:posthog:exportReleaseConsumerProguardFiles UP-TO-DATE
> Task :features:enterprise:api:mergeReleaseGeneratedProguardFiles UP-TO-DATE
> Task :features:enterprise:api:exportReleaseConsumerProguardFiles UP-TO-DATE
> Task :libraries:network:mergeReleaseGeneratedProguardFiles UP-TO-DATE
> Task :libraries:network:exportReleaseConsumerProguardFiles UP-TO-DATE
> Task :libraries:preferences:impl:mergeReleaseGeneratedProguardFiles UP-TO-DATE
> Task :libraries:preferences:impl:exportReleaseConsumerProguardFiles UP-TO-DATE
> Task :libraries:wellknown:impl:compileReleaseKotlin
> Task :libraries:wellknown:impl:compileReleaseJavaWithJavac NO-SOURCE
> Task :libraries:wellknown:impl:mergeReleaseGeneratedProguardFiles UP-TO-DATE
> Task :libraries:wellknown:impl:exportReleaseConsumerProguardFiles UP-TO-DATE
> Task :features:logout:impl:compileReleaseKotlin
> Task :features:logout:impl:compileReleaseJavaWithJavac NO-SOURCE
> Task :features:logout:impl:mergeReleaseGeneratedProguardFiles UP-TO-DATE
> Task :features:logout:impl:exportReleaseConsumerProguardFiles UP-TO-DATE
> Task :libraries:mediaupload:impl:compileReleaseKotlin
> Task :libraries:mediaupload:impl:compileReleaseJavaWithJavac NO-SOURCE
> Task :libraries:mediaupload:impl:mergeReleaseGeneratedProguardFiles UP-TO-DATE
> Task :libraries:mediaupload:impl:exportReleaseConsumerProguardFiles UP-TO-DATE

> Task :features:login:impl:compileReleaseKotlin
w: file:///C:/Users/A122759/technologies_d3x/kimia/mimosa-x-android/features/login/impl/src/main/kotlin/io/element/android/features/login/impl/screens/sovereignenrollment/SovereignEnrollmentPresenter.kt:16:36 There is only one @Inject-annotated constructor. Consider moving the annotation to the class instead.

> Task :libraries:matrixui:compileReleaseKotlin
> Task :libraries:matrixui:compileReleaseJavaWithJavac NO-SOURCE
> Task :libraries:matrixui:bundleLibCompileToJarRelease UP-TO-DATE
> Task :libraries:workmanager:impl:compileReleaseKotlin
> Task :libraries:pushproviders:unifiedpush:compileReleaseKotlin
> Task :libraries:voicerecorder:impl:compileReleaseKotlin
> Task :libraries:usersearch:impl:compileReleaseKotlin
> Task :libraries:usersearch:impl:compileReleaseJavaWithJavac NO-SOURCE
> Task :libraries:usersearch:impl:bundleLibCompileToJarRelease UP-TO-DATE
> Task :libraries:matrix:impl:compileReleaseJavaWithJavac NO-SOURCE
> Task :libraries:mediaviewer:impl:compileReleaseKotlin
> Task :libraries:matrix:impl:mergeReleaseGeneratedProguardFiles UP-TO-DATE
> Task :libraries:matrix:impl:exportReleaseConsumerProguardFiles UP-TO-DATE
> Task :features:rageshake:impl:kspReleaseKotlin
> Task :libraries:eventformatter:impl:kspReleaseKotlin
> Task :libraries:voiceplayer:impl:kspReleaseKotlin
> Task :libraries:permissions:impl:kspReleaseKotlin
> Task :libraries:usersearch:impl:mergeReleaseGeneratedProguardFiles UP-TO-DATE
> Task :libraries:usersearch:impl:exportReleaseConsumerProguardFiles UP-TO-DATE
> Task :features:enterprise:impl-foss:kspReleaseKotlin
> Task :libraries:recentemojis:impl:kspReleaseKotlin
> Task :features:migration:impl:kspReleaseKotlin
> Task :features:invitepeople:impl:kspReleaseKotlin
> Task :features:createroom:impl:kspReleaseKotlin
> Task :features:invite:api:compileReleaseKotlin
> Task :features:invite:api:compileReleaseJavaWithJavac NO-SOURCE
> Task :features:invite:api:bundleLibCompileToJarRelease UP-TO-DATE
> Task :features:location:api:compileReleaseKotlin
> Task :features:location:api:compileReleaseJavaWithJavac UP-TO-DATE
> Task :features:location:api:bundleLibCompileToJarRelease UP-TO-DATE
> Task :libraries:accountselect:impl:kspReleaseKotlin
> Task :features:userprofile:shared:compileReleaseKotlin
> Task :features:userprofile:shared:compileReleaseJavaWithJavac NO-SOURCE
> Task :features:userprofile:shared:bundleLibCompileToJarRelease UP-TO-DATE
> Task :features:startchat:impl:kspReleaseKotlin
> Task :libraries:textcomposer:impl:kspReleaseKotlin
> Task :features:invitepeople:impl:compileReleaseKotlin
> Task :features:invitepeople:impl:compileReleaseJavaWithJavac NO-SOURCE
> Task :features:invitepeople:impl:mergeReleaseGeneratedProguardFiles UP-TO-DATE
> Task :features:invitepeople:impl:exportReleaseConsumerProguardFiles UP-TO-DATE
> Task :libraries:eventformatter:impl:compileReleaseKotlin
> Task :libraries:eventformatter:impl:compileReleaseJavaWithJavac NO-SOURCE
> Task :libraries:eventformatter:impl:mergeReleaseGeneratedProguardFiles UP-TO-DATE
> Task :libraries:eventformatter:impl:exportReleaseConsumerProguardFiles UP-TO-DATE
> Task :libraries:permissions:impl:compileReleaseKotlin
> Task :libraries:permissions:impl:compileReleaseJavaWithJavac NO-SOURCE
> Task :libraries:permissions:impl:mergeReleaseGeneratedProguardFiles UP-TO-DATE
> Task :libraries:permissions:impl:exportReleaseConsumerProguardFiles UP-TO-DATE
> Task :libraries:roomselect:impl:kspReleaseKotlin
> Task :features:createroom:impl:compileReleaseKotlin
> Task :features:createroom:impl:compileReleaseJavaWithJavac NO-SOURCE
> Task :features:createroom:impl:mergeReleaseGeneratedProguardFiles UP-TO-DATE
> Task :features:createroom:impl:exportReleaseConsumerProguardFiles UP-TO-DATE
> Task :libraries:accountselect:impl:compileReleaseKotlin
> Task :libraries:accountselect:impl:compileReleaseJavaWithJavac NO-SOURCE
> Task :libraries:accountselect:impl:mergeReleaseGeneratedProguardFiles UP-TO-DATE
> Task :libraries:accountselect:impl:exportReleaseConsumerProguardFiles UP-TO-DATE
> Task :libraries:push:impl:kspReleaseKotlin
> Task :features:joinroom:impl:kspReleaseKotlin
> Task :features:ftue:impl:kspReleaseKotlin
> Task :features:invite:impl:kspReleaseKotlin
> Task :features:knockrequests:impl:kspReleaseKotlin
> Task :features:lockscreen:impl:kspReleaseKotlin
> Task :features:home:impl:kspReleaseKotlin
> Task :features:startchat:impl:compileReleaseKotlin
> Task :features:startchat:impl:compileReleaseJavaWithJavac NO-SOURCE
> Task :features:startchat:impl:mergeReleaseGeneratedProguardFiles UP-TO-DATE
> Task :features:startchat:impl:exportReleaseConsumerProguardFiles UP-TO-DATE
> Task :libraries:matrix:impl:bundleLibCompileToJarRelease
> Task :libraries:roomselect:impl:compileReleaseKotlin
> Task :libraries:roomselect:impl:compileReleaseJavaWithJavac NO-SOURCE
> Task :libraries:roomselect:impl:mergeReleaseGeneratedProguardFiles UP-TO-DATE
> Task :libraries:roomselect:impl:exportReleaseConsumerProguardFiles UP-TO-DATE
> Task :features:reportroom:impl:kspReleaseKotlin
> Task :features:roomaliasresolver:impl:kspReleaseKotlin
> Task :features:preferences:impl:kspReleaseKotlin
> Task :features:invite:impl:compileReleaseKotlin
> Task :features:invite:impl:compileReleaseJavaWithJavac NO-SOURCE
> Task :features:invite:impl:mergeReleaseGeneratedProguardFiles UP-TO-DATE
> Task :features:invite:impl:exportReleaseConsumerProguardFiles UP-TO-DATE
> Task :libraries:textcomposer:impl:compileReleaseKotlin
> Task :libraries:textcomposer:impl:compileReleaseJavaWithJavac NO-SOURCE
> Task :libraries:textcomposer:impl:bundleLibCompileToJarRelease UP-TO-DATE
> Task :features:knockrequests:impl:compileReleaseKotlin
> Task :libraries:textcomposer:impl:mergeReleaseGeneratedProguardFiles UP-TO-DATE
> Task :libraries:textcomposer:impl:exportReleaseConsumerProguardFiles UP-TO-DATE
> Task :features:knockrequests:impl:compileReleaseJavaWithJavac NO-SOURCE
> Task :features:knockrequests:impl:mergeReleaseGeneratedProguardFiles UP-TO-DATE
> Task :features:knockrequests:impl:exportReleaseConsumerProguardFiles UP-TO-DATE
> Task :features:joinroom:impl:compileReleaseKotlin
> Task :features:joinroom:impl:compileReleaseJavaWithJavac NO-SOURCE
> Task :features:joinroom:impl:mergeReleaseGeneratedProguardFiles UP-TO-DATE
> Task :features:joinroom:impl:exportReleaseConsumerProguardFiles UP-TO-DATE
> Task :features:roomaliasresolver:impl:compileReleaseKotlin
> Task :features:roomaliasresolver:impl:compileReleaseJavaWithJavac NO-SOURCE
> Task :features:roomaliasresolver:impl:mergeReleaseGeneratedProguardFiles UP-TO-DATE
> Task :features:roomaliasresolver:impl:exportReleaseConsumerProguardFiles UP-TO-DATE
> Task :features:ftue:impl:compileReleaseKotlin
> Task :features:ftue:impl:compileReleaseJavaWithJavac NO-SOURCE
> Task :features:ftue:impl:mergeReleaseGeneratedProguardFiles UP-TO-DATE
> Task :features:ftue:impl:exportReleaseConsumerProguardFiles UP-TO-DATE
> Task :features:messages:api:compileReleaseKotlin
> Task :features:messages:api:compileReleaseJavaWithJavac NO-SOURCE
> Task :features:messages:api:bundleLibCompileToJarRelease UP-TO-DATE
> Task :features:reportroom:impl:compileReleaseKotlin
> Task :libraries:push:impl:compileReleaseKotlin
> Task :features:roomcall:impl:kspReleaseKotlin
> Task :features:roommembermoderation:impl:kspReleaseKotlin
> Task :features:roomdetailsedit:impl:kspReleaseKotlin
> Task :features:roomdirectory:impl:kspReleaseKotlin
> Task :features:messages:api:mergeReleaseGeneratedProguardFiles UP-TO-DATE
> Task :features:messages:api:exportReleaseConsumerProguardFiles UP-TO-DATE
> Task :features:reportroom:impl:compileReleaseJavaWithJavac NO-SOURCE
> Task :features:reportroom:impl:mergeReleaseGeneratedProguardFiles UP-TO-DATE
> Task :features:reportroom:impl:exportReleaseConsumerProguardFiles UP-TO-DATE
> Task :features:location:impl:kspReleaseKotlin
> Task :features:lockscreen:impl:compileReleaseKotlin
> Task :features:poll:impl:kspReleaseKotlin
> Task :features:securebackup:impl:kspReleaseKotlin
> Task :features:lockscreen:impl:compileReleaseJavaWithJavac NO-SOURCE
> Task :features:lockscreen:impl:mergeReleaseGeneratedProguardFiles UP-TO-DATE
> Task :features:lockscreen:impl:exportReleaseConsumerProguardFiles UP-TO-DATE
> Task :features:call:impl:kspReleaseKotlin
> Task :features:roomcall:impl:compileReleaseKotlin
> Task :features:roomcall:impl:compileReleaseJavaWithJavac NO-SOURCE
> Task :features:roomcall:impl:mergeReleaseGeneratedProguardFiles UP-TO-DATE
> Task :features:roomcall:impl:exportReleaseConsumerProguardFiles UP-TO-DATE
> Task :features:home:impl:compileReleaseKotlin
> Task :features:home:impl:compileReleaseJavaWithJavac NO-SOURCE
> Task :features:home:impl:mergeReleaseGeneratedProguardFiles UP-TO-DATE
> Task :features:home:impl:exportReleaseConsumerProguardFiles UP-TO-DATE
> Task :features:roomdetails:impl:kspReleaseKotlin
> Task :appnav:kspReleaseKotlin
> Task :features:roomdetailsedit:impl:compileReleaseKotlin
> Task :features:roomdetailsedit:impl:compileReleaseJavaWithJavac NO-SOURCE
> Task :features:roomdetailsedit:impl:mergeReleaseGeneratedProguardFiles UP-TO-DATE
> Task :features:roomdetailsedit:impl:exportReleaseConsumerProguardFiles UP-TO-DATE
> Task :features:preferences:impl:compileReleaseKotlin
> Task :features:roomdirectory:impl:compileReleaseKotlin
> Task :features:roomdirectory:impl:compileReleaseJavaWithJavac NO-SOURCE
> Task :features:roomdirectory:impl:mergeReleaseGeneratedProguardFiles UP-TO-DATE
> Task :features:roomdirectory:impl:exportReleaseConsumerProguardFiles UP-TO-DATE
> Task :libraries:push:impl:compileReleaseJavaWithJavac NO-SOURCE
> Task :libraries:push:impl:mergeReleaseGeneratedProguardFiles UP-TO-DATE
> Task :libraries:push:impl:exportReleaseConsumerProguardFiles UP-TO-DATE
> Task :features:share:impl:kspReleaseKotlin
> Task :features:roommembermoderation:impl:compileReleaseKotlin
> Task :features:roommembermoderation:impl:compileReleaseJavaWithJavac NO-SOURCE
> Task :features:roommembermoderation:impl:mergeReleaseGeneratedProguardFiles UP-TO-DATE
> Task :features:roommembermoderation:impl:exportReleaseConsumerProguardFiles UP-TO-DATE
> Task :features:location:impl:compileReleaseKotlin
> Task :features:location:impl:compileReleaseJavaWithJavac NO-SOURCE
> Task :features:location:impl:mergeReleaseGeneratedProguardFiles UP-TO-DATE
> Task :features:location:impl:exportReleaseConsumerProguardFiles UP-TO-DATE
> Task :features:signedout:impl:kspReleaseKotlin
> Task :features:messages:impl:kspReleaseKotlin
> Task :features:share:impl:compileReleaseKotlin
> Task :features:share:impl:compileReleaseJavaWithJavac NO-SOURCE
> Task :features:share:impl:mergeReleaseGeneratedProguardFiles UP-TO-DATE
> Task :features:share:impl:exportReleaseConsumerProguardFiles UP-TO-DATE
> Task :features:invite:api:mergeReleaseGeneratedProguardFiles UP-TO-DATE
> Task :features:invite:api:exportReleaseConsumerProguardFiles UP-TO-DATE
> Task :features:location:api:mergeReleaseGeneratedProguardFiles UP-TO-DATE
> Task :features:location:api:exportReleaseConsumerProguardFiles UP-TO-DATE
> Task :features:userprofile:shared:mergeReleaseGeneratedProguardFiles UP-TO-DATE
> Task :features:userprofile:shared:exportReleaseConsumerProguardFiles UP-TO-DATE
> Task :libraries:matrixui:mergeReleaseGeneratedProguardFiles UP-TO-DATE
> Task :libraries:matrixui:exportReleaseConsumerProguardFiles UP-TO-DATE
> Task :libraries:mediaviewer:impl:compileReleaseJavaWithJavac NO-SOURCE
> Task :libraries:mediaviewer:impl:mergeReleaseGeneratedProguardFiles UP-TO-DATE
> Task :libraries:mediaviewer:impl:exportReleaseConsumerProguardFiles UP-TO-DATE
> Task :features:login:impl:compileReleaseJavaWithJavac NO-SOURCE
> Task :features:login:impl:mergeReleaseGeneratedProguardFiles UP-TO-DATE
> Task :features:login:impl:exportReleaseConsumerProguardFiles UP-TO-DATE
> Task :features:poll:impl:compileReleaseKotlin
> Task :features:poll:impl:compileReleaseJavaWithJavac NO-SOURCE
> Task :features:poll:impl:mergeReleaseGeneratedProguardFiles UP-TO-DATE
> Task :features:poll:impl:exportReleaseConsumerProguardFiles UP-TO-DATE
> Task :features:preferences:impl:compileReleaseJavaWithJavac UP-TO-DATE
> Task :features:preferences:impl:mergeReleaseGeneratedProguardFiles UP-TO-DATE
> Task :features:preferences:impl:exportReleaseConsumerProguardFiles UP-TO-DATE
> Task :libraries:pushproviders:unifiedpush:compileReleaseJavaWithJavac NO-SOURCE
> Task :libraries:pushproviders:unifiedpush:mergeReleaseGeneratedProguardFiles UP-TO-DATE
> Task :libraries:pushproviders:unifiedpush:exportReleaseConsumerProguardFiles UP-TO-DATE
> Task :features:signedout:impl:compileReleaseKotlin
> Task :features:signedout:impl:compileReleaseJavaWithJavac NO-SOURCE
> Task :features:signedout:impl:mergeReleaseGeneratedProguardFiles UP-TO-DATE
> Task :features:signedout:impl:exportReleaseConsumerProguardFiles UP-TO-DATE
> Task :features:call:impl:compileReleaseKotlin
> Task :features:enterprise:impl-foss:compileReleaseKotlin
> Task :features:enterprise:impl-foss:compileReleaseJavaWithJavac NO-SOURCE
> Task :features:enterprise:impl-foss:mergeReleaseGeneratedProguardFiles UP-TO-DATE
> Task :features:enterprise:impl-foss:exportReleaseConsumerProguardFiles UP-TO-DATE
> Task :libraries:voicerecorder:impl:compileReleaseJavaWithJavac NO-SOURCE
> Task :libraries:voicerecorder:impl:mergeReleaseGeneratedProguardFiles UP-TO-DATE
> Task :libraries:voicerecorder:impl:exportReleaseConsumerProguardFiles UP-TO-DATE
> Task :libraries:workmanager:impl:compileReleaseJavaWithJavac NO-SOURCE
> Task :libraries:workmanager:impl:mergeReleaseGeneratedProguardFiles UP-TO-DATE
> Task :libraries:workmanager:impl:exportReleaseConsumerProguardFiles UP-TO-DATE
> Task :features:call:impl:compileReleaseJavaWithJavac UP-TO-DATE
> Task :features:call:impl:mergeReleaseGeneratedProguardFiles UP-TO-DATE
> Task :features:call:impl:exportReleaseConsumerProguardFiles UP-TO-DATE
> Task :features:securebackup:impl:compileReleaseKotlin
> Task :features:securebackup:impl:compileReleaseJavaWithJavac NO-SOURCE
> Task :features:securebackup:impl:mergeReleaseGeneratedProguardFiles UP-TO-DATE
> Task :features:securebackup:impl:exportReleaseConsumerProguardFiles UP-TO-DATE
> Task :libraries:featureflag:impl:compileReleaseKotlin UP-TO-DATE
> Task :libraries:featureflag:impl:compileReleaseJavaWithJavac NO-SOURCE
> Task :libraries:featureflag:impl:mergeReleaseGeneratedProguardFiles UP-TO-DATE
> Task :features:migration:impl:compileReleaseKotlin
> Task :libraries:featureflag:impl:exportReleaseConsumerProguardFiles UP-TO-DATE
> Task :features:migration:impl:compileReleaseJavaWithJavac NO-SOURCE
> Task :libraries:featureflag:api:mergeReleaseGeneratedProguardFiles UP-TO-DATE
> Task :libraries:featureflag:api:exportReleaseConsumerProguardFiles UP-TO-DATE
> Task :features:migration:impl:mergeReleaseGeneratedProguardFiles UP-TO-DATE
> Task :features:migration:impl:exportReleaseConsumerProguardFiles UP-TO-DATE
> Task :appconfig:mergeReleaseGeneratedProguardFiles UP-TO-DATE
> Task :appconfig:exportReleaseConsumerProguardFiles UP-TO-DATE
> Task :libraries:troubleshoot:api:mergeReleaseGeneratedProguardFiles UP-TO-DATE
> Task :libraries:troubleshoot:api:exportReleaseConsumerProguardFiles UP-TO-DATE
> Task :libraries:pushstore:api:mergeReleaseGeneratedProguardFiles UP-TO-DATE
> Task :libraries:pushstore:api:exportReleaseConsumerProguardFiles UP-TO-DATE
> Task :libraries:pushproviders:api:mergeReleaseGeneratedProguardFiles UP-TO-DATE
> Task :libraries:pushproviders:api:exportReleaseConsumerProguardFiles UP-TO-DATE
> Task :libraries:deeplink:api:mergeReleaseGeneratedProguardFiles UP-TO-DATE
> Task :libraries:mediaupload:api:mergeReleaseGeneratedProguardFiles UP-TO-DATE
> Task :libraries:deeplink:api:exportReleaseConsumerProguardFiles UP-TO-DATE
> Task :libraries:mediaupload:api:exportReleaseConsumerProguardFiles UP-TO-DATE
> Task :libraries:preferences:api:mergeReleaseGeneratedProguardFiles UP-TO-DATE
> Task :libraries:eventformatter:api:mergeReleaseGeneratedProguardFiles UP-TO-DATE
> Task :libraries:preferences:api:exportReleaseConsumerProguardFiles UP-TO-DATE
> Task :libraries:eventformatter:api:exportReleaseConsumerProguardFiles UP-TO-DATE
> Task :libraries:workmanager:api:mergeReleaseGeneratedProguardFiles UP-TO-DATE
> Task :features:call:api:mergeReleaseGeneratedProguardFiles UP-TO-DATE
> Task :libraries:workmanager:api:exportReleaseConsumerProguardFiles UP-TO-DATE
> Task :features:call:api:exportReleaseConsumerProguardFiles UP-TO-DATE
> Task :services:appnavstate:api:mergeReleaseGeneratedProguardFiles UP-TO-DATE
> Task :features:rolesandpermissions:api:mergeReleaseGeneratedProguardFiles UP-TO-DATE
> Task :services:appnavstate:api:exportReleaseConsumerProguardFiles UP-TO-DATE
> Task :features:rolesandpermissions:api:exportReleaseConsumerProguardFiles UP-TO-DATE
> Task :libraries:usersearch:api:mergeReleaseGeneratedProguardFiles UP-TO-DATE
> Task :libraries:accountselect:api:mergeReleaseGeneratedProguardFiles UP-TO-DATE
> Task :libraries:accountselect:api:exportReleaseConsumerProguardFiles UP-TO-DATE
> Task :libraries:usersearch:api:exportReleaseConsumerProguardFiles UP-TO-DATE
> Task :libraries:roomselect:api:mergeReleaseGeneratedProguardFiles UP-TO-DATE
> Task :libraries:voiceplayer:api:mergeReleaseGeneratedProguardFiles UP-TO-DATE
> Task :libraries:roomselect:api:exportReleaseConsumerProguardFiles UP-TO-DATE
> Task :libraries:voiceplayer:api:exportReleaseConsumerProguardFiles UP-TO-DATE
> Task :libraries:mediaplayer:api:mergeReleaseGeneratedProguardFiles UP-TO-DATE
> Task :libraries:mediaplayer:api:exportReleaseConsumerProguardFiles UP-TO-DATE
> Task :libraries:mediaviewer:api:mergeReleaseGeneratedProguardFiles UP-TO-DATE
> Task :libraries:mediaviewer:api:exportReleaseConsumerProguardFiles UP-TO-DATE
> Task :libraries:recentemojis:api:mergeReleaseGeneratedProguardFiles UP-TO-DATE
> Task :libraries:recentemojis:api:exportReleaseConsumerProguardFiles UP-TO-DATE
> Task :features:createroom:api:mergeReleaseGeneratedProguardFiles UP-TO-DATE
> Task :features:createroom:api:exportReleaseConsumerProguardFiles UP-TO-DATE
> Task :features:invitepeople:api:mergeReleaseGeneratedProguardFiles UP-TO-DATE
> Task :features:invitepeople:api:exportReleaseConsumerProguardFiles UP-TO-DATE
> Task :features:forward:api:mergeReleaseGeneratedProguardFiles UP-TO-DATE
> Task :features:forward:api:exportReleaseConsumerProguardFiles UP-TO-DATE
> Task :features:verifysession:api:mergeReleaseGeneratedProguardFiles UP-TO-DATE
> Task :features:verifysession:api:exportReleaseConsumerProguardFiles UP-TO-DATE
> Task :features:home:api:mergeReleaseGeneratedProguardFiles UP-TO-DATE
> Task :features:home:api:exportReleaseConsumerProguardFiles UP-TO-DATE
> Task :features:leaveroom:api:mergeReleaseGeneratedProguardFiles UP-TO-DATE
> Task :features:leaveroom:api:exportReleaseConsumerProguardFiles UP-TO-DATE
> Task :libraries:voiceplayer:impl:compileReleaseKotlin
> Task :features:reportroom:api:mergeReleaseGeneratedProguardFiles UP-TO-DATE
> Task :libraries:voiceplayer:impl:compileReleaseJavaWithJavac NO-SOURCE
> Task :features:reportroom:api:exportReleaseConsumerProguardFiles UP-TO-DATE
> Task :libraries:voiceplayer:impl:mergeReleaseGeneratedProguardFiles UP-TO-DATE
> Task :libraries:voiceplayer:impl:exportReleaseConsumerProguardFiles UP-TO-DATE
> Task :features:knockrequests:api:mergeReleaseGeneratedProguardFiles UP-TO-DATE
> Task :features:knockrequests:api:exportReleaseConsumerProguardFiles UP-TO-DATE
> Task :features:roomcall:api:mergeReleaseGeneratedProguardFiles UP-TO-DATE
> Task :features:roomcall:api:exportReleaseConsumerProguardFiles UP-TO-DATE
> Task :features:preferences:api:mergeReleaseGeneratedProguardFiles UP-TO-DATE
> Task :features:preferences:api:exportReleaseConsumerProguardFiles UP-TO-DATE
> Task :features:roomaliasresolver:api:mergeReleaseGeneratedProguardFiles UP-TO-DATE
> Task :features:roomdetails:api:mergeReleaseGeneratedProguardFiles UP-TO-DATE
> Task :features:roomaliasresolver:api:exportReleaseConsumerProguardFiles UP-TO-DATE
> Task :features:roomdetails:api:exportReleaseConsumerProguardFiles UP-TO-DATE
> Task :features:startchat:api:mergeReleaseGeneratedProguardFiles UP-TO-DATE
> Task :features:startchat:api:exportReleaseConsumerProguardFiles UP-TO-DATE
> Task :features:securityandprivacy:api:mergeReleaseGeneratedProguardFiles UP-TO-DATE
> Task :features:securityandprivacy:api:exportReleaseConsumerProguardFiles UP-TO-DATE
> Task :features:roomdetailsedit:api:mergeReleaseGeneratedProguardFiles UP-TO-DATE
> Task :features:roomdetailsedit:api:exportReleaseConsumerProguardFiles UP-TO-DATE
> Task :features:share:api:mergeReleaseGeneratedProguardFiles UP-TO-DATE
> Task :features:share:api:exportReleaseConsumerProguardFiles UP-TO-DATE
> Task :features:signedout:api:mergeReleaseGeneratedProguardFiles UP-TO-DATE
> Task :features:signedout:api:exportReleaseConsumerProguardFiles UP-TO-DATE
> Task :features:space:api:mergeReleaseGeneratedProguardFiles UP-TO-DATE
> Task :features:space:api:exportReleaseConsumerProguardFiles UP-TO-DATE
> Task :features:analytics:impl:bundleLibCompileToJarRelease UP-TO-DATE
> Task :features:announcement:impl:bundleLibCompileToJarRelease UP-TO-DATE
> Task :features:call:impl:bundleLibCompileToJarRelease UP-TO-DATE
> Task :features:createroom:impl:bundleLibCompileToJarRelease UP-TO-DATE
> Task :features:deactivation:impl:bundleLibCompileToJarRelease UP-TO-DATE
> Task :features:enterprise:impl-foss:bundleLibCompileToJarRelease UP-TO-DATE
> Task :features:forward:impl:bundleLibCompileToJarRelease UP-TO-DATE
> Task :features:ftue:impl:bundleLibCompileToJarRelease UP-TO-DATE
> Task :features:home:impl:bundleLibCompileToJarRelease UP-TO-DATE
> Task :libraries:mediaplayer:impl:compileReleaseKotlin UP-TO-DATE
> Task :features:invite:impl:bundleLibCompileToJarRelease UP-TO-DATE
> Task :features:invitepeople:impl:bundleLibCompileToJarRelease UP-TO-DATE
> Task :libraries:mediaplayer:impl:compileReleaseJavaWithJavac NO-SOURCE
> Task :features:joinroom:impl:bundleLibCompileToJarRelease UP-TO-DATE
> Task :features:knockrequests:impl:bundleLibCompileToJarRelease UP-TO-DATE
> Task :libraries:mediaplayer:impl:mergeReleaseGeneratedProguardFiles UP-TO-DATE
> Task :features:leaveroom:impl:bundleLibCompileToJarRelease UP-TO-DATE
> Task :libraries:mediaplayer:impl:exportReleaseConsumerProguardFiles UP-TO-DATE
> Task :features:licenses:impl:bundleLibCompileToJarRelease UP-TO-DATE
> Task :features:location:impl:bundleLibCompileToJarRelease UP-TO-DATE
> Task :features:lockscreen:impl:bundleLibCompileToJarRelease UP-TO-DATE
> Task :features:logout:impl:bundleLibCompileToJarRelease UP-TO-DATE
> Task :features:migration:impl:bundleLibCompileToJarRelease UP-TO-DATE
> Task :features:poll:impl:bundleLibCompileToJarRelease UP-TO-DATE
> Task :features:networkmonitor:impl:bundleLibCompileToJarRelease UP-TO-DATE
> Task :features:reportroom:impl:bundleLibCompileToJarRelease UP-TO-DATE
> Task :features:preferences:impl:bundleLibCompileToJarRelease UP-TO-DATE
> Task :features:roomaliasresolver:impl:bundleLibCompileToJarRelease UP-TO-DATE
> Task :features:roomcall:impl:bundleLibCompileToJarRelease UP-TO-DATE
> Task :features:roomdetailsedit:impl:bundleLibCompileToJarRelease UP-TO-DATE
> Task :features:roomdirectory:impl:bundleLibCompileToJarRelease UP-TO-DATE
> Task :features:roommembermoderation:impl:bundleLibCompileToJarRelease UP-TO-DATE
> Task :features:securebackup:impl:bundleLibCompileToJarRelease UP-TO-DATE
> Task :features:share:impl:bundleLibCompileToJarRelease UP-TO-DATE
> Task :features:signedout:impl:bundleLibCompileToJarRelease UP-TO-DATE
> Task :features:startchat:impl:bundleLibCompileToJarRelease UP-TO-DATE
> Task :features:viewfolder:impl:bundleLibCompileToJarRelease UP-TO-DATE
> Task :libraries:accountselect:impl:bundleLibCompileToJarRelease UP-TO-DATE
> Task :libraries:dateformatter:impl:bundleLibCompileToJarRelease UP-TO-DATE
> Task :libraries:deeplink:impl:bundleLibCompileToJarRelease UP-TO-DATE
> Task :libraries:eventformatter:impl:bundleLibCompileToJarRelease UP-TO-DATE
> Task :libraries:featureflag:impl:bundleLibCompileToJarRelease UP-TO-DATE
> Task :libraries:fullscreenintent:impl:bundleLibCompileToJarRelease UP-TO-DATE
> Task :libraries:indicator:impl:bundleLibCompileToJarRelease UP-TO-DATE
> Task :libraries:mediaplayer:impl:bundleLibCompileToJarRelease UP-TO-DATE
> Task :libraries:matrixmedia:impl:bundleLibCompileToJarRelease UP-TO-DATE
> Task :libraries:mediaupload:impl:bundleLibCompileToJarRelease UP-TO-DATE
> Task :libraries:mediaviewer:impl:bundleLibCompileToJarRelease UP-TO-DATE
> Task :libraries:oidc:impl:bundleLibCompileToJarRelease UP-TO-DATE
> Task :libraries:permissions:impl:bundleLibCompileToJarRelease UP-TO-DATE
> Task :libraries:push:impl:bundleLibCompileToJarRelease UP-TO-DATE
> Task :libraries:pushproviders:firebase:bundleLibCompileToJarRelease UP-TO-DATE
> Task :libraries:pushproviders:unifiedpush:bundleLibCompileToJarRelease UP-TO-DATE
> Task :libraries:pushstore:impl:bundleLibCompileToJarRelease UP-TO-DATE
> Task :libraries:roomselect:impl:bundleLibCompileToJarRelease UP-TO-DATE
> Task :libraries:troubleshoot:impl:bundleLibCompileToJarRelease UP-TO-DATE
> Task :libraries:voiceplayer:impl:bundleLibCompileToJarRelease UP-TO-DATE
> Task :libraries:voicerecorder:impl:bundleLibCompileToJarRelease UP-TO-DATE
> Task :libraries:wellknown:impl:bundleLibCompileToJarRelease UP-TO-DATE
> Task :libraries:workmanager:impl:bundleLibCompileToJarRelease UP-TO-DATE
> Task :services:analytics:impl:bundleLibCompileToJarRelease UP-TO-DATE
> Task :services:analyticsproviders:posthog:bundleLibCompileToJarRelease UP-TO-DATE
> Task :appconfig:bundleLibRuntimeToJarRelease UP-TO-DATE
> Task :libraries:designsystem:bundleLibRuntimeToJarRelease UP-TO-DATE
> Task :libraries:matrixui:bundleLibRuntimeToJarRelease UP-TO-DATE
> Task :libraries:previewutils:bundleLibRuntimeToJarRelease UP-TO-DATE
> Task :libraries:network:bundleLibRuntimeToJarRelease UP-TO-DATE
> Task :libraries:qrcode:bundleLibRuntimeToJarRelease UP-TO-DATE
> Task :libraries:ui-common:bundleLibRuntimeToJarRelease UP-TO-DATE
> Task :features:analytics:api:bundleLibRuntimeToJarRelease UP-TO-DATE
> Task :features:analytics:impl:bundleLibRuntimeToJarRelease UP-TO-DATE
> Task :features:announcement:impl:bundleLibRuntimeToJarRelease UP-TO-DATE
> Task :features:call:api:bundleLibRuntimeToJarRelease UP-TO-DATE
> Task :features:call:impl:bundleLibRuntimeToJarRelease UP-TO-DATE
> Task :features:createroom:api:bundleLibRuntimeToJarRelease UP-TO-DATE
> Task :features:createroom:impl:bundleLibRuntimeToJarRelease UP-TO-DATE
> Task :features:deactivation:impl:bundleLibRuntimeToJarRelease UP-TO-DATE
> Task :features:enterprise:api:bundleLibRuntimeToJarRelease UP-TO-DATE
> Task :features:enterprise:impl-foss:bundleLibRuntimeToJarRelease UP-TO-DATE
> Task :features:forward:api:bundleLibRuntimeToJarRelease UP-TO-DATE
> Task :features:forward:impl:bundleLibRuntimeToJarRelease UP-TO-DATE
> Task :features:ftue:impl:bundleLibRuntimeToJarRelease UP-TO-DATE
> Task :features:home:api:bundleLibRuntimeToJarRelease UP-TO-DATE
> Task :features:invite:api:bundleLibRuntimeToJarRelease UP-TO-DATE
> Task :features:home:impl:bundleLibRuntimeToJarRelease UP-TO-DATE
> Task :features:invitepeople:api:bundleLibRuntimeToJarRelease UP-TO-DATE
> Task :features:invite:impl:bundleLibRuntimeToJarRelease UP-TO-DATE
> Task :features:invitepeople:impl:bundleLibRuntimeToJarRelease UP-TO-DATE
> Task :features:joinroom:api:bundleLibRuntimeToJarRelease UP-TO-DATE
> Task :features:joinroom:impl:bundleLibRuntimeToJarRelease UP-TO-DATE
> Task :features:knockrequests:api:bundleLibRuntimeToJarRelease UP-TO-DATE
> Task :features:knockrequests:impl:bundleLibRuntimeToJarRelease UP-TO-DATE
> Task :features:leaveroom:api:bundleLibRuntimeToJarRelease UP-TO-DATE
> Task :features:leaveroom:impl:bundleLibRuntimeToJarRelease UP-TO-DATE
> Task :features:licenses:impl:bundleLibRuntimeToJarRelease UP-TO-DATE
> Task :features:location:api:bundleLibRuntimeToJarRelease UP-TO-DATE
> Task :features:location:impl:bundleLibRuntimeToJarRelease UP-TO-DATE
> Task :features:lockscreen:impl:bundleLibRuntimeToJarRelease UP-TO-DATE
> Task :features:licenses:api:bundleLibRuntimeToJarRelease UP-TO-DATE
> Task :features:logout:api:bundleLibRuntimeToJarRelease UP-TO-DATE
> Task :features:logout:impl:bundleLibRuntimeToJarRelease UP-TO-DATE
> Task :features:messages:api:bundleLibRuntimeToJarRelease UP-TO-DATE
> Task :features:migration:impl:bundleLibRuntimeToJarRelease UP-TO-DATE
> Task :features:networkmonitor:api:bundleLibRuntimeToJarRelease UP-TO-DATE
> Task :features:networkmonitor:impl:bundleLibRuntimeToJarRelease UP-TO-DATE
> Task :features:poll:api:bundleLibRuntimeToJarRelease UP-TO-DATE
> Task :features:poll:impl:bundleLibRuntimeToJarRelease UP-TO-DATE
> Task :features:preferences:api:bundleLibRuntimeToJarRelease UP-TO-DATE
> Task :features:preferences:impl:bundleLibRuntimeToJarRelease UP-TO-DATE
> Task :features:rageshake:api:bundleLibRuntimeToJarRelease UP-TO-DATE
> Task :features:reportroom:api:bundleLibRuntimeToJarRelease UP-TO-DATE
> Task :features:reportroom:impl:bundleLibRuntimeToJarRelease UP-TO-DATE
> Task :features:rolesandpermissions:api:bundleLibRuntimeToJarRelease UP-TO-DATE
> Task :features:roomaliasresolver:api:bundleLibRuntimeToJarRelease UP-TO-DATE
> Task :features:roomaliasresolver:impl:bundleLibRuntimeToJarRelease UP-TO-DATE
> Task :features:roomcall:api:bundleLibRuntimeToJarRelease UP-TO-DATE
> Task :features:roomcall:impl:bundleLibRuntimeToJarRelease UP-TO-DATE
> Task :features:roomdetails:api:bundleLibRuntimeToJarRelease UP-TO-DATE
> Task :features:roomdetailsedit:api:bundleLibRuntimeToJarRelease UP-TO-DATE
> Task :features:roomdetailsedit:impl:bundleLibRuntimeToJarRelease UP-TO-DATE
> Task :features:roomdirectory:api:bundleLibRuntimeToJarRelease UP-TO-DATE
> Task :features:roomdirectory:impl:bundleLibRuntimeToJarRelease UP-TO-DATE
> Task :features:roommembermoderation:api:bundleLibRuntimeToJarRelease UP-TO-DATE
> Task :features:roommembermoderation:impl:bundleLibRuntimeToJarRelease UP-TO-DATE
> Task :features:securebackup:impl:bundleLibRuntimeToJarRelease UP-TO-DATE
> Task :features:securityandprivacy:api:bundleLibRuntimeToJarRelease UP-TO-DATE
> Task :features:share:api:bundleLibRuntimeToJarRelease UP-TO-DATE
> Task :features:share:impl:bundleLibRuntimeToJarRelease UP-TO-DATE
> Task :features:signedout:api:bundleLibRuntimeToJarRelease UP-TO-DATE
> Task :features:signedout:impl:bundleLibRuntimeToJarRelease UP-TO-DATE
> Task :features:space:api:bundleLibRuntimeToJarRelease UP-TO-DATE
> Task :features:startchat:api:bundleLibRuntimeToJarRelease UP-TO-DATE
> Task :features:startchat:impl:bundleLibRuntimeToJarRelease UP-TO-DATE
> Task :features:userprofile:api:bundleLibRuntimeToJarRelease UP-TO-DATE
> Task :features:userprofile:shared:bundleLibRuntimeToJarRelease UP-TO-DATE
> Task :features:verifysession:api:bundleLibRuntimeToJarRelease UP-TO-DATE
> Task :features:viewfolder:impl:bundleLibRuntimeToJarRelease UP-TO-DATE
> Task :libraries:accountselect:api:bundleLibRuntimeToJarRelease UP-TO-DATE
> Task :libraries:accountselect:impl:bundleLibRuntimeToJarRelease UP-TO-DATE
> Task :libraries:dateformatter:impl:bundleLibRuntimeToJarRelease UP-TO-DATE
> Task :libraries:deeplink:api:bundleLibRuntimeToJarRelease UP-TO-DATE
> Task :libraries:deeplink:impl:bundleLibRuntimeToJarRelease UP-TO-DATE
> Task :libraries:eventformatter:api:bundleLibRuntimeToJarRelease UP-TO-DATE
> Task :libraries:eventformatter:impl:bundleLibRuntimeToJarRelease UP-TO-DATE
> Task :libraries:featureflag:api:bundleLibRuntimeToJarRelease UP-TO-DATE
> Task :libraries:featureflag:impl:bundleLibRuntimeToJarRelease UP-TO-DATE
> Task :libraries:featureflag:ui:bundleLibRuntimeToJarRelease UP-TO-DATE
> Task :libraries:fullscreenintent:api:bundleLibRuntimeToJarRelease UP-TO-DATE
> Task :libraries:fullscreenintent:impl:bundleLibRuntimeToJarRelease UP-TO-DATE
> Task :libraries:indicator:impl:bundleLibRuntimeToJarRelease UP-TO-DATE
> Task :libraries:recentemojis:impl:compileReleaseKotlin
> Task :libraries:recentemojis:impl:compileReleaseJavaWithJavac NO-SOURCE
> Task :libraries:recentemojis:impl:mergeReleaseGeneratedProguardFiles UP-TO-DATE
> Task :libraries:recentemojis:impl:exportReleaseConsumerProguardFiles UP-TO-DATE
> Task :libraries:recentemojis:impl:bundleLibCompileToJarRelease UP-TO-DATE
> Task :libraries:matrixmedia:api:bundleLibRuntimeToJarRelease UP-TO-DATE
> Task :libraries:matrixmedia:impl:bundleLibRuntimeToJarRelease UP-TO-DATE
> Task :libraries:mediaplayer:api:bundleLibRuntimeToJarRelease UP-TO-DATE
> Task :libraries:mediaplayer:impl:bundleLibRuntimeToJarRelease UP-TO-DATE
> Task :libraries:mediaupload:api:bundleLibRuntimeToJarRelease UP-TO-DATE
> Task :libraries:mediaupload:impl:bundleLibRuntimeToJarRelease UP-TO-DATE
> Task :libraries:mediaviewer:api:bundleLibRuntimeToJarRelease UP-TO-DATE
> Task :libraries:mediaviewer:impl:bundleLibRuntimeToJarRelease UP-TO-DATE
> Task :libraries:oidc:impl:bundleLibRuntimeToJarRelease UP-TO-DATE
> Task :libraries:permissions:api:bundleLibRuntimeToJarRelease UP-TO-DATE
> Task :libraries:permissions:impl:bundleLibRuntimeToJarRelease UP-TO-DATE
> Task :libraries:permissions:noop:bundleLibRuntimeToJarRelease UP-TO-DATE
> Task :libraries:preferences:api:bundleLibRuntimeToJarRelease UP-TO-DATE
> Task :libraries:preferences:impl:bundleLibRuntimeToJarRelease UP-TO-DATE
> Task :libraries:push:api:bundleLibRuntimeToJarRelease UP-TO-DATE
> Task :libraries:push:impl:bundleLibRuntimeToJarRelease UP-TO-DATE
> Task :libraries:pushproviders:api:bundleLibRuntimeToJarRelease UP-TO-DATE
> Task :libraries:pushproviders:firebase:bundleLibRuntimeToJarRelease UP-TO-DATE
> Task :libraries:pushproviders:unifiedpush:bundleLibRuntimeToJarRelease UP-TO-DATE
> Task :libraries:pushstore:api:bundleLibRuntimeToJarRelease UP-TO-DATE
> Task :libraries:pushstore:impl:bundleLibRuntimeToJarRelease UP-TO-DATE
> Task :libraries:recentemojis:api:bundleLibRuntimeToJarRelease UP-TO-DATE
> Task :libraries:recentemojis:impl:bundleLibRuntimeToJarRelease UP-TO-DATE
> Task :libraries:roomselect:api:bundleLibRuntimeToJarRelease UP-TO-DATE
> Task :libraries:roomselect:impl:bundleLibRuntimeToJarRelease UP-TO-DATE
> Task :libraries:textcomposer:impl:bundleLibRuntimeToJarRelease UP-TO-DATE
> Task :libraries:troubleshoot:api:bundleLibRuntimeToJarRelease UP-TO-DATE
> Task :libraries:troubleshoot:impl:bundleLibRuntimeToJarRelease UP-TO-DATE
> Task :libraries:usersearch:api:bundleLibRuntimeToJarRelease UP-TO-DATE
> Task :libraries:usersearch:impl:bundleLibRuntimeToJarRelease UP-TO-DATE
> Task :libraries:voiceplayer:api:bundleLibRuntimeToJarRelease UP-TO-DATE
> Task :libraries:voiceplayer:impl:bundleLibRuntimeToJarRelease UP-TO-DATE
> Task :libraries:voicerecorder:impl:bundleLibRuntimeToJarRelease UP-TO-DATE
> Task :libraries:wellknown:impl:bundleLibRuntimeToJarRelease UP-TO-DATE
> Task :libraries:workmanager:api:bundleLibRuntimeToJarRelease UP-TO-DATE
> Task :libraries:workmanager:impl:bundleLibRuntimeToJarRelease UP-TO-DATE
> Task :services:analytics:impl:bundleLibRuntimeToJarRelease UP-TO-DATE
> Task :services:analyticsproviders:posthog:bundleLibRuntimeToJarRelease UP-TO-DATE
> Task :services:apperror:impl:bundleLibRuntimeToJarRelease UP-TO-DATE
> Task :services:appnavstate:api:bundleLibRuntimeToJarRelease UP-TO-DATE
> Task :appconfig:processReleaseJavaRes UP-TO-DATE
> Task :libraries:designsystem:processReleaseJavaRes UP-TO-DATE
> Task :libraries:matrixui:processReleaseJavaRes UP-TO-DATE
> Task :libraries:network:processReleaseJavaRes UP-TO-DATE
> Task :libraries:previewutils:processReleaseJavaRes UP-TO-DATE
> Task :libraries:qrcode:processReleaseJavaRes UP-TO-DATE
> Task :libraries:ui-common:processReleaseJavaRes UP-TO-DATE
> Task :features:analytics:api:processReleaseJavaRes UP-TO-DATE
> Task :features:analytics:impl:processReleaseJavaRes UP-TO-DATE
> Task :features:announcement:impl:processReleaseJavaRes UP-TO-DATE
> Task :features:call:api:processReleaseJavaRes UP-TO-DATE
> Task :features:call:impl:processReleaseJavaRes UP-TO-DATE
> Task :features:createroom:api:processReleaseJavaRes UP-TO-DATE
> Task :features:createroom:impl:processReleaseJavaRes UP-TO-DATE
> Task :features:deactivation:impl:processReleaseJavaRes UP-TO-DATE
> Task :features:enterprise:api:processReleaseJavaRes UP-TO-DATE
> Task :features:enterprise:impl-foss:processReleaseJavaRes UP-TO-DATE
> Task :features:forward:api:processReleaseJavaRes UP-TO-DATE
> Task :features:forward:impl:processReleaseJavaRes UP-TO-DATE
> Task :features:ftue:impl:processReleaseJavaRes UP-TO-DATE
> Task :features:home:api:processReleaseJavaRes UP-TO-DATE
> Task :features:home:impl:processReleaseJavaRes UP-TO-DATE
> Task :features:invite:api:processReleaseJavaRes UP-TO-DATE
> Task :features:invite:impl:processReleaseJavaRes UP-TO-DATE
> Task :features:invitepeople:api:processReleaseJavaRes UP-TO-DATE
> Task :features:invitepeople:impl:processReleaseJavaRes UP-TO-DATE
> Task :features:joinroom:api:processReleaseJavaRes UP-TO-DATE
> Task :features:joinroom:impl:processReleaseJavaRes UP-TO-DATE
> Task :features:knockrequests:api:processReleaseJavaRes UP-TO-DATE
> Task :features:knockrequests:impl:processReleaseJavaRes UP-TO-DATE
> Task :features:leaveroom:api:processReleaseJavaRes UP-TO-DATE
> Task :features:leaveroom:impl:processReleaseJavaRes UP-TO-DATE
> Task :features:licenses:api:processReleaseJavaRes UP-TO-DATE
> Task :features:licenses:impl:processReleaseJavaRes UP-TO-DATE
> Task :features:location:api:processReleaseJavaRes UP-TO-DATE
> Task :features:location:impl:processReleaseJavaRes UP-TO-DATE
> Task :features:lockscreen:impl:processReleaseJavaRes UP-TO-DATE
> Task :features:login:impl:processReleaseJavaRes UP-TO-DATE
> Task :features:logout:api:processReleaseJavaRes UP-TO-DATE
> Task :features:logout:impl:processReleaseJavaRes UP-TO-DATE
> Task :features:messages:api:processReleaseJavaRes UP-TO-DATE
> Task :features:migration:impl:processReleaseJavaRes UP-TO-DATE
> Task :features:networkmonitor:api:processReleaseJavaRes UP-TO-DATE
> Task :features:networkmonitor:impl:processReleaseJavaRes UP-TO-DATE
> Task :features:poll:api:processReleaseJavaRes UP-TO-DATE
> Task :features:poll:impl:processReleaseJavaRes UP-TO-DATE
> Task :features:preferences:api:processReleaseJavaRes UP-TO-DATE
> Task :features:preferences:impl:processReleaseJavaRes UP-TO-DATE
> Task :features:rageshake:api:processReleaseJavaRes UP-TO-DATE
> Task :features:reportroom:api:processReleaseJavaRes UP-TO-DATE
> Task :features:reportroom:impl:processReleaseJavaRes UP-TO-DATE
> Task :features:rolesandpermissions:api:processReleaseJavaRes UP-TO-DATE
> Task :features:roomaliasresolver:api:processReleaseJavaRes UP-TO-DATE
> Task :features:roomaliasresolver:impl:processReleaseJavaRes UP-TO-DATE
> Task :features:roomcall:api:processReleaseJavaRes UP-TO-DATE
> Task :features:roomcall:impl:processReleaseJavaRes UP-TO-DATE
> Task :features:roomdetails:api:processReleaseJavaRes UP-TO-DATE
> Task :features:roomdetailsedit:api:processReleaseJavaRes UP-TO-DATE
> Task :features:roomdetailsedit:impl:processReleaseJavaRes UP-TO-DATE
> Task :features:roomdirectory:api:processReleaseJavaRes UP-TO-DATE
> Task :features:roomdirectory:impl:processReleaseJavaRes UP-TO-DATE
> Task :features:roommembermoderation:api:processReleaseJavaRes UP-TO-DATE
> Task :features:roommembermoderation:impl:processReleaseJavaRes UP-TO-DATE
> Task :features:securebackup:impl:processReleaseJavaRes UP-TO-DATE
> Task :features:securityandprivacy:api:processReleaseJavaRes UP-TO-DATE
> Task :features:share:api:processReleaseJavaRes UP-TO-DATE
> Task :features:share:impl:processReleaseJavaRes UP-TO-DATE
> Task :features:signedout:api:processReleaseJavaRes UP-TO-DATE
> Task :features:signedout:impl:processReleaseJavaRes UP-TO-DATE
> Task :features:space:api:processReleaseJavaRes UP-TO-DATE
> Task :features:startchat:api:processReleaseJavaRes UP-TO-DATE
> Task :features:startchat:impl:processReleaseJavaRes UP-TO-DATE
> Task :features:userprofile:api:processReleaseJavaRes UP-TO-DATE
> Task :features:userprofile:shared:processReleaseJavaRes UP-TO-DATE
> Task :features:verifysession:api:processReleaseJavaRes UP-TO-DATE
> Task :features:viewfolder:impl:processReleaseJavaRes UP-TO-DATE
> Task :libraries:accountselect:api:processReleaseJavaRes UP-TO-DATE
> Task :libraries:accountselect:impl:processReleaseJavaRes UP-TO-DATE
> Task :libraries:dateformatter:impl:processReleaseJavaRes UP-TO-DATE
> Task :libraries:deeplink:api:processReleaseJavaRes UP-TO-DATE
> Task :libraries:deeplink:impl:processReleaseJavaRes UP-TO-DATE
> Task :libraries:eventformatter:api:processReleaseJavaRes UP-TO-DATE
> Task :libraries:eventformatter:impl:processReleaseJavaRes UP-TO-DATE
> Task :libraries:featureflag:api:processReleaseJavaRes UP-TO-DATE
> Task :libraries:featureflag:impl:processReleaseJavaRes UP-TO-DATE
> Task :libraries:featureflag:ui:processReleaseJavaRes UP-TO-DATE
> Task :libraries:fullscreenintent:api:processReleaseJavaRes UP-TO-DATE
> Task :libraries:fullscreenintent:impl:processReleaseJavaRes UP-TO-DATE
> Task :libraries:indicator:impl:processReleaseJavaRes UP-TO-DATE
> Task :libraries:matrix:impl:processReleaseJavaRes
> Task :libraries:matrixmedia:api:processReleaseJavaRes UP-TO-DATE
> Task :libraries:matrixmedia:impl:processReleaseJavaRes UP-TO-DATE
> Task :libraries:mediaplayer:api:processReleaseJavaRes UP-TO-DATE
> Task :libraries:mediaplayer:impl:processReleaseJavaRes UP-TO-DATE
> Task :libraries:mediaupload:api:processReleaseJavaRes UP-TO-DATE
> Task :libraries:mediaupload:impl:processReleaseJavaRes UP-TO-DATE
> Task :libraries:mediaviewer:api:processReleaseJavaRes UP-TO-DATE
> Task :libraries:mediaviewer:impl:processReleaseJavaRes UP-TO-DATE
> Task :libraries:oidc:impl:processReleaseJavaRes UP-TO-DATE
> Task :libraries:permissions:api:processReleaseJavaRes UP-TO-DATE
> Task :libraries:permissions:impl:processReleaseJavaRes UP-TO-DATE
> Task :libraries:permissions:noop:processReleaseJavaRes UP-TO-DATE
> Task :libraries:preferences:api:processReleaseJavaRes UP-TO-DATE
> Task :libraries:preferences:impl:processReleaseJavaRes UP-TO-DATE
> Task :libraries:push:api:processReleaseJavaRes UP-TO-DATE
> Task :libraries:push:impl:processReleaseJavaRes UP-TO-DATE
> Task :libraries:pushproviders:api:processReleaseJavaRes UP-TO-DATE
> Task :libraries:pushproviders:firebase:processReleaseJavaRes UP-TO-DATE
> Task :libraries:pushproviders:unifiedpush:processReleaseJavaRes UP-TO-DATE
> Task :libraries:pushstore:api:processReleaseJavaRes UP-TO-DATE
> Task :libraries:pushstore:impl:processReleaseJavaRes UP-TO-DATE
> Task :libraries:recentemojis:api:processReleaseJavaRes UP-TO-DATE
> Task :libraries:recentemojis:impl:processReleaseJavaRes UP-TO-DATE
> Task :libraries:roomselect:api:processReleaseJavaRes UP-TO-DATE
> Task :libraries:roomselect:impl:processReleaseJavaRes UP-TO-DATE
> Task :libraries:textcomposer:impl:processReleaseJavaRes UP-TO-DATE
> Task :libraries:troubleshoot:api:processReleaseJavaRes UP-TO-DATE
> Task :libraries:troubleshoot:impl:processReleaseJavaRes UP-TO-DATE
> Task :libraries:usersearch:api:processReleaseJavaRes UP-TO-DATE
> Task :libraries:usersearch:impl:processReleaseJavaRes UP-TO-DATE
> Task :libraries:voiceplayer:api:processReleaseJavaRes UP-TO-DATE
> Task :libraries:voiceplayer:impl:processReleaseJavaRes UP-TO-DATE
> Task :libraries:voicerecorder:impl:processReleaseJavaRes UP-TO-DATE
> Task :libraries:wellknown:impl:processReleaseJavaRes UP-TO-DATE
> Task :libraries:workmanager:api:processReleaseJavaRes UP-TO-DATE
> Task :libraries:workmanager:impl:processReleaseJavaRes UP-TO-DATE
> Task :services:analytics:impl:processReleaseJavaRes UP-TO-DATE
> Task :services:analyticsproviders:posthog:processReleaseJavaRes UP-TO-DATE
> Task :services:apperror:impl:processReleaseJavaRes UP-TO-DATE
> Task :services:appnavstate:api:processReleaseJavaRes UP-TO-DATE
> Task :app:copyGplayReleaseLicenseeReportToAssets UP-TO-DATE
> Task :app:generateGplayReleaseAssets UP-TO-DATE
> Task :services:appnavstate:impl:compileReleaseKotlin
> Task :services:appnavstate:impl:compileReleaseJavaWithJavac NO-SOURCE
> Task :services:appnavstate:impl:mergeReleaseGeneratedProguardFiles UP-TO-DATE
> Task :services:appnavstate:impl:exportReleaseConsumerProguardFiles UP-TO-DATE
> Task :services:appnavstate:impl:bundleLibCompileToJarRelease UP-TO-DATE
> Task :services:appnavstate:impl:bundleLibRuntimeToJarRelease UP-TO-DATE
> Task :services:appnavstate:impl:processReleaseJavaRes UP-TO-DATE
> Task :appconfig:createFullJarRelease UP-TO-DATE
> Task :appconfig:generateReleaseLintModel
> Task :libraries:designsystem:createFullJarRelease UP-TO-DATE
> Task :libraries:preferences:api:createFullJarRelease UP-TO-DATE
> Task :libraries:preferences:api:generateReleaseLintModel
> Task :features:roomdetails:impl:compileReleaseKotlin
> Task :features:roomdetails:impl:compileReleaseJavaWithJavac NO-SOURCE
> Task :features:roomdetails:impl:mergeReleaseGeneratedProguardFiles UP-TO-DATE
> Task :features:roomdetails:impl:exportReleaseConsumerProguardFiles UP-TO-DATE
> Task :features:roomdetails:impl:bundleLibCompileToJarRelease UP-TO-DATE
> Task :features:roomdetails:impl:bundleLibRuntimeToJarRelease UP-TO-DATE
> Task :features:roomdetails:impl:processReleaseJavaRes UP-TO-DATE
> Task :libraries:matrixui:createFullJarRelease UP-TO-DATE
> Task :libraries:previewutils:createFullJarRelease UP-TO-DATE
> Task :libraries:matrixmedia:api:createFullJarRelease UP-TO-DATE
> Task :libraries:ui-common:createFullJarRelease UP-TO-DATE
> Task :features:analytics:api:createFullJarRelease UP-TO-DATE
> Task :features:call:api:createFullJarRelease UP-TO-DATE
> Task :features:call:api:generateReleaseLintModel
> Task :features:createroom:api:createFullJarRelease UP-TO-DATE
> Task :features:createroom:api:generateReleaseLintModel
> Task :features:enterprise:api:createFullJarRelease UP-TO-DATE
> Task :features:userprofile:impl:kspReleaseKotlin
> Task :features:verifysession:impl:kspReleaseKotlin
> Task :appnav:compileReleaseKotlin
> Task :features:enterprise:api:generateReleaseLintModel
> Task :features:forward:api:createFullJarRelease UP-TO-DATE
> Task :features:forward:api:generateReleaseLintModel
> Task :features:home:api:createFullJarRelease UP-TO-DATE
> Task :features:home:api:generateReleaseLintModel
> Task :features:invite:api:createFullJarRelease UP-TO-DATE
> Task :features:invitepeople:api:createFullJarRelease UP-TO-DATE
> Task :features:invitepeople:api:generateReleaseLintModel
> Task :features:joinroom:api:createFullJarRelease UP-TO-DATE
> Task :features:roomdirectory:api:createFullJarRelease UP-TO-DATE
> Task :features:knockrequests:api:createFullJarRelease UP-TO-DATE
> Task :features:rageshake:impl:compileReleaseKotlin
> Task :features:rageshake:impl:compileReleaseJavaWithJavac NO-SOURCE
> Task :features:rageshake:impl:mergeReleaseGeneratedProguardFiles UP-TO-DATE
> Task :features:rageshake:impl:exportReleaseConsumerProguardFiles UP-TO-DATE
> Task :features:rageshake:impl:bundleLibCompileToJarRelease UP-TO-DATE
> Task :features:rageshake:impl:bundleLibRuntimeToJarRelease UP-TO-DATE
> Task :features:rageshake:impl:processReleaseJavaRes UP-TO-DATE
> Task :features:leaveroom:api:createFullJarRelease UP-TO-DATE
> Task :features:knockrequests:api:generateReleaseLintModel
> Task :features:licenses:api:createFullJarRelease UP-TO-DATE
> Task :features:location:api:createFullJarRelease UP-TO-DATE
> Task :features:logout:api:createFullJarRelease UP-TO-DATE
> Task :features:leaveroom:api:generateReleaseLintModel
> Task :features:messages:api:createFullJarRelease UP-TO-DATE
> Task :libraries:mediaviewer:api:createFullJarRelease UP-TO-DATE
> Task :libraries:textcomposer:impl:createFullJarRelease UP-TO-DATE
> Task :features:networkmonitor:api:createFullJarRelease UP-TO-DATE
> Task :features:poll:api:createFullJarRelease UP-TO-DATE
> Task :features:preferences:api:createFullJarRelease UP-TO-DATE
> Task :features:preferences:api:generateReleaseLintModel
> Task :features:rageshake:api:createFullJarRelease UP-TO-DATE
> Task :features:reportroom:api:createFullJarRelease UP-TO-DATE
> Task :libraries:mediaviewer:api:generateReleaseLintModel
> Task :features:rolesandpermissions:api:createFullJarRelease UP-TO-DATE
> Task :libraries:usersearch:api:createFullJarRelease UP-TO-DATE
> Task :features:reportroom:api:generateReleaseLintModel
> Task :features:roomaliasresolver:api:createFullJarRelease UP-TO-DATE
> Task :libraries:usersearch:api:generateReleaseLintModel
> Task :app:mergeGplayReleaseAssets UP-TO-DATE
> Task :app:mergeGplayReleaseJniLibFolders UP-TO-DATE
> Task :features:roomaliasresolver:api:generateReleaseLintModel
> Task :features:roomcall:api:createFullJarRelease UP-TO-DATE
> Task :features:rolesandpermissions:api:generateReleaseLintModel
> Task :features:roomdetails:api:createFullJarRelease UP-TO-DATE
> Task :features:space:impl:kspReleaseKotlin
> Task :features:roomcall:api:generateReleaseLintModel
> Task :features:roomdetailsedit:api:createFullJarRelease UP-TO-DATE
> Task :features:roomdetails:api:generateReleaseLintModel
> Task :features:roommembermoderation:api:createFullJarRelease UP-TO-DATE
> Task :features:securityandprivacy:api:createFullJarRelease UP-TO-DATE
> Task :features:roomdetailsedit:api:generateReleaseLintModel
> Task :features:share:api:createFullJarRelease UP-TO-DATE
> Task :features:securityandprivacy:api:generateReleaseLintModel
> Task :features:signedout:api:createFullJarRelease UP-TO-DATE
> Task :features:share:api:generateReleaseLintModel
> Task :features:space:api:createFullJarRelease UP-TO-DATE
> Task :features:signedout:api:generateReleaseLintModel
> Task :features:startchat:api:createFullJarRelease UP-TO-DATE
> Task :features:startchat:api:generateReleaseLintModel
> Task :features:userprofile:api:createFullJarRelease UP-TO-DATE
> Task :features:verifysession:api:createFullJarRelease UP-TO-DATE
> Task :features:space:api:generateReleaseLintModel
> Task :libraries:accountselect:api:createFullJarRelease UP-TO-DATE
> Task :features:verifysession:api:generateReleaseLintModel
> Task :libraries:deeplink:api:createFullJarRelease UP-TO-DATE
> Task :libraries:deeplink:api:generateReleaseLintModel
> Task :libraries:featureflag:api:createFullJarRelease UP-TO-DATE
> Task :libraries:accountselect:api:generateReleaseLintModel
> Task :libraries:push:api:createFullJarRelease UP-TO-DATE
> Task :libraries:pushproviders:api:createFullJarRelease UP-TO-DATE
> Task :libraries:featureflag:api:generateReleaseLintModel
> Task :services:apperror:impl:createFullJarRelease UP-TO-DATE
> Task :services:appnavstate:api:createFullJarRelease UP-TO-DATE
> Task :libraries:pushproviders:api:generateReleaseLintModel
> Task :libraries:network:createFullJarRelease UP-TO-DATE
> Task :services:appnavstate:api:generateReleaseLintModel
> Task :libraries:qrcode:createFullJarRelease UP-TO-DATE
> Task :features:analytics:impl:createFullJarRelease UP-TO-DATE
> Task :features:announcement:impl:createFullJarRelease UP-TO-DATE
> Task :features:call:impl:createFullJarRelease UP-TO-DATE
> Task :features:createroom:impl:createFullJarRelease UP-TO-DATE
> Task :libraries:mediaupload:api:createFullJarRelease UP-TO-DATE
> Task :libraries:mediaupload:api:generateReleaseLintModel
> Task :libraries:permissions:api:createFullJarRelease UP-TO-DATE
> Task :libraries:usersearch:impl:createFullJarRelease UP-TO-DATE
> Task :features:deactivation:impl:createFullJarRelease UP-TO-DATE
> Task :features:enterprise:impl-foss:createFullJarRelease UP-TO-DATE
> Task :features:enterprise:impl-foss:generateReleaseLintModel
> Task :features:forward:impl:createFullJarRelease UP-TO-DATE
> Task :libraries:roomselect:api:createFullJarRelease UP-TO-DATE
> Task :libraries:roomselect:api:generateReleaseLintModel
> Task :features:ftue:impl:createFullJarRelease UP-TO-DATE
> Task :libraries:permissions:noop:createFullJarRelease UP-TO-DATE
> Task :features:home:impl:createFullJarRelease UP-TO-DATE
> Task :libraries:eventformatter:api:createFullJarRelease UP-TO-DATE
> Task :libraries:eventformatter:api:generateReleaseLintModel
> Task :libraries:fullscreenintent:api:createFullJarRelease UP-TO-DATE
> Task :features:invite:impl:createFullJarRelease UP-TO-DATE
> Task :features:invitepeople:impl:createFullJarRelease UP-TO-DATE
> Task :features:joinroom:impl:createFullJarRelease UP-TO-DATE
> Task :features:knockrequests:impl:createFullJarRelease UP-TO-DATE
> Task :features:leaveroom:impl:createFullJarRelease UP-TO-DATE
> Task :features:licenses:impl:createFullJarRelease UP-TO-DATE
> Task :features:location:impl:createFullJarRelease UP-TO-DATE
> Task :features:lockscreen:impl:createFullJarRelease UP-TO-DATE
> Task :features:logout:impl:createFullJarRelease UP-TO-DATE
> Task :libraries:workmanager:api:createFullJarRelease UP-TO-DATE
> Task :features:userprofile:impl:compileReleaseKotlin
> Task :features:userprofile:impl:compileReleaseJavaWithJavac NO-SOURCE
> Task :features:userprofile:impl:mergeReleaseGeneratedProguardFiles UP-TO-DATE
> Task :features:userprofile:impl:exportReleaseConsumerProguardFiles UP-TO-DATE
> Task :features:userprofile:impl:bundleLibCompileToJarRelease UP-TO-DATE
> Task :features:userprofile:impl:bundleLibRuntimeToJarRelease UP-TO-DATE
> Task :features:userprofile:impl:processReleaseJavaRes UP-TO-DATE
> Task :libraries:mediaplayer:api:createFullJarRelease UP-TO-DATE
> Task :appnav:compileReleaseJavaWithJavac NO-SOURCE
> Task :appnav:bundleLibCompileToJarRelease UP-TO-DATE
> Task :libraries:mediaplayer:api:generateReleaseLintModel
> Task :libraries:designsystem:generateReleaseLintModel
> Task :appnav:mergeReleaseGeneratedProguardFiles UP-TO-DATE
> Task :appnav:exportReleaseConsumerProguardFiles UP-TO-DATE
> Task :appnav:bundleLibRuntimeToJarRelease UP-TO-DATE
> Task :libraries:workmanager:api:generateReleaseLintModel
> Task :appnav:processReleaseJavaRes UP-TO-DATE
> Task :appnav:createFullJarRelease UP-TO-DATE
> Task :libraries:network:generateReleaseLintModel
> Task :libraries:previewutils:generateReleaseLintModel
> Task :app:mergeGplayReleaseNativeLibs UP-TO-DATE
> Task :app:stripGplayReleaseDebugSymbols UP-TO-DATE
> Task :app:writeGplayReleaseAppMetadata UP-TO-DATE
> Task :app:collectGplayReleaseDependencies UP-TO-DATE
> Task :app:configureGplayReleaseDependencies UP-TO-DATE
> Task :app:extractGplayReleaseNativeSymbolTables UP-TO-DATE
> Task :libraries:matrixmedia:api:generateReleaseLintModel
> Task :libraries:ui-common:generateReleaseLintModel
> Task :features:analytics:api:generateReleaseLintModel
> Task :libraries:matrixui:generateReleaseLintModel
> Task :features:roomdirectory:api:generateReleaseLintModel
> Task :features:licenses:api:generateReleaseLintModel
> Task :features:logout:api:generateReleaseLintModel
> Task :features:invite:api:generateReleaseLintModel
> Task :features:joinroom:api:generateReleaseLintModel
> Task :features:location:api:generateReleaseLintModel
> Task :features:networkmonitor:api:generateReleaseLintModel
> Task :features:poll:api:generateReleaseLintModel
> Task :features:userprofile:api:generateReleaseLintModel
> Task :features:roommembermoderation:api:generateReleaseLintModel
> Task :libraries:textcomposer:impl:generateReleaseLintModel
> Task :features:rageshake:api:generateReleaseLintModel
> Task :services:apperror:impl:generateReleaseLintModel
> Task :libraries:push:api:generateReleaseLintModel
> Task :features:messages:api:generateReleaseLintModel
> Task :features:analytics:impl:generateReleaseLintModel
> Task :features:announcement:impl:generateReleaseLintModel
> Task :libraries:permissions:api:generateReleaseLintModel
> Task :appnav:generateReleaseLintModel
> Task :libraries:matrix:impl:generateReleaseLintModel
> Task :libraries:usersearch:impl:generateReleaseLintModel
> Task :libraries:qrcode:generateReleaseLintModel
> Task :features:forward:impl:generateReleaseLintModel
> Task :libraries:permissions:noop:generateReleaseLintModel
> Task :features:deactivation:impl:generateReleaseLintModel
> Task :features:createroom:impl:generateReleaseLintModel
> Task :libraries:fullscreenintent:api:generateReleaseLintModel
> Task :features:invitepeople:impl:generateReleaseLintModel
> Task :features:ftue:impl:generateReleaseLintModel
> Task :features:invite:impl:generateReleaseLintModel
> Task :features:knockrequests:impl:generateReleaseLintModel
> Task :features:home:impl:generateReleaseLintModel
> Task :features:joinroom:impl:generateReleaseLintModel
> Task :features:licenses:impl:generateReleaseLintModel
> Task :features:leaveroom:impl:generateReleaseLintModel
> Task :features:logout:impl:generateReleaseLintModel
> Task :libraries:recentemojis:api:createFullJarRelease UP-TO-DATE
> Task :features:location:impl:generateReleaseLintModel
> Task :libraries:voiceplayer:api:createFullJarRelease UP-TO-DATE
> Task :features:lockscreen:impl:generateReleaseLintModel
> Task :features:migration:impl:createFullJarRelease UP-TO-DATE
> Task :libraries:preferences:impl:createFullJarRelease UP-TO-DATE
> Task :features:login:impl:generateReleaseLintModel
> Task :features:networkmonitor:impl:createFullJarRelease UP-TO-DATE
> Task :libraries:voiceplayer:api:generateReleaseLintModel
> Task :features:poll:impl:createFullJarRelease UP-TO-DATE
> Task :libraries:preferences:impl:generateReleaseLintModel
> Task :features:networkmonitor:impl:generateReleaseLintModel
> Task :features:preferences:impl:createFullJarRelease UP-TO-DATE
> Task :libraries:featureflag:ui:createFullJarRelease UP-TO-DATE
> Task :libraries:recentemojis:api:generateReleaseLintModel
> Task :libraries:pushstore:api:createFullJarRelease UP-TO-DATE
> Task :features:poll:impl:generateReleaseLintModel
> Task :libraries:troubleshoot:api:createFullJarRelease UP-TO-DATE
> Task :features:migration:impl:generateReleaseLintModel
> Task :features:rageshake:impl:createFullJarRelease UP-TO-DATE
> Task :libraries:featureflag:ui:generateReleaseLintModel
> Task :features:reportroom:impl:createFullJarRelease UP-TO-DATE
> Task :libraries:pushstore:api:generateReleaseLintModel
> Task :features:roomaliasresolver:impl:createFullJarRelease UP-TO-DATE
> Task :libraries:troubleshoot:api:generateReleaseLintModel
> Task :features:reportroom:impl:generateReleaseLintModel
> Task :features:roomaliasresolver:impl:generateReleaseLintModel
> Task :features:roomcall:impl:createFullJarRelease UP-TO-DATE
> Task :features:roomdetails:impl:createFullJarRelease UP-TO-DATE
> Task :features:userprofile:shared:createFullJarRelease UP-TO-DATE
> Task :features:rageshake:impl:generateReleaseLintModel
> Task :features:roomdetailsedit:impl:createFullJarRelease UP-TO-DATE
> Task :features:userprofile:shared:generateReleaseLintModel
> Task :features:roomdetailsedit:impl:generateReleaseLintModel
> Task :features:roomdirectory:impl:createFullJarRelease UP-TO-DATE
> Task :features:roomcall:impl:generateReleaseLintModel
> Task :features:roommembermoderation:impl:createFullJarRelease UP-TO-DATE
> Task :features:preferences:impl:generateReleaseLintModel
> Task :features:securebackup:impl:createFullJarRelease UP-TO-DATE
> Task :features:roomdirectory:impl:generateReleaseLintModel
> Task :features:securebackup:impl:generateReleaseLintModel
> Task :features:share:impl:createFullJarRelease UP-TO-DATE
> Task :features:roomdetails:impl:generateReleaseLintModel
> Task :features:signedout:impl:createFullJarRelease UP-TO-DATE
> Task :features:startchat:impl:createFullJarRelease UP-TO-DATE
> Task :features:roommembermoderation:impl:generateReleaseLintModel
> Task :features:userprofile:impl:createFullJarRelease UP-TO-DATE
> Task :features:share:impl:generateReleaseLintModel
> Task :features:viewfolder:impl:createFullJarRelease UP-TO-DATE
> Task :features:signedout:impl:generateReleaseLintModel
> Task :libraries:accountselect:impl:createFullJarRelease UP-TO-DATE
> Task :features:startchat:impl:generateReleaseLintModel
> Task :libraries:dateformatter:impl:createFullJarRelease UP-TO-DATE
> Task :features:userprofile:impl:generateReleaseLintModel
> Task :libraries:deeplink:impl:createFullJarRelease UP-TO-DATE
> Task :features:viewfolder:impl:generateReleaseLintModel
> Task :libraries:eventformatter:impl:createFullJarRelease UP-TO-DATE
> Task :libraries:accountselect:impl:generateReleaseLintModel
> Task :libraries:featureflag:impl:createFullJarRelease UP-TO-DATE
> Task :libraries:dateformatter:impl:generateReleaseLintModel
> Task :libraries:fullscreenintent:impl:createFullJarRelease UP-TO-DATE
> Task :libraries:deeplink:impl:generateReleaseLintModel
> Task :libraries:indicator:impl:createFullJarRelease UP-TO-DATE
> Task :libraries:eventformatter:impl:generateReleaseLintModel
> Task :libraries:matrixmedia:impl:createFullJarRelease UP-TO-DATE
> Task :libraries:featureflag:impl:generateReleaseLintModel
> Task :libraries:mediaplayer:impl:createFullJarRelease UP-TO-DATE
> Task :libraries:fullscreenintent:impl:generateReleaseLintModel
> Task :libraries:mediaupload:impl:createFullJarRelease UP-TO-DATE
> Task :libraries:indicator:impl:generateReleaseLintModel
> Task :libraries:mediaviewer:impl:createFullJarRelease UP-TO-DATE
> Task :libraries:matrixmedia:impl:generateReleaseLintModel
> Task :libraries:oidc:impl:createFullJarRelease UP-TO-DATE
> Task :libraries:mediaplayer:impl:generateReleaseLintModel
> Task :libraries:permissions:impl:createFullJarRelease UP-TO-DATE
> Task :features:securityandprivacy:impl:kspReleaseKotlin
> Task :libraries:oidc:impl:generateReleaseLintModel
> Task :libraries:push:impl:createFullJarRelease UP-TO-DATE
> Task :libraries:mediaviewer:impl:generateReleaseLintModel
> Task :libraries:pushproviders:firebase:createFullJarRelease UP-TO-DATE
> Task :libraries:mediaupload:impl:generateReleaseLintModel
> Task :libraries:pushproviders:unifiedpush:createFullJarRelease UP-TO-DATE
> Task :libraries:permissions:impl:generateReleaseLintModel
> Task :libraries:pushstore:impl:createFullJarRelease UP-TO-DATE
> Task :libraries:pushstore:impl:generateReleaseLintModel
> Task :libraries:recentemojis:impl:createFullJarRelease UP-TO-DATE
> Task :libraries:push:impl:generateReleaseLintModel
> Task :libraries:roomselect:impl:createFullJarRelease UP-TO-DATE
> Task :libraries:pushproviders:firebase:generateReleaseLintModel
> Task :libraries:roomselect:impl:generateReleaseLintModel
> Task :libraries:troubleshoot:impl:createFullJarRelease UP-TO-DATE
> Task :libraries:voiceplayer:impl:createFullJarRelease UP-TO-DATE
> Task :libraries:recentemojis:impl:generateReleaseLintModel
> Task :libraries:pushproviders:unifiedpush:generateReleaseLintModel
> Task :libraries:voicerecorder:impl:createFullJarRelease UP-TO-DATE
> Task :libraries:wellknown:impl:createFullJarRelease UP-TO-DATE
> Task :libraries:troubleshoot:impl:generateReleaseLintModel
> Task :libraries:workmanager:impl:createFullJarRelease UP-TO-DATE
> Task :libraries:wellknown:impl:generateReleaseLintModel
> Task :services:analytics:impl:createFullJarRelease UP-TO-DATE
> Task :libraries:voiceplayer:impl:generateReleaseLintModel
> Task :services:analyticsproviders:posthog:createFullJarRelease UP-TO-DATE
> Task :libraries:workmanager:impl:generateReleaseLintModel
> Task :services:appnavstate:impl:createFullJarRelease UP-TO-DATE
> Task :services:analytics:impl:generateReleaseLintModel
> Task :services:appnavstate:impl:generateReleaseLintModel
> Task :features:login:impl:bundleLibCompileToJarRelease
> Task :features:login:impl:bundleLibRuntimeToJarRelease
> Task :libraries:matrix:impl:bundleLibRuntimeToJarRelease
> Task :features:rolesandpermissions:impl:kspReleaseKotlin
> Task :features:verifysession:impl:compileReleaseKotlin
> Task :features:space:impl:compileReleaseKotlin
> Task :features:verifysession:impl:compileReleaseJavaWithJavac NO-SOURCE
> Task :features:space:impl:compileReleaseJavaWithJavac NO-SOURCE
> Task :features:space:impl:mergeReleaseGeneratedProguardFiles UP-TO-DATE
> Task :features:space:impl:exportReleaseConsumerProguardFiles UP-TO-DATE
> Task :features:verifysession:impl:mergeReleaseGeneratedProguardFiles UP-TO-DATE
> Task :features:space:impl:bundleLibCompileToJarRelease UP-TO-DATE
> Task :features:verifysession:impl:exportReleaseConsumerProguardFiles UP-TO-DATE
> Task :features:space:impl:bundleLibRuntimeToJarRelease UP-TO-DATE
> Task :features:verifysession:impl:bundleLibCompileToJarRelease UP-TO-DATE
> Task :features:space:impl:processReleaseJavaRes UP-TO-DATE
> Task :features:verifysession:impl:bundleLibRuntimeToJarRelease UP-TO-DATE
> Task :features:space:impl:createFullJarRelease UP-TO-DATE
> Task :libraries:pushproviders:firebase:extractReleaseAnnotations
> Task :features:call:impl:extractReleaseAnnotations
> Task :libraries:pushproviders:firebase:mergeReleaseConsumerProguardFiles UP-TO-DATE
> Task :features:verifysession:impl:processReleaseJavaRes UP-TO-DATE
> Task :features:verifysession:impl:createFullJarRelease UP-TO-DATE
> Task :features:call:impl:mergeReleaseConsumerProguardFiles UP-TO-DATE
> Task :libraries:pushproviders:firebase:mergeReleaseJavaResource UP-TO-DATE
> Task :features:call:impl:mergeReleaseJavaResource UP-TO-DATE
> Task :libraries:pushproviders:firebase:syncReleaseLibJars UP-TO-DATE
> Task :features:call:impl:syncReleaseLibJars UP-TO-DATE
> Task :libraries:pushproviders:firebase:bundleReleaseLocalLintAar UP-TO-DATE
> Task :features:call:impl:bundleReleaseLocalLintAar UP-TO-DATE
> Task :libraries:voicerecorder:impl:generateReleaseLintModel
> Task :services:analyticsproviders:posthog:generateReleaseLintModel
> Task :features:space:impl:generateReleaseLintModel
> Task :features:verifysession:impl:generateReleaseLintModel
> Task :libraries:matrix:impl:extractReleaseAnnotations
> Task :libraries:eventformatter:impl:extractReleaseAnnotations
> Task :libraries:matrix:impl:mergeReleaseConsumerProguardFiles UP-TO-DATE
> Task :libraries:eventformatter:impl:mergeReleaseConsumerProguardFiles UP-TO-DATE
> Task :libraries:permissions:impl:extractReleaseAnnotations
> Task :libraries:eventformatter:impl:mergeReleaseJavaResource UP-TO-DATE
> Task :libraries:push:impl:extractReleaseAnnotations
> Task :libraries:permissions:impl:mergeReleaseConsumerProguardFiles UP-TO-DATE
> Task :features:createroom:impl:extractReleaseAnnotations
> Task :libraries:push:impl:mergeReleaseConsumerProguardFiles UP-TO-DATE
> Task :features:createroom:impl:mergeReleaseConsumerProguardFiles UP-TO-DATE
> Task :features:invitepeople:impl:extractReleaseAnnotations
> Task :libraries:eventformatter:impl:syncReleaseLibJars UP-TO-DATE
> Task :libraries:permissions:impl:mergeReleaseJavaResource UP-TO-DATE
> Task :libraries:push:impl:mergeReleaseJavaResource UP-TO-DATE
> Task :features:createroom:impl:mergeReleaseJavaResource UP-TO-DATE
> Task :libraries:eventformatter:impl:bundleReleaseLocalLintAar UP-TO-DATE
> Task :features:invitepeople:impl:mergeReleaseConsumerProguardFiles UP-TO-DATE
> Task :libraries:push:impl:syncReleaseLibJars UP-TO-DATE
> Task :features:createroom:impl:syncReleaseLibJars UP-TO-DATE
> Task :libraries:permissions:impl:syncReleaseLibJars UP-TO-DATE
> Task :libraries:push:impl:bundleReleaseLocalLintAar UP-TO-DATE
> Task :features:invitepeople:impl:mergeReleaseJavaResource UP-TO-DATE
> Task :libraries:permissions:impl:bundleReleaseLocalLintAar UP-TO-DATE
> Task :features:createroom:impl:bundleReleaseLocalLintAar UP-TO-DATE
> Task :features:invitepeople:impl:syncReleaseLibJars UP-TO-DATE
> Task :features:invitepeople:impl:bundleReleaseLocalLintAar UP-TO-DATE
> Task :features:startchat:impl:extractReleaseAnnotations
> Task :features:startchat:impl:mergeReleaseConsumerProguardFiles UP-TO-DATE
> Task :features:startchat:impl:mergeReleaseJavaResource UP-TO-DATE
> Task :libraries:usersearch:impl:extractReleaseAnnotations
> Task :libraries:usersearch:impl:mergeReleaseConsumerProguardFiles UP-TO-DATE
> Task :features:startchat:impl:syncReleaseLibJars UP-TO-DATE
> Task :features:poll:impl:extractReleaseAnnotations
> Task :features:startchat:impl:bundleReleaseLocalLintAar UP-TO-DATE
> Task :libraries:usersearch:impl:mergeReleaseJavaResource UP-TO-DATE
> Task :features:location:impl:extractReleaseAnnotations
> Task :libraries:usersearch:impl:syncReleaseLibJars UP-TO-DATE
> Task :features:location:impl:mergeReleaseConsumerProguardFiles UP-TO-DATE
> Task :libraries:usersearch:impl:bundleReleaseLocalLintAar UP-TO-DATE
> Task :features:poll:impl:mergeReleaseConsumerProguardFiles UP-TO-DATE
> Task :features:location:impl:mergeReleaseJavaResource UP-TO-DATE
> Task :features:poll:impl:mergeReleaseJavaResource UP-TO-DATE
> Task :features:location:impl:syncReleaseLibJars UP-TO-DATE
> Task :features:poll:impl:syncReleaseLibJars UP-TO-DATE
> Task :features:location:impl:bundleReleaseLocalLintAar UP-TO-DATE
> Task :features:poll:impl:bundleReleaseLocalLintAar UP-TO-DATE
> Task :features:messages:api:extractReleaseAnnotations
> Task :features:messages:api:mergeReleaseConsumerProguardFiles UP-TO-DATE
> Task :features:messages:api:mergeReleaseJavaResource UP-TO-DATE
> Task :features:messages:api:syncReleaseLibJars UP-TO-DATE
> Task :features:messages:api:bundleReleaseLocalLintAar UP-TO-DATE
> Task :libraries:textcomposer:impl:extractReleaseAnnotations
> Task :features:roomdetails:impl:extractReleaseAnnotations
> Task :features:roomdetails:impl:mergeReleaseConsumerProguardFiles UP-TO-DATE
> Task :libraries:textcomposer:impl:mergeReleaseConsumerProguardFiles UP-TO-DATE
> Task :appnav:extractReleaseAnnotations
> Task :libraries:textcomposer:impl:mergeReleaseJavaResource UP-TO-DATE
> Task :features:roomdetails:impl:mergeReleaseJavaResource UP-TO-DATE
> Task :appnav:mergeReleaseConsumerProguardFiles UP-TO-DATE
> Task :libraries:textcomposer:impl:syncReleaseLibJars UP-TO-DATE
> Task :libraries:textcomposer:impl:bundleReleaseLocalLintAar UP-TO-DATE
> Task :features:roomdetails:impl:syncReleaseLibJars UP-TO-DATE
> Task :appnav:mergeReleaseJavaResource UP-TO-DATE
> Task :appnav:syncReleaseLibJars UP-TO-DATE
> Task :features:roomdetails:impl:bundleReleaseLocalLintAar UP-TO-DATE
> Task :appnav:bundleReleaseLocalLintAar UP-TO-DATE
> Task :libraries:accountselect:impl:extractReleaseAnnotations
> Task :libraries:roomselect:impl:extractReleaseAnnotations
> Task :libraries:accountselect:impl:mergeReleaseConsumerProguardFiles UP-TO-DATE
> Task :libraries:roomselect:impl:mergeReleaseConsumerProguardFiles UP-TO-DATE
> Task :libraries:accountselect:impl:mergeReleaseJavaResource UP-TO-DATE
> Task :libraries:roomselect:impl:mergeReleaseJavaResource UP-TO-DATE
> Task :libraries:accountselect:impl:syncReleaseLibJars UP-TO-DATE
> Task :libraries:roomselect:impl:syncReleaseLibJars UP-TO-DATE
> Task :libraries:accountselect:impl:bundleReleaseLocalLintAar UP-TO-DATE
> Task :libraries:roomselect:impl:bundleReleaseLocalLintAar UP-TO-DATE
> Task :features:home:impl:extractReleaseAnnotations
> Task :features:ftue:impl:extractReleaseAnnotations
> Task :features:ftue:impl:mergeReleaseConsumerProguardFiles UP-TO-DATE
> Task :features:home:impl:mergeReleaseConsumerProguardFiles UP-TO-DATE
> Task :features:ftue:impl:mergeReleaseJavaResource UP-TO-DATE
> Task :features:home:impl:mergeReleaseJavaResource UP-TO-DATE
> Task :features:ftue:impl:syncReleaseLibJars UP-TO-DATE
> Task :features:joinroom:impl:extractReleaseAnnotations
> Task :features:home:impl:syncReleaseLibJars UP-TO-DATE
> Task :features:joinroom:impl:mergeReleaseConsumerProguardFiles UP-TO-DATE
> Task :features:home:impl:bundleReleaseLocalLintAar UP-TO-DATE
> Task :features:joinroom:impl:mergeReleaseJavaResource UP-TO-DATE
> Task :features:ftue:impl:bundleReleaseLocalLintAar UP-TO-DATE
> Task :features:joinroom:impl:syncReleaseLibJars UP-TO-DATE
> Task :features:joinroom:impl:bundleReleaseLocalLintAar UP-TO-DATE
> Task :features:knockrequests:impl:extractReleaseAnnotations
> Task :features:knockrequests:impl:mergeReleaseConsumerProguardFiles UP-TO-DATE
> Task :features:knockrequests:impl:mergeReleaseJavaResource UP-TO-DATE
> Task :features:invite:impl:extractReleaseAnnotations
> Task :features:knockrequests:impl:syncReleaseLibJars UP-TO-DATE
> Task :features:invite:impl:mergeReleaseConsumerProguardFiles UP-TO-DATE
> Task :features:knockrequests:impl:bundleReleaseLocalLintAar UP-TO-DATE
> Task :features:invite:impl:mergeReleaseJavaResource UP-TO-DATE
> Task :features:invite:impl:syncReleaseLibJars UP-TO-DATE
> Task :features:invite:impl:bundleReleaseLocalLintAar UP-TO-DATE
> Task :features:preferences:impl:extractReleaseAnnotations
> Task :features:preferences:impl:mergeReleaseConsumerProguardFiles UP-TO-DATE
> Task :features:preferences:impl:mergeReleaseJavaResource UP-TO-DATE
> Task :features:preferences:impl:syncReleaseLibJars UP-TO-DATE
> Task :features:preferences:impl:bundleReleaseLocalLintAar UP-TO-DATE
> Task :features:lockscreen:impl:extractReleaseAnnotations
> Task :features:lockscreen:impl:mergeReleaseConsumerProguardFiles UP-TO-DATE
> Task :features:lockscreen:impl:mergeReleaseJavaResource UP-TO-DATE
> Task :features:lockscreen:impl:syncReleaseLibJars UP-TO-DATE
> Task :features:lockscreen:impl:bundleReleaseLocalLintAar UP-TO-DATE
> Task :features:reportroom:impl:extractReleaseAnnotations
> Task :features:roomaliasresolver:impl:extractReleaseAnnotations
> Task :features:roomaliasresolver:impl:mergeReleaseConsumerProguardFiles UP-TO-DATE
> Task :features:reportroom:impl:mergeReleaseConsumerProguardFiles UP-TO-DATE
> Task :features:roomaliasresolver:impl:mergeReleaseJavaResource UP-TO-DATE
> Task :features:reportroom:impl:mergeReleaseJavaResource UP-TO-DATE
> Task :features:reportroom:impl:syncReleaseLibJars UP-TO-DATE
> Task :features:reportroom:impl:bundleReleaseLocalLintAar UP-TO-DATE
> Task :features:roomcall:impl:extractReleaseAnnotations
> Task :features:roomcall:impl:mergeReleaseConsumerProguardFiles UP-TO-DATE
> Task :features:roomcall:impl:mergeReleaseJavaResource UP-TO-DATE
> Task :features:roomaliasresolver:impl:syncReleaseLibJars UP-TO-DATE
> Task :features:roomcall:impl:syncReleaseLibJars UP-TO-DATE
> Task :features:roomaliasresolver:impl:bundleReleaseLocalLintAar UP-TO-DATE
> Task :features:roomcall:impl:bundleReleaseLocalLintAar UP-TO-DATE
> Task :features:roomdirectory:impl:extractReleaseAnnotations
> Task :features:roomdirectory:impl:mergeReleaseConsumerProguardFiles UP-TO-DATE
> Task :features:roomdirectory:impl:mergeReleaseJavaResource UP-TO-DATE
> Task :features:roomdetailsedit:impl:extractReleaseAnnotations
> Task :features:roomdetailsedit:impl:mergeReleaseConsumerProguardFiles UP-TO-DATE
> Task :features:roomdetailsedit:impl:mergeReleaseJavaResource UP-TO-DATE
> Task :features:roomdetailsedit:impl:syncReleaseLibJars UP-TO-DATE
> Task :features:roomdetailsedit:impl:bundleReleaseLocalLintAar UP-TO-DATE
> Task :features:roomdirectory:impl:syncReleaseLibJars UP-TO-DATE
> Task :features:roomdirectory:impl:bundleReleaseLocalLintAar UP-TO-DATE
> Task :features:roommembermoderation:impl:extractReleaseAnnotations
> Task :libraries:matrix:impl:mergeReleaseJavaResource
> Task :features:roommembermoderation:impl:mergeReleaseConsumerProguardFiles UP-TO-DATE
> Task :features:securebackup:impl:extractReleaseAnnotations
> Task :features:roommembermoderation:impl:mergeReleaseJavaResource UP-TO-DATE
> Task :features:securebackup:impl:mergeReleaseConsumerProguardFiles UP-TO-DATE
> Task :features:securebackup:impl:mergeReleaseJavaResource UP-TO-DATE
> Task :features:securebackup:impl:syncReleaseLibJars UP-TO-DATE
> Task :features:share:impl:extractReleaseAnnotations
> Task :features:securebackup:impl:bundleReleaseLocalLintAar UP-TO-DATE
> Task :features:share:impl:mergeReleaseConsumerProguardFiles UP-TO-DATE
> Task :features:share:impl:mergeReleaseJavaResource UP-TO-DATE
> Task :features:share:impl:syncReleaseLibJars UP-TO-DATE
> Task :features:roommembermoderation:impl:syncReleaseLibJars UP-TO-DATE
> Task :features:share:impl:bundleReleaseLocalLintAar UP-TO-DATE
> Task :features:roommembermoderation:impl:bundleReleaseLocalLintAar UP-TO-DATE
> Task :features:signedout:impl:extractReleaseAnnotations
> Task :features:signedout:impl:mergeReleaseConsumerProguardFiles UP-TO-DATE
> Task :features:signedout:impl:mergeReleaseJavaResource UP-TO-DATE
> Task :features:signedout:impl:syncReleaseLibJars UP-TO-DATE
> Task :features:signedout:impl:bundleReleaseLocalLintAar UP-TO-DATE
> Task :features:space:impl:extractReleaseAnnotations
> Task :features:space:impl:mergeReleaseConsumerProguardFiles UP-TO-DATE
> Task :features:userprofile:impl:extractReleaseAnnotations
> Task :features:userprofile:impl:mergeReleaseConsumerProguardFiles UP-TO-DATE
> Task :features:userprofile:impl:mergeReleaseJavaResource UP-TO-DATE
> Task :features:space:impl:mergeReleaseJavaResource UP-TO-DATE
> Task :features:userprofile:impl:syncReleaseLibJars UP-TO-DATE
> Task :features:space:impl:syncReleaseLibJars UP-TO-DATE
> Task :features:space:impl:bundleReleaseLocalLintAar UP-TO-DATE
> Task :features:invite:api:extractReleaseAnnotations
> Task :features:verifysession:impl:extractReleaseAnnotations
> Task :features:invite:api:mergeReleaseConsumerProguardFiles UP-TO-DATE
> Task :features:verifysession:impl:mergeReleaseConsumerProguardFiles UP-TO-DATE
> Task :features:userprofile:impl:bundleReleaseLocalLintAar UP-TO-DATE
> Task :features:invite:api:mergeReleaseJavaResource UP-TO-DATE
> Task :features:verifysession:impl:mergeReleaseJavaResource UP-TO-DATE
> Task :features:location:api:extractReleaseAnnotations
> Task :features:verifysession:impl:syncReleaseLibJars UP-TO-DATE
> Task :features:location:api:mergeReleaseConsumerProguardFiles UP-TO-DATE
> Task :features:invite:api:syncReleaseLibJars UP-TO-DATE
> Task :features:location:api:mergeReleaseJavaResource UP-TO-DATE
> Task :features:invite:api:bundleReleaseLocalLintAar UP-TO-DATE
> Task :features:location:api:syncReleaseLibJars UP-TO-DATE
> Task :features:verifysession:impl:bundleReleaseLocalLintAar UP-TO-DATE
> Task :features:location:api:bundleReleaseLocalLintAar UP-TO-DATE
> Task :features:userprofile:shared:extractReleaseAnnotations
> Task :features:userprofile:shared:mergeReleaseConsumerProguardFiles UP-TO-DATE
> Task :features:userprofile:shared:mergeReleaseJavaResource UP-TO-DATE
> Task :features:userprofile:shared:syncReleaseLibJars UP-TO-DATE
> Task :features:userprofile:shared:bundleReleaseLocalLintAar UP-TO-DATE
> Task :libraries:matrixmedia:impl:extractReleaseAnnotations
> Task :libraries:matrixmedia:impl:mergeReleaseConsumerProguardFiles UP-TO-DATE
> Task :libraries:matrixmedia:impl:mergeReleaseJavaResource UP-TO-DATE
> Task :libraries:matrixui:extractReleaseAnnotations
> Task :libraries:matrixui:mergeReleaseConsumerProguardFiles UP-TO-DATE
> Task :libraries:matrixui:mergeReleaseJavaResource UP-TO-DATE
> Task :libraries:matrixui:syncReleaseLibJars UP-TO-DATE
> Task :libraries:matrixui:bundleReleaseLocalLintAar UP-TO-DATE
> Task :libraries:indicator:impl:extractReleaseAnnotations
> Task :libraries:matrixmedia:impl:syncReleaseLibJars UP-TO-DATE
> Task :libraries:indicator:impl:mergeReleaseConsumerProguardFiles UP-TO-DATE
> Task :libraries:matrixmedia:impl:bundleReleaseLocalLintAar UP-TO-DATE
> Task :libraries:deeplink:impl:extractReleaseAnnotations
> Task :libraries:indicator:impl:mergeReleaseJavaResource UP-TO-DATE
> Task :libraries:deeplink:impl:mergeReleaseConsumerProguardFiles UP-TO-DATE
> Task :libraries:dateformatter:impl:extractReleaseAnnotations UP-TO-DATE
> Task :libraries:indicator:impl:syncReleaseLibJars UP-TO-DATE
> Task :libraries:dateformatter:impl:mergeReleaseConsumerProguardFiles UP-TO-DATE
> Task :libraries:deeplink:impl:mergeReleaseJavaResource UP-TO-DATE
> Task :libraries:indicator:impl:bundleReleaseLocalLintAar UP-TO-DATE
> Task :libraries:dateformatter:impl:mergeReleaseJavaResource UP-TO-DATE
> Task :libraries:deeplink:impl:syncReleaseLibJars UP-TO-DATE
> Task :libraries:deeplink:impl:bundleReleaseLocalLintAar UP-TO-DATE
> Task :libraries:dateformatter:impl:syncReleaseLibJars UP-TO-DATE
> Task :libraries:dateformatter:impl:bundleReleaseLocalLintAar UP-TO-DATE
> Task :libraries:troubleshoot:impl:extractReleaseAnnotations
> Task :libraries:mediaviewer:impl:extractReleaseAnnotations
> Task :libraries:troubleshoot:impl:mergeReleaseConsumerProguardFiles UP-TO-DATE
> Task :libraries:mediaviewer:impl:mergeReleaseConsumerProguardFiles UP-TO-DATE
> Task :libraries:troubleshoot:impl:mergeReleaseJavaResource UP-TO-DATE
> Task :libraries:troubleshoot:impl:syncReleaseLibJars UP-TO-DATE
> Task :libraries:mediaviewer:impl:mergeReleaseJavaResource UP-TO-DATE
> Task :libraries:troubleshoot:impl:bundleReleaseLocalLintAar UP-TO-DATE
> Task :libraries:oidc:impl:extractReleaseAnnotations
> Task :libraries:mediaviewer:impl:syncReleaseLibJars UP-TO-DATE
> Task :libraries:oidc:impl:mergeReleaseConsumerProguardFiles UP-TO-DATE
> Task :libraries:mediaviewer:impl:bundleReleaseLocalLintAar UP-TO-DATE
> Task :libraries:oidc:impl:mergeReleaseJavaResource UP-TO-DATE
> Task :libraries:oidc:impl:syncReleaseLibJars UP-TO-DATE
> Task :libraries:oidc:impl:bundleReleaseLocalLintAar UP-TO-DATE
> Task :services:analytics:impl:extractReleaseAnnotations
> Task :services:analytics:impl:mergeReleaseConsumerProguardFiles UP-TO-DATE
> Task :services:analytics:impl:mergeReleaseJavaResource UP-TO-DATE
> Task :services:apperror:impl:extractReleaseAnnotations UP-TO-DATE
> Task :services:apperror:impl:mergeReleaseConsumerProguardFiles UP-TO-DATE
> Task :services:apperror:impl:mergeReleaseJavaResource UP-TO-DATE
> Task :services:apperror:impl:syncReleaseLibJars UP-TO-DATE
> Task :services:analytics:impl:syncReleaseLibJars UP-TO-DATE
> Task :services:apperror:impl:bundleReleaseLocalLintAar UP-TO-DATE
> Task :services:analytics:impl:bundleReleaseLocalLintAar UP-TO-DATE
> Task :features:analytics:impl:extractReleaseAnnotations UP-TO-DATE
> Task :features:announcement:impl:extractReleaseAnnotations UP-TO-DATE
> Task :features:analytics:impl:mergeReleaseConsumerProguardFiles UP-TO-DATE
> Task :features:announcement:impl:mergeReleaseConsumerProguardFiles UP-TO-DATE
> Task :features:analytics:impl:mergeReleaseJavaResource UP-TO-DATE
> Task :features:announcement:impl:mergeReleaseJavaResource UP-TO-DATE
> Task :features:analytics:impl:syncReleaseLibJars UP-TO-DATE
> Task :features:announcement:impl:syncReleaseLibJars UP-TO-DATE
> Task :features:analytics:impl:bundleReleaseLocalLintAar UP-TO-DATE
> Task :features:announcement:impl:bundleReleaseLocalLintAar UP-TO-DATE
> Task :features:licenses:impl:extractReleaseAnnotations UP-TO-DATE
> Task :features:licenses:impl:mergeReleaseConsumerProguardFiles UP-TO-DATE
> Task :features:deactivation:impl:extractReleaseAnnotations
> Task :features:deactivation:impl:mergeReleaseConsumerProguardFiles UP-TO-DATE
> Task :features:licenses:impl:mergeReleaseJavaResource UP-TO-DATE
> Task :features:leaveroom:impl:extractReleaseAnnotations
> Task :features:deactivation:impl:mergeReleaseJavaResource UP-TO-DATE
> Task :features:licenses:impl:syncReleaseLibJars UP-TO-DATE
> Task :features:leaveroom:impl:mergeReleaseConsumerProguardFiles UP-TO-DATE
> Task :features:licenses:impl:bundleReleaseLocalLintAar UP-TO-DATE
> Task :features:deactivation:impl:syncReleaseLibJars UP-TO-DATE
> Task :features:leaveroom:impl:mergeReleaseJavaResource UP-TO-DATE
> Task :features:leaveroom:impl:syncReleaseLibJars UP-TO-DATE
> Task :features:leaveroom:impl:bundleReleaseLocalLintAar UP-TO-DATE
> Task :features:forward:impl:extractReleaseAnnotations
> Task :features:forward:impl:mergeReleaseConsumerProguardFiles UP-TO-DATE
> Task :features:deactivation:impl:bundleReleaseLocalLintAar UP-TO-DATE
> Task :features:forward:impl:mergeReleaseJavaResource UP-TO-DATE
> Task :features:login:impl:extractReleaseAnnotations
> Task :features:login:impl:mergeReleaseConsumerProguardFiles UP-TO-DATE
> Task :features:forward:impl:syncReleaseLibJars UP-TO-DATE
> Task :features:login:impl:mergeReleaseJavaResource UP-TO-DATE
> Task :features:forward:impl:bundleReleaseLocalLintAar UP-TO-DATE
> Task :features:logout:impl:extractReleaseAnnotations
> Task :features:logout:impl:mergeReleaseConsumerProguardFiles UP-TO-DATE
> Task :features:logout:impl:mergeReleaseJavaResource UP-TO-DATE
> Task :features:logout:impl:syncReleaseLibJars UP-TO-DATE
> Task :features:logout:impl:bundleReleaseLocalLintAar UP-TO-DATE
> Task :features:viewfolder:impl:extractReleaseAnnotations UP-TO-DATE
> Task :features:viewfolder:impl:mergeReleaseConsumerProguardFiles UP-TO-DATE
> Task :features:migration:impl:extractReleaseAnnotations
> Task :features:migration:impl:mergeReleaseConsumerProguardFiles UP-TO-DATE
> Task :features:viewfolder:impl:mergeReleaseJavaResource UP-TO-DATE
> Task :features:migration:impl:mergeReleaseJavaResource UP-TO-DATE
> Task :features:viewfolder:impl:syncReleaseLibJars UP-TO-DATE
> Task :features:migration:impl:syncReleaseLibJars UP-TO-DATE
> Task :features:viewfolder:impl:bundleReleaseLocalLintAar UP-TO-DATE
> Task :features:migration:impl:bundleReleaseLocalLintAar UP-TO-DATE
> Task :features:rageshake:impl:extractReleaseAnnotations
> Task :features:rageshake:impl:mergeReleaseConsumerProguardFiles UP-TO-DATE
> Task :features:rageshake:impl:mergeReleaseJavaResource UP-TO-DATE
> Task :features:rageshake:impl:syncReleaseLibJars UP-TO-DATE
> Task :features:rageshake:impl:bundleReleaseLocalLintAar UP-TO-DATE
> Task :libraries:pushproviders:unifiedpush:extractReleaseAnnotations
> Task :libraries:pushproviders:unifiedpush:mergeReleaseConsumerProguardFiles UP-TO-DATE
> Task :libraries:pushproviders:unifiedpush:mergeReleaseJavaResource UP-TO-DATE
> Task :libraries:pushproviders:unifiedpush:syncReleaseLibJars UP-TO-DATE
> Task :libraries:pushproviders:unifiedpush:bundleReleaseLocalLintAar UP-TO-DATE
> Task :libraries:push:api:extractReleaseAnnotations
> Task :libraries:push:api:mergeReleaseConsumerProguardFiles UP-TO-DATE
> Task :libraries:matrixmedia:api:extractReleaseAnnotations
> Task :libraries:push:api:mergeReleaseJavaResource UP-TO-DATE
> Task :libraries:matrixmedia:api:mergeReleaseConsumerProguardFiles UP-TO-DATE
> Task :libraries:push:api:syncReleaseLibJars UP-TO-DATE
> Task :libraries:matrixmedia:api:mergeReleaseJavaResource UP-TO-DATE
> Task :libraries:push:api:bundleReleaseLocalLintAar UP-TO-DATE
> Task :libraries:matrixmedia:api:syncReleaseLibJars UP-TO-DATE
> Task :libraries:matrixmedia:api:bundleReleaseLocalLintAar UP-TO-DATE
> Task :libraries:fullscreenintent:impl:extractReleaseAnnotations UP-TO-DATE
> Task :libraries:fullscreenintent:impl:mergeReleaseConsumerProguardFiles UP-TO-DATE
> Task :libraries:fullscreenintent:impl:mergeReleaseJavaResource UP-TO-DATE
> Task :libraries:fullscreenintent:impl:syncReleaseLibJars UP-TO-DATE
> Task :libraries:fullscreenintent:impl:bundleReleaseLocalLintAar UP-TO-DATE
> Task :libraries:previewutils:extractReleaseAnnotations
> Task :libraries:fullscreenintent:api:extractReleaseAnnotations UP-TO-DATE
> Task :libraries:previewutils:mergeReleaseConsumerProguardFiles UP-TO-DATE
> Task :libraries:fullscreenintent:api:mergeReleaseConsumerProguardFiles UP-TO-DATE
> Task :libraries:previewutils:mergeReleaseJavaResource UP-TO-DATE
> Task :libraries:permissions:noop:extractReleaseAnnotations UP-TO-DATE
> Task :libraries:fullscreenintent:api:mergeReleaseJavaResource UP-TO-DATE
> Task :libraries:permissions:noop:mergeReleaseConsumerProguardFiles UP-TO-DATE
> Task :libraries:previewutils:syncReleaseLibJars UP-TO-DATE
> Task :libraries:fullscreenintent:api:syncReleaseLibJars UP-TO-DATE
> Task :libraries:permissions:noop:mergeReleaseJavaResource UP-TO-DATE
> Task :libraries:previewutils:bundleReleaseLocalLintAar UP-TO-DATE
> Task :libraries:fullscreenintent:api:bundleReleaseLocalLintAar UP-TO-DATE
> Task :libraries:permissions:noop:syncReleaseLibJars UP-TO-DATE
> Task :libraries:permissions:noop:bundleReleaseLocalLintAar UP-TO-DATE
> Task :libraries:permissions:api:extractReleaseAnnotations UP-TO-DATE
> Task :libraries:permissions:api:mergeReleaseConsumerProguardFiles UP-TO-DATE
> Task :libraries:permissions:api:mergeReleaseJavaResource UP-TO-DATE
> Task :libraries:permissions:api:syncReleaseLibJars UP-TO-DATE
> Task :libraries:permissions:api:bundleReleaseLocalLintAar UP-TO-DATE
> Task :features:networkmonitor:impl:extractReleaseAnnotations UP-TO-DATE
> Task :features:networkmonitor:impl:mergeReleaseConsumerProguardFiles UP-TO-DATE
> Task :features:networkmonitor:api:extractReleaseAnnotations UP-TO-DATE
> Task :features:analytics:api:extractReleaseAnnotations UP-TO-DATE
> Task :features:networkmonitor:api:mergeReleaseConsumerProguardFiles UP-TO-DATE
> Task :features:analytics:api:mergeReleaseConsumerProguardFiles UP-TO-DATE
> Task :features:networkmonitor:impl:mergeReleaseJavaResource UP-TO-DATE
> Task :features:analytics:api:mergeReleaseJavaResource UP-TO-DATE
> Task :features:networkmonitor:impl:syncReleaseLibJars UP-TO-DATE
> Task :features:analytics:api:syncReleaseLibJars UP-TO-DATE
> Task :features:networkmonitor:impl:bundleReleaseLocalLintAar UP-TO-DATE
> Task :features:analytics:api:bundleReleaseLocalLintAar UP-TO-DATE
> Task :features:networkmonitor:api:mergeReleaseJavaResource UP-TO-DATE
> Task :features:networkmonitor:api:syncReleaseLibJars UP-TO-DATE
> Task :features:networkmonitor:api:bundleReleaseLocalLintAar UP-TO-DATE
> Task :libraries:ui-common:extractReleaseAnnotations UP-TO-DATE
> Task :libraries:ui-common:mergeReleaseConsumerProguardFiles UP-TO-DATE
> Task :libraries:ui-common:mergeReleaseJavaResource UP-TO-DATE
> Task :features:logout:api:extractReleaseAnnotations UP-TO-DATE
> Task :features:logout:api:mergeReleaseConsumerProguardFiles UP-TO-DATE
> Task :libraries:ui-common:syncReleaseLibJars UP-TO-DATE
> Task :features:logout:api:mergeReleaseJavaResource UP-TO-DATE
> Task :libraries:ui-common:bundleReleaseLocalLintAar UP-TO-DATE
> Task :features:logout:api:syncReleaseLibJars UP-TO-DATE
> Task :features:logout:api:bundleReleaseLocalLintAar UP-TO-DATE
> Task :features:rageshake:api:extractReleaseAnnotations
> Task :features:rageshake:api:mergeReleaseConsumerProguardFiles UP-TO-DATE
> Task :features:rageshake:api:mergeReleaseJavaResource UP-TO-DATE
> Task :features:joinroom:api:extractReleaseAnnotations
> Task :features:joinroom:api:mergeReleaseConsumerProguardFiles UP-TO-DATE
> Task :features:joinroom:api:mergeReleaseJavaResource UP-TO-DATE
> Task :features:securityandprivacy:impl:compileReleaseKotlin
> Task :features:licenses:api:extractReleaseAnnotations UP-TO-DATE
> Task :features:licenses:api:mergeReleaseConsumerProguardFiles UP-TO-DATE
> Task :features:joinroom:api:syncReleaseLibJars UP-TO-DATE
> Task :features:securityandprivacy:impl:compileReleaseJavaWithJavac NO-SOURCE
> Task :features:securityandprivacy:impl:mergeReleaseGeneratedProguardFiles UP-TO-DATE
> Task :features:licenses:api:mergeReleaseJavaResource UP-TO-DATE
> Task :features:joinroom:api:bundleReleaseLocalLintAar UP-TO-DATE
> Task :features:roomdirectory:api:extractReleaseAnnotations
> Task :features:rageshake:api:syncReleaseLibJars UP-TO-DATE
> Task :features:securityandprivacy:impl:exportReleaseConsumerProguardFiles UP-TO-DATE
> Task :features:roomdirectory:api:mergeReleaseConsumerProguardFiles UP-TO-DATE
> Task :features:licenses:api:syncReleaseLibJars UP-TO-DATE
> Task :features:rageshake:api:bundleReleaseLocalLintAar UP-TO-DATE
> Task :features:securityandprivacy:impl:bundleLibCompileToJarRelease UP-TO-DATE
> Task :features:roomdirectory:api:mergeReleaseJavaResource UP-TO-DATE
> Task :features:licenses:api:bundleReleaseLocalLintAar UP-TO-DATE
> Task :features:roomdirectory:api:syncReleaseLibJars UP-TO-DATE
> Task :features:roomdirectory:api:bundleReleaseLocalLintAar UP-TO-DATE
> Task :libraries:qrcode:extractReleaseAnnotations UP-TO-DATE
> Task :features:securityandprivacy:impl:bundleLibRuntimeToJarRelease UP-TO-DATE
> Task :libraries:qrcode:mergeReleaseConsumerProguardFiles UP-TO-DATE
> Task :features:securityandprivacy:impl:processReleaseJavaRes UP-TO-DATE
> Task :features:securityandprivacy:impl:createFullJarRelease UP-TO-DATE
> Task :libraries:qrcode:mergeReleaseJavaResource UP-TO-DATE
> Task :libraries:qrcode:syncReleaseLibJars UP-TO-DATE
> Task :libraries:qrcode:bundleReleaseLocalLintAar UP-TO-DATE
> Task :features:poll:api:extractReleaseAnnotations
> Task :features:poll:api:mergeReleaseConsumerProguardFiles UP-TO-DATE
> Task :features:poll:api:mergeReleaseJavaResource UP-TO-DATE
> Task :features:roommembermoderation:api:extractReleaseAnnotations
> Task :features:roommembermoderation:api:mergeReleaseConsumerProguardFiles UP-TO-DATE
> Task :features:poll:api:syncReleaseLibJars UP-TO-DATE
> Task :features:poll:api:bundleReleaseLocalLintAar UP-TO-DATE
> Task :features:roommembermoderation:api:mergeReleaseJavaResource UP-TO-DATE
> Task :libraries:featureflag:ui:extractReleaseAnnotations UP-TO-DATE
> Task :libraries:featureflag:ui:mergeReleaseConsumerProguardFiles UP-TO-DATE
> Task :libraries:featureflag:ui:mergeReleaseJavaResource UP-TO-DATE
> Task :features:roommembermoderation:api:syncReleaseLibJars UP-TO-DATE
> Task :features:roommembermoderation:api:bundleReleaseLocalLintAar UP-TO-DATE
> Task :libraries:featureflag:ui:syncReleaseLibJars UP-TO-DATE
> Task :libraries:featureflag:ui:bundleReleaseLocalLintAar UP-TO-DATE
> Task :libraries:designsystem:extractReleaseAnnotations UP-TO-DATE
> Task :libraries:designsystem:mergeReleaseConsumerProguardFiles UP-TO-DATE
> Task :libraries:designsystem:mergeReleaseJavaResource UP-TO-DATE
> Task :features:userprofile:api:extractReleaseAnnotations
> Task :features:userprofile:api:mergeReleaseConsumerProguardFiles UP-TO-DATE
> Task :libraries:designsystem:syncReleaseLibJars UP-TO-DATE
> Task :features:userprofile:api:mergeReleaseJavaResource UP-TO-DATE
> Task :libraries:designsystem:bundleReleaseLocalLintAar UP-TO-DATE
> Task :features:userprofile:api:syncReleaseLibJars UP-TO-DATE
> Task :features:userprofile:api:bundleReleaseLocalLintAar UP-TO-DATE
> Task :libraries:pushstore:impl:extractReleaseAnnotations
> Task :libraries:pushstore:impl:mergeReleaseConsumerProguardFiles UP-TO-DATE
> Task :libraries:wellknown:impl:extractReleaseAnnotations
> Task :features:enterprise:impl-foss:extractReleaseAnnotations
> Task :libraries:pushstore:impl:mergeReleaseJavaResource UP-TO-DATE
> Task :libraries:wellknown:impl:mergeReleaseConsumerProguardFiles UP-TO-DATE
> Task :features:enterprise:impl-foss:mergeReleaseConsumerProguardFiles UP-TO-DATE
> Task :libraries:pushstore:impl:syncReleaseLibJars UP-TO-DATE
> Task :libraries:wellknown:impl:mergeReleaseJavaResource UP-TO-DATE
> Task :features:enterprise:impl-foss:mergeReleaseJavaResource UP-TO-DATE
> Task :services:analyticsproviders:posthog:extractReleaseAnnotations UP-TO-DATE
> Task :libraries:pushstore:impl:bundleReleaseLocalLintAar UP-TO-DATE
> Task :services:analyticsproviders:posthog:mergeReleaseConsumerProguardFiles UP-TO-DATE
> Task :features:enterprise:impl-foss:syncReleaseLibJars UP-TO-DATE
> Task :libraries:wellknown:impl:syncReleaseLibJars UP-TO-DATE
> Task :libraries:wellknown:impl:bundleReleaseLocalLintAar UP-TO-DATE
> Task :services:analyticsproviders:posthog:mergeReleaseJavaResource UP-TO-DATE
> Task :services:analyticsproviders:posthog:syncReleaseLibJars UP-TO-DATE
> Task :services:analyticsproviders:posthog:bundleReleaseLocalLintAar UP-TO-DATE
> Task :features:enterprise:impl-foss:bundleReleaseLocalLintAar UP-TO-DATE
> Task :features:enterprise:api:extractReleaseAnnotations
> Task :features:enterprise:api:mergeReleaseConsumerProguardFiles UP-TO-DATE
> Task :features:enterprise:api:mergeReleaseJavaResource UP-TO-DATE
> Task :features:enterprise:api:syncReleaseLibJars UP-TO-DATE
> Task :libraries:mediaupload:impl:extractReleaseAnnotations
> Task :libraries:mediaupload:impl:mergeReleaseConsumerProguardFiles UP-TO-DATE
> Task :features:enterprise:api:bundleReleaseLocalLintAar UP-TO-DATE
> Task :libraries:mediaupload:impl:mergeReleaseJavaResource UP-TO-DATE
> Task :libraries:mediaupload:impl:syncReleaseLibJars UP-TO-DATE
> Task :libraries:mediaupload:impl:bundleReleaseLocalLintAar UP-TO-DATE
> Task :features:securityandprivacy:impl:generateReleaseLintModel
> Task :features:login:impl:syncReleaseLibJars
> Task :libraries:network:extractReleaseAnnotations
> Task :libraries:network:mergeReleaseConsumerProguardFiles UP-TO-DATE
> Task :libraries:network:mergeReleaseJavaResource UP-TO-DATE
> Task :libraries:network:syncReleaseLibJars UP-TO-DATE
> Task :features:securityandprivacy:impl:extractReleaseAnnotations
> Task :features:securityandprivacy:impl:mergeReleaseConsumerProguardFiles UP-TO-DATE
> Task :libraries:voiceplayer:impl:extractReleaseAnnotations
> Task :libraries:preferences:impl:extractReleaseAnnotations
> Task :libraries:voiceplayer:impl:mergeReleaseConsumerProguardFiles UP-TO-DATE
> Task :features:securityandprivacy:impl:mergeReleaseJavaResource UP-TO-DATE
> Task :libraries:preferences:impl:mergeReleaseConsumerProguardFiles UP-TO-DATE
> Task :libraries:voicerecorder:impl:extractReleaseAnnotations
> Task :libraries:voiceplayer:impl:mergeReleaseJavaResource UP-TO-DATE
> Task :features:securityandprivacy:impl:syncReleaseLibJars UP-TO-DATE
> Task :libraries:network:bundleReleaseLocalLintAar UP-TO-DATE
> Task :libraries:voicerecorder:impl:mergeReleaseConsumerProguardFiles UP-TO-DATE
> Task :libraries:preferences:impl:mergeReleaseJavaResource UP-TO-DATE
> Task :libraries:voiceplayer:impl:syncReleaseLibJars UP-TO-DATE
> Task :libraries:voicerecorder:impl:mergeReleaseJavaResource UP-TO-DATE
> Task :libraries:preferences:impl:syncReleaseLibJars UP-TO-DATE
> Task :libraries:voiceplayer:impl:bundleReleaseLocalLintAar UP-TO-DATE
> Task :libraries:preferences:impl:bundleReleaseLocalLintAar UP-TO-DATE
> Task :features:securityandprivacy:impl:bundleReleaseLocalLintAar UP-TO-DATE
> Task :libraries:workmanager:impl:extractReleaseAnnotations
> Task :libraries:voicerecorder:impl:syncReleaseLibJars UP-TO-DATE
> Task :libraries:workmanager:impl:mergeReleaseConsumerProguardFiles UP-TO-DATE
> Task :libraries:voicerecorder:impl:bundleReleaseLocalLintAar UP-TO-DATE
> Task :libraries:workmanager:impl:mergeReleaseJavaResource UP-TO-DATE
> Task :libraries:workmanager:impl:syncReleaseLibJars UP-TO-DATE
> Task :libraries:workmanager:impl:bundleReleaseLocalLintAar UP-TO-DATE
> Task :libraries:featureflag:impl:extractReleaseAnnotations UP-TO-DATE
> Task :libraries:featureflag:impl:mergeReleaseConsumerProguardFiles UP-TO-DATE
> Task :libraries:recentemojis:impl:extractReleaseAnnotations
> Task :libraries:featureflag:api:extractReleaseAnnotations UP-TO-DATE
> Task :libraries:recentemojis:impl:mergeReleaseConsumerProguardFiles UP-TO-DATE
> Task :libraries:featureflag:api:mergeReleaseConsumerProguardFiles UP-TO-DATE
> Task :libraries:featureflag:api:mergeReleaseJavaResource UP-TO-DATE
> Task :libraries:recentemojis:impl:mergeReleaseJavaResource UP-TO-DATE
> Task :libraries:featureflag:impl:mergeReleaseJavaResource UP-TO-DATE
> Task :services:appnavstate:impl:extractReleaseAnnotations
> Task :libraries:recentemojis:impl:syncReleaseLibJars UP-TO-DATE
> Task :libraries:featureflag:api:syncReleaseLibJars UP-TO-DATE
> Task :services:appnavstate:impl:mergeReleaseConsumerProguardFiles UP-TO-DATE
> Task :libraries:recentemojis:impl:bundleReleaseLocalLintAar UP-TO-DATE
> Task :libraries:featureflag:api:bundleReleaseLocalLintAar UP-TO-DATE
> Task :services:appnavstate:impl:mergeReleaseJavaResource UP-TO-DATE
> Task :services:appnavstate:impl:syncReleaseLibJars UP-TO-DATE
> Task :appconfig:extractReleaseAnnotations
> Task :libraries:troubleshoot:api:extractReleaseAnnotations
> Task :appconfig:mergeReleaseConsumerProguardFiles UP-TO-DATE
> Task :libraries:troubleshoot:api:mergeReleaseConsumerProguardFiles UP-TO-DATE
> Task :services:appnavstate:impl:bundleReleaseLocalLintAar UP-TO-DATE
> Task :appconfig:mergeReleaseJavaResource UP-TO-DATE
> Task :libraries:troubleshoot:api:mergeReleaseJavaResource UP-TO-DATE
> Task :libraries:troubleshoot:api:syncReleaseLibJars UP-TO-DATE
> Task :appconfig:syncReleaseLibJars UP-TO-DATE
> Task :libraries:troubleshoot:api:bundleReleaseLocalLintAar UP-TO-DATE
> Task :libraries:pushstore:api:extractReleaseAnnotations
> Task :libraries:pushstore:api:mergeReleaseConsumerProguardFiles UP-TO-DATE
> Task :appconfig:bundleReleaseLocalLintAar UP-TO-DATE
> Task :libraries:pushstore:api:mergeReleaseJavaResource UP-TO-DATE
> Task :libraries:pushstore:api:syncReleaseLibJars UP-TO-DATE
> Task :libraries:pushstore:api:bundleReleaseLocalLintAar UP-TO-DATE
> Task :features:login:impl:createFullJarRelease
> Task :libraries:featureflag:impl:syncReleaseLibJars UP-TO-DATE
> Task :libraries:featureflag:impl:bundleReleaseLocalLintAar UP-TO-DATE
> Task :libraries:deeplink:api:extractReleaseAnnotations
> Task :libraries:pushproviders:api:extractReleaseAnnotations
> Task :libraries:deeplink:api:mergeReleaseConsumerProguardFiles UP-TO-DATE
> Task :libraries:mediaupload:api:extractReleaseAnnotations
> Task :libraries:pushproviders:api:mergeReleaseConsumerProguardFiles UP-TO-DATE
> Task :libraries:mediaupload:api:mergeReleaseConsumerProguardFiles UP-TO-DATE
> Task :libraries:preferences:api:extractReleaseAnnotations
> Task :libraries:deeplink:api:mergeReleaseJavaResource UP-TO-DATE
> Task :libraries:preferences:api:mergeReleaseConsumerProguardFiles UP-TO-DATE
> Task :libraries:mediaupload:api:mergeReleaseJavaResource UP-TO-DATE
> Task :libraries:pushproviders:api:mergeReleaseJavaResource UP-TO-DATE
> Task :libraries:deeplink:api:syncReleaseLibJars UP-TO-DATE
> Task :libraries:pushproviders:api:syncReleaseLibJars UP-TO-DATE
> Task :libraries:mediaupload:api:syncReleaseLibJars UP-TO-DATE
> Task :libraries:deeplink:api:bundleReleaseLocalLintAar UP-TO-DATE
> Task :libraries:pushproviders:api:bundleReleaseLocalLintAar UP-TO-DATE
> Task :libraries:preferences:api:mergeReleaseJavaResource UP-TO-DATE
> Task :libraries:mediaupload:api:bundleReleaseLocalLintAar UP-TO-DATE
> Task :libraries:preferences:api:syncReleaseLibJars UP-TO-DATE
> Task :libraries:eventformatter:api:extractReleaseAnnotations
> Task :libraries:preferences:api:bundleReleaseLocalLintAar UP-TO-DATE
> Task :libraries:eventformatter:api:mergeReleaseConsumerProguardFiles UP-TO-DATE
> Task :libraries:workmanager:api:extractReleaseAnnotations
> Task :libraries:workmanager:api:mergeReleaseConsumerProguardFiles UP-TO-DATE
> Task :libraries:eventformatter:api:mergeReleaseJavaResource UP-TO-DATE
> Task :libraries:workmanager:api:mergeReleaseJavaResource UP-TO-DATE
> Task :libraries:eventformatter:api:syncReleaseLibJars UP-TO-DATE
> Task :libraries:workmanager:api:syncReleaseLibJars UP-TO-DATE
> Task :libraries:eventformatter:api:bundleReleaseLocalLintAar UP-TO-DATE
> Task :libraries:workmanager:api:bundleReleaseLocalLintAar UP-TO-DATE
> Task :services:appnavstate:api:extractReleaseAnnotations
> Task :features:call:api:extractReleaseAnnotations
> Task :services:appnavstate:api:mergeReleaseConsumerProguardFiles UP-TO-DATE
> Task :features:call:api:mergeReleaseConsumerProguardFiles UP-TO-DATE
> Task :features:call:api:mergeReleaseJavaResource UP-TO-DATE
> Task :features:rolesandpermissions:api:extractReleaseAnnotations
> Task :libraries:accountselect:api:extractReleaseAnnotations
> Task :libraries:usersearch:api:extractReleaseAnnotations
> Task :features:call:api:syncReleaseLibJars UP-TO-DATE
> Task :features:rolesandpermissions:api:mergeReleaseConsumerProguardFiles UP-TO-DATE
> Task :services:appnavstate:api:mergeReleaseJavaResource UP-TO-DATE
> Task :libraries:accountselect:api:mergeReleaseConsumerProguardFiles UP-TO-DATE
> Task :libraries:usersearch:api:mergeReleaseConsumerProguardFiles UP-TO-DATE
> Task :features:call:api:bundleReleaseLocalLintAar UP-TO-DATE
> Task :features:rolesandpermissions:api:mergeReleaseJavaResource UP-TO-DATE
> Task :libraries:usersearch:api:mergeReleaseJavaResource UP-TO-DATE
> Task :libraries:accountselect:api:mergeReleaseJavaResource UP-TO-DATE
> Task :services:appnavstate:api:syncReleaseLibJars UP-TO-DATE
> Task :services:appnavstate:api:bundleReleaseLocalLintAar UP-TO-DATE
> Task :libraries:usersearch:api:syncReleaseLibJars UP-TO-DATE
> Task :features:rolesandpermissions:api:syncReleaseLibJars UP-TO-DATE
> Task :libraries:accountselect:api:syncReleaseLibJars UP-TO-DATE
> Task :libraries:roomselect:api:extractReleaseAnnotations
> Task :features:rolesandpermissions:api:bundleReleaseLocalLintAar UP-TO-DATE
> Task :libraries:accountselect:api:bundleReleaseLocalLintAar UP-TO-DATE
> Task :libraries:usersearch:api:bundleReleaseLocalLintAar UP-TO-DATE
> Task :libraries:voiceplayer:api:extractReleaseAnnotations
> Task :libraries:voiceplayer:api:mergeReleaseConsumerProguardFiles UP-TO-DATE
> Task :libraries:roomselect:api:mergeReleaseConsumerProguardFiles UP-TO-DATE
> Task :libraries:roomselect:api:mergeReleaseJavaResource UP-TO-DATE
> Task :libraries:voiceplayer:api:mergeReleaseJavaResource UP-TO-DATE
> Task :libraries:roomselect:api:syncReleaseLibJars UP-TO-DATE
> Task :libraries:voiceplayer:api:syncReleaseLibJars UP-TO-DATE
> Task :libraries:roomselect:api:bundleReleaseLocalLintAar UP-TO-DATE
> Task :libraries:voiceplayer:api:bundleReleaseLocalLintAar UP-TO-DATE
> Task :libraries:mediaplayer:impl:extractReleaseAnnotations UP-TO-DATE
> Task :libraries:mediaplayer:impl:mergeReleaseConsumerProguardFiles UP-TO-DATE
> Task :libraries:mediaplayer:impl:mergeReleaseJavaResource UP-TO-DATE
> Task :libraries:mediaplayer:impl:syncReleaseLibJars UP-TO-DATE
> Task :libraries:mediaplayer:impl:bundleReleaseLocalLintAar UP-TO-DATE
> Task :libraries:mediaplayer:api:extractReleaseAnnotations
> Task :libraries:mediaplayer:api:mergeReleaseConsumerProguardFiles UP-TO-DATE
> Task :libraries:mediaviewer:api:extractReleaseAnnotations
> Task :libraries:mediaviewer:api:mergeReleaseConsumerProguardFiles UP-TO-DATE
> Task :libraries:mediaplayer:api:mergeReleaseJavaResource UP-TO-DATE
> Task :libraries:mediaplayer:api:syncReleaseLibJars UP-TO-DATE
> Task :libraries:mediaplayer:api:bundleReleaseLocalLintAar UP-TO-DATE
> Task :libraries:mediaviewer:api:mergeReleaseJavaResource UP-TO-DATE
> Task :libraries:recentemojis:api:extractReleaseAnnotations
> Task :libraries:mediaviewer:api:syncReleaseLibJars UP-TO-DATE
> Task :libraries:recentemojis:api:mergeReleaseConsumerProguardFiles UP-TO-DATE
> Task :features:createroom:api:extractReleaseAnnotations
> Task :libraries:mediaviewer:api:bundleReleaseLocalLintAar UP-TO-DATE
> Task :libraries:recentemojis:api:mergeReleaseJavaResource UP-TO-DATE
> Task :features:createroom:api:mergeReleaseConsumerProguardFiles UP-TO-DATE
> Task :features:forward:api:extractReleaseAnnotations
> Task :libraries:recentemojis:api:syncReleaseLibJars UP-TO-DATE
> Task :features:invitepeople:api:extractReleaseAnnotations
> Task :features:forward:api:mergeReleaseConsumerProguardFiles UP-TO-DATE
> Task :libraries:recentemojis:api:bundleReleaseLocalLintAar UP-TO-DATE
> Task :features:invitepeople:api:mergeReleaseConsumerProguardFiles UP-TO-DATE
> Task :features:createroom:api:mergeReleaseJavaResource UP-TO-DATE
> Task :features:forward:api:mergeReleaseJavaResource UP-TO-DATE
> Task :features:createroom:api:syncReleaseLibJars UP-TO-DATE
> Task :features:invitepeople:api:mergeReleaseJavaResource UP-TO-DATE
> Task :features:forward:api:syncReleaseLibJars UP-TO-DATE
> Task :features:invitepeople:api:syncReleaseLibJars UP-TO-DATE
> Task :features:createroom:api:bundleReleaseLocalLintAar UP-TO-DATE
> Task :features:invitepeople:api:bundleReleaseLocalLintAar UP-TO-DATE
> Task :features:forward:api:bundleReleaseLocalLintAar UP-TO-DATE
> Task :features:verifysession:api:extractReleaseAnnotations
> Task :features:verifysession:api:mergeReleaseConsumerProguardFiles UP-TO-DATE
> Task :features:verifysession:api:mergeReleaseJavaResource UP-TO-DATE
> Task :features:verifysession:api:syncReleaseLibJars UP-TO-DATE
> Task :features:verifysession:api:bundleReleaseLocalLintAar UP-TO-DATE
> Task :features:home:api:extractReleaseAnnotations
> Task :features:home:api:mergeReleaseConsumerProguardFiles UP-TO-DATE
> Task :features:home:api:mergeReleaseJavaResource UP-TO-DATE
> Task :features:home:api:syncReleaseLibJars UP-TO-DATE
> Task :features:leaveroom:api:extractReleaseAnnotations
> Task :features:home:api:bundleReleaseLocalLintAar UP-TO-DATE
> Task :features:leaveroom:api:mergeReleaseConsumerProguardFiles UP-TO-DATE
> Task :features:leaveroom:api:mergeReleaseJavaResource UP-TO-DATE
> Task :features:leaveroom:api:syncReleaseLibJars UP-TO-DATE
> Task :features:leaveroom:api:bundleReleaseLocalLintAar UP-TO-DATE
> Task :features:reportroom:api:extractReleaseAnnotations
> Task :features:reportroom:api:mergeReleaseConsumerProguardFiles UP-TO-DATE
> Task :features:knockrequests:api:extractReleaseAnnotations
> Task :features:reportroom:api:mergeReleaseJavaResource UP-TO-DATE
> Task :features:knockrequests:api:mergeReleaseConsumerProguardFiles UP-TO-DATE
> Task :features:reportroom:api:syncReleaseLibJars UP-TO-DATE
> Task :features:reportroom:api:bundleReleaseLocalLintAar UP-TO-DATE
> Task :features:knockrequests:api:mergeReleaseJavaResource UP-TO-DATE
> Task :features:knockrequests:api:syncReleaseLibJars UP-TO-DATE
> Task :features:knockrequests:api:bundleReleaseLocalLintAar UP-TO-DATE
> Task :features:preferences:api:extractReleaseAnnotations
> Task :features:preferences:api:mergeReleaseConsumerProguardFiles UP-TO-DATE
> Task :features:preferences:api:mergeReleaseJavaResource UP-TO-DATE
> Task :features:roomcall:api:extractReleaseAnnotations
> Task :features:roomcall:api:mergeReleaseConsumerProguardFiles UP-TO-DATE
> Task :features:preferences:api:syncReleaseLibJars UP-TO-DATE
> Task :features:roomaliasresolver:api:extractReleaseAnnotations
> Task :features:preferences:api:bundleReleaseLocalLintAar UP-TO-DATE
> Task :features:roomcall:api:mergeReleaseJavaResource UP-TO-DATE
> Task :features:roomaliasresolver:api:mergeReleaseConsumerProguardFiles UP-TO-DATE
> Task :features:roomcall:api:syncReleaseLibJars UP-TO-DATE
> Task :features:roomaliasresolver:api:mergeReleaseJavaResource UP-TO-DATE
> Task :features:roomcall:api:bundleReleaseLocalLintAar UP-TO-DATE
> Task :features:roomaliasresolver:api:syncReleaseLibJars UP-TO-DATE
> Task :features:roomaliasresolver:api:bundleReleaseLocalLintAar UP-TO-DATE
> Task :features:roomdetails:api:extractReleaseAnnotations
> Task :features:roomdetails:api:mergeReleaseConsumerProguardFiles UP-TO-DATE
> Task :features:startchat:api:extractReleaseAnnotations
> Task :features:roomdetails:api:mergeReleaseJavaResource UP-TO-DATE
> Task :features:startchat:api:mergeReleaseConsumerProguardFiles UP-TO-DATE
> Task :features:roomdetails:api:syncReleaseLibJars UP-TO-DATE
> Task :features:startchat:api:mergeReleaseJavaResource UP-TO-DATE
> Task :features:roomdetails:api:bundleReleaseLocalLintAar UP-TO-DATE
> Task :features:startchat:api:syncReleaseLibJars UP-TO-DATE
> Task :features:securityandprivacy:api:extractReleaseAnnotations
> Task :features:startchat:api:bundleReleaseLocalLintAar UP-TO-DATE
> Task :features:roomdetailsedit:api:extractReleaseAnnotations
> Task :features:roomdetailsedit:api:mergeReleaseConsumerProguardFiles UP-TO-DATE
> Task :features:roomdetailsedit:api:mergeReleaseJavaResource UP-TO-DATE
> Task :features:share:api:extractReleaseAnnotations
> Task :features:securityandprivacy:api:mergeReleaseConsumerProguardFiles UP-TO-DATE
> Task :features:roomdetailsedit:api:syncReleaseLibJars UP-TO-DATE
> Task :features:signedout:api:extractReleaseAnnotations
> Task :features:securityandprivacy:api:mergeReleaseJavaResource UP-TO-DATE
> Task :features:roomdetailsedit:api:bundleReleaseLocalLintAar UP-TO-DATE
> Task :features:signedout:api:mergeReleaseConsumerProguardFiles UP-TO-DATE
> Task :features:securityandprivacy:api:syncReleaseLibJars UP-TO-DATE
> Task :features:space:api:extractReleaseAnnotations
> Task :features:signedout:api:mergeReleaseJavaResource UP-TO-DATE
> Task :features:securityandprivacy:api:bundleReleaseLocalLintAar UP-TO-DATE
> Task :features:signedout:api:syncReleaseLibJars UP-TO-DATE
> Task :features:share:api:mergeReleaseConsumerProguardFiles UP-TO-DATE
> Task :features:space:api:mergeReleaseConsumerProguardFiles UP-TO-DATE
> Task :features:signedout:api:bundleReleaseLocalLintAar UP-TO-DATE
> Task :features:space:api:mergeReleaseJavaResource UP-TO-DATE
> Task :features:share:api:mergeReleaseJavaResource UP-TO-DATE
> Task :features:space:api:syncReleaseLibJars UP-TO-DATE
> Task :features:share:api:syncReleaseLibJars UP-TO-DATE
> Task :features:share:api:bundleReleaseLocalLintAar UP-TO-DATE
> Task :features:space:api:bundleReleaseLocalLintAar UP-TO-DATE
> Task :libraries:matrix:api:extractReleaseAnnotations
> Task :libraries:matrix:api:mergeReleaseConsumerProguardFiles UP-TO-DATE
> Task :libraries:matrix:api:mergeReleaseJavaResource UP-TO-DATE
> Task :libraries:network:generateReleaseLintVitalModel
> Task :libraries:designsystem:generateReleaseLintVitalModel
> Task :libraries:previewutils:generateReleaseLintVitalModel
> Task :appnav:generateReleaseLintVitalModel
> Task :appconfig:generateReleaseLintVitalModel
> Task :libraries:matrixui:generateReleaseLintVitalModel
> Task :features:analytics:api:generateReleaseLintVitalModel
> Task :features:analytics:impl:generateReleaseLintVitalModel
> Task :libraries:ui-common:generateReleaseLintVitalModel
> Task :features:announcement:impl:generateReleaseLintVitalModel
> Task :features:call:api:generateReleaseLintVitalModel
> Task :libraries:qrcode:generateReleaseLintVitalModel
> Task :features:enterprise:api:generateReleaseLintVitalModel
> Task :features:enterprise:impl-foss:generateReleaseLintVitalModel
> Task :features:createroom:impl:generateReleaseLintVitalModel
> Task :features:createroom:api:generateReleaseLintVitalModel
> Task :features:deactivation:impl:generateReleaseLintVitalModel
> Task :features:forward:api:generateReleaseLintVitalModel
> Task :features:forward:impl:generateReleaseLintVitalModel
> Task :features:ftue:impl:generateReleaseLintVitalModel
> Task :features:home:impl:generateReleaseLintVitalModel
> Task :features:home:api:generateReleaseLintVitalModel
> Task :features:invite:impl:generateReleaseLintVitalModel
> Task :features:invitepeople:api:generateReleaseLintVitalModel
> Task :features:invite:api:generateReleaseLintVitalModel
> Task :features:joinroom:api:generateReleaseLintVitalModel
> Task :features:joinroom:impl:generateReleaseLintVitalModel
> Task :features:invitepeople:impl:generateReleaseLintVitalModel
> Task :features:knockrequests:impl:generateReleaseLintVitalModel
> Task :features:knockrequests:api:generateReleaseLintVitalModel
> Task :features:leaveroom:impl:generateReleaseLintVitalModel
> Task :features:leaveroom:api:generateReleaseLintVitalModel
> Task :features:licenses:api:generateReleaseLintVitalModel
> Task :features:login:impl:bundleReleaseLocalLintAar
> Task :features:licenses:impl:generateReleaseLintVitalModel
> Task :features:location:api:generateReleaseLintVitalModel
> Task :features:logout:api:generateReleaseLintVitalModel
> Task :features:location:impl:generateReleaseLintVitalModel
> Task :features:lockscreen:impl:generateReleaseLintVitalModel
> Task :features:logout:impl:generateReleaseLintVitalModel
> Task :features:login:impl:generateReleaseLintVitalModel
> Task :features:messages:api:generateReleaseLintVitalModel
> Task :features:networkmonitor:impl:generateReleaseLintVitalModel
> Task :features:networkmonitor:api:generateReleaseLintVitalModel
> Task :features:migration:impl:generateReleaseLintVitalModel
> Task :features:poll:api:generateReleaseLintVitalModel
> Task :features:rageshake:api:generateReleaseLintVitalModel
> Task :features:preferences:impl:generateReleaseLintVitalModel
> Task :features:poll:impl:generateReleaseLintVitalModel
> Task :features:preferences:api:generateReleaseLintVitalModel
> Task :features:rageshake:impl:generateReleaseLintVitalModel
> Task :features:reportroom:api:generateReleaseLintVitalModel
> Task :features:rolesandpermissions:api:generateReleaseLintVitalModel
> Task :features:reportroom:impl:generateReleaseLintVitalModel
> Task :features:roomaliasresolver:api:generateReleaseLintVitalModel
> Task :features:roomcall:api:generateReleaseLintVitalModel
> Task :features:roomaliasresolver:impl:generateReleaseLintVitalModel
> Task :features:roomcall:impl:generateReleaseLintVitalModel
> Task :features:roomdetailsedit:impl:generateReleaseLintVitalModel
> Task :features:roomdetails:impl:generateReleaseLintVitalModel
> Task :features:roomdetailsedit:api:generateReleaseLintVitalModel
> Task :features:roomdirectory:api:generateReleaseLintVitalModel
> Task :features:roommembermoderation:api:generateReleaseLintVitalModel
> Task :features:roomdirectory:impl:generateReleaseLintVitalModel
> Task :features:securebackup:impl:generateReleaseLintVitalModel
> Task :features:securityandprivacy:api:generateReleaseLintVitalModel
> Task :features:roommembermoderation:impl:generateReleaseLintVitalModel
> Task :features:share:impl:generateReleaseLintVitalModel
> Task :features:share:api:generateReleaseLintVitalModel
> Task :features:securityandprivacy:impl:generateReleaseLintVitalModel
> Task :features:signedout:api:generateReleaseLintVitalModel
> Task :features:space:impl:generateReleaseLintVitalModel
> Task :features:space:api:generateReleaseLintVitalModel
> Task :features:roomdetails:api:generateReleaseLintVitalModel
> Task :features:userprofile:api:generateReleaseLintVitalModel
> Task :features:startchat:impl:generateReleaseLintVitalModel
> Task :features:startchat:api:generateReleaseLintVitalModel
> Task :features:signedout:impl:generateReleaseLintVitalModel
> Task :features:userprofile:impl:generateReleaseLintVitalModel
> Task :features:verifysession:api:generateReleaseLintVitalModel
> Task :libraries:accountselect:api:generateReleaseLintVitalModel
> Task :features:viewfolder:impl:generateReleaseLintVitalModel
> Task :libraries:deeplink:api:generateReleaseLintVitalModel
> Task :features:verifysession:impl:generateReleaseLintVitalModel
> Task :libraries:dateformatter:impl:generateReleaseLintVitalModel
> Task :features:userprofile:shared:generateReleaseLintVitalModel
> Task :libraries:accountselect:impl:generateReleaseLintVitalModel
> Task :libraries:deeplink:impl:generateReleaseLintVitalModel
> Task :libraries:featureflag:api:generateReleaseLintVitalModel
> Task :libraries:featureflag:ui:generateReleaseLintVitalModel
> Task :libraries:fullscreenintent:api:generateReleaseLintVitalModel
> Task :libraries:featureflag:impl:generateReleaseLintVitalModel
> Task :libraries:fullscreenintent:impl:generateReleaseLintVitalModel
> Task :libraries:eventformatter:api:generateReleaseLintVitalModel
> Task :libraries:eventformatter:impl:generateReleaseLintVitalModel
> Task :libraries:indicator:impl:generateReleaseLintVitalModel
> Task :libraries:matrixmedia:api:generateReleaseLintVitalModel
> Task :libraries:mediaplayer:api:generateReleaseLintVitalModel
> Task :libraries:matrixmedia:impl:generateReleaseLintVitalModel
> Task :libraries:mediaplayer:impl:generateReleaseLintVitalModel
> Task :libraries:mediaviewer:api:generateReleaseLintVitalModel
> Task :libraries:mediaupload:api:generateReleaseLintVitalModel
> Task :libraries:mediaupload:impl:generateReleaseLintVitalModel
> Task :libraries:oidc:impl:generateReleaseLintVitalModel
> Task :libraries:mediaviewer:impl:generateReleaseLintVitalModel
> Task :libraries:permissions:api:generateReleaseLintVitalModel
> Task :libraries:preferences:api:generateReleaseLintVitalModel
> Task :libraries:permissions:impl:generateReleaseLintVitalModel
> Task :libraries:permissions:noop:generateReleaseLintVitalModel
> Task :libraries:preferences:impl:generateReleaseLintVitalModel
> Task :libraries:pushproviders:api:generateReleaseLintVitalModel
> Task :libraries:push:impl:generateReleaseLintVitalModel
> Task :libraries:pushproviders:unifiedpush:generateReleaseLintVitalModel
> Task :libraries:pushproviders:firebase:generateReleaseLintVitalModel
> Task :libraries:push:api:generateReleaseLintVitalModel
> Task :libraries:pushstore:impl:generateReleaseLintVitalModel
> Task :libraries:pushstore:api:generateReleaseLintVitalModel
> Task :libraries:recentemojis:api:generateReleaseLintVitalModel
> Task :libraries:roomselect:api:generateReleaseLintVitalModel
> Task :libraries:recentemojis:impl:generateReleaseLintVitalModel
> Task :libraries:textcomposer:impl:generateReleaseLintVitalModel
> Task :libraries:troubleshoot:impl:generateReleaseLintVitalModel
> Task :libraries:troubleshoot:api:generateReleaseLintVitalModel
> Task :libraries:usersearch:api:generateReleaseLintVitalModel
> Task :libraries:roomselect:impl:generateReleaseLintVitalModel
> Task :libraries:voiceplayer:impl:generateReleaseLintVitalModel
> Task :libraries:voiceplayer:api:generateReleaseLintVitalModel
> Task :libraries:voicerecorder:impl:generateReleaseLintVitalModel
> Task :libraries:wellknown:impl:generateReleaseLintVitalModel
> Task :libraries:usersearch:impl:generateReleaseLintVitalModel
> Task :libraries:workmanager:api:generateReleaseLintVitalModel
> Task :app:parseGplayReleaseIntegrityConfig UP-TO-DATE
> Task :app:validateSigningGplayRelease UP-TO-DATE
> Task :services:analyticsproviders:posthog:generateReleaseLintVitalModel
> Task :services:appnavstate:api:generateReleaseLintVitalModel
> Task :services:analytics:impl:generateReleaseLintVitalModel
> Task :services:appnavstate:impl:generateReleaseLintVitalModel
> Task :libraries:workmanager:impl:generateReleaseLintVitalModel
> Task :services:apperror:impl:generateReleaseLintVitalModel
> Task :features:messages:impl:compileReleaseKotlin
> Task :features:rolesandpermissions:impl:compileReleaseKotlin
> Task :features:rolesandpermissions:impl:compileReleaseJavaWithJavac NO-SOURCE
> Task :features:rolesandpermissions:impl:mergeReleaseGeneratedProguardFiles UP-TO-DATE
> Task :features:rolesandpermissions:impl:exportReleaseConsumerProguardFiles UP-TO-DATE
> Task :features:rolesandpermissions:impl:bundleLibCompileToJarRelease UP-TO-DATE
> Task :features:rolesandpermissions:impl:bundleLibRuntimeToJarRelease UP-TO-DATE
> Task :features:rolesandpermissions:impl:processReleaseJavaRes UP-TO-DATE
> Task :features:rolesandpermissions:impl:createFullJarRelease UP-TO-DATE
> Task :features:rolesandpermissions:impl:generateReleaseLintModel
> Task :features:rolesandpermissions:impl:extractReleaseAnnotations
> Task :features:rolesandpermissions:impl:mergeReleaseConsumerProguardFiles UP-TO-DATE
> Task :features:rolesandpermissions:impl:mergeReleaseJavaResource UP-TO-DATE
> Task :features:rolesandpermissions:impl:syncReleaseLibJars UP-TO-DATE
> Task :features:rolesandpermissions:impl:bundleReleaseLocalLintAar UP-TO-DATE
> Task :features:rolesandpermissions:impl:generateReleaseLintVitalModel
> Task :libraries:matrix:impl:syncReleaseLibJars
> Task :libraries:matrix:impl:createFullJarRelease
> Task :features:call:impl:generateReleaseLintModel
> Task :features:call:impl:generateReleaseLintVitalModel
> Task :libraries:matrix:impl:bundleReleaseLocalLintAar
> Task :libraries:matrix:impl:generateReleaseLintVitalModel
> Task :libraries:matrix:api:syncReleaseLibJars
> Task :libraries:matrix:api:bundleReleaseLocalLintAar
> Task :libraries:matrix:api:generateReleaseLintVitalModel
> Task :features:messages:impl:compileReleaseJavaWithJavac NO-SOURCE
> Task :features:messages:impl:mergeReleaseGeneratedProguardFiles UP-TO-DATE
> Task :features:messages:impl:exportReleaseConsumerProguardFiles UP-TO-DATE
> Task :features:messages:impl:bundleLibCompileToJarRelease UP-TO-DATE
> Task :features:messages:impl:bundleLibRuntimeToJarRelease UP-TO-DATE
> Task :features:messages:impl:processReleaseJavaRes UP-TO-DATE
> Task :features:messages:impl:createFullJarRelease UP-TO-DATE
> Task :features:messages:impl:generateReleaseLintModel
> Task :features:messages:impl:extractReleaseAnnotations
> Task :features:messages:impl:mergeReleaseConsumerProguardFiles UP-TO-DATE
> Task :features:messages:impl:mergeReleaseJavaResource UP-TO-DATE
> Task :features:messages:impl:syncReleaseLibJars UP-TO-DATE
> Task :features:messages:impl:bundleReleaseLocalLintAar UP-TO-DATE
> Task :libraries:previewutils:lintVitalAnalyzeRelease
> Task :libraries:qrcode:lintVitalAnalyzeRelease
> Task :libraries:ui-common:lintVitalAnalyzeRelease
> Task :features:analytics:api:lintVitalAnalyzeRelease
> Task :appconfig:lintVitalAnalyzeRelease
> Task :appnav:lintVitalAnalyzeRelease
> Task :features:analytics:impl:lintVitalAnalyzeRelease
> Task :features:announcement:impl:lintVitalAnalyzeRelease
> Task :libraries:matrixui:lintVitalAnalyzeRelease
> Task :features:messages:impl:generateReleaseLintVitalModel
> Task :app:kspGplayReleaseKotlin
> Task :app:compileGplayReleaseKotlin
> Task :features:call:api:lintVitalAnalyzeRelease
> Task :features:createroom:api:lintVitalAnalyzeRelease
> Task :libraries:designsystem:lintVitalAnalyzeRelease
> Task :libraries:network:lintVitalAnalyzeRelease
> Task :features:call:impl:lintVitalAnalyzeRelease
> Task :features:enterprise:api:lintVitalAnalyzeRelease
> Task :features:enterprise:impl-foss:lintVitalAnalyzeRelease
> Task :features:forward:api:lintVitalAnalyzeRelease
> Task :features:createroom:impl:lintVitalAnalyzeRelease
> Task :features:deactivation:impl:lintVitalAnalyzeRelease
> Task :features:home:api:lintVitalAnalyzeRelease
> Task :features:forward:impl:lintVitalAnalyzeRelease

> Task :app:compileGplayReleaseKotlin
./gradlew : e: java.lang.NoSuchMethodError: 'java.lang.Object java.util.List.removeFirst()'
Au caractère Ligne:1 : 1
+ ./gradlew :app:bundleGplayRelease --stacktrace > build_output.txt 2>& ...
+ ~~~~~~~~~~~~~~~~~~~~~~~~~~~~~~~~~~~~~~~~~~~~~~~~~~~~~~~~~~~~~~~~~~~~~
    + CategoryInfo          : NotSpecified: (e: java.lang.No....removeFirst()':String) [], RemoteException
    + FullyQualifiedErrorId : NativeCommandError
 
	at dev.zacsweers.metro.compiler.ir.graph.SyntheticGraphGenerator.generateFactoryImpl(SyntheticGraphGenerator.kt:139)
	at dev.zacsweers.metro.compiler.ir.graph.SyntheticGraphGenerator.generateImpl(SyntheticGraphGenerator.kt:262)
	at dev.zacsweers.metro.compiler.ir.graph.SyntheticGraphGenerator.generateImpl$default(SyntheticGraphGenerator.kt:189)
	at dev.zacsweers.metro.compiler.ir.graph.IrGraphExtensionGenerator.generateImpl(IrGraphExtensionGenerator.kt:133)
	at dev.zacsweers.metro.compiler.ir.graph.IrGraphExtensionGenerator.generateImplFromFactory(IrGraphExtensionGenerator.k
t:99)
	at dev.zacsweers.metro.compiler.ir.graph.IrGraphExtensionGenerator.getOrBuildGraphExtensionImpl(IrGraphExtensionGenera
tor.kt:80)
	at dev.zacsweers.metro.compiler.ir.transformers.DependencyGraphTransformer.transformDependencyGraph(DependencyGraphTra
nsformer.kt:370)
	at dev.zacsweers.metro.compiler.ir.transformers.DependencyGraphTransformer.processDependencyGraph$compiler(DependencyG
raphTransformer.kt:237)
	at dev.zacsweers.metro.compiler.ir.transformers.DependencyGraphTransformer.tryProcessDependencyGraph(DependencyGraphTr
ansformer.kt:207)
	at dev.zacsweers.metro.compiler.ir.transformers.DependencyGraphTransformer.visitClassNew(DependencyGraphTransformer.kt
:184)
	at org.jetbrains.kotlin.backend.common.IrElementTransformerVoidWithContext.visitClass(IrElementTransformerVoidWithCont
ext.kt:62)
	at org.jetbrains.kotlin.ir.visitors.IrElementTransformerVoid.visitClass(IrElementTransformerVoid.kt:57)
	at org.jetbrains.kotlin.ir.visitors.IrElementTransformerVoid.visitClass(IrElementTransformerVoid.kt:19)
	at org.jetbrains.kotlin.ir.declarations.IrClass.accept(IrClass.kt:72)
	at org.jetbrains.kotlin.ir.IrElementBase.transform(IrElementBase.kt:33)
	at org.jetbrains.kotlin.ir.util.TransformKt.transformInPlace(transform.kt:35)
	at org.jetbrains.kotlin.ir.declarations.IrPackageFragment.transformChildren(IrPackageFragment.kt:31)
	at org.jetbrains.kotlin.ir.visitors.IrElementTransformerVoid.visitPackageFragment(IrElementTransformerVoid.kt:146)
	at org.jetbrains.kotlin.ir.visitors.IrElementTransformerVoid.visitFile(IrElementTransformerVoid.kt:160)
	at org.jetbrains.kotlin.backend.common.IrElementTransformerVoidWithContext.visitFileNew(IrElementTransformerVoidWithCo
ntext.kt:122)
	at org.jetbrains.kotlin.backend.common.IrElementTransformerVoidWithContext.visitFile(IrElementTransformerVoidWithConte
xt.kt:55)
	at org.jetbrains.kotlin.ir.visitors.IrElementTransformerVoid.visitFile(IrElementTransformerVoid.kt:163)
	at org.jetbrains.kotlin.ir.visitors.IrElementTransformerVoid.visitFile(IrElementTransformerVoid.kt:19)
	at org.jetbrains.kotlin.ir.declarations.IrFile.accept(IrFile.kt:27)
	at org.jetbrains.kotlin.ir.declarations.IrFile.transform(IrFile.kt:30)
	at org.jetbrains.kotlin.ir.declarations.IrFile.transform(IrFile.kt:19)
	at org.jetbrains.kotlin.ir.util.TransformKt.transformInPlace(transform.kt:35)
	at org.jetbrains.kotlin.ir.declarations.IrModuleFragment.transformChildren(IrModuleFragment.kt:46)
	at org.jetbrains.kotlin.ir.visitors.IrElementTransformerVoid.visitModuleFragment(IrElementTransformerVoid.kt:102)
	at org.jetbrains.kotlin.ir.visitors.IrElementTransformerVoid.visitModuleFragment(IrElementTransformerVoid.kt:107)
	at org.jetbrains.kotlin.ir.visitors.IrElementTransformerVoid.visitModuleFragment(IrElementTransformerVoid.kt:19)
	at org.jetbrains.kotlin.ir.declarations.IrModuleFragment.accept(IrModuleFragment.kt:36)
	at org.jetbrains.kotlin.ir.declarations.IrModuleFragment.transform(IrModuleFragment.kt:39)
	at dev.zacsweers.metro.compiler.ir.MetroIrGenerationExtension.generateInner(MetroIrGenerationExtension.kt:71)
	at dev.zacsweers.metro.compiler.ir.MetroIrGenerationExtension.generate(MetroIrGenerationExtension.kt:44)
	at org.jetbrains.kotlin.fir.pipeline.ConvertToIrKt.applyIrGenerationExtensions(convertToIr.kt:498)
	at org.jetbrains.kotlin.fir.pipeline.Fir2IrPipeline.runActualizationPipeline(convertToIr.kt:253)
	at org.jetbrains.kotlin.fir.pipeline.Fir2IrPipeline.convertToIrAndActualize(convertToIr.kt:134)
	at org.jetbrains.kotlin.fir.pipeline.ConvertToIrKt.convertToIrAndActualize(convertToIr.kt:100)
	at org.jetbrains.kotlin.fir.pipeline.ConvertToIrKt.convertToIrAndActualize$default(convertToIr.kt:73)
	at org.jetbrains.kotlin.cli.jvm.compiler.legacy.pipeline.JvmCompilerPipelineKt.convertToIrAndActualizeForJvm(jvmCompil
erPipeline.kt:101)
	at org.jetbrains.kotlin.cli.pipeline.jvm.JvmFir2IrPipelinePhase.executePhase(JvmFir2IrPipelinePhase.kt:30)
	at org.jetbrains.kotlin.cli.pipeline.jvm.JvmFir2IrPipelinePhase.executePhase(JvmFir2IrPipelinePhase.kt:25)
	at org.jetbrains.kotlin.cli.pipeline.jvm.JvmFir2IrPipelinePhase.executePhase(JvmFir2IrPipelinePhase.kt:19)
	at org.jetbrains.kotlin.cli.pipeline.PipelinePhase.phaseBody(PipelinePhase.kt:68)
	at org.jetbrains.kotlin.cli.pipeline.PipelinePhase.phaseBody(PipelinePhase.kt:58)
	at org.jetbrains.kotlin.config.phaser.NamedCompilerPhase.invoke(CompilerPhase.kt:102)
	at org.jetbrains.kotlin.backend.common.phaser.CompositePhase.invoke(PhaseBuilders.kt:22)
	at org.jetbrains.kotlin.config.phaser.CompilerPhaseKt.invokeToplevel(CompilerPhase.kt:53)
	at org.jetbrains.kotlin.cli.pipeline.AbstractCliPipeline.runPhasedPipeline(AbstractCliPipeline.kt:109)
	at org.jetbrains.kotlin.cli.pipeline.AbstractCliPipeline.execute(AbstractCliPipeline.kt:68)
	at org.jetbrains.kotlin.cli.jvm.K2JVMCompiler.doExecutePhased(K2JVMCompiler.kt:79)
	at org.jetbrains.kotlin.cli.jvm.K2JVMCompiler.doExecutePhased(K2JVMCompiler.kt:45)
	at org.jetbrains.kotlin.cli.common.CLICompiler.execImpl(CLICompiler.kt:90)
	at org.jetbrains.kotlin.cli.common.CLICompiler.exec(CLICompiler.kt:352)
	at 
org.jetbrains.kotlin.incremental.IncrementalJvmCompilerRunnerBase.runCompiler(IncrementalJvmCompilerRunnerBase.kt:176)
	at 
org.jetbrains.kotlin.incremental.IncrementalJvmCompilerRunnerBase.runCompiler(IncrementalJvmCompilerRunnerBase.kt:39)
	at org.jetbrains.kotlin.incremental.IncrementalCompilerRunner.doCompile(IncrementalCompilerRunner.kt:499)
	at org.jetbrains.kotlin.incremental.IncrementalCompilerRunner.compileImpl(IncrementalCompilerRunner.kt:416)
	at 
org.jetbrains.kotlin.incremental.IncrementalCompilerRunner.compileNonIncrementally(IncrementalCompilerRunner.kt:301)
	at org.jetbrains.kotlin.incremental.IncrementalCompilerRunner.compile(IncrementalCompilerRunner.kt:128)
	at org.jetbrains.kotlin.daemon.CompileServiceImplBase.execIncrementalCompiler(CompileServiceImpl.kt:684)
	at org.jetbrains.kotlin.daemon.CompileServiceImplBase.access$execIncrementalCompiler(CompileServiceImpl.kt:94)
	at org.jetbrains.kotlin.daemon.CompileServiceImpl.compile(CompileServiceImpl.kt:1810)
	at jdk.internal.reflect.GeneratedMethodAccessor11.invoke(Unknown Source)
	at java.base/jdk.internal.reflect.DelegatingMethodAccessorImpl.invoke(DelegatingMethodAccessorImpl.java:43)
	at java.base/java.lang.reflect.Method.invoke(Method.java:569)
	at java.rmi/sun.rmi.server.UnicastServerRef.dispatch(UnicastServerRef.java:360)
	at java.rmi/sun.rmi.transport.Transport$1.run(Transport.java:200)
	at java.rmi/sun.rmi.transport.Transport$1.run(Transport.java:197)
	at java.base/java.security.AccessController.doPrivileged(AccessController.java:712)
	at java.rmi/sun.rmi.transport.Transport.serviceCall(Transport.java:196)
	at java.rmi/sun.rmi.transport.tcp.TCPTransport.handleMessages(TCPTransport.java:587)
	at java.rmi/sun.rmi.transport.tcp.TCPTransport$ConnectionHandler.run0(TCPTransport.java:828)
	at java.rmi/sun.rmi.transport.tcp.TCPTransport$ConnectionHandler.lambda$run$0(TCPTransport.java:705)
	at java.base/java.security.AccessController.doPrivileged(AccessController.java:399)
	at java.rmi/sun.rmi.transport.tcp.TCPTransport$ConnectionHandler.run(TCPTransport.java:704)
	at java.base/java.util.concurrent.ThreadPoolExecutor.runWorker(ThreadPoolExecutor.java:1136)
	at java.base/java.util.concurrent.ThreadPoolExecutor$Worker.run(ThreadPoolExecutor.java:635)
	at java.base/java.lang.Thread.run(Thread.java:840)


> Task :app:compileGplayReleaseKotlin FAILED
> Task :features:invite:api:lintVitalAnalyzeRelease
> Task :features:ftue:impl:lintVitalAnalyzeRelease
> Task :features:invite:impl:lintVitalAnalyzeRelease
> Task :features:home:impl:lintVitalAnalyzeRelease

[Incubating] Problems report is available at: file:///C:/Users/A122759/technologies_d3x/kimia/mimosa-x-android/build/reports/problems/problems-report.html

FAILURE: Build failed with an exception.

* What went wrong:
Execution failed for task ':app:compileGplayReleaseKotlin'.
> A failure occurred while executing 
org.jetbrains.kotlin.compilerRunner.GradleCompilerRunnerWithWorkers$GradleKotlinCompilerWorkAction
   > Internal compiler error. See log for more details

* Try:
> Run with --info or --debug option to get more log output.
> Run with --scan to generate a Build Scan (powered by Develocity).
> Get more help at https://help.gradle.org.

* Exception is:
org.gradle.api.tasks.TaskExecutionException: Execution failed for task ':app:compileGplayReleaseKotlin'.
	at org.gradle.api.internal.tasks.execution.ExecuteActionsTaskExecuter.lambda$executeIfValid$1(ExecuteActionsTaskExecut
er.java:135)
	at org.gradle.internal.Try$Failure.ifSuccessfulOrElse(Try.java:288)
	at 
org.gradle.api.internal.tasks.execution.ExecuteActionsTaskExecuter.executeIfValid(ExecuteActionsTaskExecuter.java:133)
	at org.gradle.api.internal.tasks.execution.ExecuteActionsTaskExecuter.execute(ExecuteActionsTaskExecuter.java:121)
	at org.gradle.api.internal.tasks.execution.ProblemsTaskPathTrackingTaskExecuter.execute(ProblemsTaskPathTrackingTaskEx
ecuter.java:41)
	at 
org.gradle.api.internal.tasks.execution.FinalizePropertiesTaskExecuter.execute(FinalizePropertiesTaskExecuter.java:46)
	at org.gradle.api.internal.tasks.execution.ResolveTaskExecutionModeExecuter.execute(ResolveTaskExecutionModeExecuter.j
ava:51)
	at 
org.gradle.api.internal.tasks.execution.SkipTaskWithNoActionsExecuter.execute(SkipTaskWithNoActionsExecuter.java:57)
	at org.gradle.api.internal.tasks.execution.SkipOnlyIfTaskExecuter.execute(SkipOnlyIfTaskExecuter.java:74)
	at org.gradle.api.internal.tasks.execution.CatchExceptionTaskExecuter.execute(CatchExceptionTaskExecuter.java:36)
	at org.gradle.api.internal.tasks.execution.EventFiringTaskExecuter$1.executeTask(EventFiringTaskExecuter.java:77)
	at org.gradle.api.internal.tasks.execution.EventFiringTaskExecuter$1.call(EventFiringTaskExecuter.java:55)
	at org.gradle.api.internal.tasks.execution.EventFiringTaskExecuter$1.call(EventFiringTaskExecuter.java:52)
	at org.gradle.internal.operations.DefaultBuildOperationRunner$CallableBuildOperationWorker.execute(DefaultBuildOperati
onRunner.java:209)
	at org.gradle.internal.operations.DefaultBuildOperationRunner$CallableBuildOperationWorker.execute(DefaultBuildOperati
onRunner.java:204)
	at org.gradle.internal.operations.DefaultBuildOperationRunner$2.execute(DefaultBuildOperationRunner.java:66)
	at org.gradle.internal.operations.DefaultBuildOperationRunner$2.execute(DefaultBuildOperationRunner.java:59)
	at org.gradle.internal.operations.DefaultBuildOperationRunner.execute(DefaultBuildOperationRunner.java:166)
	at org.gradle.internal.operations.DefaultBuildOperationRunner.execute(DefaultBuildOperationRunner.java:59)
	at org.gradle.internal.operations.DefaultBuildOperationRunner.call(DefaultBuildOperationRunner.java:53)
	at org.gradle.api.internal.tasks.execution.EventFiringTaskExecuter.execute(EventFiringTaskExecuter.java:52)
	at org.gradle.execution.plan.DefaultNodeExecutor.executeLocalTaskNode(DefaultNodeExecutor.java:55)
	at org.gradle.execution.plan.DefaultNodeExecutor.execute(DefaultNodeExecutor.java:34)
	at org.gradle.execution.taskgraph.DefaultTaskExecutionGraph$InvokeNodeExecutorsAction.execute(DefaultTaskExecutionGrap
h.java:355)
	at org.gradle.execution.taskgraph.DefaultTaskExecutionGraph$InvokeNodeExecutorsAction.execute(DefaultTaskExecutionGrap
h.java:343)
	at org.gradle.execution.taskgraph.DefaultTaskExecutionGraph$BuildOperationAwareExecutionAction.lambda$execute$0(Defaul
tTaskExecutionGraph.java:339)
	at org.gradle.internal.operations.CurrentBuildOperationRef.with(CurrentBuildOperationRef.java:84)
	at org.gradle.execution.taskgraph.DefaultTaskExecutionGraph$BuildOperationAwareExecutionAction.execute(DefaultTaskExec
utionGraph.java:339)
	at org.gradle.execution.taskgraph.DefaultTaskExecutionGraph$BuildOperationAwareExecutionAction.execute(DefaultTaskExec
utionGraph.java:328)
	at org.gradle.execution.plan.DefaultPlanExecutor$ExecutorWorker.execute(DefaultPlanExecutor.java:459)
	at org.gradle.execution.plan.DefaultPlanExecutor$ExecutorWorker.run(DefaultPlanExecutor.java:376)
	at org.gradle.internal.concurrent.ExecutorPolicy$CatchAndRecordFailures.onExecute(ExecutorPolicy.java:64)
	at org.gradle.internal.concurrent.AbstractManagedExecutor$1.run(AbstractManagedExecutor.java:47)
Caused by: org.gradle.workers.internal.DefaultWorkerExecutor$WorkExecutionException: A failure occurred while 
executing org.jetbrains.kotlin.compilerRunner.GradleCompilerRunnerWithWorkers$GradleKotlinCompilerWorkAction
	at 
org.gradle.workers.internal.DefaultWorkerExecutor$WorkItemExecution.waitForCompletion(DefaultWorkerExecutor.java:289)
	at org.gradle.internal.work.DefaultAsyncWorkTracker.lambda$waitForItemsAndGatherFailures$2(DefaultAsyncWorkTracker.jav
a:130)
	at org.gradle.internal.Factories$1.create(Factories.java:33)
	at org.gradle.internal.work.DefaultWorkerLeaseService.lambda$withoutLocks$2(DefaultWorkerLeaseService.java:344)
	at org.gradle.internal.work.ResourceLockStatistics$1.measure(ResourceLockStatistics.java:42)
	at org.gradle.internal.work.DefaultWorkerLeaseService.withoutLocks(DefaultWorkerLeaseService.java:342)
	at org.gradle.internal.work.DefaultWorkerLeaseService.withoutLocks(DefaultWorkerLeaseService.java:326)
	at org.gradle.internal.work.DefaultWorkerLeaseService.withoutLock(DefaultWorkerLeaseService.java:331)
	at org.gradle.internal.work.DefaultAsyncWorkTracker.waitForItemsAndGatherFailures(DefaultAsyncWorkTracker.java:126)
	at org.gradle.internal.work.DefaultAsyncWorkTracker.waitForItemsAndGatherFailures(DefaultAsyncWorkTracker.java:92)
	at org.gradle.internal.work.DefaultAsyncWorkTracker.waitForAll(DefaultAsyncWorkTracker.java:78)
	at org.gradle.internal.work.DefaultAsyncWorkTracker.waitForCompletion(DefaultAsyncWorkTracker.java:66)
	at org.gradle.api.internal.tasks.execution.TaskExecution$3.run(TaskExecution.java:260)
	at org.gradle.internal.operations.DefaultBuildOperationRunner$1.execute(DefaultBuildOperationRunner.java:29)
	at org.gradle.internal.operations.DefaultBuildOperationRunner$1.execute(DefaultBuildOperationRunner.java:26)
	at org.gradle.internal.operations.DefaultBuildOperationRunner$2.execute(DefaultBuildOperationRunner.java:66)
	at org.gradle.internal.operations.DefaultBuildOperationRunner$2.execute(DefaultBuildOperationRunner.java:59)
	at org.gradle.internal.operations.DefaultBuildOperationRunner.execute(DefaultBuildOperationRunner.java:166)
	at org.gradle.internal.operations.DefaultBuildOperationRunner.execute(DefaultBuildOperationRunner.java:59)
	at org.gradle.internal.operations.DefaultBuildOperationRunner.run(DefaultBuildOperationRunner.java:47)
	at org.gradle.api.internal.tasks.execution.TaskExecution.executeAction(TaskExecution.java:237)
	at org.gradle.api.internal.tasks.execution.TaskExecution.executeActions(TaskExecution.java:220)
	at org.gradle.api.internal.tasks.execution.TaskExecution.executeWithPreviousOutputFiles(TaskExecution.java:203)
	at org.gradle.api.internal.tasks.execution.TaskExecution.execute(TaskExecution.java:170)
	at org.gradle.internal.execution.steps.ExecuteStep.executeInternal(ExecuteStep.java:105)
	at org.gradle.internal.execution.steps.ExecuteStep.access$000(ExecuteStep.java:44)
	at org.gradle.internal.execution.steps.ExecuteStep$1.call(ExecuteStep.java:59)
	at org.gradle.internal.execution.steps.ExecuteStep$1.call(ExecuteStep.java:56)
	at org.gradle.internal.operations.DefaultBuildOperationRunner$CallableBuildOperationWorker.execute(DefaultBuildOperati
onRunner.java:209)
	at org.gradle.internal.operations.DefaultBuildOperationRunner$CallableBuildOperationWorker.execute(DefaultBuildOperati
onRunner.java:204)
	at org.gradle.internal.operations.DefaultBuildOperationRunner$2.execute(DefaultBuildOperationRunner.java:66)
	at org.gradle.internal.operations.DefaultBuildOperationRunner$2.execute(DefaultBuildOperationRunner.java:59)
	at org.gradle.internal.operations.DefaultBuildOperationRunner.execute(DefaultBuildOperationRunner.java:166)
	at org.gradle.internal.operations.DefaultBuildOperationRunner.execute(DefaultBuildOperationRunner.java:59)
	at org.gradle.internal.operations.DefaultBuildOperationRunner.call(DefaultBuildOperationRunner.java:53)
	at org.gradle.internal.execution.steps.ExecuteStep.execute(ExecuteStep.java:56)
	at org.gradle.internal.execution.steps.ExecuteStep.execute(ExecuteStep.java:44)
	at org.gradle.internal.execution.steps.CancelExecutionStep.execute(CancelExecutionStep.java:42)
	at org.gradle.internal.execution.steps.TimeoutStep.executeWithoutTimeout(TimeoutStep.java:75)
	at org.gradle.internal.execution.steps.TimeoutStep.execute(TimeoutStep.java:55)
	at org.gradle.internal.execution.steps.PreCreateOutputParentsStep.execute(PreCreateOutputParentsStep.java:50)
	at org.gradle.internal.execution.steps.PreCreateOutputParentsStep.execute(PreCreateOutputParentsStep.java:28)
	at org.gradle.internal.execution.steps.RemovePreviousOutputsStep.execute(RemovePreviousOutputsStep.java:68)
	at org.gradle.internal.execution.steps.RemovePreviousOutputsStep.execute(RemovePreviousOutputsStep.java:38)
	at org.gradle.internal.execution.steps.BroadcastChangingOutputsStep.execute(BroadcastChangingOutputsStep.java:61)
	at org.gradle.internal.execution.steps.BroadcastChangingOutputsStep.execute(BroadcastChangingOutputsStep.java:26)
	at 
org.gradle.internal.execution.steps.CaptureOutputsAfterExecutionStep.execute(CaptureOutputsAfterExecutionStep.java:69)
	at 
org.gradle.internal.execution.steps.CaptureOutputsAfterExecutionStep.execute(CaptureOutputsAfterExecutionStep.java:46)
	at org.gradle.internal.execution.steps.ResolveInputChangesStep.execute(ResolveInputChangesStep.java:39)
	at org.gradle.internal.execution.steps.ResolveInputChangesStep.execute(ResolveInputChangesStep.java:28)
	at org.gradle.internal.execution.steps.BuildCacheStep.executeWithoutCache(BuildCacheStep.java:189)
	at org.gradle.internal.execution.steps.BuildCacheStep.executeAndStoreInCache(BuildCacheStep.java:145)
	at org.gradle.internal.execution.steps.BuildCacheStep.lambda$executeWithCache$4(BuildCacheStep.java:101)
	at org.gradle.internal.execution.steps.BuildCacheStep.lambda$executeWithCache$5(BuildCacheStep.java:101)
	at org.gradle.internal.Try$Success.map(Try.java:170)
	at org.gradle.internal.execution.steps.BuildCacheStep.executeWithCache(BuildCacheStep.java:85)
	at org.gradle.internal.execution.steps.BuildCacheStep.lambda$execute$0(BuildCacheStep.java:74)
	at org.gradle.internal.Either$Left.fold(Either.java:116)
	at org.gradle.internal.execution.caching.CachingState.fold(CachingState.java:62)
	at org.gradle.internal.execution.steps.BuildCacheStep.execute(BuildCacheStep.java:73)
	at org.gradle.internal.execution.steps.BuildCacheStep.execute(BuildCacheStep.java:48)
	at org.gradle.internal.execution.steps.StoreExecutionStateStep.execute(StoreExecutionStateStep.java:46)
	at org.gradle.internal.execution.steps.StoreExecutionStateStep.execute(StoreExecutionStateStep.java:35)
	at org.gradle.internal.execution.steps.SkipUpToDateStep.executeBecause(SkipUpToDateStep.java:75)
	at org.gradle.internal.execution.steps.SkipUpToDateStep.lambda$execute$2(SkipUpToDateStep.java:53)
	at org.gradle.internal.execution.steps.SkipUpToDateStep.execute(SkipUpToDateStep.java:53)
	at org.gradle.internal.execution.steps.SkipUpToDateStep.execute(SkipUpToDateStep.java:35)
	at org.gradle.internal.execution.steps.legacy.MarkSnapshottingInputsFinishedStep.execute(MarkSnapshottingInputsFinishe
dStep.java:37)
	at org.gradle.internal.execution.steps.legacy.MarkSnapshottingInputsFinishedStep.execute(MarkSnapshottingInputsFinishe
dStep.java:27)
	at org.gradle.internal.execution.steps.ResolveIncrementalCachingStateStep.executeDelegate(ResolveIncrementalCachingSta
teStep.java:49)
	at org.gradle.internal.execution.steps.ResolveIncrementalCachingStateStep.executeDelegate(ResolveIncrementalCachingSta
teStep.java:27)
	at 
org.gradle.internal.execution.steps.AbstractResolveCachingStateStep.execute(AbstractResolveCachingStateStep.java:71)
	at 
org.gradle.internal.execution.steps.AbstractResolveCachingStateStep.execute(AbstractResolveCachingStateStep.java:39)
	at org.gradle.internal.execution.steps.ResolveChangesStep.execute(ResolveChangesStep.java:64)
	at org.gradle.internal.execution.steps.ResolveChangesStep.execute(ResolveChangesStep.java:35)
	at org.gradle.internal.execution.steps.ValidateStep.execute(ValidateStep.java:62)
	at org.gradle.internal.execution.steps.ValidateStep.execute(ValidateStep.java:40)
	at org.gradle.internal.execution.steps.AbstractCaptureStateBeforeExecutionStep.execute(AbstractCaptureStateBeforeExecu
tionStep.java:76)
	at org.gradle.internal.execution.steps.AbstractCaptureStateBeforeExecutionStep.execute(AbstractCaptureStateBeforeExecu
tionStep.java:45)
	at org.gradle.internal.execution.steps.AbstractSkipEmptyWorkStep.executeWithNonEmptySources(AbstractSkipEmptyWorkStep.
java:136)
	at org.gradle.internal.execution.steps.AbstractSkipEmptyWorkStep.execute(AbstractSkipEmptyWorkStep.java:66)
	at org.gradle.internal.execution.steps.AbstractSkipEmptyWorkStep.execute(AbstractSkipEmptyWorkStep.java:38)
	at org.gradle.internal.execution.steps.legacy.MarkSnapshottingInputsStartedStep.execute(MarkSnapshottingInputsStartedS
tep.java:38)
	at org.gradle.internal.execution.steps.LoadPreviousExecutionStateStep.execute(LoadPreviousExecutionStateStep.java:36)
	at org.gradle.internal.execution.steps.LoadPreviousExecutionStateStep.execute(LoadPreviousExecutionStateStep.java:23)
	at org.gradle.internal.execution.steps.HandleStaleOutputsStep.execute(HandleStaleOutputsStep.java:75)
	at org.gradle.internal.execution.steps.HandleStaleOutputsStep.execute(HandleStaleOutputsStep.java:41)
	at org.gradle.internal.execution.steps.AssignMutableWorkspaceStep.lambda$execute$0(AssignMutableWorkspaceStep.java:35)
	at org.gradle.api.internal.tasks.execution.TaskExecution$4.withWorkspace(TaskExecution.java:297)
	at org.gradle.internal.execution.steps.AssignMutableWorkspaceStep.execute(AssignMutableWorkspaceStep.java:31)
	at org.gradle.internal.execution.steps.AssignMutableWorkspaceStep.execute(AssignMutableWorkspaceStep.java:22)
	at org.gradle.internal.execution.steps.ChoosePipelineStep.execute(ChoosePipelineStep.java:40)
	at org.gradle.internal.execution.steps.ChoosePipelineStep.execute(ChoosePipelineStep.java:23)
	at org.gradle.internal.execution.steps.ExecuteWorkBuildOperationFiringStep.lambda$execute$2(ExecuteWorkBuildOperationF
iringStep.java:67)
	at org.gradle.internal.execution.steps.ExecuteWorkBuildOperationFiringStep.execute(ExecuteWorkBuildOperationFiringStep
.java:67)
	at org.gradle.internal.execution.steps.ExecuteWorkBuildOperationFiringStep.execute(ExecuteWorkBuildOperationFiringStep
.java:39)
	at org.gradle.internal.execution.steps.IdentityCacheStep.execute(IdentityCacheStep.java:46)
	at org.gradle.internal.execution.steps.IdentityCacheStep.execute(IdentityCacheStep.java:34)
	at org.gradle.internal.execution.steps.IdentifyStep.execute(IdentifyStep.java:44)
	at org.gradle.internal.execution.steps.IdentifyStep.execute(IdentifyStep.java:31)
	at org.gradle.internal.execution.impl.DefaultExecutionEngine$1.execute(DefaultExecutionEngine.java:64)
	at 
org.gradle.api.internal.tasks.execution.ExecuteActionsTaskExecuter.executeIfValid(ExecuteActionsTaskExecuter.java:132)
	... 30 more
Caused by: org.jetbrains.kotlin.gradle.tasks.FailedCompilationException: Internal compiler error. See log for more 
details
	at org.jetbrains.kotlin.gradle.tasks.TasksUtilsKt.throwExceptionIfCompilationFailed(tasksUtils.kt:22)
	at org.jetbrains.kotlin.compilerRunner.GradleKotlinCompilerWork.run(GradleKotlinCompilerWork.kt:119)
	at org.jetbrains.kotlin.compilerRunner.GradleCompilerRunnerWithWorkers$GradleKotlinCompilerWorkAction.execute(GradleCo
mpilerRunnerWithWorkers.kt:74)
	at org.gradle.workers.internal.DefaultWorkerServer.execute(DefaultWorkerServer.java:68)
	at org.gradle.workers.internal.NoIsolationWorkerFactory$1$1.create(NoIsolationWorkerFactory.java:64)
	at org.gradle.workers.internal.NoIsolationWorkerFactory$1$1.create(NoIsolationWorkerFactory.java:61)
	at org.gradle.internal.classloader.ClassLoaderUtils.executeInClassloader(ClassLoaderUtils.java:100)
	at org.gradle.workers.internal.NoIsolationWorkerFactory$1.lambda$execute$0(NoIsolationWorkerFactory.java:61)
	at org.gradle.workers.internal.AbstractWorker$1.call(AbstractWorker.java:44)
	at org.gradle.workers.internal.AbstractWorker$1.call(AbstractWorker.java:41)
	at org.gradle.internal.operations.DefaultBuildOperationRunner$CallableBuildOperationWorker.execute(DefaultBuildOperati
onRunner.java:209)
	at org.gradle.internal.operations.DefaultBuildOperationRunner$CallableBuildOperationWorker.execute(DefaultBuildOperati
onRunner.java:204)
	at org.gradle.internal.operations.DefaultBuildOperationRunner$2.execute(DefaultBuildOperationRunner.java:66)
	at org.gradle.internal.operations.DefaultBuildOperationRunner$2.execute(DefaultBuildOperationRunner.java:59)
	at org.gradle.internal.operations.DefaultBuildOperationRunner.execute(DefaultBuildOperationRunner.java:166)
	at org.gradle.internal.operations.DefaultBuildOperationRunner.execute(DefaultBuildOperationRunner.java:59)
	at org.gradle.internal.operations.DefaultBuildOperationRunner.call(DefaultBuildOperationRunner.java:53)
	at org.gradle.workers.internal.AbstractWorker.executeWrappedInBuildOperation(AbstractWorker.java:41)
	at org.gradle.workers.internal.NoIsolationWorkerFactory$1.execute(NoIsolationWorkerFactory.java:58)
	at org.gradle.workers.internal.DefaultWorkerExecutor.lambda$submitWork$0(DefaultWorkerExecutor.java:176)
	at org.gradle.internal.work.DefaultConditionalExecutionQueue$ExecutionRunner.runExecution(DefaultConditionalExecutionQ
ueue.java:194)
	at org.gradle.internal.work.DefaultConditionalExecutionQueue$ExecutionRunner.access$700(DefaultConditionalExecutionQue
ue.java:127)
	at org.gradle.internal.work.DefaultConditionalExecutionQueue$ExecutionRunner$1.run(DefaultConditionalExecutionQueue.ja
va:169)
	at org.gradle.internal.Factories$1.create(Factories.java:33)
	at org.gradle.internal.work.DefaultWorkerLeaseService.lambda$withLocksAcquired$0(DefaultWorkerLeaseService.java:269)
	at org.gradle.internal.work.ResourceLockStatistics$1.measure(ResourceLockStatistics.java:42)
	at org.gradle.internal.work.DefaultWorkerLeaseService.withLocksAcquired(DefaultWorkerLeaseService.java:267)
	at org.gradle.internal.work.DefaultWorkerLeaseService.withLocks(DefaultWorkerLeaseService.java:259)
	at org.gradle.internal.work.DefaultWorkerLeaseService.runAsWorkerThread(DefaultWorkerLeaseService.java:127)

Deprecated Gradle features were used in this build, making it incompatible with Gradle 10.

You can use '--warning-mode all' to show the individual deprecation warnings and determine if they come from your own scripts or plugins.

For more on this, please refer to https://docs.gradle.org/9.2.1/userguide/command_line_interface.html#sec:command_line_warnings in the Gradle documentation.
6552 actionable tasks: 617 executed, 2 from cache, 5933 up-to-date
	at org.gradle.internal.work.DefaultWorkerLeaseService.runAsWorkerThread(DefaultWorkerLeaseService.java:132)
	at org.gradle.internal.work.DefaultConditionalExecutionQueue$ExecutionRunner.runBatch(DefaultConditionalExecutionQueue
.java:164)
	at org.gradle.internal.work.DefaultConditionalExecutionQueue$ExecutionRunner.run(DefaultConditionalExecutionQueue.java
:133)
	... 2 more


BUILD FAILED in 20m 19s
